<html>
<body>
<pre>
<h1>µVision Build Log</h1>
<h2>Tool Versions:</h2>
IDE-Version: µVision V5.40.0.0
Copyright (C) 2024 ARM Ltd and ARM Germany GmbH. All rights reserved.
License Information: Tobias Nix, Student, LIC=7YKHH-FWJ75-C2D4L-IFDJR-UGX93-RU7MT
 
Tool Versions:
Toolchain:       MDK-ARM Professional  Version: 5.40.0.3
Toolchain Path:  C:\Keil_v5\ARM\ARMCLANG\Bin
C Compiler:      ArmClang.exe V6.22
Assembler:       Armasm.exe V6.22
Linker/Locator:  ArmLink.exe V6.22
Library Manager: ArmAr.exe V6.22
Hex Converter:   FromElf.exe V6.22
CPU DLL:         SARMCM3.DLL V5.40.0.3
Dialog DLL:      DCM.DLL V1.17.5.0
Target DLL:      STLink\ST-LINKIII-KEIL_SWO.dll V3.3.0.0
Dialog DLL:      TCM.DLL V1.56.4.0
 
<h2>Project:</h2>
C:\Users\Tobias Nix\Documents\GitKraken\ba_ftbot_wifi\FTBOT\ba_ftbot_wifi.uvprojx
Project File Date:  06/02/2024

<h2>Output:</h2>
*** Using Compiler 'V6.22', folder: 'C:\Keil_v5\ARM\ARMCLANG\Bin'
Rebuild target 'Home'
compiling LetsTry.c...
compiling InitMain.c...
compiling ftbot.pb.c...
compiling driveMessages.c...
compiling pb_common.c...
compiling transmitThread.c...
compiling pb_encode.c...
compiling driveGetterSetter.c...
compiling hexThread.c...
compiling driveThread.c...
compiling stm32f7xx_it.c...
compiling receiveInit.c...
compiling msgQFlagThread.c...
compiling driveCRC.c...
compiling pb_decode.c...
compiling receiveThread.c...
compiling calcConversion.c...
compiling initCom.c...
compiling driveBaseComFunc.c...
compiling main.c...
compiling rtx_delay.c...
armclang: warning: Your license for feature Keil will expire in 15 days [-Wlicense-management]
assembling irq_armv7m.S...
compiling rtx_evr.c...
compiling rtx_evflags.c...
compiling rtx_kernel.c...
compiling rtx_lib.c...
compiling rtx_memory.c...
compiling retarget_io.c...
compiling retarget_os_rtos2.c...
compiling rtx_mempool.c...
compiling RTX_Config.c...
compiling rtx_semaphore.c...
compiling rtx_mutex.c...
compiling rtx_msgqueue.c...
compiling os_systick.c...
compiling rtx_system.c...
compiling stm32f7xx_hal.c...
compiling rtx_timer.c...
compiling stm32f7xx_hal_adc_ex.c...
compiling stm32f7xx_hal_cortex.c...
compiling stm32f7xx_hal_adc.c...
compiling stm32f7xx_hal_crc.c...
compiling rtx_thread.c...
compiling stm32f7xx_hal_crc_ex.c...
compiling stm32f7xx_hal_pwr.c...
compiling stm32f7xx_hal_gpio.c...
compiling stm32f7xx_hal_pwr_ex.c...
compiling stm32f7xx_hal_dma.c...
compiling stm32f7xx_hal_rcc_ex.c...
compiling stm32f7xx_hal_rcc.c...
compiling stm32f7xx_hal_dma_ex.c...
compiling stm32f7xx_ll_pwr.c...
compiling stm32f7xx_hal_uart_ex.c...
compiling stm32f7xx_ll_crc.c...
armclang: warning: Your license for feature Keil will expire in 15 days [-Wlicense-management]
armclang: warning: Your license for feature Keil will expire in 15 days [-Wlicense-management]
assembling startup_stm32f746xx.s...
compiling stm32f7xx_hal_msp.c...
compiling stm32f7xx_ll_utils.c...
compiling stm32f7xx_hal_tim_ex.c...
compiling stm32f7xx_ll_rcc.c...
compiling stm32f7xx_hal_timebase_tim.c...
compiling system_stm32f7xx.c...
compiling stm32f7xx_hal_uart.c...
compiling stm32f7xx_hal_tim.c...
linking...
Program Size: Code=80206 RO-data=2886 RW-data=436 ZI-data=37996  
".\Objects\ba_ftbot_wifi.axf" - 0 Error(s), 3 Warning(s).

<h2>Software Packages used:</h2>

Package Vendor: ARM
                https://www.keil.com/pack/ARM.CMSIS.6.1.0.pack
                ARM::CMSIS@6.1.0
                CMSIS (Common Microcontroller Software Interface Standard)
   * Component: OS Tick Version: 1.0.1
   * Component: RTOS2 Version: 2.3.0
   * Component: CORE Version: 6.1.0
   * Component: SysTick Version: 1.0.5

Package Vendor: ARM
                https://www.keil.com/pack/ARM.CMSIS-Compiler.2.1.0.pack
                ARM::CMSIS-Compiler@2.1.0
                CMSIS Compiler extensions for Arm Compiler, GCC, Clang, and IAR Compiler
   * Component: OS Interface Version: 1.1.0
   * Component: STDOUT Version: 1.1.0
   * Component: CORE Version: 1.1.0
   * Component: CMSIS-RTOS2 Version: 2.1.0
   * Component: Custom Version: 1.1.0

Package Vendor: ARM
                https://www.keil.com/pack/ARM.CMSIS-RTX.5.9.0.pack
                ARM::CMSIS-RTX@5.9.0
                RTX RTOS implementation of CMSIS-RTOS2 API
   * Component: Keil RTX5 Variant: Source Version: 5.9.0

Package Vendor: ETTI4
                file://192.168.217.2/ETTI4packs/ETTI4.EmbSysFTbot.1.4.0.pack
                ETTI4::EmbSysFTbot@1.4.0
                Embedded Systems laboratory files
   * Component: FTbotLib Version: 1.4.0
   * Component: EmbSysLab Version: 1.4.0

Package Vendor: Keil
                project-path/Keil.FrameworkCubeMX.1.0.0.pack
                Keil::FrameworkCubeMX@1.0.0
                STM32CubeMX generated pack description
   * Component: STM32CubeMX Version: 1.1.0

Package Vendor: Keil
                https://www.keil.com/pack/Keil.STM32F7xx_DFP.2.16.0.pack
                Keil::STM32F7xx_DFP@2.16.0
                STMicroelectronics STM32F7 Series Device Support, Drivers and Examples
   * Component: STM32Cube Framework Version: 1.0.0
   * Component: ADC Version: 1.3.0
   * Component: CRC Version: 1.3.0
   * Component: Common Version: 1.3.0
   * Component: Cortex Version: 1.3.0
   * Component: DMA Version: 1.3.0
   * Component: GPIO Version: 1.3.0
   * Component: PWR Version: 1.3.0
   * Component: RCC Version: 1.3.0
   * Component: TIM Version: 1.3.0
   * Component: UART Version: 1.3.0
   * Component: CRC Version: 1.3.0
   * Component: Common Version: 1.3.0
   * Component: PWR Version: 1.3.0
   * Component: RCC Version: 1.3.0
   * Component: UTILS Version: 1.3.0
   * Component: Startup Version: 1.2.5

<h2>Collection of Component include folders:</h2>
  ./RTE/CMSIS
  ./RTE/Device/STM32F746ZGTx
  ./RTE/Device/STM32F746ZGTx/STCubeGenerated
  ./RTE/Device/STM32F746ZGTx/STCubeGenerated/Inc
  ./RTE/_Home
  C:/Users/Tobias Nix/AppData/Local/Arm/Packs/ARM/CMSIS-Compiler/2.1.0/include
  C:/Users/Tobias Nix/AppData/Local/Arm/Packs/ARM/CMSIS-Compiler/2.1.0/include/armcc
  C:/Users/Tobias Nix/AppData/Local/Arm/Packs/ARM/CMSIS-RTX/5.9.0/Include
  C:/Users/Tobias Nix/AppData/Local/Arm/Packs/ARM/CMSIS/6.1.0/CMSIS/Core/Include
  C:/Users/Tobias Nix/AppData/Local/Arm/Packs/ARM/CMSIS/6.1.0/CMSIS/RTOS2/Include
  C:/Users/Tobias Nix/AppData/Local/Arm/Packs/ETTI4/EmbSysFTbot/1.4.0/FTbot/includes
  C:/Users/Tobias Nix/AppData/Local/Arm/Packs/Keil/STM32F7xx_DFP/2.16.0/Drivers/CMSIS/Device/ST/STM32F7xx/Include
  C:/Users/Tobias Nix/AppData/Local/Arm/Packs/Keil/STM32F7xx_DFP/2.16.0/Drivers/STM32F7xx_HAL_Driver/Inc
  C:/Users/Tobias Nix/AppData/Local/Arm/Packs/Keil/STM32F7xx_DFP/2.16.0/Drivers/STM32F7xx_HAL_Driver/Inc/Legacy

<h2>Collection of Component Files used:</h2>

   * Component: ::CMSIS-Compiler:OS Interface(API)@1.1.0
      Include file:  include/armcc/retarget_os.h

   * Component: ::CMSIS-Compiler:STDOUT(API)@1.1.0
      Include file:  include/retarget_stdout.h

   * Component: ::CMSIS:OS Tick(API)@1.0.1
      Include file:  CMSIS/RTOS2/Include/os_tick.h

   * Component: ::CMSIS:RTOS2(API)@2.3.0
      Include file:  CMSIS/RTOS2/Include/cmsis_os2.h

   * Component: ::Device:STM32Cube Framework(API)@1.0.0

   * Component: ARM::CMSIS-Compiler:CORE@1.1.0
      Source file:   source/armcc/retarget_io.c

   * Component: ARM::CMSIS-Compiler:OS Interface:CMSIS-RTOS2@2.1.0
      Source file:   source/armcc/retarget_os_rtos2.c

   * Component: ARM::CMSIS-Compiler:STDOUT:Custom@1.1.0
      Source file:   template/stdio/stdout_user.c

   * Component: ARM::CMSIS:CORE@6.1.0

   * Component: ARM::CMSIS:OS Tick:SysTick@1.0.5
      Source file:   CMSIS/RTOS2/Source/os_systick.c

   * Component: ARM::CMSIS:RTOS2:Keil RTX5&Source@5.9.0
      Source file:   Source/GCC/irq_armv7m.S
      Source file:   Config/RTX_Config.c
      Source file:   Template/main.c
      Source file:   Template/Events.c
      Source file:   Template/MemPool.c
      Source file:   Template/MsgQueue.c
      Source file:   Template/Mutex.c
      Include file:  Include/rtx_os.h
      Source file:   Template/Semaphore.c
      Include file:  Config/RTX_Config.h
      Source file:   Source/rtx_evr.c
      Source file:   Source/rtx_evflags.c
      Source file:   Source/rtx_lib.c
      Source file:   Source/rtx_mempool.c
      Source file:   Template/Timer.c
      Source file:   Source/rtx_kernel.c
      Source file:   Source/rtx_thread.c
      Source file:   Template/Thread.c
      Source file:   Source/rtx_timer.c
      Source file:   Template/svc_user.c
      Source file:   Source/rtx_mutex.c
      Source file:   Source/rtx_semaphore.c
      Source file:   Source/rtx_msgqueue.c
      Source file:   Source/rtx_delay.c
      Source file:   Source/rtx_memory.c
      Source file:   Source/rtx_system.c

   * Component: ETTI4::ETTI4 FTbot:EmbSysLab:FTbotLib@1.4.0
      Include file:  FTbot/includes/ftbotServo.h
      Include file:  FTbot/includes/ftbotDrive.h
      Include file:  FTbot/includes/ftbotSRF.h
      Include file:  FTbot/includes/ftbotPotiVoltage.h
      Include file:  FTbot/includes/ftbotLineFollower.h
      Include file:  FTbot/includes/ftbotIRsensor.h
      Include file:  FTbot/includes/ftbotDOGM.h
      Include file:  FTbot/includes/ftbotTerminal.h
      Library file:  FTbot/lib/FTbotLib.lib
      Include file:  FTbot/includes/ftbotLedSWBumper.h
      Include file:  FTbot/includes/ftbotBatVoltage.h

   * Component: ETTI4::ETTI4 FTbot:EmbSysLab@1.4.0

   * Component: Keil::Device:STM32Cube Framework:STM32CubeMX@1.1.0
      Source file:   STCubeGenerated/Src/stm32f7xx_hal_timebase_tim.c
      Include file:  MX_Device.h
      Include file:  STCubeGenerated/Inc/stm32f7xx_hal_conf.h
      Source file:   STCubeGenerated/Src/stm32f7xx_hal_msp.c

   * Component: Keil::Device:STM32Cube HAL:ADC@1.3.0
      Source file:   Drivers/STM32F7xx_HAL_Driver/Src/stm32f7xx_hal_adc_ex.c
      Source file:   Drivers/STM32F7xx_HAL_Driver/Src/stm32f7xx_hal_adc.c

   * Component: Keil::Device:STM32Cube HAL:CRC@1.3.0
      Source file:   Drivers/STM32F7xx_HAL_Driver/Src/stm32f7xx_hal_crc.c
      Source file:   Drivers/STM32F7xx_HAL_Driver/Src/stm32f7xx_hal_crc_ex.c

   * Component: Keil::Device:STM32Cube HAL:Common@1.3.0
      Source file:   Drivers/STM32F7xx_HAL_Driver/Src/stm32f7xx_hal.c
      Include file:  Drivers/STM32F7xx_HAL_Driver/Inc/stm32f7xx_hal.h

   * Component: Keil::Device:STM32Cube HAL:Cortex@1.3.0
      Source file:   Drivers/STM32F7xx_HAL_Driver/Src/stm32f7xx_hal_cortex.c

   * Component: Keil::Device:STM32Cube HAL:DMA@1.3.0
      Source file:   Drivers/STM32F7xx_HAL_Driver/Src/stm32f7xx_hal_dma.c
      Source file:   Drivers/STM32F7xx_HAL_Driver/Src/stm32f7xx_hal_dma_ex.c

   * Component: Keil::Device:STM32Cube HAL:GPIO@1.3.0
      Source file:   Drivers/STM32F7xx_HAL_Driver/Src/stm32f7xx_hal_gpio.c

   * Component: Keil::Device:STM32Cube HAL:PWR@1.3.0
      Source file:   Drivers/STM32F7xx_HAL_Driver/Src/stm32f7xx_hal_pwr_ex.c
      Source file:   Drivers/STM32F7xx_HAL_Driver/Src/stm32f7xx_hal_pwr.c

   * Component: Keil::Device:STM32Cube HAL:RCC@1.3.0
      Source file:   Drivers/STM32F7xx_HAL_Driver/Src/stm32f7xx_hal_rcc.c
      Source file:   Drivers/STM32F7xx_HAL_Driver/Src/stm32f7xx_hal_rcc_ex.c

   * Component: Keil::Device:STM32Cube HAL:TIM@1.3.0
      Source file:   Drivers/STM32F7xx_HAL_Driver/Src/stm32f7xx_hal_tim.c
      Source file:   Drivers/STM32F7xx_HAL_Driver/Src/stm32f7xx_hal_tim_ex.c

   * Component: Keil::Device:STM32Cube HAL:UART@1.3.0
      Source file:   Drivers/STM32F7xx_HAL_Driver/Src/stm32f7xx_hal_uart.c
      Source file:   Drivers/STM32F7xx_HAL_Driver/Src/stm32f7xx_hal_uart_ex.c

   * Component: Keil::Device:STM32Cube LL:CRC@1.3.0
      Source file:   Drivers/STM32F7xx_HAL_Driver/Src/stm32f7xx_ll_crc.c

   * Component: Keil::Device:STM32Cube LL:Common@1.3.0

   * Component: Keil::Device:STM32Cube LL:PWR@1.3.0
      Source file:   Drivers/STM32F7xx_HAL_Driver/Src/stm32f7xx_ll_pwr.c

   * Component: Keil::Device:STM32Cube LL:RCC@1.3.0
      Source file:   Drivers/STM32F7xx_HAL_Driver/Src/stm32f7xx_ll_rcc.c

   * Component: Keil::Device:STM32Cube LL:UTILS@1.3.0
      Source file:   Drivers/STM32F7xx_HAL_Driver/Src/stm32f7xx_ll_utils.c

   * Component: Keil::Device:Startup@1.2.5
      Source file:   MDK/Device/Source/ARM/STM32F74x_75x_OTP.s
      Source file:   MDK/Device/Source/ARM/STM32F74x_75x_OPT.s
      Include file:  Drivers/CMSIS/Device/ST/STM32F7xx/Include/stm32f7xx.h
      Source file:   Drivers/CMSIS/Device/ST/STM32F7xx/Source/Templates/arm/startup_stm32f746xx.s
      Source file:   Drivers/CMSIS/Device/ST/STM32F7xx/Source/Templates/system_stm32f7xx.c
Build Time Elapsed:  00:00:03
</pre>
</body>
</html>
