Component: Arm Compiler for Embedded 6.21 Tool: armlink [5ec1fa00]

==============================================================================

Section Cross References

    initmain.o(.text.concatenate4Strings) refers to h1_alloc_threads.o(.text) for malloc
    initmain.o(.text.concatenate4Strings) refers to exit.o(.text) for exit
    initmain.o(.ARM.exidx.text.concatenate4Strings) refers to initmain.o(.text.concatenate4Strings) for [Anonymous Symbol]
    initmain.o(.ARM.exidx.text.protobuf_init) refers to initmain.o(.text.protobuf_init) for [Anonymous Symbol]
    initmain.o(.text.uart_init) refers to strlen.o(.text) for strlen
    initmain.o(.text.uart_init) refers to main.o(.bss.huart6) for huart6
    initmain.o(.text.uart_init) refers to stm32f7xx_hal_uart.o(.text.HAL_UART_Transmit_IT) for HAL_UART_Transmit_IT
    initmain.o(.ARM.exidx.text.uart_init) refers to initmain.o(.text.uart_init) for [Anonymous Symbol]
    initmain.o(.ARM.exidx.text.wifi_init) refers to initmain.o(.text.wifi_init) for [Anonymous Symbol]
    initmain.o(.ARM.exidx.text.receivingThread) refers to initmain.o(.text.receivingThread) for [Anonymous Symbol]
    initmain.o(.ARM.exidx.text.driveThread) refers to initmain.o(.text.driveThread) for [Anonymous Symbol]
    initmain.o(.ARM.exidx.text.atThread) refers to initmain.o(.text.atThread) for [Anonymous Symbol]
    initmain.o(.text.transmitThread) refers to initmain.o(.rodata.str1.1) for .L__const.transmitThread.txData
    initmain.o(.text.transmitThread) refers to rt_memcpy_v6.o(.text) for __aeabi_memcpy
    initmain.o(.text.transmitThread) refers to strlen.o(.text) for strlen
    initmain.o(.text.transmitThread) refers to main.o(.bss.huart6) for huart6
    initmain.o(.text.transmitThread) refers to stm32f7xx_hal_uart.o(.text.HAL_UART_Transmit_DMA) for HAL_UART_Transmit_DMA
    initmain.o(.text.transmitThread) refers to strcpy.o(.text) for strcpy
    initmain.o(.ARM.exidx.text.transmitThread) refers to initmain.o(.text.transmitThread) for [Anonymous Symbol]
    initmain.o(.text.UART_SendCommand) refers to strlen.o(.text) for strlen
    initmain.o(.text.UART_SendCommand) refers to stm32f7xx_hal_uart.o(.text.HAL_UART_Transmit) for HAL_UART_Transmit
    initmain.o(.ARM.exidx.text.UART_SendCommand) refers to initmain.o(.text.UART_SendCommand) for [Anonymous Symbol]
    initmain.o(.text.UDP_OpenSocket) refers to initmain.o(.rodata.str1.1) for .L.str.2
    initmain.o(.text.UDP_OpenSocket) refers to sprintf.o(.text) for sprintf
    initmain.o(.text.UDP_OpenSocket) refers to initmain.o(.text.UART_SendCommand) for UART_SendCommand
    initmain.o(.ARM.exidx.text.UDP_OpenSocket) refers to initmain.o(.text.UDP_OpenSocket) for [Anonymous Symbol]
    initmain.o(.text.UART_SendCommand_DMA) refers to strlen.o(.text) for strlen
    initmain.o(.text.UART_SendCommand_DMA) refers to stm32f7xx_hal_uart.o(.text.HAL_UART_Transmit_DMA) for HAL_UART_Transmit_DMA
    initmain.o(.ARM.exidx.text.UART_SendCommand_DMA) refers to initmain.o(.text.UART_SendCommand_DMA) for [Anonymous Symbol]
    initmain.o(.text.UDP_OpenSocket_DMA) refers to initmain.o(.rodata.str1.1) for .L.str.2
    initmain.o(.text.UDP_OpenSocket_DMA) refers to sprintf.o(.text) for sprintf
    initmain.o(.text.UDP_OpenSocket_DMA) refers to strlen.o(.text) for strlen
    initmain.o(.text.UDP_OpenSocket_DMA) refers to stm32f7xx_hal_uart.o(.text.HAL_UART_Transmit_DMA) for HAL_UART_Transmit_DMA
    initmain.o(.ARM.exidx.text.UDP_OpenSocket_DMA) refers to initmain.o(.text.UDP_OpenSocket_DMA) for [Anonymous Symbol]
    initmain.o(.text.mainThread) refers to initmain.o(.data.wifi_uart_nix) for wifi_uart_nix
    initmain.o(.text.mainThread) refers to initmain.o(.rodata.str1.1) for .L.str.3
    initmain.o(.text.mainThread) refers to initmain.o(.text.UART_SendCommand_DMA) for UART_SendCommand_DMA
    initmain.o(.text.mainThread) refers to stm32f7xx_hal.o(.text.HAL_Delay) for HAL_Delay
    initmain.o(.text.mainThread) refers to initmain.o(.text.UDP_OpenSocket_DMA) for UDP_OpenSocket_DMA
    initmain.o(.ARM.exidx.text.mainThread) refers to initmain.o(.text.mainThread) for [Anonymous Symbol]
    initmain.o(.data.wifi_uart_nix) refers to main.o(.bss.huart6) for huart6
    ftbot.pb.o(.rodata.ftbot_SetSpeedSteering_msg) refers to ftbot.pb.o(.rodata.ftbot_SetSpeedSteering_field_info) for ftbot_SetSpeedSteering_field_info
    ftbot.pb.o(.rodata.ftbot_SetSpeedSteering_msg) refers to ftbot.pb.o(.rodata.ftbot_SetSpeedSteering_submsg_info) for ftbot_SetSpeedSteering_submsg_info
    ftbot.pb.o(.rodata.ftbot_RobotStatus_msg) refers to ftbot.pb.o(.rodata.ftbot_RobotStatus_field_info) for ftbot_RobotStatus_field_info
    ftbot.pb.o(.rodata.ftbot_RobotStatus_msg) refers to ftbot.pb.o(.rodata.ftbot_RobotStatus_submsg_info) for ftbot_RobotStatus_submsg_info
    main.o(.text.main) refers to stm32f7xx_hal.o(.text.HAL_Init) for HAL_Init
    main.o(.text.main) refers to main.o(.text.SystemClock_Config) for SystemClock_Config
[...]
    __rt_lib_init_return                     0x0800031b   Thumb Code     0  libinit2.o(.ARM.Collect$$libinit$$00000035)
    __rt_lib_init_signal_1                   0x0800031b   Thumb Code     0  libinit2.o(.ARM.Collect$$libinit$$0000001F)
    __rt_lib_init_stdio_1                    0x0800031b   Thumb Code     0  libinit2.o(.ARM.Collect$$libinit$$00000027)
    __rt_lib_shutdown                        0x0800031d   Thumb Code     0  libshutdown.o(.ARM.Collect$$libshutdown$$00000000)
    __rt_lib_shutdown_cpp_1                  0x0800031f   Thumb Code     0  libshutdown2.o(.ARM.Collect$$libshutdown$$00000002)
    __rt_lib_shutdown_fp_trap_1              0x0800031f   Thumb Code     0  libshutdown2.o(.ARM.Collect$$libshutdown$$00000007)
    __rt_lib_shutdown_heap_1                 0x0800031f   Thumb Code     0  libshutdown2.o(.ARM.Collect$$libshutdown$$0000000F)
    __rt_lib_shutdown_return                 0x0800031f   Thumb Code     0  libshutdown2.o(.ARM.Collect$$libshutdown$$00000010)
    __rt_lib_shutdown_signal_1               0x0800031f   Thumb Code     0  libshutdown2.o(.ARM.Collect$$libshutdown$$0000000A)
    __rt_lib_shutdown_stdio_1                0x0800031f   Thumb Code     0  libshutdown2.o(.ARM.Collect$$libshutdown$$00000004)
    __rt_lib_shutdown_user_alloc_1           0x0800031f   Thumb Code     0  libshutdown2.o(.ARM.Collect$$libshutdown$$0000000C)
    __rt_entry                               0x08000321   Thumb Code     0  __rtentry.o(.ARM.Collect$$rtentry$$00000000)
    __rt_entry_presh_1                       0x08000321   Thumb Code     0  __rtentry2.o(.ARM.Collect$$rtentry$$00000002)
    __rt_entry_sh                            0x08000321   Thumb Code     0  __rtentry4.o(.ARM.Collect$$rtentry$$00000004)
    __rt_entry_postsh_1                      0x08000327   Thumb Code     0  __rtentry2.o(.ARM.Collect$$rtentry$$00000008)
    __rt_entry_li                            0x0800032f   Thumb Code     0  __rtentry2.o(.ARM.Collect$$rtentry$$0000000A)
    __rt_entry_main                          0x08000333   Thumb Code     0  __rtentry2.o(.ARM.Collect$$rtentry$$0000000D)
    __rt_entry_postli_1                      0x08000333   Thumb Code     0  __rtentry2.o(.ARM.Collect$$rtentry$$0000000C)
    __rt_exit                                0x0800033b   Thumb Code     0  rtexit.o(.ARM.Collect$$rtexit$$00000000)
    __rt_exit_ls                             0x0800033d   Thumb Code     0  rtexit2.o(.ARM.Collect$$rtexit$$00000003)
    __rt_exit_prels_1                        0x0800033d   Thumb Code     0  rtexit2.o(.ARM.Collect$$rtexit$$00000002)
    __rt_exit_exit                           0x08000341   Thumb Code     0  rtexit2.o(.ARM.Collect$$rtexit$$00000004)
    Reset_Handler                            0x08000349   Thumb Code     8  startup_stm32f746xx.o(.text)
    NMI_Handler                              0x08000351   Thumb Code     2  startup_stm32f746xx.o(.text)
    HardFault_Handler                        0x08000353   Thumb Code     2  startup_stm32f746xx.o(.text)
    MemManage_Handler                        0x08000355   Thumb Code     2  startup_stm32f746xx.o(.text)
    BusFault_Handler                         0x08000357   Thumb Code     2  startup_stm32f746xx.o(.text)
    UsageFault_Handler                       0x08000359   Thumb Code     2  startup_stm32f746xx.o(.text)
    DebugMon_Handler                         0x0800035d   Thumb Code     2  startup_stm32f746xx.o(.text)
    ADC_IRQHandler                           0x08000363   Thumb Code     0  startup_stm32f746xx.o(.text)
    CAN1_RX0_IRQHandler                      0x08000363   Thumb Code     0  startup_stm32f746xx.o(.text)
    CAN1_RX1_IRQHandler                      0x08000363   Thumb Code     0  startup_stm32f746xx.o(.text)
    CAN1_SCE_IRQHandler                      0x08000363   Thumb Code     0  startup_stm32f746xx.o(.text)
    CAN1_TX_IRQHandler                       0x08000363   Thumb Code     0  startup_stm32f746xx.o(.text)
    CAN2_RX0_IRQHandler                      0x08000363   Thumb Code     0  startup_stm32f746xx.o(.text)
    CAN2_RX1_IRQHandler                      0x08000363   Thumb Code     0  startup_stm32f746xx.o(.text)
    CAN2_SCE_IRQHandler                      0x08000363   Thumb Code     0  startup_stm32f746xx.o(.text)
    CAN2_TX_IRQHandler                       0x08000363   Thumb Code     0  startup_stm32f746xx.o(.text)
    CEC_IRQHandler                           0x08000363   Thumb Code     0  startup_stm32f746xx.o(.text)
    DCMI_IRQHandler                          0x08000363   Thumb Code     0  startup_stm32f746xx.o(.text)
    DMA1_Stream0_IRQHandler                  0x08000363   Thumb Code     0  startup_stm32f746xx.o(.text)
    DMA1_Stream1_IRQHandler                  0x08000363   Thumb Code     0  startup_stm32f746xx.o(.text)
    DMA1_Stream2_IRQHandler                  0x08000363   Thumb Code     0  startup_stm32f746xx.o(.text)
    DMA1_Stream3_IRQHandler                  0x08000363   Thumb Code     0  startup_stm32f746xx.o(.text)
    DMA1_Stream4_IRQHandler                  0x08000363   Thumb Code     0  startup_stm32f746xx.o(.text)
    DMA1_Stream7_IRQHandler                  0x08000363   Thumb Code     0  startup_stm32f746xx.o(.text)
    DMA2D_IRQHandler                         0x08000363   Thumb Code     0  startup_stm32f746xx.o(.text)
    DMA2_Stream0_IRQHandler                  0x08000363   Thumb Code     0  startup_stm32f746xx.o(.text)
    DMA2_Stream2_IRQHandler                  0x08000363   Thumb Code     0  startup_stm32f746xx.o(.text)
    DMA2_Stream3_IRQHandler                  0x08000363   Thumb Code     0  startup_stm32f746xx.o(.text)
    DMA2_Stream4_IRQHandler                  0x08000363   Thumb Code     0  startup_stm32f746xx.o(.text)
    DMA2_Stream5_IRQHandler                  0x08000363   Thumb Code     0  startup_stm32f746xx.o(.text)
    DMA2_Stream7_IRQHandler                  0x08000363   Thumb Code     0  startup_stm32f746xx.o(.text)
    ETH_IRQHandler                           0x08000363   Thumb Code     0  startup_stm32f746xx.o(.text)
    ETH_WKUP_IRQHandler                      0x08000363   Thumb Code     0  startup_stm32f746xx.o(.text)
    EXTI0_IRQHandler                         0x08000363   Thumb Code     0  startup_stm32f746xx.o(.text)
    EXTI15_10_IRQHandler                     0x08000363   Thumb Code     0  startup_stm32f746xx.o(.text)
    EXTI1_IRQHandler                         0x08000363   Thumb Code     0  startup_stm32f746xx.o(.text)
    EXTI2_IRQHandler                         0x08000363   Thumb Code     0  startup_stm32f746xx.o(.text)
    EXTI3_IRQHandler                         0x08000363   Thumb Code     0  startup_stm32f746xx.o(.text)
    EXTI4_IRQHandler                         0x08000363   Thumb Code     0  startup_stm32f746xx.o(.text)
    EXTI9_5_IRQHandler                       0x08000363   Thumb Code     0  startup_stm32f746xx.o(.text)
    FLASH_IRQHandler                         0x08000363   Thumb Code     0  startup_stm32f746xx.o(.text)
    FMC_IRQHandler                           0x08000363   Thumb Code     0  startup_stm32f746xx.o(.text)
    FPU_IRQHandler                           0x08000363   Thumb Code     0  startup_stm32f746xx.o(.text)
    I2C1_ER_IRQHandler                       0x08000363   Thumb Code     0  startup_stm32f746xx.o(.text)
    I2C1_EV_IRQHandler                       0x08000363   Thumb Code     0  startup_stm32f746xx.o(.text)
    I2C2_ER_IRQHandler                       0x08000363   Thumb Code     0  startup_stm32f746xx.o(.text)
    I2C2_EV_IRQHandler                       0x08000363   Thumb Code     0  startup_stm32f746xx.o(.text)
    I2C3_ER_IRQHandler                       0x08000363   Thumb Code     0  startup_stm32f746xx.o(.text)
    I2C3_EV_IRQHandler                       0x08000363   Thumb Code     0  startup_stm32f746xx.o(.text)
    I2C4_ER_IRQHandler                       0x08000363   Thumb Code     0  startup_stm32f746xx.o(.text)
    I2C4_EV_IRQHandler                       0x08000363   Thumb Code     0  startup_stm32f746xx.o(.text)
    LPTIM1_IRQHandler                        0x08000363   Thumb Code     0  startup_stm32f746xx.o(.text)
    LTDC_ER_IRQHandler                       0x08000363   Thumb Code     0  startup_stm32f746xx.o(.text)
    LTDC_IRQHandler                          0x08000363   Thumb Code     0  startup_stm32f746xx.o(.text)
    OTG_FS_IRQHandler                        0x08000363   Thumb Code     0  startup_stm32f746xx.o(.text)
    OTG_FS_WKUP_IRQHandler                   0x08000363   Thumb Code     0  startup_stm32f746xx.o(.text)
    OTG_HS_EP1_IN_IRQHandler                 0x08000363   Thumb Code     0  startup_stm32f746xx.o(.text)
    OTG_HS_EP1_OUT_IRQHandler                0x08000363   Thumb Code     0  startup_stm32f746xx.o(.text)
    OTG_HS_IRQHandler                        0x08000363   Thumb Code     0  startup_stm32f746xx.o(.text)
    OTG_HS_WKUP_IRQHandler                   0x08000363   Thumb Code     0  startup_stm32f746xx.o(.text)
    PVD_IRQHandler                           0x08000363   Thumb Code     0  startup_stm32f746xx.o(.text)
    QUADSPI_IRQHandler                       0x08000363   Thumb Code     0  startup_stm32f746xx.o(.text)
    RCC_IRQHandler                           0x08000363   Thumb Code     0  startup_stm32f746xx.o(.text)
    RNG_IRQHandler                           0x08000363   Thumb Code     0  startup_stm32f746xx.o(.text)
    RTC_Alarm_IRQHandler                     0x08000363   Thumb Code     0  startup_stm32f746xx.o(.text)
    RTC_WKUP_IRQHandler                      0x08000363   Thumb Code     0  startup_stm32f746xx.o(.text)
    SAI1_IRQHandler                          0x08000363   Thumb Code     0  startup_stm32f746xx.o(.text)
    SAI2_IRQHandler                          0x08000363   Thumb Code     0  startup_stm32f746xx.o(.text)
    SDMMC1_IRQHandler                        0x08000363   Thumb Code     0  startup_stm32f746xx.o(.text)
    SPDIF_RX_IRQHandler                      0x08000363   Thumb Code     0  startup_stm32f746xx.o(.text)
    SPI1_IRQHandler                          0x08000363   Thumb Code     0  startup_stm32f746xx.o(.text)
    SPI2_IRQHandler                          0x08000363   Thumb Code     0  startup_stm32f746xx.o(.text)
    SPI3_IRQHandler                          0x08000363   Thumb Code     0  startup_stm32f746xx.o(.text)
    SPI4_IRQHandler                          0x08000363   Thumb Code     0  startup_stm32f746xx.o(.text)
    SPI5_IRQHandler                          0x08000363   Thumb Code     0  startup_stm32f746xx.o(.text)
    SPI6_IRQHandler                          0x08000363   Thumb Code     0  startup_stm32f746xx.o(.text)
    TAMP_STAMP_IRQHandler                    0x08000363   Thumb Code     0  startup_stm32f746xx.o(.text)
    TIM1_BRK_TIM9_IRQHandler                 0x08000363   Thumb Code     0  startup_stm32f746xx.o(.text)
    TIM1_CC_IRQHandler                       0x08000363   Thumb Code     0  startup_stm32f746xx.o(.text)
    TIM1_TRG_COM_TIM11_IRQHandler            0x08000363   Thumb Code     0  startup_stm32f746xx.o(.text)
    TIM1_UP_TIM10_IRQHandler                 0x08000363   Thumb Code     0  startup_stm32f746xx.o(.text)
    TIM2_IRQHandler                          0x08000363   Thumb Code     0  startup_stm32f746xx.o(.text)
    TIM3_IRQHandler                          0x08000363   Thumb Code     0  startup_stm32f746xx.o(.text)
    TIM4_IRQHandler                          0x08000363   Thumb Code     0  startup_stm32f746xx.o(.text)
    TIM5_IRQHandler                          0x08000363   Thumb Code     0  startup_stm32f746xx.o(.text)
    TIM7_IRQHandler                          0x08000363   Thumb Code     0  startup_stm32f746xx.o(.text)
    TIM8_BRK_TIM12_IRQHandler                0x08000363   Thumb Code     0  startup_stm32f746xx.o(.text)
    TIM8_CC_IRQHandler                       0x08000363   Thumb Code     0  startup_stm32f746xx.o(.text)
    TIM8_TRG_COM_TIM14_IRQHandler            0x08000363   Thumb Code     0  startup_stm32f746xx.o(.text)
    TIM8_UP_TIM13_IRQHandler                 0x08000363   Thumb Code     0  startup_stm32f746xx.o(.text)
    UART4_IRQHandler                         0x08000363   Thumb Code     0  startup_stm32f746xx.o(.text)
    UART5_IRQHandler                         0x08000363   Thumb Code     0  startup_stm32f746xx.o(.text)
    UART7_IRQHandler                         0x08000363   Thumb Code     0  startup_stm32f746xx.o(.text)
    UART8_IRQHandler                         0x08000363   Thumb Code     0  startup_stm32f746xx.o(.text)
    USART1_IRQHandler                        0x08000363   Thumb Code     0  startup_stm32f746xx.o(.text)
    USART2_IRQHandler                        0x08000363   Thumb Code     0  startup_stm32f746xx.o(.text)
    USART3_IRQHandler                        0x08000363   Thumb Code     0  startup_stm32f746xx.o(.text)
    USART6_IRQHandler                        0x08000363   Thumb Code     0  startup_stm32f746xx.o(.text)
    WWDG_IRQHandler                          0x08000363   Thumb Code     0  startup_stm32f746xx.o(.text)
    __user_initial_stackheap                 0x08000365   Thumb Code     0  startup_stm32f746xx.o(.text)
    SVC_Handler                              0x08000389   Thumb Code   152  irq_armv7m.o(.text)
    PendSV_Handler                           0x08000421   Thumb Code    16  irq_armv7m.o(.text)
    SysTick_Handler                          0x08000431   Thumb Code    16  irq_armv7m.o(.text)
    __aeabi_uldivmod                         0x0800044d   Thumb Code     0  lludivv7m.o(.text)
    _ll_udiv                                 0x0800044d   Thumb Code   240  lludivv7m.o(.text)
    sprintf                                  0x0800053d   Thumb Code    38  sprintf.o(.text)
    exit                                     0x08000569   Thumb Code    18  exit.o(.text)
    strlen                                   0x0800057b   Thumb Code    62  strlen.o(.text)
    __aeabi_memcpy                           0x080005b9   Thumb Code     0  rt_memcpy_v6.o(.text)
    __rt_memcpy                              0x080005b9   Thumb Code   138  rt_memcpy_v6.o(.text)
    _memcpy_lastbytes                        0x0800061f   Thumb Code     0  rt_memcpy_v6.o(.text)
    __aeabi_memclr                           0x08000643   Thumb Code     0  rt_memclr.o(.text)
    __rt_memclr                              0x08000643   Thumb Code     0  rt_memclr.o(.text)
    _memset                                  0x08000647   Thumb Code    64  rt_memclr.o(.text)
    __aeabi_memclr4                          0x08000687   Thumb Code     0  rt_memclr_w.o(.text)
    __aeabi_memclr8                          0x08000687   Thumb Code     0  rt_memclr_w.o(.text)
    __rt_memclr_w                            0x08000687   Thumb Code     0  rt_memclr_w.o(.text)
    _memset_w                                0x0800068b   Thumb Code    74  rt_memclr_w.o(.text)
    __use_two_region_memory                  0x080006d5   Thumb Code     2  heapauxi.o(.text)
    __rt_heap_escrow                         0x080006d7   Thumb Code     2  heapauxi.o(.text)
    __rt_heap_expand                         0x080006d9   Thumb Code     2  heapauxi.o(.text)
    _printf_pre_padding                      0x080006db   Thumb Code    44  _printf_pad.o(.text)
    _printf_post_padding                     0x08000707   Thumb Code    34  _printf_pad.o(.text)
    _printf_truncate_signed                  0x08000729   Thumb Code    18  _printf_truncate.o(.text)
    _printf_truncate_unsigned                0x0800073b   Thumb Code    18  _printf_truncate.o(.text)
    _printf_str                              0x0800074d   Thumb Code    82  _printf_str.o(.text)
    _printf_int_dec                          0x080007a1   Thumb Code   104  _printf_dec.o(.text)
    _printf_charcount                        0x08000819   Thumb Code    40  _printf_charcount.o(.text)
    _printf_char_common                      0x0800084b   Thumb Code    32  _printf_char_common.o(.text)
    _sputc                                   0x08000871   Thumb Code    10  _sputc.o(.text)
    _printf_wctomb                           0x0800087d   Thumb Code   182  _printf_wctomb.o(.text)
    _printf_longlong_dec                     0x08000939   Thumb Code   108  _printf_longlong_dec.o(.text)
    _printf_longlong_oct                     0x080009b5   Thumb Code    68  _printf_oct_int_ll.o(.text)
    _printf_int_oct                          0x080009f9   Thumb Code    24  _printf_oct_int_ll.o(.text)
    _printf_ll_oct                           0x08000a11   Thumb Code    12  _printf_oct_int_ll.o(.text)
    _printf_longlong_hex                     0x08000a25   Thumb Code    86  _printf_hex_int_ll_ptr.o(.text)
    _printf_int_hex                          0x08000a7b   Thumb Code    28  _printf_hex_int_ll_ptr.o(.text)
    _printf_ll_hex                           0x08000a97   Thumb Code    12  _printf_hex_int_ll_ptr.o(.text)
    _printf_hex_ptr                          0x08000aa3   Thumb Code    18  _printf_hex_int_ll_ptr.o(.text)
    __printf                                 0x08000ab9   Thumb Code   388  __printf_flags_ss_wp.o(.text)
    __aeabi_memcpy4                          0x08000c41   Thumb Code     0  rt_memcpy_w.o(.text)
    __aeabi_memcpy8                          0x08000c41   Thumb Code     0  rt_memcpy_w.o(.text)
    __rt_memcpy_w                            0x08000c41   Thumb Code   100  rt_memcpy_w.o(.text)
    _memcpy_lastbytes_aligned                0x08000c89   Thumb Code     0  rt_memcpy_w.o(.text)
    __user_libspace                          0x08000ca5   Thumb Code     8  libspace.o(.text)
    __user_perproc_libspace                  0x08000ca5   Thumb Code     0  libspace.o(.text)
    _ll_udiv10                               0x08000cad   Thumb Code   138  lludiv10.o(.text)
    _printf_int_common                       0x08000d37   Thumb Code   178  _printf_intcommon.o(.text)
    _printf_fp_dec_real                      0x08000f99   Thumb Code   620  _printf_fp_dec.o(.text)
    _printf_fp_hex_real                      0x08001205   Thumb Code   756  _printf_fp_hex.o(.text)
    _printf_cs_common                        0x08001501   Thumb Code    20  _printf_char.o(.text)
    _printf_char                             0x08001515   Thumb Code    16  _printf_char.o(.text)
    _printf_string                           0x08001525   Thumb Code     8  _printf_char.o(.text)
    _printf_lcs_common                       0x0800152d   Thumb Code    20  _printf_wchar.o(.text)
    _printf_wchar                            0x08001541   Thumb Code    16  _printf_wchar.o(.text)
    _printf_wstring                          0x08001551   Thumb Code     8  _printf_wchar.o(.text)
    _c32rtomb                                0x08001559   Thumb Code    72  _c32rtomb.o(.text)
    _wcrtomb                                 0x08001559   Thumb Code     0  _c32rtomb.o(.text)
    _sys_exit                                0x080015a1   Thumb Code     8  sys_exit.o(.text)
    __I$use$semihosting                      0x080015ad   Thumb Code     0  use_no_semi.o(.text)
    __use_no_semihosting_swi                 0x080015ad   Thumb Code     2  use_no_semi.o(.text)
    __semihosting_library_function           0x080015af   Thumb Code     0  indicate_semi.o(.text)
    __user_setup_stackheap                   0x080015af   Thumb Code    74  sys_stackheap_outer.o(.text)
    __rt_ctype_table                         0x080015f9   Thumb Code    16  rt_ctype_table.o(.text)
    __rt_locale                              0x08001609   Thumb Code    10  rt_locale_twolibspace.o(.text)
    _printf_fp_infnan                        0x08001615   Thumb Code   112  _printf_fp_infnan.o(.text)
    _btod_etento                             0x08001695   Thumb Code   224  bigflt0.o(.text)
    strcmp                                   0x08001779   Thumb Code   124  strcmpv7m_pel.o(.text)
    _fp_init                                 0x080017f9   Thumb Code    22  rtx_lib.o(.text.$Sub$$_fp_init)
    DMA1_Stream5_IRQHandler                  0x08001811   Thumb Code    16  stm32f7xx_it.o(.text.DMA1_Stream5_IRQHandler)
    DMA1_Stream6_IRQHandler                  0x08001821   Thumb Code    16  stm32f7xx_it.o(.text.DMA1_Stream6_IRQHandler)
    DMA2_Stream1_IRQHandler                  0x08001831   Thumb Code    16  stm32f7xx_it.o(.text.DMA2_Stream1_IRQHandler)
    DMA2_Stream6_IRQHandler                  0x08001841   Thumb Code    16  stm32f7xx_it.o(.text.DMA2_Stream6_IRQHandler)
    Error_Handler                            0x080019d9   Thumb Code     6  main.o(.text.Error_Handler)
    HAL_DMA_IRQHandler                       0x080019e1   Thumb Code   780  stm32f7xx_hal_dma.o(.text.HAL_DMA_IRQHandler)
    HAL_DMA_Init                             0x08001cf1   Thumb Code   346  stm32f7xx_hal_dma.o(.text.HAL_DMA_Init)
    HAL_DMA_Start_IT                         0x08001e51   Thumb Code   184  stm32f7xx_hal_dma.o(.text.HAL_DMA_Start_IT)
    HAL_Delay                                0x08001f09   Thumb Code    66  stm32f7xx_hal.o(.text.HAL_Delay)
    HAL_GPIO_Init                            0x08001f51   Thumb Code  1004  stm32f7xx_hal_gpio.o(.text.HAL_GPIO_Init)
    HAL_GPIO_WritePin                        0x08002341   Thumb Code    42  stm32f7xx_hal_gpio.o(.text.HAL_GPIO_WritePin)
    HAL_GetTick                              0x08002371   Thumb Code    12  stm32f7xx_hal.o(.text.HAL_GetTick)
    HAL_IncTick                              0x08002381   Thumb Code    26  stm32f7xx_hal.o(.text.HAL_IncTick)
    HAL_Init                                 0x080023a1   Thumb Code    38  stm32f7xx_hal.o(.text.HAL_Init)
    HAL_InitTick                             0x080023c9   Thumb Code   224  stm32f7xx_hal_timebase_tim.o(.text.HAL_InitTick)
    HAL_MspInit                              0x080024a9   Thumb Code    66  stm32f7xx_hal_msp.o(.text.HAL_MspInit)
    HAL_NVIC_EnableIRQ                       0x080024f1   Thumb Code    16  stm32f7xx_hal_cortex.o(.text.HAL_NVIC_EnableIRQ)
    HAL_NVIC_SetPriority                     0x08002501   Thumb Code    46  stm32f7xx_hal_cortex.o(.text.HAL_NVIC_SetPriority)
    HAL_NVIC_SetPriorityGrouping             0x08002531   Thumb Code    16  stm32f7xx_hal_cortex.o(.text.HAL_NVIC_SetPriorityGrouping)
    HAL_PWREx_EnableOverDrive                0x08002541   Thumb Code   190  stm32f7xx_hal_pwr_ex.o(.text.HAL_PWREx_EnableOverDrive)
    HAL_RCCEx_PeriphCLKConfig                0x08002601   Thumb Code  2144  stm32f7xx_hal_rcc_ex.o(.text.HAL_RCCEx_PeriphCLKConfig)
    HAL_RCC_ClockConfig                      0x08002e61   Thumb Code   602  stm32f7xx_hal_rcc.o(.text.HAL_RCC_ClockConfig)
    HAL_RCC_GetClockConfig                   0x080030c1   Thumb Code    84  stm32f7xx_hal_rcc.o(.text.HAL_RCC_GetClockConfig)
    HAL_RCC_GetHCLKFreq                      0x08003119   Thumb Code    12  stm32f7xx_hal_rcc.o(.text.HAL_RCC_GetHCLKFreq)
    HAL_RCC_GetPCLK1Freq                     0x08003129   Thumb Code    34  stm32f7xx_hal_rcc.o(.text.HAL_RCC_GetPCLK1Freq)
    HAL_RCC_GetPCLK2Freq                     0x08003151   Thumb Code    34  stm32f7xx_hal_rcc.o(.text.HAL_RCC_GetPCLK2Freq)
    HAL_RCC_GetSysClockFreq                  0x08003179   Thumb Code   230  stm32f7xx_hal_rcc.o(.text.HAL_RCC_GetSysClockFreq)
    HAL_RCC_OscConfig                        0x08003261   Thumb Code  1774  stm32f7xx_hal_rcc.o(.text.HAL_RCC_OscConfig)
    HAL_TIMEx_Break2Callback                 0x08003951   Thumb Code     8  stm32f7xx_hal_tim_ex.o(.text.HAL_TIMEx_Break2Callback)
    HAL_TIMEx_BreakCallback                  0x08003959   Thumb Code     8  stm32f7xx_hal_tim_ex.o(.text.HAL_TIMEx_BreakCallback)
    HAL_TIMEx_CommutCallback                 0x08003961   Thumb Code     8  stm32f7xx_hal_tim_ex.o(.text.HAL_TIMEx_CommutCallback)
    HAL_TIM_Base_Init                        0x08003969   Thumb Code   132  stm32f7xx_hal_tim.o(.text.HAL_TIM_Base_Init)
    HAL_TIM_Base_MspInit                     0x080039f1   Thumb Code     8  stm32f7xx_hal_tim.o(.text.HAL_TIM_Base_MspInit)
    HAL_TIM_Base_Start_IT                    0x080039f9   Thumb Code   250  stm32f7xx_hal_tim.o(.text.HAL_TIM_Base_Start_IT)
    HAL_TIM_IC_CaptureCallback               0x08003af9   Thumb Code     8  stm32f7xx_hal_tim.o(.text.HAL_TIM_IC_CaptureCallback)
    HAL_TIM_IRQHandler                       0x08003b01   Thumb Code   692  stm32f7xx_hal_tim.o(.text.HAL_TIM_IRQHandler)
    HAL_TIM_OC_DelayElapsedCallback          0x08003db9   Thumb Code     8  stm32f7xx_hal_tim.o(.text.HAL_TIM_OC_DelayElapsedCallback)
    HAL_TIM_PWM_PulseFinishedCallback        0x08003dc1   Thumb Code     8  stm32f7xx_hal_tim.o(.text.HAL_TIM_PWM_PulseFinishedCallback)
    HAL_TIM_PeriodElapsedCallback            0x08003dc9   Thumb Code    34  main.o(.text.HAL_TIM_PeriodElapsedCallback)
    HAL_TIM_TriggerCallback                  0x08003df1   Thumb Code     8  stm32f7xx_hal_tim.o(.text.HAL_TIM_TriggerCallback)
    HAL_UARTEx_RxEventCallback               0x08003df9   Thumb Code    12  stm32f7xx_hal_uart.o(.text.HAL_UARTEx_RxEventCallback)
    HAL_UART_AbortCpltCallback               0x08003e09   Thumb Code     8  stm32f7xx_hal_uart.o(.text.HAL_UART_AbortCpltCallback)
    HAL_UART_AbortReceiveCpltCallback        0x08003e11   Thumb Code     8  stm32f7xx_hal_uart.o(.text.HAL_UART_AbortReceiveCpltCallback)
    HAL_UART_AbortTransmitCpltCallback       0x08003e19   Thumb Code     8  stm32f7xx_hal_uart.o(.text.HAL_UART_AbortTransmitCpltCallback)
    HAL_UART_ErrorCallback                   0x08003e21   Thumb Code     8  stm32f7xx_hal_uart.o(.text.HAL_UART_ErrorCallback)
    HAL_UART_Init                            0x08003e29   Thumb Code   190  stm32f7xx_hal_uart.o(.text.HAL_UART_Init)
    HAL_UART_MspInit                         0x08003ee9   Thumb Code   696  stm32f7xx_hal_msp.o(.text.HAL_UART_MspInit)
    HAL_UART_RxCpltCallback                  0x080041a1   Thumb Code     8  stm32f7xx_hal_uart.o(.text.HAL_UART_RxCpltCallback)
    HAL_UART_RxHalfCpltCallback              0x080041a9   Thumb Code     8  stm32f7xx_hal_uart.o(.text.HAL_UART_RxHalfCpltCallback)
    HAL_UART_Transmit_DMA                    0x080041b1   Thumb Code   248  stm32f7xx_hal_uart.o(.text.HAL_UART_Transmit_DMA)
    HAL_UART_TxCpltCallback                  0x080042a9   Thumb Code     8  stm32f7xx_hal_uart.o(.text.HAL_UART_TxCpltCallback)
    HAL_UART_TxHalfCpltCallback              0x080042b1   Thumb Code     8  stm32f7xx_hal_uart.o(.text.HAL_UART_TxHalfCpltCallback)
    OS_Tick_AcknowledgeIRQ                   0x08004591   Thumb Code    12  os_systick.o(.text.OS_Tick_AcknowledgeIRQ)
    OS_Tick_Enable                           0x080045a1   Thumb Code    60  os_systick.o(.text.OS_Tick_Enable)
    OS_Tick_GetIRQn                          0x080045e1   Thumb Code     6  os_systick.o(.text.OS_Tick_GetIRQn)
    OS_Tick_Setup                            0x080045e9   Thumb Code   126  os_systick.o(.text.OS_Tick_Setup)
    SystemClock_Config                       0x080046a1   Thumb Code   192  main.o(.text.SystemClock_Config)
    SystemInit                               0x08004761   Thumb Code    18  system_stm32f7xx.o(.text.SystemInit)
    TIM6_DAC_IRQHandler                      0x08004779   Thumb Code    16  stm32f7xx_it.o(.text.TIM6_DAC_IRQHandler)
    TIM_Base_SetConfig                       0x08004789   Thumb Code   410  stm32f7xx_hal_tim.o(.text.TIM_Base_SetConfig)
    UART_AdvFeatureConfig                    0x080049d1   Thumb Code   328  stm32f7xx_hal_uart.o(.text.UART_AdvFeatureConfig)
    UART_CheckIdleState                      0x08004b19   Thumb Code   112  stm32f7xx_hal_uart.o(.text.UART_CheckIdleState)
    UART_InitCallbacksToDefault              0x08004d71   Thumb Code   134  stm32f7xx_hal_uart.o(.text.UART_InitCallbacksToDefault)
    UART_SendCommand_DMA                     0x08004df9   Thumb Code    36  initmain.o(.text.UART_SendCommand_DMA)
    UART_SetConfig                           0x08004e21   Thumb Code  1242  stm32f7xx_hal_uart.o(.text.UART_SetConfig)
    UART_WaitOnFlagUntilTimeout              0x08005301   Thumb Code   356  stm32f7xx_hal_uart.o(.text.UART_WaitOnFlagUntilTimeout)
    UDP_OpenSocket_DMA                       0x08005469   Thumb Code    50  initmain.o(.text.UDP_OpenSocket_DMA)
    _mutex_acquire                           0x08005561   Thumb Code    32  rtx_lib.o(.text._mutex_acquire)
    _mutex_free                              0x08005581   Thumb Code    18  rtx_lib.o(.text._mutex_free)
    _mutex_initialize                        0x08005599   Thumb Code    50  rtx_lib.o(.text._mutex_initialize)
    _mutex_release                           0x080055d1   Thumb Code    28  rtx_lib.o(.text._mutex_release)
    _platform_post_stackheap_init            0x080055f1   Thumb Code     8  rtx_lib.o(.text._platform_post_stackheap_init)
    main                                     0x080055f9   Thumb Code   276  main.o(.text.main)
    mainThread                               0x08005711   Thumb Code    48  initmain.o(.text.mainThread)
    osKernelGetState                         0x08005741   Thumb Code    40  rtx_kernel.o(.text.osKernelGetState)
    osKernelInitialize                       0x08005771   Thumb Code    40  rtx_kernel.o(.text.osKernelInitialize)
    osKernelStart                            0x0800579d   Thumb Code    32  rtx_kernel.o(.text.osKernelStart)
    osMessageQueueGet                        0x080057c1   Thumb Code   108  rtx_msgqueue.o(.text.osMessageQueueGet)
    osMessageQueuePut                        0x08005831   Thumb Code   124  rtx_msgqueue.o(.text.osMessageQueuePut)
    osMutexAcquire                           0x080058b1   Thumb Code    32  rtx_mutex.o(.text.osMutexAcquire)
    osMutexDelete                            0x080058d5   Thumb Code    32  rtx_mutex.o(.text.osMutexDelete)
    osMutexNew                               0x080058f9   Thumb Code    32  rtx_mutex.o(.text.osMutexNew)
    osMutexRelease                           0x0800591d   Thumb Code    32  rtx_mutex.o(.text.osMutexRelease)
    osRtxErrorNotify                         0x08005941   Thumb Code    48  rtx_config.o(.text.osRtxErrorNotify)
    osRtxIdleThread                          0x08005971   Thumb Code     8  rtx_config.o(.text.osRtxIdleThread)
    osRtxKernelBeforeInit                    0x08005979   Thumb Code     2  rtx_kernel.o(.text.osRtxKernelBeforeInit)
    osRtxKernelErrorNotify                   0x0800597b   Thumb Code     4  rtx_kernel.o(.text.osRtxKernelErrorNotify)
    osRtxMemoryAlloc                         0x0800597f   Thumb Code   110  rtx_memory.o(.text.osRtxMemoryAlloc)
    osRtxMemoryFree                          0x080059ed   Thumb Code    66  rtx_memory.o(.text.osRtxMemoryFree)
    osRtxMemoryInit                          0x08005a2f   Thumb Code    54  rtx_memory.o(.text.osRtxMemoryInit)
    osRtxMemoryPoolAlloc                     0x08005a65   Thumb Code    58  rtx_mempool.o(.text.osRtxMemoryPoolAlloc)
    osRtxMemoryPoolFree                      0x08005a9f   Thumb Code    74  rtx_mempool.o(.text.osRtxMemoryPoolFree)
    osRtxMemoryPoolInit                      0x08005ae9   Thumb Code    56  rtx_mempool.o(.text.osRtxMemoryPoolInit)
    osRtxMessageQueueTimerSetup              0x08005bcd   Thumb Code    32  rtx_msgqueue.o(.text.osRtxMessageQueueTimerSetup)
    osRtxMutexOwnerRelease                   0x08005bf1   Thumb Code    72  rtx_mutex.o(.text.osRtxMutexOwnerRelease)
    osRtxMutexOwnerRestore                   0x08005c39   Thumb Code    74  rtx_mutex.o(.text.osRtxMutexOwnerRestore)
    osRtxPendSV_Handler                      0x08005c85   Thumb Code   124  rtx_system.o(.text.osRtxPendSV_Handler)
    osRtxPostProcess                         0x08005d29   Thumb Code   108  rtx_system.o(.text.osRtxPostProcess)
    osRtxThreadBeforeFree                    0x08005d99   Thumb Code    16  rtx_lib.o(.text.osRtxThreadBeforeFree)
    osRtxThreadDelayRemove                   0x08005e59   Thumb Code    60  rtx_thread.o(.text.osRtxThreadDelayRemove)
    osRtxThreadDelayTick                     0x08005e95   Thumb Code    76  rtx_thread.o(.text.osRtxThreadDelayTick)
    osRtxThreadDestroy                       0x08005ee1   Thumb Code    32  rtx_thread.o(.text.osRtxThreadDestroy)
    osRtxThreadDispatch                      0x08005f01   Thumb Code    84  rtx_thread.o(.text.osRtxThreadDispatch)
    osRtxThreadJoinWakeup                    0x08005fad   Thumb Code    30  rtx_thread.o(.text.osRtxThreadJoinWakeup)
    osRtxThreadListGet                       0x08005fcb   Thumb Code    18  rtx_thread.o(.text.osRtxThreadListGet)
    osRtxThreadListPut                       0x08005fdd   Thumb Code    44  rtx_thread.o(.text.osRtxThreadListPut)
    osRtxThreadListRemove                    0x08006009   Thumb Code    20  rtx_thread.o(.text.osRtxThreadListRemove)
    osRtxThreadListSort                      0x0800601d   Thumb Code    38  rtx_thread.o(.text.osRtxThreadListSort)
    osRtxThreadReadyPut                      0x0800606d   Thumb Code    16  rtx_thread.o(.text.osRtxThreadReadyPut)
    osRtxThreadRegPtr                        0x0800607d   Thumb Code    20  rtx_thread.o(.text.osRtxThreadRegPtr)
    osRtxThreadStartup                       0x08006091   Thumb Code    48  rtx_thread.o(.text.osRtxThreadStartup)
    osRtxThreadSwitch                        0x080060c5   Thumb Code    28  rtx_thread.o(.text.osRtxThreadSwitch)
    osRtxThreadWaitEnter                     0x080060e5   Thumb Code    56  rtx_thread.o(.text.osRtxThreadWaitEnter)
    osRtxThreadWaitExit                      0x08006121   Thumb Code    50  rtx_thread.o(.text.osRtxThreadWaitExit)
    osRtxTick_Handler                        0x08006155   Thumb Code   112  rtx_system.o(.text.osRtxTick_Handler)
    osRtxTimerSetup                          0x080061c9   Thumb Code    24  rtx_timer.o(.text.osRtxTimerSetup)
    osRtxTimerThread                         0x080061e9   Thumb Code    32  rtx_timer.o(.text.osRtxTimerThread)
    osThreadExit                             0x08006281   Thumb Code     8  rtx_thread.o(.text.osThreadExit)
    osThreadNew                              0x0800628d   Thumb Code    40  rtx_thread.o(.text.osThreadNew)
    _btod_d2e                                0x08006c01   Thumb Code    62  btod.o(CL$$btod_d2e)
    _d2e_denorm_low                          0x08006c3f   Thumb Code    70  btod.o(CL$$btod_d2e_denorm_low)
    _d2e_norm_op1                            0x08006c85   Thumb Code    96  btod.o(CL$$btod_d2e_norm_op1)
    __btod_div_common                        0x08006ce5   Thumb Code   696  btod.o(CL$$btod_div_common)
    _e2e                                     0x0800701d   Thumb Code   220  btod.o(CL$$btod_e2e)
    _btod_ediv                               0x080070f9   Thumb Code    42  btod.o(CL$$btod_ediv)
    _btod_emul                               0x08007123   Thumb Code    42  btod.o(CL$$btod_emul)
    __btod_mult_common                       0x0800714d   Thumb Code   580  btod.o(CL$$btod_mult_common)
    __ARM_fpclassify                         0x08007391   Thumb Code    48  fpclassify.o(i.__ARM_fpclassify)
    _is_digit                                0x080073c1   Thumb Code    14  __printf_wp.o(i._is_digit)
    _get_lc_numeric                          0x080073d1   Thumb Code    44  lc_numeric_c.o(locale$$code)
    _get_lc_ctype                            0x080073fd   Thumb Code    44  lc_ctype_c.o(locale$$code)
    $Super$$_fp_init                         0x08007429   Thumb Code    26  fpinit.o(x$fpl$fpinit)
    __fplib_config_fpu_vfp                   0x08007441   Thumb Code     0  fpinit.o(x$fpl$fpinit)
    __fplib_config_pureend_doubles           0x08007441   Thumb Code     0  fpinit.o(x$fpl$fpinit)
    _printf_fp_dec                           0x08007443   Thumb Code     4  printf1.o(x$fpl$printf1)
    _printf_fp_hex                           0x08007447   Thumb Code     4  printf2.o(x$fpl$printf2)
    __I$use$fp                               0x0800744a   Number         0  usenofp.o(x$fpl$usenofp)
    osRtxConfig                              0x08007548   Data         112  rtx_lib.o(.rodata)
    os_cb_sections                           0x080075b8   Data          56  rtx_lib.o(.rodata)
    AHBPrescTable                            0x080075f0   Data          16  system_stm32f7xx.o(.rodata.AHBPrescTable)
    APBPrescTable                            0x08007600   Data           8  system_stm32f7xx.o(.rodata.APBPrescTable)
    osRtxUserSVC                             0x08007610   Data           4  rtx_lib.o(.rodata.osRtxUserSVC)
    Region$$Table$$Base                      0x080076cc   Number         0  anon$$obj.o(Region$$Table)
    Region$$Table$$Limit                     0x080076fc   Number         0  anon$$obj.o(Region$$Table)
    __ctype                                  0x08007725   Data           0  lc_ctype_c.o(locale$$data)
    SystemCoreClock                          0x20010000   Data           4  system_stm32f7xx.o(.data.SystemCoreClock)
    osRtxInfo                                0x20010004   Data         164  rtx_kernel.o(.data.os)
    uwTickFreq                               0x200100a8   Data           4  stm32f7xx_hal.o(.data.uwTickFreq)
    uwTickPrio                               0x200100ac   Data           4  stm32f7xx_hal.o(.data.uwTickPrio)
    wifi_uart_nix                            0x200100b0   Data           4  initmain.o(.data.wifi_uart_nix)
    __libspace_start                         0x200100b8   Data          96  libspace.o(.bss)
    __temporary_stack_top$libspace           0x20010118   Data           0  libspace.o(.bss)
    hdma_usart2_rx                           0x20010118   Data         100  main.o(.bss.hdma_usart2_rx)
    hdma_usart2_tx                           0x2001017c   Data         100  main.o(.bss.hdma_usart2_tx)
    hdma_usart6_rx                           0x200101e0   Data         100  main.o(.bss.hdma_usart6_rx)
    hdma_usart6_tx                           0x20010244   Data         100  main.o(.bss.hdma_usart6_tx)
    htim6                                    0x200102a8   Data         112  stm32f7xx_hal_timebase_tim.o(.bss.htim6)
    huart6                                   0x20010318   Data         180  main.o(.bss.huart6)
    .bss.os.msgqueue.cb$$Base                0x20018604   Number         0  rtx_lib.o(.bss.os.msgqueue.cb)
    .bss.os.msgqueue.cb$$Limit               0x20018638   Number         0  rtx_lib.o(.bss.os.msgqueue.cb)
    .bss.os.thread.cb$$Base                  0x20018688   Number         0  rtx_lib.o(.bss.os.thread.cb)
    .bss.os.thread.cb$$Limit                 0x20018728   Number         0  rtx_lib.o(.bss.os.thread.cb)
    uwTick                                   0x20018b2c   Data           4  stm32f7xx_hal.o(.bss.uwTick)



==============================================================================

Memory Map of the image

  Image Entry point : 0x080001c9

  Load Region LR_IROM1 (Base: 0x08000000, Size: 0x000078e0, Max: 0x00100000, ABSOLUTE)

    Execution Region ER_IROM1 (Exec base: 0x08000000, Load base: 0x08000000, Size: 0x00007828, Max: 0x00100000, ABSOLUTE)

    Exec Addr    Load Addr    Size         Type   Attr      Idx    E Section Name        Object

    0x08000000   0x08000000   0x000001c8   Data   RO         1459    RESET               startup_stm32f746xx.o
    0x080001c8   0x080001c8   0x00000008   Code   RO         2051  * !!!main             c_wu.l(__main.o)
    0x080001d0   0x080001d0   0x0000005c   Code   RO         2446    !!!scatter          c_wu.l(__scatter.o)
    0x0800022c   0x0800022c   0x0000001a   Code   RO         2450    !!handler_copy      c_wu.l(__scatter_copy.o)
    0x08000246   0x08000246   0x00000002   PAD
    0x08000248   0x08000248   0x00000002   Code   RO         2447    !!handler_null      c_wu.l(__scatter.o)
    0x0800024a   0x0800024a   0x00000002   PAD
    0x0800024c   0x0800024c   0x0000001c   Code   RO         2452    !!handler_zi        c_wu.l(__scatter_zi.o)
    0x08000268   0x08000268   0x00000000   Code   RO         2174    .ARM.Collect$$_printf_percent$$00000000  c_wu.l(_printf_percent.o)
    0x08000268   0x08000268   0x00000006   Code   RO         2163    .ARM.Collect$$_printf_percent$$00000001  c_wu.l(_printf_n.o)
    0x0800026e   0x0800026e   0x00000006   Code   RO         2165    .ARM.Collect$$_printf_percent$$00000002  c_wu.l(_printf_p.o)
    0x08000274   0x08000274   0x00000006   Code   RO         2170    .ARM.Collect$$_printf_percent$$00000003  c_wu.l(_printf_f.o)
    0x0800027a   0x0800027a   0x00000006   Code   RO         2171    .ARM.Collect$$_printf_percent$$00000004  c_wu.l(_printf_e.o)
    0x08000280   0x08000280   0x00000006   Code   RO         2172    .ARM.Collect$$_printf_percent$$00000005  c_wu.l(_printf_g.o)
    0x08000286   0x08000286   0x00000006   Code   RO         2173    .ARM.Collect$$_printf_percent$$00000006  c_wu.l(_printf_a.o)
    0x0800028c   0x0800028c   0x0000000a   Code   RO         2178    .ARM.Collect$$_printf_percent$$00000007  c_wu.l(_printf_ll.o)
    0x08000296   0x08000296   0x00000006   Code   RO         2167    .ARM.Collect$$_printf_percent$$00000008  c_wu.l(_printf_i.o)
    0x0800029c   0x0800029c   0x00000006   Code   RO         2168    .ARM.Collect$$_printf_percent$$00000009  c_wu.l(_printf_d.o)
    0x080002a2   0x080002a2   0x00000006   Code   RO         2169    .ARM.Collect$$_printf_percent$$0000000A  c_wu.l(_printf_u.o)
    0x080002a8   0x080002a8   0x00000006   Code   RO         2166    .ARM.Collect$$_printf_percent$$0000000B  c_wu.l(_printf_o.o)
    0x080002ae   0x080002ae   0x00000006   Code   RO         2164    .ARM.Collect$$_printf_percent$$0000000C  c_wu.l(_printf_x.o)
    0x080002b4   0x080002b4   0x00000006   Code   RO         2175    .ARM.Collect$$_printf_percent$$0000000D  c_wu.l(_printf_lli.o)
    0x080002ba   0x080002ba   0x00000006   Code   RO         2176    .ARM.Collect$$_printf_percent$$0000000E  c_wu.l(_printf_lld.o)
    0x080002c0   0x080002c0   0x00000006   Code   RO         2177    .ARM.Collect$$_printf_percent$$0000000F  c_wu.l(_printf_llu.o)
    0x080002c6   0x080002c6   0x00000006   Code   RO         2182    .ARM.Collect$$_printf_percent$$00000010  c_wu.l(_printf_llo.o)
    0x080002cc   0x080002cc   0x00000006   Code   RO         2183    .ARM.Collect$$_printf_percent$$00000011  c_wu.l(_printf_llx.o)
    0x080002d2   0x080002d2   0x0000000a   Code   RO         2179    .ARM.Collect$$_printf_percent$$00000012  c_wu.l(_printf_l.o)
    0x080002dc   0x080002dc   0x00000006   Code   RO         2161    .ARM.Collect$$_printf_percent$$00000013  c_wu.l(_printf_c.o)
    0x080002e2   0x080002e2   0x00000006   Code   RO         2162    .ARM.Collect$$_printf_percent$$00000014  c_wu.l(_printf_s.o)
    0x080002e8   0x080002e8   0x00000006   Code   RO         2180    .ARM.Collect$$_printf_percent$$00000015  c_wu.l(_printf_lc.o)
    0x080002ee   0x080002ee   0x00000006   Code   RO         2181    .ARM.Collect$$_printf_percent$$00000016  c_wu.l(_printf_ls.o)
    0x080002f4   0x080002f4   0x00000004   Code   RO         2299    .ARM.Collect$$_printf_percent$$00000017  c_wu.l(_printf_percent_end.o)
    0x080002f8   0x080002f8   0x00000002   Code   RO         2382    .ARM.Collect$$libinit$$00000000  c_wu.l(libinit.o)
    0x080002fa   0x080002fa   0x00000004   Code   RO         2188    .ARM.Collect$$libinit$$00000001  c_wu.l(libinit2.o)
    0x080002fe   0x080002fe   0x00000000   Code   RO         2191    .ARM.Collect$$libinit$$00000004  c_wu.l(libinit2.o)
    0x080002fe   0x080002fe   0x00000000   Code   RO         2193    .ARM.Collect$$libinit$$00000006  c_wu.l(libinit2.o)
    0x080002fe   0x080002fe   0x00000000   Code   RO         2196    .ARM.Collect$$libinit$$0000000C  c_wu.l(libinit2.o)
    0x080002fe   0x080002fe   0x00000000   Code   RO         2198    .ARM.Collect$$libinit$$0000000E  c_wu.l(libinit2.o)
    0x080002fe   0x080002fe   0x00000000   Code   RO         2200    .ARM.Collect$$libinit$$00000010  c_wu.l(libinit2.o)
    0x080002fe   0x080002fe   0x00000006   Code   RO         2201    .ARM.Collect$$libinit$$00000011  c_wu.l(libinit2.o)
    0x08000304   0x08000304   0x00000000   Code   RO         2203    .ARM.Collect$$libinit$$00000013  c_wu.l(libinit2.o)
    0x08000304   0x08000304   0x0000000c   Code   RO         2204    .ARM.Collect$$libinit$$00000014  c_wu.l(libinit2.o)
    0x08000310   0x08000310   0x00000000   Code   RO         2205    .ARM.Collect$$libinit$$00000015  c_wu.l(libinit2.o)
    0x08000310   0x08000310   0x00000000   Code   RO         2207    .ARM.Collect$$libinit$$00000017  c_wu.l(libinit2.o)
    0x08000310   0x08000310   0x0000000a   Code   RO         2208    .ARM.Collect$$libinit$$00000018  c_wu.l(libinit2.o)
    0x0800031a   0x0800031a   0x00000000   Code   RO         2209    .ARM.Collect$$libinit$$00000019  c_wu.l(libinit2.o)
    0x0800031a   0x0800031a   0x00000000   Code   RO         2211    .ARM.Collect$$libinit$$0000001B  c_wu.l(libinit2.o)
    0x0800031a   0x0800031a   0x00000000   Code   RO         2213    .ARM.Collect$$libinit$$0000001D  c_wu.l(libinit2.o)
    0x0800031a   0x0800031a   0x00000000   Code   RO         2215    .ARM.Collect$$libinit$$0000001F  c_wu.l(libinit2.o)
    0x0800031a   0x0800031a   0x00000000   Code   RO         2217    .ARM.Collect$$libinit$$00000021  c_wu.l(libinit2.o)
    0x0800031a   0x0800031a   0x00000000   Code   RO         2219    .ARM.Collect$$libinit$$00000023  c_wu.l(libinit2.o)
    0x0800031a   0x0800031a   0x00000000   Code   RO         2221    .ARM.Collect$$libinit$$00000025  c_wu.l(libinit2.o)
    0x0800031a   0x0800031a   0x00000000   Code   RO         2223    .ARM.Collect$$libinit$$00000027  c_wu.l(libinit2.o)
    0x0800031a   0x0800031a   0x00000000   Code   RO         2227    .ARM.Collect$$libinit$$0000002E  c_wu.l(libinit2.o)
    0x0800031a   0x0800031a   0x00000000   Code   RO         2229    .ARM.Collect$$libinit$$00000030  c_wu.l(libinit2.o)
    0x0800031a   0x0800031a   0x00000000   Code   RO         2231    .ARM.Collect$$libinit$$00000032  c_wu.l(libinit2.o)
    0x0800031a   0x0800031a   0x00000000   Code   RO         2233    .ARM.Collect$$libinit$$00000034  c_wu.l(libinit2.o)
    0x0800031a   0x0800031a   0x00000002   Code   RO         2234    .ARM.Collect$$libinit$$00000035  c_wu.l(libinit2.o)
    0x0800031c   0x0800031c   0x00000002   Code   RO         2383    .ARM.Collect$$libshutdown$$00000000  c_wu.l(libshutdown.o)
    0x0800031e   0x0800031e   0x00000000   Code   RO         2407    .ARM.Collect$$libshutdown$$00000002  c_wu.l(libshutdown2.o)
    0x0800031e   0x0800031e   0x00000000   Code   RO         2409    .ARM.Collect$$libshutdown$$00000004  c_wu.l(libshutdown2.o)
    0x0800031e   0x0800031e   0x00000000   Code   RO         2412    .ARM.Collect$$libshutdown$$00000007  c_wu.l(libshutdown2.o)
    0x0800031e   0x0800031e   0x00000000   Code   RO         2415    .ARM.Collect$$libshutdown$$0000000A  c_wu.l(libshutdown2.o)
    0x0800031e   0x0800031e   0x00000000   Code   RO         2417    .ARM.Collect$$libshutdown$$0000000C  c_wu.l(libshutdown2.o)
    0x0800031e   0x0800031e   0x00000000   Code   RO         2420    .ARM.Collect$$libshutdown$$0000000F  c_wu.l(libshutdown2.o)
    0x0800031e   0x0800031e   0x00000002   Code   RO         2421    .ARM.Collect$$libshutdown$$00000010  c_wu.l(libshutdown2.o)
    0x08000320   0x08000320   0x00000000   Code   RO         2055    .ARM.Collect$$rtentry$$00000000  c_wu.l(__rtentry.o)
    0x08000320   0x08000320   0x00000000   Code   RO         2251    .ARM.Collect$$rtentry$$00000002  c_wu.l(__rtentry2.o)
    0x08000320   0x08000320   0x00000006   Code   RO         2263    .ARM.Collect$$rtentry$$00000004  c_wu.l(__rtentry4.o)
    0x08000326   0x08000326   0x00000008   Code   RO         2252    .ARM.Collect$$rtentry$$00000008  c_wu.l(__rtentry2.o)
    0x0800032e   0x0800032e   0x00000004   Code   RO         2254    .ARM.Collect$$rtentry$$0000000A  c_wu.l(__rtentry2.o)
    0x08000332   0x08000332   0x00000000   Code   RO         2256    .ARM.Collect$$rtentry$$0000000C  c_wu.l(__rtentry2.o)
    0x08000332   0x08000332   0x00000008   Code   RO         2257    .ARM.Collect$$rtentry$$0000000D  c_wu.l(__rtentry2.o)
    0x0800033a   0x0800033a   0x00000002   Code   RO         2056    .ARM.Collect$$rtexit$$00000000  c_wu.l(rtexit.o)
    0x0800033c   0x0800033c   0x00000000   Code   RO         2266    .ARM.Collect$$rtexit$$00000002  c_wu.l(rtexit2.o)
    0x0800033c   0x0800033c   0x00000004   Code   RO         2267    .ARM.Collect$$rtexit$$00000003  c_wu.l(rtexit2.o)
    0x08000340   0x08000340   0x00000006   Code   RO         2268    .ARM.Collect$$rtexit$$00000004  c_wu.l(rtexit2.o)
    0x08000346   0x08000346   0x00000002   PAD
    0x08000348   0x08000348   0x00000040   Code   RO         1460    .text               startup_stm32f746xx.o
    0x08000388   0x08000388   0x000000c4   Code   RO         1480    .text               RTX_V7MF.lib(irq_armv7m.o)
    0x0800044c   0x0800044c   0x000000f0   Code   RO         2033    .text               c_wu.l(lludivv7m.o)
    0x0800053c   0x0800053c   0x0000002c   Code   RO         2035    .text               c_wu.l(sprintf.o)
    0x08000568   0x08000568   0x00000012   Code   RO         2037    .text               c_wu.l(exit.o)
    0x0800057a   0x0800057a   0x0000003e   Code   RO         2041    .text               c_wu.l(strlen.o)
    0x080005b8   0x080005b8   0x0000008a   Code   RO         2043    .text               c_wu.l(rt_memcpy_v6.o)
    0x08000642   0x08000642   0x00000044   Code   RO         2045    .text               c_wu.l(rt_memclr.o)
    0x08000686   0x08000686   0x0000004e   Code   RO         2047    .text               c_wu.l(rt_memclr_w.o)
    0x080006d4   0x080006d4   0x00000006   Code   RO         2049    .text               c_wu.l(heapauxi.o)
    0x080006da   0x080006da   0x0000004e   Code   RO         2095    .text               c_wu.l(_printf_pad.o)
    0x08000728   0x08000728   0x00000024   Code   RO         2097    .text               c_wu.l(_printf_truncate.o)
    0x0800074c   0x0800074c   0x00000052   Code   RO         2099    .text               c_wu.l(_printf_str.o)
    0x0800079e   0x0800079e   0x00000002   PAD
    0x080007a0   0x080007a0   0x00000078   Code   RO         2101    .text               c_wu.l(_printf_dec.o)
    0x08000818   0x08000818   0x00000028   Code   RO         2103    .text               c_wu.l(_printf_charcount.o)
    0x08000840   0x08000840   0x00000030   Code   RO         2105    .text               c_wu.l(_printf_char_common.o)
    0x08000870   0x08000870   0x0000000a   Code   RO         2107    .text               c_wu.l(_sputc.o)
    0x0800087a   0x0800087a   0x00000002   PAD
    0x0800087c   0x0800087c   0x000000bc   Code   RO         2109    .text               c_wu.l(_printf_wctomb.o)
    0x08000938   0x08000938   0x0000007c   Code   RO         2112    .text               c_wu.l(_printf_longlong_dec.o)
    0x080009b4   0x080009b4   0x00000070   Code   RO         2118    .text               c_wu.l(_printf_oct_int_ll.o)
    0x08000a24   0x08000a24   0x00000094   Code   RO         2138    .text               c_wu.l(_printf_hex_int_ll_ptr.o)
    0x08000ab8   0x08000ab8   0x00000188   Code   RO         2158    .text               c_wu.l(__printf_flags_ss_wp.o)
    0x08000c40   0x08000c40   0x00000064   Code   RO         2184    .text               c_wu.l(rt_memcpy_w.o)
    0x08000ca4   0x08000ca4   0x00000008   Code   RO         2247    .text               c_wu.l(libspace.o)
    0x08000cac   0x08000cac   0x0000008a   Code   RO         2282    .text               c_wu.l(lludiv10.o)
    0x08000d36   0x08000d36   0x000000b2   Code   RO         2284    .text               c_wu.l(_printf_intcommon.o)
    0x08000de8   0x08000de8   0x0000041c   Code   RO         2286    .text               c_wu.l(_printf_fp_dec.o)
    0x08001204   0x08001204   0x000002fc   Code   RO         2290    .text               c_wu.l(_printf_fp_hex.o)
    0x08001500   0x08001500   0x0000002c   Code   RO         2295    .text               c_wu.l(_printf_char.o)
    0x0800152c   0x0800152c   0x0000002c   Code   RO         2297    .text               c_wu.l(_printf_wchar.o)
    0x08001558   0x08001558   0x00000048   Code   RO         2300    .text               c_wu.l(_c32rtomb.o)
    0x080015a0   0x080015a0   0x0000000c   Code   RO         2311    .text               c_wu.l(sys_exit.o)
    0x080015ac   0x080015ac   0x00000002   Code   RO         2315    .text               c_wu.l(use_no_semi.o)
    0x080015ae   0x080015ae   0x00000000   Code   RO         2317    .text               c_wu.l(indicate_semi.o)
    0x080015ae   0x080015ae   0x0000004a   Code   RO         2318    .text               c_wu.l(sys_stackheap_outer.o)
    0x080015f8   0x080015f8   0x00000010   Code   RO         2320    .text               c_wu.l(rt_ctype_table.o)
    0x08001608   0x08001608   0x0000000a   Code   RO         2329    .text               c_wu.l(rt_locale_twolibspace.o)
    0x08001612   0x08001612   0x00000002   PAD
    0x08001614   0x08001614   0x00000080   Code   RO         2333    .text               c_wu.l(_printf_fp_infnan.o)
    0x08001694   0x08001694   0x000000e4   Code   RO         2335    .text               c_wu.l(bigflt0.o)
    0x08001778   0x08001778   0x0000007c   Code   RO         2404    .text               c_wu.l(strcmpv7m_pel.o)
    0x080017f4   0x080017f4   0x00000004   PAD
    0x080017f8   0x080017f8   0x00000016   Code   RO          279    .text.$Sub$$_fp_init  rtx_lib.o
    0x0800180e   0x0800180e   0x00000002   PAD
    0x08001810   0x08001810   0x00000010   Code   RO           79    .text.DMA1_Stream5_IRQHandler  stm32f7xx_it.o
    0x08001820   0x08001820   0x00000010   Code   RO           81    .text.DMA1_Stream6_IRQHandler  stm32f7xx_it.o
    0x08001830   0x08001830   0x00000010   Code   RO           85    .text.DMA2_Stream1_IRQHandler  stm32f7xx_it.o
    0x08001840   0x08001840   0x00000010   Code   RO           87    .text.DMA2_Stream6_IRQHandler  stm32f7xx_it.o
    0x08001850   0x08001850   0x00000056   Code   RO          499    .text.DMA_CalcBaseAndBitshift  stm32f7xx_hal_dma.o
    0x080018a6   0x080018a6   0x00000002   PAD
    0x080018a8   0x080018a8   0x000000de   Code   RO          497    .text.DMA_CheckFifoParam  stm32f7xx_hal_dma.o
    0x08001986   0x08001986   0x00000002   PAD
    0x08001988   0x08001988   0x00000050   Code   RO          505    .text.DMA_SetConfig  stm32f7xx_hal_dma.o
    0x080019d8   0x080019d8   0x00000006   Code   RO           61    .text.Error_Handler  main.o
    0x080019de   0x080019de   0x00000002   PAD
    0x080019e0   0x080019e0   0x0000030c   Code   RO          515    .text.HAL_DMA_IRQHandler  stm32f7xx_hal_dma.o
    0x08001cec   0x08001cec   0x00000004   PAD
    0x08001cf0   0x08001cf0   0x0000015a   Code   RO          495    .text.HAL_DMA_Init  stm32f7xx_hal_dma.o
    0x08001e4a   0x08001e4a   0x00000006   PAD
    0x08001e50   0x08001e50   0x000000b8   Code   RO          507    .text.HAL_DMA_Start_IT  stm32f7xx_hal_dma.o
    0x08001f08   0x08001f08   0x00000042   Code   RO          376    .text.HAL_Delay     stm32f7xx_hal.o
    0x08001f4a   0x08001f4a   0x00000006   PAD
    0x08001f50   0x08001f50   0x000003ec   Code   RO          548    .text.HAL_GPIO_Init  stm32f7xx_hal_gpio.o
    0x0800233c   0x0800233c   0x00000004   PAD
    0x08002340   0x08002340   0x0000002a   Code   RO          554    .text.HAL_GPIO_WritePin  stm32f7xx_hal_gpio.o
    0x0800236a   0x0800236a   0x00000006   PAD
    0x08002370   0x08002370   0x0000000c   Code   RO          368    .text.HAL_GetTick   stm32f7xx_hal.o
    0x0800237c   0x0800237c   0x00000004   PAD
    0x08002380   0x08002380   0x0000001a   Code   RO          366    .text.HAL_IncTick   stm32f7xx_hal.o
    0x0800239a   0x0800239a   0x00000006   PAD
    0x080023a0   0x080023a0   0x00000026   Code   RO          356    .text.HAL_Init      stm32f7xx_hal.o
    0x080023c6   0x080023c6   0x00000002   PAD
    0x080023c8   0x080023c8   0x000000e0   Code   RO         1444    .text.HAL_InitTick  stm32f7xx_hal_timebase_tim.o
    0x080024a8   0x080024a8   0x00000042   Code   RO         1431    .text.HAL_MspInit   stm32f7xx_hal_msp.o
    0x080024ea   0x080024ea   0x00000006   PAD
    0x080024f0   0x080024f0   0x00000010   Code   RO          436    .text.HAL_NVIC_EnableIRQ  stm32f7xx_hal_cortex.o
    0x08002500   0x08002500   0x0000002e   Code   RO          428    .text.HAL_NVIC_SetPriority  stm32f7xx_hal_cortex.o
    0x0800252e   0x0800252e   0x00000002   PAD
    0x08002530   0x08002530   0x00000010   Code   RO          424    .text.HAL_NVIC_SetPriorityGrouping  stm32f7xx_hal_cortex.o
    0x08002540   0x08002540   0x000000be   Code   RO          628    .text.HAL_PWREx_EnableOverDrive  stm32f7xx_hal_pwr_ex.o
    0x080025fe   0x080025fe   0x00000002   PAD
    0x08002600   0x08002600   0x00000860   Code   RO          680    .text.HAL_RCCEx_PeriphCLKConfig  stm32f7xx_hal_rcc_ex.o
    0x08002e60   0x08002e60   0x0000025a   Code   RO          649    .text.HAL_RCC_ClockConfig  stm32f7xx_hal_rcc.o
    0x080030ba   0x080030ba   0x00000006   PAD
    0x080030c0   0x080030c0   0x00000054   Code   RO          667    .text.HAL_RCC_GetClockConfig  stm32f7xx_hal_rcc.o
    0x08003114   0x08003114   0x00000004   PAD
    0x08003118   0x08003118   0x0000000c   Code   RO          659    .text.HAL_RCC_GetHCLKFreq  stm32f7xx_hal_rcc.o
    0x08003124   0x08003124   0x00000004   PAD
    0x08003128   0x08003128   0x00000022   Code   RO          661    .text.HAL_RCC_GetPCLK1Freq  stm32f7xx_hal_rcc.o
    0x0800314a   0x0800314a   0x00000006   PAD
    0x08003150   0x08003150   0x00000022   Code   RO          663    .text.HAL_RCC_GetPCLK2Freq  stm32f7xx_hal_rcc.o
    0x08003172   0x08003172   0x00000006   PAD
    0x08003178   0x08003178   0x000000e6   Code   RO          651    .text.HAL_RCC_GetSysClockFreq  stm32f7xx_hal_rcc.o
    0x0800325e   0x0800325e   0x00000002   PAD
    0x08003260   0x08003260   0x000006ee   Code   RO          647    .text.HAL_RCC_OscConfig  stm32f7xx_hal_rcc.o
    0x0800394e   0x0800394e   0x00000002   PAD
    0x08003950   0x08003950   0x00000008   Code   RO         1032    .text.HAL_TIMEx_Break2Callback  stm32f7xx_hal_tim_ex.o
    0x08003958   0x08003958   0x00000008   Code   RO         1030    .text.HAL_TIMEx_BreakCallback  stm32f7xx_hal_tim_ex.o
    0x08003960   0x08003960   0x00000008   Code   RO         1026    .text.HAL_TIMEx_CommutCallback  stm32f7xx_hal_tim_ex.o
    0x08003968   0x08003968   0x00000084   Code   RO          701    .text.HAL_TIM_Base_Init  stm32f7xx_hal_tim.o
    0x080039ec   0x080039ec   0x00000004   PAD
    0x080039f0   0x080039f0   0x00000008   Code   RO          703    .text.HAL_TIM_Base_MspInit  stm32f7xx_hal_tim.o
    0x080039f8   0x080039f8   0x000000fa   Code   RO          715    .text.HAL_TIM_Base_Start_IT  stm32f7xx_hal_tim.o
    0x08003af2   0x08003af2   0x00000006   PAD
    0x08003af8   0x08003af8   0x00000008   Code   RO          837    .text.HAL_TIM_IC_CaptureCallback  stm32f7xx_hal_tim.o
    0x08003b00   0x08003b00   0x000002b4   Code   RO          835    .text.HAL_TIM_IRQHandler  stm32f7xx_hal_tim.o
    0x08003db4   0x08003db4   0x00000004   PAD
    0x08003db8   0x08003db8   0x00000008   Code   RO          839    .text.HAL_TIM_OC_DelayElapsedCallback  stm32f7xx_hal_tim.o
    0x08003dc0   0x08003dc0   0x00000008   Code   RO          841    .text.HAL_TIM_PWM_PulseFinishedCallback  stm32f7xx_hal_tim.o
    0x08003dc8   0x08003dc8   0x00000022   Code   RO           63    .text.HAL_TIM_PeriodElapsedCallback  main.o
    0x08003dea   0x08003dea   0x00000006   PAD
    0x08003df0   0x08003df0   0x00000008   Code   RO          845    .text.HAL_TIM_TriggerCallback  stm32f7xx_hal_tim.o
    0x08003df8   0x08003df8   0x0000000c   Code   RO         1091    .text.HAL_UARTEx_RxEventCallback  stm32f7xx_hal_uart.o
    0x08003e04   0x08003e04   0x00000004   PAD
    0x08003e08   0x08003e08   0x00000008   Code   RO         1081    .text.HAL_UART_AbortCpltCallback  stm32f7xx_hal_uart.o
    0x08003e10   0x08003e10   0x00000008   Code   RO         1085    .text.HAL_UART_AbortReceiveCpltCallback  stm32f7xx_hal_uart.o
    0x08003e18   0x08003e18   0x00000008   Code   RO         1083    .text.HAL_UART_AbortTransmitCpltCallback  stm32f7xx_hal_uart.o
    0x08003e20   0x08003e20   0x00000008   Code   RO         1079    .text.HAL_UART_ErrorCallback  stm32f7xx_hal_uart.o
    0x08003e28   0x08003e28   0x000000be   Code   RO         1045    .text.HAL_UART_Init  stm32f7xx_hal_uart.o
    0x08003ee6   0x08003ee6   0x00000002   PAD
    0x08003ee8   0x08003ee8   0x000002b8   Code   RO         1433    .text.HAL_UART_MspInit  stm32f7xx_hal_msp.o
    0x080041a0   0x080041a0   0x00000008   Code   RO         1077    .text.HAL_UART_RxCpltCallback  stm32f7xx_hal_uart.o
    0x080041a8   0x080041a8   0x00000008   Code   RO         1075    .text.HAL_UART_RxHalfCpltCallback  stm32f7xx_hal_uart.o
    0x080041b0   0x080041b0   0x000000f8   Code   RO         1109    .text.HAL_UART_Transmit_DMA  stm32f7xx_hal_uart.o
    0x080042a8   0x080042a8   0x00000008   Code   RO         1073    .text.HAL_UART_TxCpltCallback  stm32f7xx_hal_uart.o
    0x080042b0   0x080042b0   0x00000008   Code   RO         1071    .text.HAL_UART_TxHalfCpltCallback  stm32f7xx_hal_uart.o
    0x080042b8   0x080042b8   0x00000016   Code   RO         1646    .text.IsIrqMasked   RTX_V7MF.lib(rtx_thread.o)
    0x080042ce   0x080042ce   0x00000002   PAD
    0x080042d0   0x080042d0   0x0000008e   Code   RO           55    .text.MX_DMA_Init   main.o
    0x0800435e   0x0800435e   0x00000002   PAD
    0x08004360   0x08004360   0x000000ba   Code   RO           53    .text.MX_GPIO_Init  main.o
    0x0800441a   0x0800441a   0x00000006   PAD
    0x08004420   0x08004420   0x00000002   Code   RO           59    .text.MX_USART2_UART_Init  main.o
    0x08004422   0x08004422   0x00000006   PAD
    0x08004428   0x08004428   0x00000044   Code   RO           57    .text.MX_USART6_UART_Init  main.o
    0x0800446c   0x0800446c   0x00000040   Code   RO         1942    .text.MessageQueueGet  RTX_V7MF.lib(rtx_msgqueue.o)
    0x080044ac   0x080044ac   0x00000058   Code   RO         1938    .text.MessageQueuePut  RTX_V7MF.lib(rtx_msgqueue.o)
    0x08004504   0x08004504   0x0000001c   Code   RO         1936    .text.MessageQueueRemove  RTX_V7MF.lib(rtx_msgqueue.o)
    0x08004520   0x08004520   0x0000006c   Code   RO          434    .text.NVIC_EncodePriority  stm32f7xx_hal_cortex.o
    0x0800458c   0x0800458c   0x00000004   PAD
    0x08004590   0x08004590   0x0000000c   Code   RO          325    .text.OS_Tick_AcknowledgeIRQ  os_systick.o
    0x0800459c   0x0800459c   0x00000004   PAD
    0x080045a0   0x080045a0   0x0000003c   Code   RO          321    .text.OS_Tick_Enable  os_systick.o
    0x080045dc   0x080045dc   0x00000004   PAD
    0x080045e0   0x080045e0   0x00000006   Code   RO          327    .text.OS_Tick_GetIRQn  os_systick.o
    0x080045e6   0x080045e6   0x00000002   PAD
    0x080045e8   0x080045e8   0x0000007e   Code   RO          319    .text.OS_Tick_Setup  os_systick.o
    0x08004666   0x08004666   0x0000000c   Code   RO         1554    .text.OUTLINED_FUNCTION_0  RTX_V7MF.lib(rtx_kernel.o)
    0x08004672   0x08004672   0x00000010   Code   RO         1770    .text.OUTLINED_FUNCTION_0  RTX_V7MF.lib(rtx_thread.o)
    0x08004682   0x08004682   0x0000000c   Code   RO         1950    .text.OUTLINED_FUNCTION_0  RTX_V7MF.lib(rtx_msgqueue.o)
    0x0800468e   0x0800468e   0x00000006   Code   RO         1556    .text.OUTLINED_FUNCTION_1  RTX_V7MF.lib(rtx_kernel.o)
    0x08004694   0x08004694   0x00000006   Code   RO         1952    .text.OUTLINED_FUNCTION_1  RTX_V7MF.lib(rtx_msgqueue.o)
    0x0800469a   0x0800469a   0x00000006   PAD
    0x080046a0   0x080046a0   0x000000c0   Code   RO           51    .text.SystemClock_Config  main.o
    0x08004760   0x08004760   0x00000012   Code   RO         1467    .text.SystemInit    system_stm32f7xx.o
    0x08004772   0x08004772   0x00000006   PAD
    0x08004778   0x08004778   0x00000010   Code   RO           83    .text.TIM6_DAC_IRQHandler  stm32f7xx_it.o
    0x08004788   0x08004788   0x0000019a   Code   RO          705    .text.TIM_Base_SetConfig  stm32f7xx_hal_tim.o
    0x08004922   0x08004922   0x00000064   Code   RO         1722    .text.ThreadFlagsCheck  RTX_V7MF.lib(rtx_thread.o)
    0x08004986   0x08004986   0x00000002   PAD
    0x08004988   0x08004988   0x00000048   Code   RO         1812    .text.TimerInsert   RTX_V7MF.lib(rtx_timer.o)
    0x080049d0   0x080049d0   0x00000148   Code   RO         1053    .text.UART_AdvFeatureConfig  stm32f7xx_hal_uart.o
    0x08004b18   0x08004b18   0x00000070   Code   RO         1055    .text.UART_CheckIdleState  stm32f7xx_hal_uart.o
    0x08004b88   0x08004b88   0x00000080   Code   RO         1115    .text.UART_DMAError  stm32f7xx_hal_uart.o
    0x08004c08   0x08004c08   0x0000007c   Code   RO         1111    .text.UART_DMATransmitCplt  stm32f7xx_hal_uart.o
    0x08004c84   0x08004c84   0x00000004   PAD
    0x08004c88   0x08004c88   0x00000018   Code   RO         1113    .text.UART_DMATxHalfCplt  stm32f7xx_hal_uart.o
    0x08004ca0   0x08004ca0   0x00000098   Code   RO         1129    .text.UART_EndRxTransfer  stm32f7xx_hal_uart.o
    0x08004d38   0x08004d38   0x00000034   Code   RO         1127    .text.UART_EndTxTransfer  stm32f7xx_hal_uart.o
    0x08004d6c   0x08004d6c   0x00000004   PAD
    0x08004d70   0x08004d70   0x00000086   Code   RO         1047    .text.UART_InitCallbacksToDefault  stm32f7xx_hal_uart.o
    0x08004df6   0x08004df6   0x00000002   PAD
    0x08004df8   0x08004df8   0x00000024   Code   RO           22    .text.UART_SendCommand_DMA  initmain.o
    0x08004e1c   0x08004e1c   0x00000004   PAD
    0x08004e20   0x08004e20   0x000004da   Code   RO         1051    .text.UART_SetConfig  stm32f7xx_hal_uart.o
    0x080052fa   0x080052fa   0x00000006   PAD
    0x08005300   0x08005300   0x00000164   Code   RO         1095    .text.UART_WaitOnFlagUntilTimeout  stm32f7xx_hal_uart.o
    0x08005464   0x08005464   0x00000004   PAD
    0x08005468   0x08005468   0x00000032   Code   RO           24    .text.UDP_OpenSocket_DMA  initmain.o
    0x0800549a   0x0800549a   0x00000006   PAD
    0x080054a0   0x080054a0   0x0000002a   Code   RO          438    .text.__NVIC_EnableIRQ  stm32f7xx_hal_cortex.o
    0x080054ca   0x080054ca   0x00000006   PAD
    0x080054d0   0x080054d0   0x00000010   Code   RO          430    .text.__NVIC_GetPriorityGrouping  stm32f7xx_hal_cortex.o
    0x080054e0   0x080054e0   0x0000003a   Code   RO          432    .text.__NVIC_SetPriority  stm32f7xx_hal_cortex.o
    0x0800551a   0x0800551a   0x00000006   PAD
    0x08005520   0x08005520   0x0000003c   Code   RO          426    .text.__NVIC_SetPriorityGrouping  stm32f7xx_hal_cortex.o
    0x0800555c   0x0800555c   0x00000004   PAD
    0x08005560   0x08005560   0x00000020   Code   RO          291    .text._mutex_acquire  rtx_lib.o
    0x08005580   0x08005580   0x00000012   Code   RO          295    .text._mutex_free   rtx_lib.o
    0x08005592   0x08005592   0x00000006   PAD
    0x08005598   0x08005598   0x00000032   Code   RO          289    .text._mutex_initialize  rtx_lib.o
    0x080055ca   0x080055ca   0x00000006   PAD
    0x080055d0   0x080055d0   0x0000001c   Code   RO          293    .text._mutex_release  rtx_lib.o
    0x080055ec   0x080055ec   0x00000004   PAD
    0x080055f0   0x080055f0   0x00000008   Code   RO          277    .text._platform_post_stackheap_init  rtx_lib.o
    0x080055f8   0x080055f8   0x00000114   Code   RO           49    .text.main          main.o
    0x0800570c   0x0800570c   0x00000004   PAD
    0x08005710   0x08005710   0x00000030   Code   RO           26    .text.mainThread    initmain.o
    0x08005740   0x08005740   0x00000030   Code   RO         1498    .text.osKernelGetState  RTX_V7MF.lib(rtx_kernel.o)
    0x08005770   0x08005770   0x0000002c   Code   RO         1492    .text.osKernelInitialize  RTX_V7MF.lib(rtx_kernel.o)
    0x0800579c   0x0800579c   0x00000024   Code   RO         1502    .text.osKernelStart  RTX_V7MF.lib(rtx_kernel.o)
    0x080057c0   0x080057c0   0x00000070   Code   RO         1912    .text.osMessageQueueGet  RTX_V7MF.lib(rtx_msgqueue.o)
    0x08005830   0x08005830   0x00000080   Code   RO         1910    .text.osMessageQueuePut  RTX_V7MF.lib(rtx_msgqueue.o)
    0x080058b0   0x080058b0   0x00000024   Code   RO         1578    .text.osMutexAcquire  RTX_V7MF.lib(rtx_mutex.o)
    0x080058d4   0x080058d4   0x00000024   Code   RO         1584    .text.osMutexDelete  RTX_V7MF.lib(rtx_mutex.o)
    0x080058f8   0x080058f8   0x00000024   Code   RO         1572    .text.osMutexNew    RTX_V7MF.lib(rtx_mutex.o)
    0x0800591c   0x0800591c   0x00000024   Code   RO         1580    .text.osMutexRelease  RTX_V7MF.lib(rtx_mutex.o)
    0x08005940   0x08005940   0x00000030   Code   RO          347    .text.osRtxErrorNotify  rtx_config.o
    0x08005970   0x08005970   0x00000008   Code   RO          345    .text.osRtxIdleThread  rtx_config.o
    0x08005978   0x08005978   0x00000002   Code   RO         1488    .text.osRtxKernelBeforeInit  RTX_V7MF.lib(rtx_kernel.o)
    0x0800597a   0x0800597a   0x00000004   Code   RO         1490    .text.osRtxKernelErrorNotify  RTX_V7MF.lib(rtx_kernel.o)
    0x0800597e   0x0800597e   0x0000006e   Code   RO         1836    .text.osRtxMemoryAlloc  RTX_V7MF.lib(rtx_memory.o)
    0x080059ec   0x080059ec   0x00000042   Code   RO         1838    .text.osRtxMemoryFree  RTX_V7MF.lib(rtx_memory.o)
    0x08005a2e   0x08005a2e   0x00000036   Code   RO         1834    .text.osRtxMemoryInit  RTX_V7MF.lib(rtx_memory.o)
    0x08005a64   0x08005a64   0x0000003a   Code   RO         1850    .text.osRtxMemoryPoolAlloc  RTX_V7MF.lib(rtx_mempool.o)
    0x08005a9e   0x08005a9e   0x0000004a   Code   RO         1852    .text.osRtxMemoryPoolFree  RTX_V7MF.lib(rtx_mempool.o)
    0x08005ae8   0x08005ae8   0x00000038   Code   RO         1848    .text.osRtxMemoryPoolInit  RTX_V7MF.lib(rtx_mempool.o)
    0x08005b20   0x08005b20   0x000000aa   Code   RO         1934    .text.osRtxMessageQueuePostProcess  RTX_V7MF.lib(rtx_msgqueue.o)
    0x08005bca   0x08005bca   0x00000002   PAD
    0x08005bcc   0x08005bcc   0x00000024   Code   RO         1900    .text.osRtxMessageQueueTimerSetup  RTX_V7MF.lib(rtx_msgqueue.o)
    0x08005bf0   0x08005bf0   0x00000048   Code   RO         1568    .text.osRtxMutexOwnerRelease  RTX_V7MF.lib(rtx_mutex.o)
    0x08005c38   0x08005c38   0x0000004a   Code   RO         1570    .text.osRtxMutexOwnerRestore  RTX_V7MF.lib(rtx_mutex.o)
    0x08005c82   0x08005c82   0x00000002   PAD
    0x08005c84   0x08005c84   0x000000a4   Code   RO         1964    .text.osRtxPendSV_Handler  RTX_V7MF.lib(rtx_system.o)
    0x08005d28   0x08005d28   0x00000070   Code   RO         1966    .text.osRtxPostProcess  RTX_V7MF.lib(rtx_system.o)
    0x08005d98   0x08005d98   0x00000010   Code   RO          285    .text.osRtxThreadBeforeFree  rtx_lib.o
    0x08005da8   0x08005da8   0x00000034   Code   RO         1624    .text.osRtxThreadBlock  RTX_V7MF.lib(rtx_thread.o)
    0x08005ddc   0x08005ddc   0x0000007c   Code   RO         1630    .text.osRtxThreadDelayInsert  RTX_V7MF.lib(rtx_thread.o)
    0x08005e58   0x08005e58   0x0000003c   Code   RO         1614    .text.osRtxThreadDelayRemove  RTX_V7MF.lib(rtx_thread.o)
    0x08005e94   0x08005e94   0x0000004c   Code   RO         1616    .text.osRtxThreadDelayTick  RTX_V7MF.lib(rtx_thread.o)
    0x08005ee0   0x08005ee0   0x00000020   Code   RO         1634    .text.osRtxThreadDestroy  RTX_V7MF.lib(rtx_thread.o)
    0x08005f00   0x08005f00   0x00000054   Code   RO         1622    .text.osRtxThreadDispatch  RTX_V7MF.lib(rtx_thread.o)
    0x08005f54   0x08005f54   0x00000058   Code   RO         1636    .text.osRtxThreadFree  RTX_V7MF.lib(rtx_thread.o)
    0x08005fac   0x08005fac   0x0000001e   Code   RO         1632    .text.osRtxThreadJoinWakeup  RTX_V7MF.lib(rtx_thread.o)
    0x08005fca   0x08005fca   0x00000012   Code   RO         1606    .text.osRtxThreadListGet  RTX_V7MF.lib(rtx_thread.o)
    0x08005fdc   0x08005fdc   0x0000002c   Code   RO         1604    .text.osRtxThreadListPut  RTX_V7MF.lib(rtx_thread.o)
    0x08006008   0x08006008   0x00000014   Code   RO         1610    .text.osRtxThreadListRemove  RTX_V7MF.lib(rtx_thread.o)
    0x0800601c   0x0800601c   0x00000026   Code   RO         1608    .text.osRtxThreadListSort  RTX_V7MF.lib(rtx_thread.o)
    0x08006042   0x08006042   0x00000028   Code   RO         1720    .text.osRtxThreadPostProcess  RTX_V7MF.lib(rtx_thread.o)
    0x0800606a   0x0800606a   0x00000002   PAD
    0x0800606c   0x0800606c   0x00000010   Code   RO         1612    .text.osRtxThreadReadyPut  RTX_V7MF.lib(rtx_thread.o)
    0x0800607c   0x0800607c   0x00000014   Code   RO         1618    .text.osRtxThreadRegPtr  RTX_V7MF.lib(rtx_thread.o)
    0x08006090   0x08006090   0x00000034   Code   RO         1640    .text.osRtxThreadStartup  RTX_V7MF.lib(rtx_thread.o)
    0x080060c4   0x080060c4   0x00000020   Code   RO         1620    .text.osRtxThreadSwitch  RTX_V7MF.lib(rtx_thread.o)
    0x080060e4   0x080060e4   0x0000003c   Code   RO         1628    .text.osRtxThreadWaitEnter  RTX_V7MF.lib(rtx_thread.o)
    0x08006120   0x08006120   0x00000032   Code   RO         1626    .text.osRtxThreadWaitExit  RTX_V7MF.lib(rtx_thread.o)
    0x08006152   0x08006152   0x00000002   PAD
    0x08006154   0x08006154   0x00000074   Code   RO         1962    .text.osRtxTick_Handler  RTX_V7MF.lib(rtx_system.o)
    0x080061c8   0x080061c8   0x00000020   Code   RO         1792    .text.osRtxTimerSetup  RTX_V7MF.lib(rtx_timer.o)
    0x080061e8   0x080061e8   0x00000020   Code   RO         1796    .text.osRtxTimerThread  RTX_V7MF.lib(rtx_timer.o)
    0x08006208   0x08006208   0x00000070   Code   RO         1794    .text.osRtxTimerTick  RTX_V7MF.lib(rtx_timer.o)
    0x08006278   0x08006278   0x00000006   Code   RO         1718    .text.osThreadEntry  RTX_V7MF.lib(rtx_thread.o)
    0x0800627e   0x0800627e   0x00000002   PAD
    0x08006280   0x08006280   0x0000000c   Code   RO         1684    .text.osThreadExit  RTX_V7MF.lib(rtx_thread.o)
    0x0800628c   0x0800628c   0x0000002c   Code   RO         1644    .text.osThreadNew   RTX_V7MF.lib(rtx_thread.o)
    0x080062b8   0x080062b8   0x00000036   Code   RO          283    .text.os_kernel_is_active  rtx_lib.o
    0x080062ee   0x080062ee   0x00000002   PAD
    0x080062f0   0x080062f0   0x0000000c   Code   RO         1500    .text.svcRtxKernelGetState  RTX_V7MF.lib(rtx_kernel.o)
    0x080062fc   0x080062fc   0x00000108   Code   RO         1538    .text.svcRtxKernelInitialize  RTX_V7MF.lib(rtx_kernel.o)
    0x08006404   0x08006404   0x00000078   Code   RO         1540    .text.svcRtxKernelStart  RTX_V7MF.lib(rtx_kernel.o)
    0x0800647c   0x0800647c   0x000000cc   Code   RO         1944    .text.svcRtxMessageQueueGet  RTX_V7MF.lib(rtx_msgqueue.o)
    0x08006548   0x08006548   0x00000120   Code   RO         1902    .text.svcRtxMessageQueueNew  RTX_V7MF.lib(rtx_msgqueue.o)
    0x08006668   0x08006668   0x000000a8   Code   RO         1940    .text.svcRtxMessageQueuePut  RTX_V7MF.lib(rtx_msgqueue.o)
    0x08006710   0x08006710   0x00000090   Code   RO         1588    .text.svcRtxMutexAcquire  RTX_V7MF.lib(rtx_mutex.o)
    0x080067a0   0x080067a0   0x000000b0   Code   RO         1594    .text.svcRtxMutexDelete  RTX_V7MF.lib(rtx_mutex.o)
    0x08006850   0x08006850   0x00000068   Code   RO         1586    .text.svcRtxMutexNew  RTX_V7MF.lib(rtx_mutex.o)
    0x080068b8   0x080068b8   0x000000b4   Code   RO         1590    .text.svcRtxMutexRelease  RTX_V7MF.lib(rtx_mutex.o)
    0x0800696c   0x0800696c   0x0000004c   Code   RO         1746    .text.svcRtxThreadExit  RTX_V7MF.lib(rtx_thread.o)
    0x080069b8   0x080069b8   0x000001fc   Code   RO         1642    .text.svcRtxThreadNew  RTX_V7MF.lib(rtx_thread.o)
    0x08006bb4   0x08006bb4   0x00000004   PAD
    0x08006bb8   0x08006bb8   0x00000048   Code   RO          287    .text.user_perthread_libspace_free  rtx_lib.o
    0x08006c00   0x08006c00   0x0000003e   Code   RO         2338    CL$$btod_d2e        c_wu.l(btod.o)
    0x08006c3e   0x08006c3e   0x00000046   Code   RO         2340    CL$$btod_d2e_denorm_low  c_wu.l(btod.o)
    0x08006c84   0x08006c84   0x00000060   Code   RO         2339    CL$$btod_d2e_norm_op1  c_wu.l(btod.o)
    0x08006ce4   0x08006ce4   0x00000338   Code   RO         2348    CL$$btod_div_common  c_wu.l(btod.o)
    0x0800701c   0x0800701c   0x000000dc   Code   RO         2345    CL$$btod_e2e        c_wu.l(btod.o)
    0x080070f8   0x080070f8   0x0000002a   Code   RO         2342    CL$$btod_ediv       c_wu.l(btod.o)
    0x08007122   0x08007122   0x0000002a   Code   RO         2341    CL$$btod_emul       c_wu.l(btod.o)
    0x0800714c   0x0800714c   0x00000244   Code   RO         2347    CL$$btod_mult_common  c_wu.l(btod.o)
    0x08007390   0x08007390   0x00000030   Code   RO         2387    i.__ARM_fpclassify  m_wm.l(fpclassify.o)
    0x080073c0   0x080073c0   0x0000000e   Code   RO         2151    i._is_digit         c_wu.l(__printf_wp.o)
    0x080073ce   0x080073ce   0x00000002   PAD
    0x080073d0   0x080073d0   0x0000002c   Code   RO         2363    locale$$code        c_wu.l(lc_numeric_c.o)
    0x080073fc   0x080073fc   0x0000002c   Code   RO         2396    locale$$code        c_wu.l(lc_ctype_c.o)
    0x08007428   0x08007428   0x0000001a   Code   RO         2053    x$fpl$fpinit        fz_wm.l(fpinit.o)
    0x08007442   0x08007442   0x00000004   Code   RO         2235    x$fpl$printf1       fz_wm.l(printf1.o)
    0x08007446   0x08007446   0x00000004   Code   RO         2237    x$fpl$printf2       fz_wm.l(printf2.o)
    0x0800744a   0x0800744a   0x00000000   Code   RO         2386    x$fpl$usenofp       fz_wm.l(usenofp.o)
    0x0800744a   0x0800744a   0x00000002   PAD
    0x0800744c   0x0800744c   0x00000008   Data   RO         2110    .constdata          c_wu.l(_printf_wctomb.o)
    0x08007454   0x08007454   0x00000028   Data   RO         2139    .constdata          c_wu.l(_printf_hex_int_ll_ptr.o)
    0x0800747c   0x0800747c   0x00000011   Data   RO         2159    .constdata          c_wu.l(__printf_flags_ss_wp.o)
    0x0800748d   0x0800748d   0x00000026   Data   RO         2291    .constdata          c_wu.l(_printf_fp_hex.o)
    0x080074b3   0x080074b3   0x00000001   PAD
    0x080074b4   0x080074b4   0x00000094   Data   RO         2336    .constdata          c_wu.l(bigflt0.o)
    0x08007548   0x08007548   0x00000070   Data   RO          301    .rodata             rtx_lib.o
    0x080075b8   0x080075b8   0x00000038   Data   RO          304    .rodata             rtx_lib.o
    0x080075f0   0x080075f0   0x00000010   Data   RO         1472    .rodata.AHBPrescTable  system_stm32f7xx.o
    0x08007600   0x08007600   0x00000008   Data   RO         1473    .rodata.APBPrescTable  system_stm32f7xx.o
    0x08007608   0x08007608   0x00000008   Data   RO          525    .rodata.DMA_CalcBaseAndBitshift.flagBitshiftOffset  stm32f7xx_hal_dma.o
    0x08007610   0x08007610   0x00000004   Data   RO          303    .rodata.osRtxUserSVC  rtx_lib.o
    0x08007614   0x08007614   0x00000024   Data   RO          298    .rodata.os_idle_thread_attr  rtx_lib.o
    0x08007638   0x08007638   0x00000018   Data   RO          300    .rodata.os_timer_mq_attr  rtx_lib.o
    0x08007650   0x08007650   0x00000024   Data   RO          299    .rodata.os_timer_thread_attr  rtx_lib.o
    0x08007674   0x08007674   0x00000049   Data   RO           29    .rodata.str1.1      initmain.o
    0x080076bd   0x080076bd   0x00000003   PAD
    0x080076c0   0x080076c0   0x0000000b   Data   RO         1558    .rodata.str1.4      RTX_V7MF.lib(rtx_kernel.o)
    0x080076cb   0x080076cb   0x00000001   PAD
    0x080076cc   0x080076cc   0x00000030   Data   RO         2445    Region$$Table       anon$$obj.o
    0x080076fc   0x080076fc   0x0000001c   Data   RO         2362    locale$$data        c_wu.l(lc_numeric_c.o)
    0x08007718   0x08007718   0x00000110   Data   RO         2395    locale$$data        c_wu.l(lc_ctype_c.o)


    Execution Region RW_DTCM (Exec base: 0x20000000, Load base: 0x08007828, Size: 0x00000600, Max: 0x00010000, ABSOLUTE)

    Exec Addr    Load Addr    Size         Type   Attr      Idx    E Section Name        Object

    0x20000000        -       0x00000200   Zero   RW         1458    HEAP                startup_stm32f746xx.o
    0x20000200        -       0x00000400   Zero   RW         1457    STACK               startup_stm32f746xx.o


    Execution Region RW_SRAM1 (Exec base: 0x20010000, Load base: 0x08007828, Size: 0x00008b30, Max: 0x00040000, ABSOLUTE)

    Exec Addr    Load Addr    Size         Type   Attr      Idx    E Section Name        Object

    0x20010000   0x08007828   0x00000004   Data   RW         1471    .data.SystemCoreClock  system_stm32f7xx.o
    0x20010004   0x0800782c   0x000000a4   Data   RW         1559    .data.os            RTX_V7MF.lib(rtx_kernel.o)
    0x200100a8   0x080078d0   0x00000004   Data   RW          415    .data.uwTickFreq    stm32f7xx_hal.o
    0x200100ac   0x080078d4   0x00000004   Data   RW          414    .data.uwTickPrio    stm32f7xx_hal.o
    0x200100b0   0x080078d8   0x00000004   Data   RW           28    .data.wifi_uart_nix  initmain.o
    0x200100b4   0x080078dc   0x00000004   PAD
    0x200100b8        -       0x00000060   Zero   RW         2248    .bss                c_wu.l(libspace.o)
    0x20010118        -       0x00000064   Zero   RW           67    .bss.hdma_usart2_rx  main.o
    0x2001017c        -       0x00000064   Zero   RW           68    .bss.hdma_usart2_tx  main.o
    0x200101e0        -       0x00000064   Zero   RW           69    .bss.hdma_usart6_rx  main.o
    0x20010244        -       0x00000064   Zero   RW           70    .bss.hdma_usart6_tx  main.o
    0x200102a8        -       0x00000070   Zero   RW         1450    .bss.htim6          stm32f7xx_hal_timebase_tim.o
    0x20010318        -       0x000000b4   Zero   RW           66    .bss.huart6         main.o
    0x200103cc   0x080078dc   0x00000004   PAD
    0x200103d0        -       0x00008040   Zero   RW          297    .bss.os             rtx_lib.o
    0x20018410        -       0x00000001   Zero   RW          337    .bss.os             os_systick.o
    0x20018411   0x080078dc   0x00000003   PAD
    0x20018414        -       0x000001f0   Zero   RW          305    .bss.os.libspace    rtx_lib.o
    0x20018604        -       0x00000034   Zero   RW          309    .bss.os.msgqueue.cb  rtx_lib.o
    0x20018638        -       0x00000050   Zero   RW          310    .bss.os.msgqueue.mem  rtx_lib.o
    0x20018688        -       0x000000a0   Zero   RW          306    .bss.os.thread.cb   rtx_lib.o
    0x20018728        -       0x00000200   Zero   RW          307    .bss.os.thread.idle.stack  rtx_lib.o
    0x20018928        -       0x00000200   Zero   RW          308    .bss.os.thread.timer.stack  rtx_lib.o
    0x20018b28        -       0x00000001   Zero   RW          311    .bss.os_kernel_is_active.os_kernel_active  rtx_lib.o
    0x20018b29   0x080078dc   0x00000003   PAD
    0x20018b2c        -       0x00000004   Zero   RW          416    .bss.uwTick         stm32f7xx_hal.o


==============================================================================

Image component sizes


      Code (inc. data)   RO Data    RW Data    ZI Data      Debug   Object Name

       134          0         73          4          0       6311   initmain.o
       906          0          0          0        580      13100   main.o
       204          0          0          0          1       5575   os_systick.o
        56          6          0          0          0        700   rtx_config.o
       300          0        268          0      34645       7995   rtx_lib.o
        64         26        456          0       1536        872   startup_stm32f746xx.o
       142          0          0          8          4       7892   stm32f7xx_hal.o
       362          0          0          0          0      10564   stm32f7xx_hal_cortex.o
      1698          8          8          0          0       8652   stm32f7xx_hal_dma.o
      1046          0          0          0          0       5340   stm32f7xx_hal_gpio.o
       762          0          0          0          0       7304   stm32f7xx_hal_msp.o
       190          0          0          0          0       5852   stm32f7xx_hal_pwr_ex.o
      2770          0          0          0          0       8178   stm32f7xx_hal_rcc.o
      2144          0          0          0          0       7401   stm32f7xx_hal_rcc_ex.o
      1524          0          0          0          0      37096   stm32f7xx_hal_tim.o
        24          0          0          0          0      16116   stm32f7xx_hal_tim_ex.o
       224          0          0          0        112       7736   stm32f7xx_hal_timebase_tim.o
      3166         38          0          0          0      26136   stm32f7xx_hal_uart.o
        80          0          0          0          0        837   stm32f7xx_it.o
        18          0         24          4          0       3333   system_stm32f7xx.o

    ----------------------------------------------------------------------
     16028         78        880         16      36892     186990   Object Totals
         0          0         48          0          0          0   (incl. Generated)
       214          0          3          0         14          0   (incl. Padding)

    ----------------------------------------------------------------------

      Code (inc. data)   RO Data    RW Data    ZI Data      Debug   Library Member Name

       196         12          0          0          0        712   irq_armv7m.o
       548         44         11        164          0      19332   rtx_kernel.o
       230          0          0          0          0       2808   rtx_memory.o
       188          0          0          0          0      16536   rtx_mempool.o
      1304         24          0          0          0      19223   rtx_msgqueue.o
       894         28          0          0          0      10977   rtx_mutex.o
       392         48          0          0          0       5563   rtx_system.o
      1720         52          0          0          0      38973   rtx_thread.o
       248         16          0          0          0      11024   rtx_timer.o
         8          0          0          0          0         68   __main.o
       392          4         17          0          0         92   __printf_flags_ss_wp.o
        14          0          0          0          0         68   __printf_wp.o
         0          0          0          0          0          0   __rtentry.o
        20          0          0          0          0          0   __rtentry2.o
         6          0          0          0          0          0   __rtentry4.o
        94          8          0          0          0          0   __scatter.o
        26          0          0          0          0          0   __scatter_copy.o
        28          0          0          0          0          0   __scatter_zi.o
        72          0          0          0          0         96   _c32rtomb.o
         6          0          0          0          0          0   _printf_a.o
         6          0          0          0          0          0   _printf_c.o
        44          0          0          0          0        108   _printf_char.o
        48          6          0          0          0         96   _printf_char_common.o
        40          0          0          0          0         68   _printf_charcount.o
         6          0          0          0          0          0   _printf_d.o
       120         16          0          0          0         92   _printf_dec.o
         6          0          0          0          0          0   _printf_e.o
         6          0          0          0          0          0   _printf_f.o
      1052          0          0          0          0        148   _printf_fp_dec.o
       764          8         38          0          0        100   _printf_fp_hex.o
       128         16          0          0          0         84   _printf_fp_infnan.o
         6          0          0          0          0          0   _printf_g.o
       148          4         40          0          0        160   _printf_hex_int_ll_ptr.o
         6          0          0          0          0          0   _printf_i.o
       178          0          0          0          0         88   _printf_intcommon.o
        10          0          0          0          0          0   _printf_l.o
         6          0          0          0          0          0   _printf_lc.o
        10          0          0          0          0          0   _printf_ll.o
         6          0          0          0          0          0   _printf_lld.o
         6          0          0          0          0          0   _printf_lli.o
         6          0          0          0          0          0   _printf_llo.o
         6          0          0          0          0          0   _printf_llu.o
         6          0          0          0          0          0   _printf_llx.o
       124         16          0          0          0         92   _printf_longlong_dec.o
         6          0          0          0          0          0   _printf_ls.o
         6          0          0          0          0          0   _printf_n.o
         6          0          0          0          0          0   _printf_o.o
       112          8          0          0          0        124   _printf_oct_int_ll.o
         6          0          0          0          0          0   _printf_p.o
        78          0          0          0          0        108   _printf_pad.o
         0          0          0          0          0          0   _printf_percent.o
         4          0          0          0          0          0   _printf_percent_end.o
         6          0          0          0          0          0   _printf_s.o
        82          0          0          0          0         80   _printf_str.o
        36          0          0          0          0         84   _printf_truncate.o
         6          0          0          0          0          0   _printf_u.o
        44          0          0          0          0        108   _printf_wchar.o
       188          6          8          0          0         92   _printf_wctomb.o
         6          0          0          0          0          0   _printf_x.o
        10          0          0          0          0         68   _sputc.o
       228          4        148          0          0         96   bigflt0.o
      1936        128          0          0          0        668   btod.o
        18          0          0          0          0         80   exit.o
         6          0          0          0          0        152   heapauxi.o
         0          0          0          0          0          0   indicate_semi.o
        44         10        272          0          0         76   lc_ctype_c.o
        44         10         28          0          0         76   lc_numeric_c.o
         2          0          0          0          0          0   libinit.o
        34          0          0          0          0          0   libinit2.o
         2          0          0          0          0          0   libshutdown.o
         2          0          0          0          0          0   libshutdown2.o
         8          4          0          0         96         68   libspace.o
       138          0          0          0          0         80   lludiv10.o
       240          0          0          0          0        100   lludivv7m.o
        16          4          0          0          0         76   rt_ctype_table.o
        10          0          0          0          0         76   rt_locale_twolibspace.o
        68          0          0          0          0         68   rt_memclr.o
        78          0          0          0          0         80   rt_memclr_w.o
       138          0          0          0          0         68   rt_memcpy_v6.o
       100          0          0          0          0         80   rt_memcpy_w.o
         2          0          0          0          0          0   rtexit.o
        10          0          0          0          0          0   rtexit2.o
        44          6          0          0          0         84   sprintf.o
       124          0          0          0          0         88   strcmpv7m_pel.o
        62          0          0          0          0         76   strlen.o
        12          4          0          0          0         68   sys_exit.o
        74          0          0          0          0         80   sys_stackheap_outer.o
         2          0          0          0          0         68   use_no_semi.o
        26          0          0          0          0        116   fpinit.o
         4          0          0          0          0        116   printf1.o
         4          0          0          0          0        116   printf2.o
         0          0          0          0          0          0   usenofp.o
        48          0          0          0          0        124   fpclassify.o

    ----------------------------------------------------------------------
     13288        490        564        164         96     129952   Library Totals
        44          4          2          0          0          0   (incl. Padding)

    ----------------------------------------------------------------------

      Code (inc. data)   RO Data    RW Data    ZI Data      Debug   Library Name

      5720        224         11        164          0     125148   RTX_V7MF.lib
      7442        262        551          0         96       4332   c_wu.l
        34          0          0          0          0        348   fz_wm.l
        48          0          0          0          0        124   m_wm.l

    ----------------------------------------------------------------------
     13288        490        564        164         96     129952   Library Totals

    ----------------------------------------------------------------------

==============================================================================


      Code (inc. data)   RO Data    RW Data    ZI Data      Debug   

     29316        568       1444        180      36988     313950   Grand Totals
     29316        568       1444        180      36988     313950   ELF Image Totals
     29316        568       1444        180          0          0   ROM Totals

==============================================================================

    Total RO  Size (Code + RO Data)                30760 (  30.04kB)
    Total RW  Size (RW Data + ZI Data)             37168 (  36.30kB)
    Total ROM Size (Code + RO Data + RW Data)      30940 (  30.21kB)

==============================================================================

