Component: Arm Compiler for Embedded 6.22 Tool: armlink [5ee90200]

==============================================================================

Section Cross References

    wifimain.o(.text.mainThread) refers to rtx_mutex.o(.text.osMutexNew) for osMutexNew
    wifimain.o(.text.mainThread) refers to wifimain.o(.bss.driveControlMutId) for driveControlMutId
    wifimain.o(.text.mainThread) refers to wifimain.o(.data.driveDisp) for driveDisp
    wifimain.o(.text.mainThread) refers to e4ftbotterminal.o(.text.E4ftbotTerminalInit) for E4ftbotTerminalInit
    wifimain.o(.text.mainThread) refers to rtx_msgqueue.o(.text.osMessageQueueNew) for osMessageQueueNew
    wifimain.o(.text.mainThread) refers to wifimain.o(.bss.MsgQId_nix) for MsgQId_nix
    wifimain.o(.text.mainThread) refers to receiveinit.o(.text.receive_init) for receive_init
    wifimain.o(.text.mainThread) refers to rtx_evflags.o(.text.osEventFlagsNew) for osEventFlagsNew
    wifimain.o(.text.mainThread) refers to wifimain.o(.bss.EFlagId_ObjInMsgQ) for EFlagId_ObjInMsgQ
    wifimain.o(.text.mainThread) refers to initcom.o(.text.uart_init) for uart_init
    wifimain.o(.text.mainThread) refers to wifimain.o(.rodata.str1.1) for .L.str
    wifimain.o(.text.mainThread) refers to printf.o(.text) for printf
    wifimain.o(.text.mainThread) refers to initcom.o(.text.wifi_init) for wifi_init
    wifimain.o(.text.mainThread) refers to transmitthread.o(.text.transmitThread) for transmitThread
    wifimain.o(.text.mainThread) refers to rtx_thread.o(.text.osThreadNew) for osThreadNew
    wifimain.o(.text.mainThread) refers to receivethread.o(.text.receiveThread) for receiveThread
    wifimain.o(.text.mainThread) refers to drivethread.o(.text.driveThread) for driveThread
    wifimain.o(.text.mainThread) refers to rtx_thread.o(.text.osThreadGetId) for osThreadGetId
    wifimain.o(.text.mainThread) refers to rtx_thread.o(.text.osThreadSetPriority) for osThreadSetPriority
    wifimain.o(.text.mainThread) refers to rtx_mutex.o(.text.osMutexAcquire) for osMutexAcquire
    wifimain.o(.text.mainThread) refers to wifimain.o(.bss.driveInfo) for driveInfo
    wifimain.o(.text.mainThread) refers to rtx_mutex.o(.text.osMutexRelease) for osMutexRelease
    wifimain.o(.text.mainThread) refers to e4ftbotterminal.o(.text.E4setPosDisp) for E4setPosDisp
    wifimain.o(.text.mainThread) refers to f2d.o(x$fpl$f2d) for __aeabi_f2d
    wifimain.o(.text.mainThread) refers to rtx_delay.o(.text.osDelay) for osDelay
    wifimain.o(.ARM.exidx.text.mainThread) refers to wifimain.o(.text.mainThread) for [Anonymous Symbol]
    initcom.o(.text.concatenate3Strings) refers to h1_alloc_threads.o(.text) for malloc
    initcom.o(.text.concatenate3Strings) refers to exit.o(.text) for exit
    initcom.o(.ARM.exidx.text.concatenate3Strings) refers to initcom.o(.text.concatenate3Strings) for [Anonymous Symbol]
    initcom.o(.text.uart_init) refers to main.o(.bss.huart2) for huart2
    initcom.o(.text.uart_init) refers to initcom.o(.rodata.uart_init.command) for uart_init.command
    initcom.o(.text.uart_init) refers to stm32f7xx_hal_uart.o(.text.HAL_UART_Transmit) for HAL_UART_Transmit
    initcom.o(.text.uart_init) refers to wifimain.o(.bss.MsgQId_nix) for MsgQId_nix
    initcom.o(.text.uart_init) refers to rtx_msgqueue.o(.text.osMessageQueueGetCount) for osMessageQueueGetCount
    initcom.o(.text.uart_init) refers to rtx_msgqueue.o(.text.osMessageQueueGet) for osMessageQueueGet
    initcom.o(.text.uart_init) refers to initcom.o(.bss.uart_init.buffer_msgQ) for uart_init.buffer_msgQ
    initcom.o(.ARM.exidx.text.uart_init) refers to initcom.o(.text.uart_init) for [Anonymous Symbol]
    initcom.o(.text.wifi_init) refers to initcom.o(.rodata.str1.1) for .L.str.1
    initcom.o(.text.wifi_init) refers to initcom.o(.text.concatenate3Strings) for concatenate3Strings
    initcom.o(.text.wifi_init) refers to initcom.o(.bss.wifi_init.commandBuffer) for wifi_init.commandBuffer
    initcom.o(.text.wifi_init) refers to initcom.o(.rodata.wifi_init.udpCommand) for wifi_init.udpCommand
    initcom.o(.text.wifi_init) refers to snprintf.o(.text) for snprintf
    initcom.o(.text.wifi_init) refers to main.o(.bss.huart2) for huart2
    initcom.o(.text.wifi_init) refers to stm32f7xx_hal_uart.o(.text.HAL_UART_Transmit) for HAL_UART_Transmit
    initcom.o(.text.wifi_init) refers to wifimain.o(.bss.MsgQId_nix) for MsgQId_nix
    initcom.o(.text.wifi_init) refers to rtx_msgqueue.o(.text.osMessageQueueGetCount) for osMessageQueueGetCount
    initcom.o(.text.wifi_init) refers to rtx_msgqueue.o(.text.osMessageQueueGet) for osMessageQueueGet
    initcom.o(.text.wifi_init) refers to initcom.o(.bss.wifi_init.buffer_msgQ) for wifi_init.buffer_msgQ
    initcom.o(.ARM.exidx.text.wifi_init) refers to initcom.o(.text.wifi_init) for [Anonymous Symbol]
    transmitthread.o(.text.transmitThread) refers to rtx_thread.o(.text.osThreadGetId) for osThreadGetId
[...]
    0x08002b58   0x08002b58   0x00000008   Code   RO          646    .text.EvrRtxDelayError  rtx_evr.o
    0x08002b60   0x08002b60   0x00000008   Code   RO          652    .text.EvrRtxDelayStarted  rtx_evr.o
    0x08002b68   0x08002b68   0x0000000a   Code   RO          686    .text.EvrRtxEventFlagsCreated  rtx_evr.o
    0x08002b72   0x08002b72   0x00000006   PAD
    0x08002b78   0x08002b78   0x0000000a   Code   RO          682    .text.EvrRtxEventFlagsError  rtx_evr.o
    0x08002b82   0x08002b82   0x00000006   PAD
    0x08002b88   0x08002b88   0x00000008   Code   RO          684    .text.EvrRtxEventFlagsNew  rtx_evr.o
    0x08002b90   0x08002b90   0x0000000e   Code   RO          706    .text.EvrRtxEventFlagsWaitCompleted  rtx_evr.o
    0x08002b9e   0x08002b9e   0x00000002   PAD
    0x08002ba0   0x08002ba0   0x00000008   Code   RO          704    .text.EvrRtxEventFlagsWaitTimeout  rtx_evr.o
    0x08002ba8   0x08002ba8   0x00000008   Code   RO          492    .text.EvrRtxKernelError  rtx_evr.o
    0x08002bb0   0x08002bb0   0x0000000a   Code   RO          540    .text.EvrRtxKernelErrorNotify  rtx_evr.o
    0x08002bba   0x08002bba   0x00000006   PAD
    0x08002bc0   0x08002bc0   0x00000008   Code   RO          502    .text.EvrRtxKernelGetState  rtx_evr.o
    0x08002bc8   0x08002bc8   0x00000002   Code   RO          494    .text.EvrRtxKernelInitialize  rtx_evr.o
    0x08002bca   0x08002bca   0x00000006   PAD
    0x08002bd0   0x08002bd0   0x00000002   Code   RO          496    .text.EvrRtxKernelInitialized  rtx_evr.o
    0x08002bd2   0x08002bd2   0x00000006   PAD
    0x08002bd8   0x08002bd8   0x00000002   Code   RO          504    .text.EvrRtxKernelStart  rtx_evr.o
    0x08002bda   0x08002bda   0x00000006   PAD
    0x08002be0   0x08002be0   0x00000002   Code   RO          506    .text.EvrRtxKernelStarted  rtx_evr.o
    0x08002be2   0x08002be2   0x00000006   PAD
    0x08002be8   0x08002be8   0x0000000e   Code   RO          482    .text.EvrRtxMemoryAlloc  rtx_evr.o
    0x08002bf6   0x08002bf6   0x00000002   PAD
    0x08002bf8   0x08002bf8   0x0000000a   Code   RO          488    .text.EvrRtxMemoryBlockAlloc  rtx_evr.o
    0x08002c02   0x08002c02   0x00000006   PAD
    0x08002c08   0x08002c08   0x0000000c   Code   RO          490    .text.EvrRtxMemoryBlockFree  rtx_evr.o
    0x08002c14   0x08002c14   0x00000004   PAD
    0x08002c18   0x08002c18   0x0000000e   Code   RO          486    .text.EvrRtxMemoryBlockInit  rtx_evr.o
    0x08002c26   0x08002c26   0x00000002   PAD
    0x08002c28   0x08002c28   0x0000000c   Code   RO          484    .text.EvrRtxMemoryFree  rtx_evr.o
    0x08002c34   0x08002c34   0x00000004   PAD
    0x08002c38   0x08002c38   0x0000000c   Code   RO          480    .text.EvrRtxMemoryInit  rtx_evr.o
    0x08002c44   0x08002c44   0x00000004   PAD
    0x08002c48   0x08002c48   0x00000008   Code   RO          782    .text.EvrRtxMemoryPoolAllocTimeout  rtx_evr.o
    0x08002c50   0x08002c50   0x0000000a   Code   RO          810    .text.EvrRtxMessageQueueCreated  rtx_evr.o
    0x08002c5a   0x08002c5a   0x00000006   PAD
    0x08002c60   0x08002c60   0x0000000a   Code   RO          806    .text.EvrRtxMessageQueueError  rtx_evr.o
    0x08002c6a   0x08002c6a   0x00000006   PAD
    0x08002c70   0x08002c70   0x0000000e   Code   RO          826    .text.EvrRtxMessageQueueGet  rtx_evr.o
    0x08002c7e   0x08002c7e   0x00000002   PAD
    0x08002c80   0x08002c80   0x0000000a   Code   RO          840    .text.EvrRtxMessageQueueGetCount  rtx_evr.o
    0x08002c8a   0x08002c8a   0x00000006   PAD
    0x08002c90   0x08002c90   0x0000000c   Code   RO          828    .text.EvrRtxMessageQueueGetPending  rtx_evr.o
    0x08002c9c   0x08002c9c   0x00000004   PAD
    0x08002ca0   0x08002ca0   0x00000008   Code   RO          830    .text.EvrRtxMessageQueueGetTimeout  rtx_evr.o
    0x08002ca8   0x08002ca8   0x0000000a   Code   RO          820    .text.EvrRtxMessageQueueInsertPending  rtx_evr.o
    0x08002cb2   0x08002cb2   0x00000006   PAD
    0x08002cb8   0x08002cb8   0x0000000a   Code   RO          822    .text.EvrRtxMessageQueueInserted  rtx_evr.o
    0x08002cc2   0x08002cc2   0x00000006   PAD
    0x08002cc8   0x08002cc8   0x0000000c   Code   RO          808    .text.EvrRtxMessageQueueNew  rtx_evr.o
    0x08002cd4   0x08002cd4   0x00000004   PAD
    0x08002cd8   0x08002cd8   0x0000000a   Code   RO          824    .text.EvrRtxMessageQueueNotInserted  rtx_evr.o
    0x08002ce2   0x08002ce2   0x00000006   PAD
    0x08002ce8   0x08002ce8   0x0000000a   Code   RO          834    .text.EvrRtxMessageQueueNotRetrieved  rtx_evr.o
    0x08002cf2   0x08002cf2   0x00000006   PAD
    0x08002cf8   0x08002cf8   0x00000010   Code   RO          814    .text.EvrRtxMessageQueuePut  rtx_evr.o
    0x08002d08   0x08002d08   0x0000000c   Code   RO          816    .text.EvrRtxMessageQueuePutPending  rtx_evr.o
    0x08002d14   0x08002d14   0x00000004   PAD
    0x08002d18   0x08002d18   0x00000008   Code   RO          818    .text.EvrRtxMessageQueuePutTimeout  rtx_evr.o
    0x08002d20   0x08002d20   0x0000000a   Code   RO          832    .text.EvrRtxMessageQueueRetrieved  rtx_evr.o
    0x08002d2a   0x08002d2a   0x00000006   PAD
    0x08002d30   0x08002d30   0x0000000a   Code   RO          722    .text.EvrRtxMutexAcquire  rtx_evr.o
    0x08002d3a   0x08002d3a   0x00000006   PAD
    0x08002d40   0x08002d40   0x0000000a   Code   RO          724    .text.EvrRtxMutexAcquirePending  rtx_evr.o
    0x08002d4a   0x08002d4a   0x00000006   PAD
    0x08002d50   0x08002d50   0x00000008   Code   RO          726    .text.EvrRtxMutexAcquireTimeout  rtx_evr.o
    0x08002d58   0x08002d58   0x0000000a   Code   RO          728    .text.EvrRtxMutexAcquired  rtx_evr.o
    0x08002d62   0x08002d62   0x00000006   PAD
    0x08002d68   0x08002d68   0x0000000a   Code   RO          718    .text.EvrRtxMutexCreated  rtx_evr.o
    0x08002d72   0x08002d72   0x00000006   PAD
    0x08002d78   0x08002d78   0x00000008   Code   RO          738    .text.EvrRtxMutexDelete  rtx_evr.o
    0x08002d80   0x08002d80   0x00000008   Code   RO          740    .text.EvrRtxMutexDestroyed  rtx_evr.o
    0x08002d88   0x08002d88   0x0000000a   Code   RO          714    .text.EvrRtxMutexError  rtx_evr.o
    0x08002d92   0x08002d92   0x00000006   PAD
    0x08002d98   0x08002d98   0x00000008   Code   RO          716    .text.EvrRtxMutexNew  rtx_evr.o
    0x08002da0   0x08002da0   0x00000008   Code   RO          730    .text.EvrRtxMutexNotAcquired  rtx_evr.o
    0x08002da8   0x08002da8   0x00000008   Code   RO          732    .text.EvrRtxMutexRelease  rtx_evr.o
    0x08002db0   0x08002db0   0x0000000a   Code   RO          734    .text.EvrRtxMutexReleased  rtx_evr.o
    0x08002dba   0x08002dba   0x00000006   PAD
    0x08002dc0   0x08002dc0   0x0000000a   Code   RO          750    .text.EvrRtxSemaphoreAcquire  rtx_evr.o
    0x08002dca   0x08002dca   0x00000006   PAD
    0x08002dd0   0x08002dd0   0x0000000a   Code   RO          752    .text.EvrRtxSemaphoreAcquirePending  rtx_evr.o
    0x08002dda   0x08002dda   0x00000006   PAD
    0x08002de0   0x08002de0   0x00000008   Code   RO          754    .text.EvrRtxSemaphoreAcquireTimeout  rtx_evr.o
    0x08002de8   0x08002de8   0x0000000a   Code   RO          756    .text.EvrRtxSemaphoreAcquired  rtx_evr.o
    0x08002df2   0x08002df2   0x00000006   PAD
    0x08002df8   0x08002df8   0x0000000a   Code   RO          746    .text.EvrRtxSemaphoreCreated  rtx_evr.o
    0x08002e02   0x08002e02   0x00000006   PAD
    0x08002e08   0x08002e08   0x0000000a   Code   RO          742    .text.EvrRtxSemaphoreError  rtx_evr.o
    0x08002e12   0x08002e12   0x00000006   PAD
    0x08002e18   0x08002e18   0x0000000c   Code   RO          744    .text.EvrRtxSemaphoreNew  rtx_evr.o
    0x08002e24   0x08002e24   0x00000004   PAD
    0x08002e28   0x08002e28   0x00000008   Code   RO          758    .text.EvrRtxSemaphoreNotAcquired  rtx_evr.o
    0x08002e30   0x08002e30   0x00000008   Code   RO          760    .text.EvrRtxSemaphoreRelease  rtx_evr.o
    0x08002e38   0x08002e38   0x0000000a   Code   RO          762    .text.EvrRtxSemaphoreReleased  rtx_evr.o
    0x08002e42   0x08002e42   0x00000006   PAD
    0x08002e48   0x08002e48   0x0000000a   Code   RO          590    .text.EvrRtxThreadBlocked  rtx_evr.o
    0x08002e52   0x08002e52   0x00000006   PAD
    0x08002e58   0x08002e58   0x0000000c   Code   RO          548    .text.EvrRtxThreadCreated  rtx_evr.o
    0x08002e64   0x08002e64   0x00000004   PAD
    0x08002e68   0x08002e68   0x00000008   Code   RO          602    .text.EvrRtxThreadDestroyed  rtx_evr.o
    0x08002e70   0x08002e70   0x0000000a   Code   RO          544    .text.EvrRtxThreadError  rtx_evr.o
    0x08002e7a   0x08002e7a   0x00000006   PAD
    0x08002e80   0x08002e80   0x00000002   Code   RO          598    .text.EvrRtxThreadExit  rtx_evr.o
    0x08002e82   0x08002e82   0x00000006   PAD
    0x08002e88   0x08002e88   0x0000000e   Code   RO          642    .text.EvrRtxThreadFlagsWaitCompleted  rtx_evr.o
    0x08002e96   0x08002e96   0x00000002   PAD
    0x08002e98   0x08002e98   0x00000008   Code   RO          640    .text.EvrRtxThreadFlagsWaitTimeout  rtx_evr.o
    0x08002ea0   0x08002ea0   0x00000008   Code   RO          556    .text.EvrRtxThreadGetId  rtx_evr.o
    0x08002ea8   0x08002ea8   0x00000008   Code   RO          588    .text.EvrRtxThreadJoined  rtx_evr.o
    0x08002eb0   0x08002eb0   0x0000000c   Code   RO          546    .text.EvrRtxThreadNew  rtx_evr.o
    0x08002ebc   0x08002ebc   0x00000004   PAD
    0x08002ec0   0x08002ec0   0x00000008   Code   RO          594    .text.EvrRtxThreadPreempted  rtx_evr.o
    0x08002ec8   0x08002ec8   0x0000000a   Code   RO          566    .text.EvrRtxThreadPriorityUpdated  rtx_evr.o
    0x08002ed2   0x08002ed2   0x00000006   PAD
    0x08002ed8   0x08002ed8   0x0000000a   Code   RO          564    .text.EvrRtxThreadSetPriority  rtx_evr.o
    0x08002ee2   0x08002ee2   0x00000006   PAD
    0x08002ee8   0x08002ee8   0x00000008   Code   RO          596    .text.EvrRtxThreadSwitched  rtx_evr.o
    0x08002ef0   0x08002ef0   0x0000000a   Code   RO          592    .text.EvrRtxThreadUnblocked  rtx_evr.o
    0x08002efa   0x08002efa   0x00000006   PAD
    0x08002f00   0x08002f00   0x0000000a   Code   RO          660    .text.EvrRtxTimerCallback  rtx_evr.o
    0x08002f0a   0x08002f0a   0x00000006   PAD
    0x08002f10   0x08002f10   0x00000008   Code   RO         1836    .text.HAL_ADCEx_InjectedConvCpltCallback  stm32f7xx_hal_adc_ex.o
    0x08002f18   0x08002f18   0x00000296   Code   RO         1797    .text.HAL_ADC_ConfigChannel  stm32f7xx_hal_adc.o
    0x080031ae   0x080031ae   0x00000002   PAD
    0x080031b0   0x080031b0   0x00000008   Code   RO         1751    .text.HAL_ADC_ConvCpltCallback  stm32f7xx_hal_adc.o
    0x080031b8   0x080031b8   0x00000008   Code   RO         1753    .text.HAL_ADC_ConvHalfCpltCallback  stm32f7xx_hal_adc.o
    0x080031c0   0x080031c0   0x00000008   Code   RO         1757    .text.HAL_ADC_ErrorCallback  stm32f7xx_hal_adc.o
    0x080031c8   0x080031c8   0x0000000e   Code   RO         1795    .text.HAL_ADC_GetValue  stm32f7xx_hal_adc.o
    0x080031d6   0x080031d6   0x00000002   PAD
    0x080031d8   0x080031d8   0x000000fa   Code   RO         1749    .text.HAL_ADC_Init  stm32f7xx_hal_adc.o
    0x080032d2   0x080032d2   0x00000006   PAD
    0x080032d8   0x080032d8   0x00000008   Code   RO         1755    .text.HAL_ADC_LevelOutOfWindowCallback  stm32f7xx_hal_adc.o
    0x080032e0   0x080032e0   0x00000080   Code   RO         2909    .text.HAL_ADC_MspInit  stm32f7xx_hal_msp.o
    0x08003360   0x08003360   0x0000012a   Code   RO         1775    .text.HAL_ADC_PollForConversion  stm32f7xx_hal_adc.o
    0x0800348a   0x0800348a   0x00000006   PAD
    0x08003490   0x08003490   0x000001b6   Code   RO         1771    .text.HAL_ADC_Start  stm32f7xx_hal_adc.o
    0x08003646   0x08003646   0x00000002   PAD
    0x08003648   0x08003648   0x000000d6   Code   RO         1945    .text.HAL_CRCEx_Polynomial_Set  stm32f7xx_hal_crc_ex.o
    0x0800371e   0x0800371e   0x00000002   PAD
    0x08003720   0x08003720   0x000000cc   Code   RO         1920    .text.HAL_CRC_Init  stm32f7xx_hal_crc.o
    0x080037ec   0x080037ec   0x00000004   PAD
    0x080037f0   0x080037f0   0x0000003a   Code   RO         2913    .text.HAL_CRC_MspInit  stm32f7xx_hal_msp.o
    0x0800382a   0x0800382a   0x00000006   PAD
    0x08003830   0x08003830   0x000000ec   Code   RO         1972    .text.HAL_DMA_Abort  stm32f7xx_hal_dma.o
    0x0800391c   0x0800391c   0x00000004   PAD
    0x08003920   0x08003920   0x00000044   Code   RO         1974    .text.HAL_DMA_Abort_IT  stm32f7xx_hal_dma.o
    0x08003964   0x08003964   0x00000004   PAD
    0x08003968   0x08003968   0x0000031e   Code   RO         1978    .text.HAL_DMA_IRQHandler  stm32f7xx_hal_dma.o
    0x08003c86   0x08003c86   0x00000002   PAD
    0x08003c88   0x08003c88   0x0000016e   Code   RO         1958    .text.HAL_DMA_Init  stm32f7xx_hal_dma.o
    0x08003df6   0x08003df6   0x00000002   PAD
    0x08003df8   0x08003df8   0x000000ce   Code   RO         1970    .text.HAL_DMA_Start_IT  stm32f7xx_hal_dma.o
    0x08003ec6   0x08003ec6   0x00000002   PAD
    0x08003ec8   0x08003ec8   0x000003ec   Code   RO         2011    .text.HAL_GPIO_Init  stm32f7xx_hal_gpio.o
    0x080042b4   0x080042b4   0x00000004   PAD
    0x080042b8   0x080042b8   0x0000002e   Code   RO         2017    .text.HAL_GPIO_WritePin  stm32f7xx_hal_gpio.o
    0x080042e6   0x080042e6   0x00000002   PAD
    0x080042e8   0x080042e8   0x0000000c   Code   RO         1693    .text.HAL_GetTick   stm32f7xx_hal.o
    0x080042f4   0x080042f4   0x00000004   PAD
    0x080042f8   0x080042f8   0x0000001a   Code   RO         1691    .text.HAL_IncTick   stm32f7xx_hal.o
    0x08004312   0x08004312   0x00000006   PAD
    0x08004318   0x08004318   0x00000026   Code   RO         1681    .text.HAL_Init      stm32f7xx_hal.o
    0x0800433e   0x0800433e   0x00000002   PAD
    0x08004340   0x08004340   0x000000ec   Code   RO         2928    .text.HAL_InitTick  stm32f7xx_hal_timebase_tim.o
    0x0800442c   0x0800442c   0x00000004   PAD
    0x08004430   0x08004430   0x0000009e   Code   RO         1881    .text.HAL_MPU_ConfigRegion  stm32f7xx_hal_cortex.o
    0x080044ce   0x080044ce   0x00000002   PAD
    0x080044d0   0x080044d0   0x00000022   Code   RO         1877    .text.HAL_MPU_Disable  stm32f7xx_hal_cortex.o
    0x080044f2   0x080044f2   0x00000006   PAD
    0x080044f8   0x080044f8   0x00000030   Code   RO         1879    .text.HAL_MPU_Enable  stm32f7xx_hal_cortex.o
    0x08004528   0x08004528   0x00000042   Code   RO         2907    .text.HAL_MspInit   stm32f7xx_hal_msp.o
    0x0800456a   0x0800456a   0x00000006   PAD
    0x08004570   0x08004570   0x00000014   Code   RO         1861    .text.HAL_NVIC_EnableIRQ  stm32f7xx_hal_cortex.o
    0x08004584   0x08004584   0x00000004   PAD
    0x08004588   0x08004588   0x00000032   Code   RO         1853    .text.HAL_NVIC_SetPriority  stm32f7xx_hal_cortex.o
    0x080045ba   0x080045ba   0x00000006   PAD
    0x080045c0   0x080045c0   0x00000010   Code   RO         1849    .text.HAL_NVIC_SetPriorityGrouping  stm32f7xx_hal_cortex.o
    0x080045d0   0x080045d0   0x000000c6   Code   RO         2091    .text.HAL_PWREx_EnableOverDrive  stm32f7xx_hal_pwr_ex.o
    0x08004696   0x08004696   0x00000002   PAD
    0x08004698   0x08004698   0x00000872   Code   RO         2143    .text.HAL_RCCEx_PeriphCLKConfig  stm32f7xx_hal_rcc_ex.o
    0x08004f0a   0x08004f0a   0x00000006   PAD
    0x08004f10   0x08004f10   0x0000026c   Code   RO         2112    .text.HAL_RCC_ClockConfig  stm32f7xx_hal_rcc.o
    0x0800517c   0x0800517c   0x00000004   PAD
    0x08005180   0x08005180   0x00000054   Code   RO         2130    .text.HAL_RCC_GetClockConfig  stm32f7xx_hal_rcc.o
    0x080051d4   0x080051d4   0x00000004   PAD
    0x080051d8   0x080051d8   0x0000000c   Code   RO         2122    .text.HAL_RCC_GetHCLKFreq  stm32f7xx_hal_rcc.o
    0x080051e4   0x080051e4   0x00000004   PAD
    0x080051e8   0x080051e8   0x00000022   Code   RO         2124    .text.HAL_RCC_GetPCLK1Freq  stm32f7xx_hal_rcc.o
    0x0800520a   0x0800520a   0x00000006   PAD
    0x08005210   0x08005210   0x00000022   Code   RO         2126    .text.HAL_RCC_GetPCLK2Freq  stm32f7xx_hal_rcc.o
    0x08005232   0x08005232   0x00000006   PAD
    0x08005238   0x08005238   0x000000e6   Code   RO         2114    .text.HAL_RCC_GetSysClockFreq  stm32f7xx_hal_rcc.o
    0x0800531e   0x0800531e   0x00000002   PAD
    0x08005320   0x08005320   0x00000718   Code   RO         2110    .text.HAL_RCC_OscConfig  stm32f7xx_hal_rcc.o
    0x08005a38   0x08005a38   0x00000008   Code   RO         2495    .text.HAL_TIMEx_Break2Callback  stm32f7xx_hal_tim_ex.o
    0x08005a40   0x08005a40   0x00000008   Code   RO         2493    .text.HAL_TIMEx_BreakCallback  stm32f7xx_hal_tim_ex.o
    0x08005a48   0x08005a48   0x00000008   Code   RO         2489    .text.HAL_TIMEx_CommutCallback  stm32f7xx_hal_tim_ex.o
    0x08005a50   0x08005a50   0x000000a8   Code   RO         2164    .text.HAL_TIM_Base_Init  stm32f7xx_hal_tim.o
    0x08005af8   0x08005af8   0x00000008   Code   RO         2166    .text.HAL_TIM_Base_MspInit  stm32f7xx_hal_tim.o
    0x08005b00   0x08005b00   0x00000104   Code   RO         2178    .text.HAL_TIM_Base_Start_IT  stm32f7xx_hal_tim.o
    0x08005c04   0x08005c04   0x00000004   PAD
    0x08005c08   0x08005c08   0x00000008   Code   RO         2300    .text.HAL_TIM_IC_CaptureCallback  stm32f7xx_hal_tim.o
    0x08005c10   0x08005c10   0x000002b4   Code   RO         2298    .text.HAL_TIM_IRQHandler  stm32f7xx_hal_tim.o
    0x08005ec4   0x08005ec4   0x00000004   PAD
    0x08005ec8   0x08005ec8   0x00000008   Code   RO         2302    .text.HAL_TIM_OC_DelayElapsedCallback  stm32f7xx_hal_tim.o
    0x08005ed0   0x08005ed0   0x00000008   Code   RO         2304    .text.HAL_TIM_PWM_PulseFinishedCallback  stm32f7xx_hal_tim.o
    0x08005ed8   0x08005ed8   0x00000022   Code   RO          346    .text.HAL_TIM_PeriodElapsedCallback  main.o
    0x08005efa   0x08005efa   0x00000006   PAD
    0x08005f00   0x08005f00   0x00000008   Code   RO         2308    .text.HAL_TIM_TriggerCallback  stm32f7xx_hal_tim.o
    0x08005f08   0x08005f08   0x0000000c   Code   RO         2554    .text.HAL_UARTEx_RxEventCallback  stm32f7xx_hal_uart.o
    0x08005f14   0x08005f14   0x00000004   PAD
    0x08005f18   0x08005f18   0x00000008   Code   RO         2544    .text.HAL_UART_AbortCpltCallback  stm32f7xx_hal_uart.o
    0x08005f20   0x08005f20   0x00000008   Code   RO         2548    .text.HAL_UART_AbortReceiveCpltCallback  stm32f7xx_hal_uart.o
    0x08005f28   0x08005f28   0x00000008   Code   RO         2546    .text.HAL_UART_AbortTransmitCpltCallback  stm32f7xx_hal_uart.o
    0x08005f30   0x08005f30   0x00000008   Code   RO         2542    .text.HAL_UART_ErrorCallback  stm32f7xx_hal_uart.o
    0x08005f38   0x08005f38   0x000004be   Code   RO         2614    .text.HAL_UART_IRQHandler  stm32f7xx_hal_uart.o
    0x080063f6   0x080063f6   0x00000002   PAD
    0x080063f8   0x080063f8   0x000000c8   Code   RO         2508    .text.HAL_UART_Init  stm32f7xx_hal_uart.o
    0x080064c0   0x080064c0   0x000002d4   Code   RO         2917    .text.HAL_UART_MspInit  stm32f7xx_hal_msp.o
    0x08006794   0x08006794   0x00000004   PAD
    0x08006798   0x08006798   0x0000008c   Code   RO         2580    .text.HAL_UART_Receive_DMA  stm32f7xx_hal_uart.o
    0x08006824   0x08006824   0x00000004   PAD
    0x08006828   0x08006828   0x00000174   Code   RO         2530    .text.HAL_UART_RegisterCallback  stm32f7xx_hal_uart.o
    0x0800699c   0x0800699c   0x00000004   PAD
    0x080069a0   0x080069a0   0x00000008   Code   RO         2540    .text.HAL_UART_RxCpltCallback  stm32f7xx_hal_uart.o
    0x080069a8   0x080069a8   0x00000008   Code   RO         2538    .text.HAL_UART_RxHalfCpltCallback  stm32f7xx_hal_uart.o
    0x080069b0   0x080069b0   0x00000120   Code   RO         2556    .text.HAL_UART_Transmit  stm32f7xx_hal_uart.o
    0x08006ad0   0x08006ad0   0x00000102   Code   RO         2572    .text.HAL_UART_Transmit_DMA  stm32f7xx_hal_uart.o
    0x08006bd2   0x08006bd2   0x00000006   PAD
    0x08006bd8   0x08006bd8   0x00000018   Code   RO           37    .text.HAL_UART_TxCpltCallback  transmitthread.o
    0x08006bf0   0x08006bf0   0x00000008   Code   RO         2534    .text.HAL_UART_TxHalfCpltCallback  stm32f7xx_hal_uart.o
    0x08006bf8   0x08006bf8   0x00000022   Code   RO          441    .text.IsEventFlagsPtrValid  rtx_evflags.o
    0x08006c1a   0x08006c1a   0x00000006   PAD
    0x08006c20   0x08006c20   0x00000014   Code   RO          394    .text.IsException   rtx_delay.o
    0x08006c34   0x08006c34   0x00000004   PAD
    0x08006c38   0x08006c38   0x00000014   Code   RO          413    .text.IsException   rtx_evflags.o
    0x08006c4c   0x08006c4c   0x00000004   PAD
    0x08006c50   0x08006c50   0x00000014   Code   RO          865    .text.IsException   rtx_kernel.o
    0x08006c64   0x08006c64   0x00000004   PAD
    0x08006c68   0x08006c68   0x00000014   Code   RO         1090    .text.IsException   rtx_msgqueue.o
    0x08006c7c   0x08006c7c   0x00000004   PAD
    0x08006c80   0x08006c80   0x00000014   Code   RO         1171    .text.IsException   rtx_mutex.o
    0x08006c94   0x08006c94   0x00000004   PAD
    0x08006c98   0x08006c98   0x00000014   Code   RO         1216    .text.IsException   rtx_semaphore.o
    0x08006cac   0x08006cac   0x00000004   PAD
    0x08006cb0   0x08006cb0   0x00000014   Code   RO         1374    .text.IsException   rtx_thread.o
    0x08006cc4   0x08006cc4   0x00000004   PAD
    0x08006cc8   0x08006cc8   0x0000002e   Code   RO          396    .text.IsIrqMasked   rtx_delay.o
    0x08006cf6   0x08006cf6   0x00000002   PAD
    0x08006cf8   0x08006cf8   0x0000002e   Code   RO          415    .text.IsIrqMasked   rtx_evflags.o
    0x08006d26   0x08006d26   0x00000002   PAD
    0x08006d28   0x08006d28   0x0000002e   Code   RO          867    .text.IsIrqMasked   rtx_kernel.o
    0x08006d56   0x08006d56   0x00000002   PAD
    0x08006d58   0x08006d58   0x0000002e   Code   RO         1092    .text.IsIrqMasked   rtx_msgqueue.o
    0x08006d86   0x08006d86   0x00000002   PAD
    0x08006d88   0x08006d88   0x0000002e   Code   RO         1173    .text.IsIrqMasked   rtx_mutex.o
    0x08006db6   0x08006db6   0x00000002   PAD
    0x08006db8   0x08006db8   0x0000002e   Code   RO         1218    .text.IsIrqMasked   rtx_semaphore.o
    0x08006de6   0x08006de6   0x00000002   PAD
    0x08006de8   0x08006de8   0x0000002e   Code   RO         1376    .text.IsIrqMasked   rtx_thread.o
    0x08006e16   0x08006e16   0x00000002   PAD
    0x08006e18   0x08006e18   0x00000022   Code   RO         1126    .text.IsMessageQueuePtrValid  rtx_msgqueue.o
    0x08006e3a   0x08006e3a   0x00000006   PAD
    0x08006e40   0x08006e40   0x00000022   Code   RO         1189    .text.IsMutexPtrValid  rtx_mutex.o
    0x08006e62   0x08006e62   0x00000006   PAD
    0x08006e68   0x08006e68   0x00000014   Code   RO          871    .text.IsPrivileged  rtx_kernel.o
    0x08006e7c   0x08006e7c   0x00000004   PAD
    0x08006e80   0x08006e80   0x00000022   Code   RO         1240    .text.IsSemaphorePtrValid  rtx_semaphore.o
    0x08006ea2   0x08006ea2   0x00000006   PAD
    0x08006ea8   0x08006ea8   0x00000022   Code   RO         1460    .text.IsThreadPtrValid  rtx_thread.o
    0x08006eca   0x08006eca   0x00000006   PAD
    0x08006ed0   0x08006ed0   0x00000056   Code   RO          328    .text.MPU_Config    main.o
    0x08006f26   0x08006f26   0x00000002   PAD
    0x08006f28   0x08006f28   0x00000080   Code   RO          340    .text.MX_ADC1_Init  main.o
    0x08006fa8   0x08006fa8   0x00000032   Code   RO          342    .text.MX_CRC_Init   main.o
    0x08006fda   0x08006fda   0x00000006   PAD
    0x08006fe0   0x08006fe0   0x0000008e   Code   RO          334    .text.MX_DMA_Init   main.o
    0x0800706e   0x0800706e   0x00000002   PAD
    0x08007070   0x08007070   0x000000ba   Code   RO          332    .text.MX_GPIO_Init  main.o
    0x0800712a   0x0800712a   0x00000006   PAD
    0x08007130   0x08007130   0x00000044   Code   RO          338    .text.MX_USART2_UART_Init  main.o
    0x08007174   0x08007174   0x00000004   PAD
    0x08007178   0x08007178   0x00000002   Code   RO          336    .text.MX_USART6_UART_Init  main.o
    0x0800717a   0x0800717a   0x00000006   PAD
    0x08007180   0x08007180   0x00000018   Code   RO          992    .text.MemBlockPtr   rtx_memory.o
    0x08007198   0x08007198   0x0000000a   Code   RO          990    .text.MemHeadPtr    rtx_memory.o
    0x080071a2   0x080071a2   0x00000006   PAD
    0x080071a8   0x080071a8   0x00000052   Code   RO         1142    .text.MessageQueueGet  rtx_msgqueue.o
    0x080071fa   0x080071fa   0x00000006   PAD
    0x08007200   0x08007200   0x000000ac   Code   RO         1134    .text.MessageQueuePut  rtx_msgqueue.o
    0x080072ac   0x080072ac   0x00000004   PAD
    0x080072b0   0x080072b0   0x00000042   Code   RO         1130    .text.MessageQueueRemove  rtx_msgqueue.o
    0x080072f2   0x080072f2   0x00000006   PAD
    0x080072f8   0x080072f8   0x0000006c   Code   RO         1859    .text.NVIC_EncodePriority  stm32f7xx_hal_cortex.o
    0x08007364   0x08007364   0x00000004   PAD
    0x08007368   0x08007368   0x0000000c   Code   RO         1604    .text.OS_Tick_AcknowledgeIRQ  os_systick.o
    0x08007374   0x08007374   0x00000004   PAD
    0x08007378   0x08007378   0x0000003c   Code   RO         1600    .text.OS_Tick_Enable  os_systick.o
    0x080073b4   0x080073b4   0x00000004   PAD
    0x080073b8   0x080073b8   0x00000006   Code   RO         1606    .text.OS_Tick_GetIRQn  os_systick.o
    0x080073be   0x080073be   0x00000002   PAD
    0x080073c0   0x080073c0   0x0000007e   Code   RO         1598    .text.OS_Tick_Setup  os_systick.o
    0x0800743e   0x0800743e   0x00000002   PAD
    0x08007440   0x08007440   0x00000026   Code   RO           87    .text.RxCpltCallback  receiveinit.o
    0x08007466   0x08007466   0x00000002   PAD
    0x08007468   0x08007468   0x00000024   Code   RO           85    .text.RxHalfCpltCallback  receiveinit.o
    0x0800748c   0x0800748c   0x00000004   PAD
    0x08007490   0x08007490   0x00000050   Code   RO          929    .text.SVC_Setup     rtx_kernel.o
    0x080074e0   0x080074e0   0x00000024   Code   RO         1244    .text.SemaphoreTokenDecrement  rtx_semaphore.o
    0x08007504   0x08007504   0x00000004   PAD
    0x08007508   0x08007508   0x0000002e   Code   RO         1256    .text.SemaphoreTokenIncrement  rtx_semaphore.o
    0x08007536   0x08007536   0x00000002   PAD
    0x08007538   0x08007538   0x00000010   Code   RO         1295    .text.SetPendSV     rtx_system.o
    0x08007548   0x08007548   0x00000034   Code   RO         1340    .text.SetPrivileged  rtx_thread.o
    0x0800757c   0x0800757c   0x00000004   PAD
    0x08007580   0x08007580   0x00000018   Code   RO         1336    .text.StackOffsetR0  rtx_thread.o
    0x08007598   0x08007598   0x000000c0   Code   RO          330    .text.SystemClock_Config  main.o
    0x08007658   0x08007658   0x00000012   Code   RO         2951    .text.SystemInit    system_stm32f7xx.o
    0x0800766a   0x0800766a   0x00000006   PAD
    0x08007670   0x08007670   0x00000010   Code   RO          370    .text.TIM6_DAC_IRQHandler  stm32f7xx_it.o
    0x08007680   0x08007680   0x0000019a   Code   RO         2168    .text.TIM_Base_SetConfig  stm32f7xx_hal_tim.o
    0x0800781a   0x0800781a   0x00000006   PAD
    0x08007820   0x08007820   0x0000007c   Code   RO         1468    .text.ThreadFlagsCheck  rtx_thread.o
    0x0800789c   0x0800789c   0x00000004   PAD
    0x080078a0   0x080078a0   0x0000009e   Code   RO         1571    .text.TimerInsert   rtx_timer.o
    0x0800793e   0x0800793e   0x00000002   PAD
    0x08007940   0x08007940   0x00000028   Code   RO         1567    .text.TimerUnlink   rtx_timer.o
    0x08007968   0x08007968   0x00000148   Code   RO         2516    .text.UART_AdvFeatureConfig  stm32f7xx_hal_uart.o
    0x08007ab0   0x08007ab0   0x00000078   Code   RO         2518    .text.UART_CheckIdleState  stm32f7xx_hal_uart.o
    0x08007b28   0x08007b28   0x00000026   Code   RO         2616    .text.UART_DMAAbortOnError  stm32f7xx_hal_uart.o
    0x08007b4e   0x08007b4e   0x00000002   PAD
    0x08007b50   0x08007b50   0x00000080   Code   RO         2578    .text.UART_DMAError  stm32f7xx_hal_uart.o
    0x08007bd0   0x08007bd0   0x000000fa   Code   RO         2646    .text.UART_DMAReceiveCplt  stm32f7xx_hal_uart.o
    0x08007cca   0x08007cca   0x00000006   PAD
    0x08007cd0   0x08007cd0   0x0000003a   Code   RO         2648    .text.UART_DMARxHalfCplt  stm32f7xx_hal_uart.o
    0x08007d0a   0x08007d0a   0x00000006   PAD
    0x08007d10   0x08007d10   0x0000007c   Code   RO         2574    .text.UART_DMATransmitCplt  stm32f7xx_hal_uart.o
    0x08007d8c   0x08007d8c   0x00000004   PAD
    0x08007d90   0x08007d90   0x00000018   Code   RO         2576    .text.UART_DMATxHalfCplt  stm32f7xx_hal_uart.o
    0x08007da8   0x08007da8   0x00000098   Code   RO         2592    .text.UART_EndRxTransfer  stm32f7xx_hal_uart.o
    0x08007e40   0x08007e40   0x00000044   Code   RO         2618    .text.UART_EndTransmit_IT  stm32f7xx_hal_uart.o
    0x08007e84   0x08007e84   0x00000004   PAD
    0x08007e88   0x08007e88   0x00000034   Code   RO         2590    .text.UART_EndTxTransfer  stm32f7xx_hal_uart.o
    0x08007ebc   0x08007ebc   0x00000004   PAD
    0x08007ec0   0x08007ec0   0x00000086   Code   RO         2510    .text.UART_InitCallbacksToDefault  stm32f7xx_hal_uart.o
    0x08007f46   0x08007f46   0x00000002   PAD
    0x08007f48   0x08007f48   0x00000540   Code   RO         2514    .text.UART_SetConfig  stm32f7xx_hal_uart.o
    0x08008488   0x08008488   0x00000122   Code   RO         2582    .text.UART_Start_Receive_DMA  stm32f7xx_hal_uart.o
    0x080085aa   0x080085aa   0x00000006   PAD
    0x080085b0   0x080085b0   0x00000174   Code   RO         2558    .text.UART_WaitOnFlagUntilTimeout  stm32f7xx_hal_uart.o
    0x08008724   0x08008724   0x00000004   PAD
    0x08008728   0x08008728   0x00000010   Code   RO          368    .text.USART2_IRQHandler  stm32f7xx_it.o
    0x08008738   0x08008738   0x00000010   Code   RO          376    .text.USART6_IRQHandler  stm32f7xx_it.o
    0x08008748   0x08008748   0x00000030   Code   RO         1863    .text.__NVIC_EnableIRQ  stm32f7xx_hal_cortex.o
    0x08008778   0x08008778   0x00000010   Code   RO          931    .text.__NVIC_GetPriorityGrouping  rtx_kernel.o
    0x08008788   0x08008788   0x00000010   Code   RO         1855    .text.__NVIC_GetPriorityGrouping  stm32f7xx_hal_cortex.o
    0x08008798   0x08008798   0x00000042   Code   RO         1857    .text.__NVIC_SetPriority  stm32f7xx_hal_cortex.o
    0x080087da   0x080087da   0x00000006   PAD
    0x080087e0   0x080087e0   0x0000003c   Code   RO         1851    .text.__NVIC_SetPriorityGrouping  stm32f7xx_hal_cortex.o
    0x0800881c   0x0800881c   0x00000004   PAD
    0x08008820   0x08008820   0x00000028   Code   RO         1664    .text._mutex_acquire  retarget_os_rtos2.o
    0x08008848   0x08008848   0x00000012   Code   RO         1672    .text._mutex_free   retarget_os_rtos2.o
    0x0800885a   0x0800885a   0x00000006   PAD
    0x08008860   0x08008860   0x00000032   Code   RO         1660    .text._mutex_initialize  retarget_os_rtos2.o
    0x08008892   0x08008892   0x00000006   PAD
    0x08008898   0x08008898   0x00000024   Code   RO         1670    .text._mutex_release  retarget_os_rtos2.o
    0x080088bc   0x080088bc   0x00000004   PAD
    0x080088c0   0x080088c0   0x00000008   Code   RO          964    .text._platform_post_stackheap_init  rtx_lib.o
    0x080088c8   0x080088c8   0x0000004a   Code   RO         1637    .text._sys_close    retarget_io.o
    0x08008912   0x08008912   0x00000006   PAD
    0x08008918   0x08008918   0x0000004a   Code   RO         1647    .text._sys_flen     retarget_io.o
    0x08008962   0x08008962   0x00000006   PAD
    0x08008968   0x08008968   0x00000048   Code   RO         1643    .text._sys_istty    retarget_io.o
    0x080089b0   0x080089b0   0x00000084   Code   RO         1635    .text._sys_open     retarget_io.o
    0x08008a34   0x08008a34   0x00000004   PAD
    0x08008a38   0x08008a38   0x00000052   Code   RO         1645    .text._sys_seek     retarget_io.o
    0x08008a8a   0x08008a8a   0x00000006   PAD
    0x08008a90   0x08008a90   0x00000076   Code   RO         1639    .text._sys_write    retarget_io.o
    0x08008b06   0x08008b06   0x00000002   PAD
    0x08008b08   0x08008b08   0x000000b2   Code   RO          153    .text.advance_iterator  pb_common.o
    0x08008bba   0x08008bba   0x00000006   PAD
    0x08008bc0   0x08008bc0   0x00000038   Code   RO          447    .text.atomic_chk32_all  rtx_evflags.o
    0x08008bf8   0x08008bf8   0x00000038   Code   RO         1470    .text.atomic_chk32_all  rtx_thread.o
    0x08008c30   0x08008c30   0x00000034   Code   RO          449    .text.atomic_chk32_any  rtx_evflags.o
    0x08008c64   0x08008c64   0x00000004   PAD
    0x08008c68   0x08008c68   0x00000034   Code   RO         1472    .text.atomic_chk32_any  rtx_thread.o
    0x08008c9c   0x08008c9c   0x00000004   PAD
    0x08008ca0   0x08008ca0   0x0000002c   Code   RO         1248    .text.atomic_dec16_nz  rtx_semaphore.o
    0x08008ccc   0x08008ccc   0x00000004   PAD
    0x08008cd0   0x08008cd0   0x0000002c   Code   RO         1297    .text.atomic_dec16_nz  rtx_system.o
    0x08008cfc   0x08008cfc   0x00000004   PAD
    0x08008d00   0x08008d00   0x00000020   Code   RO         1017    .text.atomic_dec32  rtx_mempool.o
    0x08008d20   0x08008d20   0x00000028   Code   RO         1144    .text.atomic_dec32_nz  rtx_msgqueue.o
    0x08008d48   0x08008d48   0x00000034   Code   RO         1299    .text.atomic_inc16_lim  rtx_system.o
    0x08008d7c   0x08008d7c   0x00000004   PAD
    0x08008d80   0x08008d80   0x00000038   Code   RO         1258    .text.atomic_inc16_lt  rtx_semaphore.o
    0x08008db8   0x08008db8   0x00000038   Code   RO         1303    .text.atomic_inc16_lt  rtx_system.o
    0x08008df0   0x08008df0   0x00000020   Code   RO         1011    .text.atomic_inc32  rtx_mempool.o
    0x08008e10   0x08008e10   0x00000020   Code   RO         1136    .text.atomic_inc32  rtx_msgqueue.o
    0x08008e30   0x08008e30   0x00000028   Code   RO         1009    .text.atomic_link_get  rtx_mempool.o
    0x08008e58   0x08008e58   0x00000030   Code   RO         1015    .text.atomic_link_put  rtx_mempool.o
    0x08008e88   0x08008e88   0x00000028   Code   RO         1146    .text.atomic_wr8    rtx_msgqueue.o
    0x08008eb0   0x08008eb0   0x00000032   Code   RO          176    .text.buf_read      pb_decode.o
    0x08008ee2   0x08008ee2   0x00000006   PAD
    0x08008ee8   0x08008ee8   0x0000002a   Code   RO          259    .text.buf_write     pb_encode.o
    0x08008f12   0x08008f12   0x00000006   PAD
    0x08008f18   0x08008f18   0x0000001c   Code   RO           51    .text.calcPotiRaw2Volt  poticalc.o
    0x08008f34   0x08008f34   0x00000004   PAD
    0x08008f38   0x08008f38   0x000000fa   Code   RO           16    .text.concatenate3Strings  initcom.o
    0x08009032   0x08009032   0x00000006   PAD
    0x08009038   0x08009038   0x000000cc   Code   RO           71    .text.convertSpeedSteeringToWheelSpeeds  receivethread.o
    0x08009104   0x08009104   0x00000004   PAD
    0x08009108   0x08009108   0x000002a6   Code   RO          232    .text.decode_basic_field  pb_decode.o
    0x080093ae   0x080093ae   0x00000002   PAD
    0x080093b0   0x080093b0   0x0000012e   Code   RO          230    .text.decode_callback_field  pb_decode.o
    0x080094de   0x080094de   0x00000002   PAD
    0x080094e0   0x080094e0   0x0000009a   Code   RO          218    .text.decode_extension  pb_decode.o
    0x0800957a   0x0800957a   0x00000006   PAD
    0x08009580   0x08009580   0x00000094   Code   RO          220    .text.decode_field  pb_decode.o
    0x08009614   0x08009614   0x00000004   PAD
    0x08009618   0x08009618   0x00000032   Code   RO          228    .text.decode_pointer_field  pb_decode.o
    0x0800964a   0x0800964a   0x00000006   PAD
    0x08009650   0x08009650   0x000002a6   Code   RO          226    .text.decode_static_field  pb_decode.o
    0x080098f6   0x080098f6   0x00000002   PAD
    0x080098f8   0x080098f8   0x0000007e   Code   RO          224    .text.default_extension_decoder  pb_decode.o
    0x08009976   0x08009976   0x00000002   PAD
    0x08009978   0x08009978   0x00000054   Code   RO          291    .text.default_extension_encoder  pb_encode.o
    0x080099cc   0x080099cc   0x00000004   PAD
    0x080099d0   0x080099d0   0x00000074   Code   RO           99    .text.driveThread   drivethread.o
    0x08009a44   0x08009a44   0x00000004   PAD
    0x08009a48   0x08009a48   0x000002e4   Code   RO          299    .text.encode_array  pb_encode.o
    0x08009d2c   0x08009d2c   0x00000004   PAD
    0x08009d30   0x08009d30   0x000000e2   Code   RO          301    .text.encode_basic_field  pb_encode.o
    0x08009e12   0x08009e12   0x00000006   PAD
    0x08009e18   0x08009e18   0x0000005e   Code   RO          297    .text.encode_callback_field  pb_encode.o
    0x08009e76   0x08009e76   0x00000002   PAD
    0x08009e78   0x08009e78   0x0000006a   Code   RO          265    .text.encode_extension_field  pb_encode.o
    0x08009ee2   0x08009ee2   0x00000006   PAD
    0x08009ee8   0x08009ee8   0x00000114   Code   RO          267    .text.encode_field  pb_encode.o
    0x08009ffc   0x08009ffc   0x00000004   PAD
    0x0800a000   0x0800a000   0x00000046   Code   RO           59    .text.getBatteryVoltageRaw  potentiometervoltage.o
    0x0800a046   0x0800a046   0x00000002   PAD
    0x0800a048   0x0800a048   0x00000020   Code   RO         1668    .text.is_thread_mode  retarget_os_rtos2.o
    0x0800a068   0x0800a068   0x000000ac   Code   RO         1104    .text.isrRtxMessageQueueGet  rtx_msgqueue.o
    0x0800a114   0x0800a114   0x00000004   PAD
    0x0800a118   0x0800a118   0x000000bc   Code   RO         1100    .text.isrRtxMessageQueuePut  rtx_msgqueue.o
    0x0800a1d4   0x0800a1d4   0x00000004   PAD
    0x0800a1d8   0x0800a1d8   0x0000006e   Code   RO         1226    .text.isrRtxSemaphoreAcquire  rtx_semaphore.o
    0x0800a246   0x0800a246   0x00000002   PAD
    0x0800a248   0x0800a248   0x00000074   Code   RO         1230    .text.isrRtxSemaphoreRelease  rtx_semaphore.o
    0x0800a2bc   0x0800a2bc   0x00000004   PAD
    0x0800a2c0   0x0800a2c0   0x00000054   Code   RO         1279    .text.isr_queue_get  rtx_system.o
    0x0800a314   0x0800a314   0x00000004   PAD
    0x0800a318   0x0800a318   0x0000005e   Code   RO         1293    .text.isr_queue_put  rtx_system.o
    0x0800a376   0x0800a376   0x00000002   PAD
    0x0800a378   0x0800a378   0x00000268   Code   RO          147    .text.load_descriptor_values  pb_common.o
    0x0800a5e0   0x0800a5e0   0x00000120   Code   RO          326    .text.main          main.o
    0x0800a700   0x0800a700   0x0000022c   Code   RO            2    .text.mainThread    wifimain.o
    0x0800a92c   0x0800a92c   0x00000004   PAD
    0x0800a930   0x0800a930   0x00000036   Code   RO          119    .text.motGetCurrSpeed  drivegettersetter.o
    0x0800a966   0x0800a966   0x00000002   PAD
    0x0800a968   0x0800a968   0x00000122   Code   RO          117    .text.motSetNomSpeed  drivegettersetter.o
    0x0800aa8a   0x0800aa8a   0x00000006   PAD
    0x0800aa90   0x0800aa90   0x00000054   Code   RO          392    .text.osDelay       rtx_delay.o
    0x0800aae4   0x0800aae4   0x00000004   PAD
    0x0800aae8   0x0800aae8   0x00000056   Code   RO          411    .text.osEventFlagsNew  rtx_evflags.o
    0x0800ab3e   0x0800ab3e   0x00000002   PAD
    0x0800ab40   0x0800ab40   0x00000042   Code   RO          875    .text.osKernelGetState  rtx_kernel.o
    0x0800ab82   0x0800ab82   0x00000006   PAD
    0x0800ab88   0x0800ab88   0x0000004a   Code   RO          863    .text.osKernelInitialize  rtx_kernel.o
    0x0800abd2   0x0800abd2   0x00000006   PAD
    0x0800abd8   0x0800abd8   0x00000046   Code   RO          879    .text.osKernelStart  rtx_kernel.o
    0x0800ac1e   0x0800ac1e   0x00000002   PAD
    0x0800ac20   0x0800ac20   0x0000007e   Code   RO         1102    .text.osMessageQueueGet  rtx_msgqueue.o
    0x0800ac9e   0x0800ac9e   0x00000002   PAD
    0x0800aca0   0x0800aca0   0x00000048   Code   RO         1114    .text.osMessageQueueGetCount  rtx_msgqueue.o
    0x0800ace8   0x0800ace8   0x00000072   Code   RO         1088    .text.osMessageQueueNew  rtx_msgqueue.o
    0x0800ad5a   0x0800ad5a   0x00000006   PAD
    0x0800ad60   0x0800ad60   0x0000008a   Code   RO         1098    .text.osMessageQueuePut  rtx_msgqueue.o
    0x0800adea   0x0800adea   0x00000006   PAD
    0x0800adf0   0x0800adf0   0x00000064   Code   RO         1179    .text.osMutexAcquire  rtx_mutex.o
    0x0800ae54   0x0800ae54   0x00000004   PAD
    0x0800ae58   0x0800ae58   0x00000056   Code   RO         1185    .text.osMutexDelete  rtx_mutex.o
    0x0800aeae   0x0800aeae   0x00000002   PAD
    0x0800aeb0   0x0800aeb0   0x00000056   Code   RO         1169    .text.osMutexNew    rtx_mutex.o
    0x0800af06   0x0800af06   0x00000002   PAD
    0x0800af08   0x0800af08   0x00000056   Code   RO         1181    .text.osMutexRelease  rtx_mutex.o
    0x0800af5e   0x0800af5e   0x00000002   PAD
    0x0800af60   0x0800af60   0x00000030   Code   RO         1626    .text.osRtxErrorNotify  rtx_config.o
    0x0800af90   0x0800af90   0x0000000a   Code   RO         1283    .text.osRtxEventFlagsObject  rtx_system.o
    0x0800af9a   0x0800af9a   0x00000006   PAD
    0x0800afa0   0x0800afa0   0x0000005c   Code   RO          443    .text.osRtxEventFlagsPostProcess  rtx_evflags.o
    0x0800affc   0x0800affc   0x00000004   PAD
    0x0800b000   0x0800b000   0x00000008   Code   RO         1624    .text.osRtxIdleThread  rtx_config.o
    0x0800b008   0x0800b008   0x00000002   Code   RO          859    .text.osRtxKernelBeforeInit  rtx_kernel.o
    0x0800b00a   0x0800b00a   0x00000006   PAD
    0x0800b010   0x0800b010   0x0000001c   Code   RO          861    .text.osRtxKernelErrorNotify  rtx_kernel.o
    0x0800b02c   0x0800b02c   0x00000004   PAD
    0x0800b030   0x0800b030   0x0000000c   Code   RO         1275    .text.osRtxKernelGetState  rtx_system.o
    0x0800b03c   0x0800b03c   0x00000004   PAD
    0x0800b040   0x0800b040   0x0000000c   Code   RO         1344    .text.osRtxKernelGetState  rtx_thread.o
    0x0800b04c   0x0800b04c   0x00000004   PAD
    0x0800b050   0x0800b050   0x0000000c   Code   RO          925    .text.osRtxKernelState  rtx_kernel.o
    0x0800b05c   0x0800b05c   0x00000004   PAD
    0x0800b060   0x0800b060   0x0000014c   Code   RO          994    .text.osRtxMemoryAlloc  rtx_memory.o
    0x0800b1ac   0x0800b1ac   0x00000004   PAD
    0x0800b1b0   0x0800b1b0   0x000000c2   Code   RO          996    .text.osRtxMemoryFree  rtx_memory.o
    0x0800b272   0x0800b272   0x00000006   PAD
    0x0800b278   0x0800b278   0x00000096   Code   RO          988    .text.osRtxMemoryInit  rtx_memory.o
    0x0800b30e   0x0800b30e   0x00000002   PAD
    0x0800b310   0x0800b310   0x0000004a   Code   RO         1007    .text.osRtxMemoryPoolAlloc  rtx_mempool.o
    0x0800b35a   0x0800b35a   0x00000006   PAD
    0x0800b360   0x0800b360   0x00000064   Code   RO         1013    .text.osRtxMemoryPoolFree  rtx_mempool.o
    0x0800b3c4   0x0800b3c4   0x00000004   PAD
    0x0800b3c8   0x0800b3c8   0x00000098   Code   RO         1005    .text.osRtxMemoryPoolInit  rtx_mempool.o
    0x0800b460   0x0800b460   0x0000000a   Code   RO         1287    .text.osRtxMemoryPoolObject  rtx_system.o
    0x0800b46a   0x0800b46a   0x00000006   PAD
    0x0800b470   0x0800b470   0x0000000a   Code   RO         1289    .text.osRtxMessageObject  rtx_system.o
    0x0800b47a   0x0800b47a   0x00000006   PAD
    0x0800b480   0x0800b480   0x0000000a   Code   RO         1084    .text.osRtxMessageQueueId  rtx_msgqueue.o
    0x0800b48a   0x0800b48a   0x00000006   PAD
    0x0800b490   0x0800b490   0x00000144   Code   RO         1128    .text.osRtxMessageQueuePostProcess  rtx_msgqueue.o
    0x0800b5d4   0x0800b5d4   0x00000004   PAD
    0x0800b5d8   0x0800b5d8   0x0000003e   Code   RO         1082    .text.osRtxMessageQueueTimerSetup  rtx_msgqueue.o
    0x0800b616   0x0800b616   0x00000002   PAD
    0x0800b618   0x0800b618   0x0000005a   Code   RO         1205    .text.osRtxMutexDestroy  rtx_mutex.o
    0x0800b672   0x0800b672   0x00000006   PAD
    0x0800b678   0x0800b678   0x0000000a   Code   RO         1191    .text.osRtxMutexId  rtx_mutex.o
    0x0800b682   0x0800b682   0x00000006   PAD
    0x0800b688   0x0800b688   0x0000000a   Code   RO         1332    .text.osRtxMutexObject  rtx_thread.o
    0x0800b692   0x0800b692   0x00000006   PAD
    0x0800b698   0x0800b698   0x00000098   Code   RO         1163    .text.osRtxMutexOwnerRelease  rtx_mutex.o
    0x0800b730   0x0800b730   0x000000ac   Code   RO         1167    .text.osRtxMutexOwnerRestore  rtx_mutex.o
    0x0800b7dc   0x0800b7dc   0x00000004   PAD
    0x0800b7e0   0x0800b7e0   0x000000fc   Code   RO         1203    .text.osRtxMutexOwnerUnlock  rtx_mutex.o
    0x0800b8dc   0x0800b8dc   0x00000004   PAD
    0x0800b8e0   0x0800b8e0   0x0000000a   Code   RO         1132    .text.osRtxObject   rtx_msgqueue.o
    0x0800b8ea   0x0800b8ea   0x00000006   PAD
    0x0800b8f0   0x0800b8f0   0x0000000a   Code   RO         1165    .text.osRtxObject   rtx_mutex.o
    0x0800b8fa   0x0800b8fa   0x00000006   PAD
    0x0800b900   0x0800b900   0x0000000a   Code   RO         1246    .text.osRtxObject   rtx_semaphore.o
    0x0800b90a   0x0800b90a   0x00000006   PAD
    0x0800b910   0x0800b910   0x0000000a   Code   RO         1301    .text.osRtxObject   rtx_system.o
    0x0800b91a   0x0800b91a   0x00000006   PAD
    0x0800b920   0x0800b920   0x0000000a   Code   RO         1320    .text.osRtxObject   rtx_thread.o
    0x0800b92a   0x0800b92a   0x00000006   PAD
    0x0800b930   0x0800b930   0x000000b8   Code   RO         1277    .text.osRtxPendSV_Handler  rtx_system.o
    0x0800b9e8   0x0800b9e8   0x00000042   Code   RO         1291    .text.osRtxPostProcess  rtx_system.o
    0x0800ba2a   0x0800ba2a   0x00000006   PAD
    0x0800ba30   0x0800ba30   0x0000000a   Code   RO         1250    .text.osRtxSemaphoreId  rtx_semaphore.o
    0x0800ba3a   0x0800ba3a   0x00000006   PAD
    0x0800ba40   0x0800ba40   0x0000000a   Code   RO         1285    .text.osRtxSemaphoreObject  rtx_system.o
    0x0800ba4a   0x0800ba4a   0x00000006   PAD
    0x0800ba50   0x0800ba50   0x0000003e   Code   RO         1242    .text.osRtxSemaphorePostProcess  rtx_semaphore.o
    0x0800ba8e   0x0800ba8e   0x00000002   PAD
    0x0800ba90   0x0800ba90   0x00000008   Code   RO         1364    .text.osRtxThreadBeforeFree  rtx_thread.o
    0x0800ba98   0x0800ba98   0x00000088   Code   RO         1348    .text.osRtxThreadBlock  rtx_thread.o
    0x0800bb20   0x0800bb20   0x000000fa   Code   RO         1354    .text.osRtxThreadDelayInsert  rtx_thread.o
    0x0800bc1a   0x0800bc1a   0x00000006   PAD
    0x0800bc20   0x0800bc20   0x0000009c   Code   RO         1326    .text.osRtxThreadDelayRemove  rtx_thread.o
    0x0800bcbc   0x0800bcbc   0x00000004   PAD
    0x0800bcc0   0x0800bcc0   0x00000150   Code   RO         1328    .text.osRtxThreadDelayTick  rtx_thread.o
    0x0800be10   0x0800be10   0x00000060   Code   RO         1360    .text.osRtxThreadDestroy  rtx_thread.o
    0x0800be70   0x0800be70   0x00000096   Code   RO         1342    .text.osRtxThreadDispatch  rtx_thread.o
    0x0800bf06   0x0800bf06   0x00000002   PAD
    0x0800bf08   0x0800bf08   0x000000a2   Code   RO         1362    .text.osRtxThreadFree  rtx_thread.o
    0x0800bfaa   0x0800bfaa   0x00000006   PAD
    0x0800bfb0   0x0800bfb0   0x0000000c   Code   RO         1140    .text.osRtxThreadGetRunning  rtx_msgqueue.o
    0x0800bfbc   0x0800bfbc   0x00000004   PAD
    0x0800bfc0   0x0800bfc0   0x0000000c   Code   RO         1195    .text.osRtxThreadGetRunning  rtx_mutex.o
    0x0800bfcc   0x0800bfcc   0x00000004   PAD
    0x0800bfd0   0x0800bfd0   0x0000000c   Code   RO         1254    .text.osRtxThreadGetRunning  rtx_semaphore.o
    0x0800bfdc   0x0800bfdc   0x00000004   PAD
    0x0800bfe0   0x0800bfe0   0x0000000c   Code   RO         1346    .text.osRtxThreadGetRunning  rtx_thread.o
    0x0800bfec   0x0800bfec   0x00000004   PAD
    0x0800bff0   0x0800bff0   0x0000000c   Code   RO         1565    .text.osRtxThreadGetRunning  rtx_timer.o
    0x0800bffc   0x0800bffc   0x00000004   PAD
    0x0800c000   0x0800c000   0x0000000a   Code   RO         1368    .text.osRtxThreadId  rtx_thread.o
    0x0800c00a   0x0800c00a   0x00000006   PAD
    0x0800c010   0x0800c010   0x0000003c   Code   RO         1358    .text.osRtxThreadJoinWakeup  rtx_thread.o
    0x0800c04c   0x0800c04c   0x00000004   PAD
    0x0800c050   0x0800c050   0x00000036   Code   RO         1316    .text.osRtxThreadListGet  rtx_thread.o
    0x0800c086   0x0800c086   0x00000002   PAD
    0x0800c088   0x0800c088   0x00000076   Code   RO         1312    .text.osRtxThreadListPut  rtx_thread.o
    0x0800c0fe   0x0800c0fe   0x00000002   PAD
    0x0800c100   0x0800c100   0x00000032   Code   RO         1322    .text.osRtxThreadListRemove  rtx_thread.o
    0x0800c132   0x0800c132   0x00000006   PAD
    0x0800c138   0x0800c138   0x00000022   Code   RO         1330    .text.osRtxThreadListRoot  rtx_thread.o
    0x0800c15a   0x0800c15a   0x00000006   PAD
    0x0800c160   0x0800c160   0x00000058   Code   RO         1318    .text.osRtxThreadListSort  rtx_thread.o
    0x0800c1b8   0x0800c1b8   0x0000000a   Code   RO         1281    .text.osRtxThreadObject  rtx_system.o
    0x0800c1c2   0x0800c1c2   0x00000006   PAD
    0x0800c1c8   0x0800c1c8   0x0000000a   Code   RO         1314    .text.osRtxThreadObject  rtx_thread.o
    0x0800c1d2   0x0800c1d2   0x00000006   PAD
    0x0800c1d8   0x0800c1d8   0x00000044   Code   RO         1466    .text.osRtxThreadPostProcess  rtx_thread.o
    0x0800c21c   0x0800c21c   0x00000004   PAD
    0x0800c220   0x0800c220   0x00000020   Code   RO         1324    .text.osRtxThreadReadyPut  rtx_thread.o
    0x0800c240   0x0800c240   0x00000022   Code   RO         1334    .text.osRtxThreadRegPtr  rtx_thread.o
    0x0800c262   0x0800c262   0x00000006   PAD
    0x0800c268   0x0800c268   0x00000014   Code   RO         1502    .text.osRtxThreadSetRunning  rtx_thread.o
    0x0800c27c   0x0800c27c   0x00000004   PAD
    0x0800c280   0x0800c280   0x00000014   Code   RO         1569    .text.osRtxThreadSetRunning  rtx_timer.o
    0x0800c294   0x0800c294   0x00000004   PAD
    0x0800c298   0x0800c298   0x0000003c   Code   RO         1356    .text.osRtxThreadStackCheck  rtx_thread.o
    0x0800c2d4   0x0800c2d4   0x00000004   PAD
    0x0800c2d8   0x0800c2d8   0x00000096   Code   RO         1366    .text.osRtxThreadStartup  rtx_thread.o
    0x0800c36e   0x0800c36e   0x00000002   PAD
    0x0800c370   0x0800c370   0x0000002e   Code   RO         1338    .text.osRtxThreadSwitch  rtx_thread.o
    0x0800c39e   0x0800c39e   0x00000002   PAD
    0x0800c3a0   0x0800c3a0   0x00000076   Code   RO         1352    .text.osRtxThreadWaitEnter  rtx_thread.o
    0x0800c416   0x0800c416   0x00000002   PAD
    0x0800c418   0x0800c418   0x00000046   Code   RO         1350    .text.osRtxThreadWaitExit  rtx_thread.o
    0x0800c45e   0x0800c45e   0x00000002   PAD
    0x0800c460   0x0800c460   0x00000110   Code   RO         1273    .text.osRtxTick_Handler  rtx_system.o
    0x0800c570   0x0800c570   0x00000030   Code   RO         1541    .text.osRtxTimerSetup  rtx_timer.o
    0x0800c5a0   0x0800c5a0   0x00000032   Code   RO         1545    .text.osRtxTimerThread  rtx_timer.o
    0x0800c5d2   0x0800c5d2   0x00000006   PAD
    0x0800c5d8   0x0800c5d8   0x000000dc   Code   RO         1543    .text.osRtxTimerTick  rtx_timer.o
    0x0800c6b4   0x0800c6b4   0x00000004   PAD
    0x0800c6b8   0x0800c6b8   0x0000005e   Code   RO         1224    .text.osSemaphoreAcquire  rtx_semaphore.o
    0x0800c716   0x0800c716   0x00000002   PAD
    0x0800c718   0x0800c718   0x00000072   Code   RO         1214    .text.osSemaphoreNew  rtx_semaphore.o
    0x0800c78a   0x0800c78a   0x00000006   PAD
    0x0800c790   0x0800c790   0x0000004e   Code   RO         1228    .text.osSemaphoreRelease  rtx_semaphore.o
    0x0800c7de   0x0800c7de   0x00000002   PAD
    0x0800c7e0   0x0800c7e0   0x00000010   Code   RO         1462    .text.osThreadEntry  rtx_thread.o
    0x0800c7f0   0x0800c7f0   0x00000024   Code   RO         1414    .text.osThreadExit  rtx_thread.o
    0x0800c814   0x0800c814   0x00000004   PAD
    0x0800c818   0x0800c818   0x0000003a   Code   RO         1390    .text.osThreadGetId  rtx_thread.o
    0x0800c852   0x0800c852   0x00000006   PAD
    0x0800c858   0x0800c858   0x00000072   Code   RO         1372    .text.osThreadNew   rtx_thread.o
    0x0800c8ca   0x0800c8ca   0x00000006   PAD
    0x0800c8d0   0x0800c8d0   0x00000064   Code   RO         1400    .text.osThreadSetPriority  rtx_thread.o
    0x0800c934   0x0800c934   0x00000004   PAD
    0x0800c938   0x0800c938   0x00000020   Code   RO         1662    .text.os_kernel_is_initialized  retarget_os_rtos2.o
    0x0800c958   0x0800c958   0x00000020   Code   RO         1666    .text.os_kernel_is_running  retarget_os_rtos2.o
    0x0800c978   0x0800c978   0x0000026a   Code   RO          295    .text.pb_check_proto3_default_value  pb_encode.o
    0x0800cbe2   0x0800cbe2   0x00000006   PAD
    0x0800cbe8   0x0800cbe8   0x00000048   Code   RO          198    .text.pb_close_string_substream  pb_decode.o
    0x0800cc30   0x0800cc30   0x0000000e   Code   RO          161    .text.pb_const_cast  pb_common.o
    0x0800cc3e   0x0800cc3e   0x00000002   PAD
    0x0800cc40   0x0800cc40   0x00000016   Code   RO          234    .text.pb_dec_bool   pb_decode.o
    0x0800cc56   0x0800cc56   0x00000002   PAD
    0x0800cc58   0x0800cc58   0x00000120   Code   RO          238    .text.pb_dec_bytes  pb_decode.o
    0x0800cd78   0x0800cd78   0x000000b8   Code   RO          244    .text.pb_dec_fixed_length_bytes  pb_decode.o
    0x0800ce30   0x0800ce30   0x0000012c   Code   RO          240    .text.pb_dec_string  pb_decode.o
    0x0800cf5c   0x0800cf5c   0x00000004   PAD
    0x0800cf60   0x0800cf60   0x00000118   Code   RO          242    .text.pb_dec_submessage  pb_decode.o
    0x0800d078   0x0800d078   0x0000024e   Code   RO          236    .text.pb_dec_varint  pb_decode.o
    0x0800d2c6   0x0800d2c6   0x00000002   PAD
    0x0800d2c8   0x0800d2c8   0x00000026   Code   RO          204    .text.pb_decode     pb_decode.o
    0x0800d2ee   0x0800d2ee   0x00000002   PAD
    0x0800d2f0   0x0800d2f0   0x00000038   Code   RO          208    .text.pb_decode_bool  pb_decode.o
    0x0800d328   0x0800d328   0x00000034   Code   RO          212    .text.pb_decode_fixed32  pb_decode.o
    0x0800d35c   0x0800d35c   0x00000004   PAD
    0x0800d360   0x0800d360   0x00000038   Code   RO          214    .text.pb_decode_fixed64  pb_decode.o
    0x0800d398   0x0800d398   0x0000039e   Code   RO          202    .text.pb_decode_inner  pb_decode.o
    0x0800d736   0x0800d736   0x00000002   PAD
    0x0800d738   0x0800d738   0x00000062   Code   RO          210    .text.pb_decode_svarint  pb_decode.o
    0x0800d79a   0x0800d79a   0x00000006   PAD
    0x0800d7a0   0x0800d7a0   0x00000052   Code   RO          188    .text.pb_decode_tag  pb_decode.o
    0x0800d7f2   0x0800d7f2   0x00000006   PAD
    0x0800d7f8   0x0800d7f8   0x000000ca   Code   RO          184    .text.pb_decode_varint  pb_decode.o
    0x0800d8c2   0x0800d8c2   0x00000006   PAD
    0x0800d8c8   0x0800d8c8   0x00000016   Code   RO          180    .text.pb_decode_varint32  pb_decode.o
    0x0800d8de   0x0800d8de   0x00000002   PAD
    0x0800d8e0   0x0800d8e0   0x000001b0   Code   RO          182    .text.pb_decode_varint32_eof  pb_decode.o
    0x0800da90   0x0800da90   0x00000074   Code   RO          165    .text.pb_default_field_callback  pb_common.o
    0x0800db04   0x0800db04   0x00000004   PAD
    0x0800db08   0x0800db08   0x00000020   Code   RO          307    .text.pb_enc_bool   pb_encode.o
    0x0800db28   0x0800db28   0x00000088   Code   RO          309    .text.pb_enc_bytes  pb_encode.o
    0x0800dbb0   0x0800dbb0   0x0000006e   Code   RO          305    .text.pb_enc_fixed  pb_encode.o
    0x0800dc1e   0x0800dc1e   0x00000002   PAD
    0x0800dc20   0x0800dc20   0x00000018   Code   RO          315    .text.pb_enc_fixed_length_bytes  pb_encode.o
    0x0800dc38   0x0800dc38   0x000000f6   Code   RO          311    .text.pb_enc_string  pb_encode.o
    0x0800dd2e   0x0800dd2e   0x00000002   PAD
    0x0800dd30   0x0800dd30   0x00000096   Code   RO          313    .text.pb_enc_submessage  pb_encode.o
    0x0800ddc6   0x0800ddc6   0x00000002   PAD
    0x0800ddc8   0x0800ddc8   0x0000018c   Code   RO          303    .text.pb_enc_varint  pb_encode.o
    0x0800df54   0x0800df54   0x00000004   PAD
    0x0800df58   0x0800df58   0x0000007a   Code   RO          263    .text.pb_encode     pb_encode.o
    0x0800dfd2   0x0800dfd2   0x00000006   PAD
    0x0800dfd8   0x0800dfd8   0x00000016   Code   RO          281    .text.pb_encode_fixed32  pb_encode.o
    0x0800dfee   0x0800dfee   0x00000002   PAD
    0x0800dff0   0x0800dff0   0x00000016   Code   RO          283    .text.pb_encode_fixed64  pb_encode.o
    0x0800e006   0x0800e006   0x00000002   PAD
    0x0800e008   0x0800e008   0x00000038   Code   RO          289    .text.pb_encode_string  pb_encode.o
    0x0800e040   0x0800e040   0x00000122   Code   RO          271    .text.pb_encode_submessage  pb_encode.o
    0x0800e162   0x0800e162   0x00000006   PAD
    0x0800e168   0x0800e168   0x0000005e   Code   RO          279    .text.pb_encode_svarint  pb_encode.o
    0x0800e1c6   0x0800e1c6   0x00000002   PAD
    0x0800e1c8   0x0800e1c8   0x0000002a   Code   RO          285    .text.pb_encode_tag  pb_encode.o
    0x0800e1f2   0x0800e1f2   0x00000006   PAD
    0x0800e1f8   0x0800e1f8   0x00000090   Code   RO          287    .text.pb_encode_tag_for_field  pb_encode.o
    0x0800e288   0x0800e288   0x0000004e   Code   RO          275    .text.pb_encode_varint  pb_encode.o
    0x0800e2d6   0x0800e2d6   0x00000002   PAD
    0x0800e2d8   0x0800e2d8   0x000000f0   Code   RO          277    .text.pb_encode_varint_32  pb_encode.o
    0x0800e3c8   0x0800e3c8   0x00000028   Code   RO          145    .text.pb_field_iter_begin  pb_common.o
    0x0800e3f0   0x0800e3f0   0x00000026   Code   RO          159    .text.pb_field_iter_begin_const  pb_common.o
    0x0800e416   0x0800e416   0x00000002   PAD
    0x0800e418   0x0800e418   0x0000005e   Code   RO          149    .text.pb_field_iter_begin_extension  pb_common.o
    0x0800e476   0x0800e476   0x00000002   PAD
    0x0800e478   0x0800e478   0x0000001e   Code   RO          163    .text.pb_field_iter_begin_extension_const  pb_common.o
    0x0800e496   0x0800e496   0x00000002   PAD
    0x0800e498   0x0800e498   0x000000c8   Code   RO          155    .text.pb_field_iter_find  pb_common.o
    0x0800e560   0x0800e560   0x00000078   Code   RO          157    .text.pb_field_iter_find_extension  pb_common.o
    0x0800e5d8   0x0800e5d8   0x00000020   Code   RO          151    .text.pb_field_iter_next  pb_common.o
    0x0800e5f8   0x0800e5f8   0x0000019a   Code   RO          222    .text.pb_field_set_to_default  pb_decode.o
    0x0800e792   0x0800e792   0x00000006   PAD
    0x0800e798   0x0800e798   0x0000002a   Code   RO          178    .text.pb_istream_from_buffer  pb_decode.o
    0x0800e7c2   0x0800e7c2   0x00000006   PAD
    0x0800e7c8   0x0800e7c8   0x00000092   Code   RO          196    .text.pb_make_string_substream  pb_decode.o
    0x0800e85a   0x0800e85a   0x00000006   PAD
    0x0800e860   0x0800e860   0x000000ea   Code   RO          216    .text.pb_message_set_to_defaults  pb_decode.o
    0x0800e94a   0x0800e94a   0x00000006   PAD
    0x0800e950   0x0800e950   0x00000028   Code   RO          257    .text.pb_ostream_from_buffer  pb_encode.o
    0x0800e978   0x0800e978   0x00000106   Code   RO          174    .text.pb_read       pb_decode.o
    0x0800ea7e   0x0800ea7e   0x00000002   PAD
    0x0800ea80   0x0800ea80   0x0000008a   Code   RO          186    .text.pb_readbyte   pb_decode.o
    0x0800eb0a   0x0800eb0a   0x00000006   PAD
    0x0800eb10   0x0800eb10   0x0000008c   Code   RO          190    .text.pb_skip_field  pb_decode.o
    0x0800eb9c   0x0800eb9c   0x00000004   PAD
    0x0800eba0   0x0800eba0   0x00000062   Code   RO          194    .text.pb_skip_string  pb_decode.o
    0x0800ec02   0x0800ec02   0x00000006   PAD
    0x0800ec08   0x0800ec08   0x0000003e   Code   RO          192    .text.pb_skip_varint  pb_decode.o
    0x0800ec46   0x0800ec46   0x00000002   PAD
    0x0800ec48   0x0800ec48   0x000000b8   Code   RO          261    .text.pb_write      pb_encode.o
    0x0800ed00   0x0800ed00   0x0000005a   Code   RO           69    .text.processReceivedData  receivethread.o
    0x0800ed5a   0x0800ed5a   0x00000006   PAD
    0x0800ed60   0x0800ed60   0x000000fe   Code   RO          246    .text.read_raw_value  pb_decode.o
    0x0800ee5e   0x0800ee5e   0x00000002   PAD
    0x0800ee60   0x0800ee60   0x000001c0   Code   RO           67    .text.receiveThread  receivethread.o
    0x0800f020   0x0800f020   0x00000042   Code   RO           83    .text.receive_init  receiveinit.o
    0x0800f062   0x0800f062   0x00000006   PAD
    0x0800f068   0x0800f068   0x00000040   Code   RO          293    .text.safe_read_bool  pb_encode.o
    0x0800f0a8   0x0800f0a8   0x00000068   Code   RO         2971    .text.stdout_putchar  FTbotLib.lib(e4ftbotterminal.o)
    0x0800f110   0x0800f110   0x00000050   Code   RO          400    .text.svcRtxDelay   rtx_delay.o
    0x0800f160   0x0800f160   0x00000140   Code   RO          439    .text.svcRtxEventFlagsNew  rtx_evflags.o
    0x0800f2a0   0x0800f2a0   0x00000016   Code   RO          877    .text.svcRtxKernelGetState  rtx_kernel.o
    0x0800f2b6   0x0800f2b6   0x00000002   PAD
    0x0800f2b8   0x0800f2b8   0x00000304   Code   RO          923    .text.svcRtxKernelInitialize  rtx_kernel.o
    0x0800f5bc   0x0800f5bc   0x00000004   PAD
    0x0800f5c0   0x0800f5c0   0x000000a4   Code   RO          927    .text.svcRtxKernelStart  rtx_kernel.o
    0x0800f664   0x0800f664   0x00000004   PAD
    0x0800f668   0x0800f668   0x00000168   Code   RO         1148    .text.svcRtxMessageQueueGet  rtx_msgqueue.o
    0x0800f7d0   0x0800f7d0   0x00000048   Code   RO         1116    .text.svcRtxMessageQueueGetCount  rtx_msgqueue.o
    0x0800f818   0x0800f818   0x00000290   Code   RO         1086    .text.svcRtxMessageQueueNew  rtx_msgqueue.o
    0x0800faa8   0x0800faa8   0x0000015c   Code   RO         1138    .text.svcRtxMessageQueuePut  rtx_msgqueue.o
    0x0800fc04   0x0800fc04   0x00000004   PAD
    0x0800fc08   0x0800fc08   0x00000176   Code   RO         1193    .text.svcRtxMutexAcquire  rtx_mutex.o
    0x0800fd7e   0x0800fd7e   0x00000002   PAD
    0x0800fd80   0x0800fd80   0x00000058   Code   RO         1201    .text.svcRtxMutexDelete  rtx_mutex.o
    0x0800fdd8   0x0800fdd8   0x00000142   Code   RO         1187    .text.svcRtxMutexNew  rtx_mutex.o
    0x0800ff1a   0x0800ff1a   0x00000006   PAD
    0x0800ff20   0x0800ff20   0x000001a0   Code   RO         1197    .text.svcRtxMutexRelease  rtx_mutex.o
    0x080100c0   0x080100c0   0x000000aa   Code   RO         1252    .text.svcRtxSemaphoreAcquire  rtx_semaphore.o
    0x0801016a   0x0801016a   0x00000006   PAD
    0x08010170   0x08010170   0x00000176   Code   RO         1238    .text.svcRtxSemaphoreNew  rtx_semaphore.o
    0x080102e6   0x080102e6   0x00000002   PAD
    0x080102e8   0x080102e8   0x000000a2   Code   RO         1260    .text.svcRtxSemaphoreRelease  rtx_semaphore.o
    0x0801038a   0x0801038a   0x00000006   PAD
    0x08010390   0x08010390   0x00000084   Code   RO         1500    .text.svcRtxThreadExit  rtx_thread.o
    0x08010414   0x08010414   0x00000004   PAD
    0x08010418   0x08010418   0x00000016   Code   RO         1392    .text.svcRtxThreadGetId  rtx_thread.o
    0x0801042e   0x0801042e   0x00000002   PAD
    0x08010430   0x08010430   0x0000046a   Code   RO         1370    .text.svcRtxThreadNew  rtx_thread.o
    0x0801089a   0x0801089a   0x00000006   PAD
    0x080108a0   0x080108a0   0x000000a4   Code   RO         1482    .text.svcRtxThreadSetPriority  rtx_thread.o
    0x08010944   0x08010944   0x00000004   PAD
    0x08010948   0x08010948   0x000001f0   Code   RO           35    .text.transmitThread  transmitthread.o
    0x08010b38   0x08010b38   0x000000d2   Code   RO           18    .text.uart_init     initcom.o
    0x08010c0a   0x08010c0a   0x00000006   PAD
    0x08010c10   0x08010c10   0x00000138   Code   RO           20    .text.wifi_init     initcom.o
    0x08010d48   0x08010d48   0x00000012   Code   RO         1464    .text.xPSR_InitVal  rtx_thread.o
    0x08010d5a   0x08010d5a   0x0000003e   Code   RO         3427    CL$$btod_d2e        c_w.l(btod.o)
    0x08010d98   0x08010d98   0x00000046   Code   RO         3429    CL$$btod_d2e_denorm_low  c_w.l(btod.o)
    0x08010dde   0x08010dde   0x00000060   Code   RO         3428    CL$$btod_d2e_norm_op1  c_w.l(btod.o)
    0x08010e3e   0x08010e3e   0x00000002   PAD
    0x08010e40   0x08010e40   0x00000338   Code   RO         3437    CL$$btod_div_common  c_w.l(btod.o)
    0x08011178   0x08011178   0x000000dc   Code   RO         3434    CL$$btod_e2e        c_w.l(btod.o)
    0x08011254   0x08011254   0x0000002a   Code   RO         3431    CL$$btod_ediv       c_w.l(btod.o)
    0x0801127e   0x0801127e   0x0000002a   Code   RO         3430    CL$$btod_emul       c_w.l(btod.o)
    0x080112a8   0x080112a8   0x00000244   Code   RO         3436    CL$$btod_mult_common  c_w.l(btod.o)
    0x080114ec   0x080114ec   0x00000030   Code   RO         3484    i.__ARM_fpclassify  m_wm.l(fpclassify.o)
    0x0801151c   0x0801151c   0x0000000e   Code   RO         3059    i._is_digit         c_w.l(__printf_wp.o)
    0x0801152a   0x0801152a   0x0000001c   Code   RO         3352    i.fputc             c_w.l(fputc.o)
    0x08011546   0x08011546   0x00000002   PAD
    0x08011548   0x08011548   0x0000002c   Code   RO         3454    locale$$code        c_w.l(lc_ctype_c.o)
    0x08011574   0x08011574   0x0000002c   Code   RO         3457    locale$$code        c_w.l(lc_numeric_c.o)
    0x080115a0   0x080115a0   0x0000000c   Code   RO         3278    x$fpl$dretinf       fz_wm.l(dretinf.o)
    0x080115ac   0x080115ac   0x00000056   Code   RO         3101    x$fpl$f2d           fz_wm.l(f2d.o)
    0x08011602   0x08011602   0x0000008c   Code   RO         3280    x$fpl$fnaninf       fz_wm.l(fnaninf.o)
    0x0801168e   0x0801168e   0x0000001a   Code   RO         3103    x$fpl$fpinit        fz_wm.l(fpinit.o)
    0x080116a8   0x080116a8   0x00000004   Code   RO         3282    x$fpl$printf1       fz_wm.l(printf1.o)
    0x080116ac   0x080116ac   0x00000004   Code   RO         3284    x$fpl$printf2       fz_wm.l(printf2.o)
    0x080116b0   0x080116b0   0x00000000   Code   RO         3290    x$fpl$usenofp       fz_wm.l(usenofp.o)
    0x080116b0   0x080116b0   0x00000011   Data   RO         3067    .constdata          c_w.l(__printf_flags_ss_wp.o)
    0x080116c1   0x080116c1   0x00000003   PAD
    0x080116c4   0x080116c4   0x00000008   Data   RO         3163    .constdata          c_w.l(_printf_wctomb.o)
    0x080116cc   0x080116cc   0x00000028   Data   RO         3192    .constdata          c_w.l(_printf_hex_int_ll_ptr.o)
    0x080116f4   0x080116f4   0x00000026   Data   RO         3339    .constdata          c_w.l(_printf_fp_hex.o)
    0x0801171a   0x0801171a   0x00000002   PAD
    0x0801171c   0x0801171c   0x00000094   Data   RO         3425    .constdata          c_w.l(bigflt0.o)
    0x080117b0   0x080117b0   0x00000070   Data   RO          972    .rodata             rtx_lib.o
    0x08011820   0x08011820   0x00000038   Data   RO          975    .rodata             rtx_lib.o
    0x08011858   0x08011858   0x00000010   Data   RO         2956    .rodata.AHBPrescTable  system_stm32f7xx.o
    0x08011868   0x08011868   0x00000008   Data   RO         2957    .rodata.APBPrescTable  system_stm32f7xx.o
    0x08011870   0x08011870   0x00000008   Data   RO         1988    .rodata.DMA_CalcBaseAndBitshift.flagBitshiftOffset  stm32f7xx_hal_dma.o
    0x08011878   0x08011878   0x00000008   Data   RO         1651    .rodata.__stderr_name  retarget_io.o
    0x08011880   0x08011880   0x00000007   Data   RO         1649    .rodata.__stdin_name  retarget_io.o
    0x08011887   0x08011887   0x00000008   Data   RO         1650    .rodata.__stdout_name  retarget_io.o
    0x0801188f   0x0801188f   0x00000001   PAD
    0x08011890   0x08011890   0x00000010   Data   RO          137    .rodata.ftbot_RobotStatus_field_info  ftbot.pb.o
    0x080118a0   0x080118a0   0x00000018   Data   RO          139    .rodata.ftbot_RobotStatus_msg  ftbot.pb.o
    0x080118b8   0x080118b8   0x00000004   Data   RO          138    .rodata.ftbot_RobotStatus_submsg_info  ftbot.pb.o
    0x080118bc   0x080118bc   0x0000000c   Data   RO          134    .rodata.ftbot_SetSpeedSteering_field_info  ftbot.pb.o
    0x080118c8   0x080118c8   0x00000018   Data   RO          136    .rodata.ftbot_SetSpeedSteering_msg  ftbot.pb.o
    0x080118e0   0x080118e0   0x00000004   Data   RO          135    .rodata.ftbot_SetSpeedSteering_submsg_info  ftbot.pb.o
    0x080118e4   0x080118e4   0x00000004   Data   RO          974    .rodata.osRtxUserSVC  rtx_lib.o
    0x080118e8   0x080118e8   0x00000024   Data   RO          969    .rodata.os_idle_thread_attr  rtx_lib.o
    0x0801190c   0x0801190c   0x00000018   Data   RO          971    .rodata.os_timer_mq_attr  rtx_lib.o
    0x08011924   0x08011924   0x00000024   Data   RO          970    .rodata.os_timer_thread_attr  rtx_lib.o
    0x08011948   0x08011948   0x00000288   Data   RO            8    .rodata.str1.1      wifimain.o
    0x08011bd0   0x08011bd0   0x00000014   Data   RO           26    .rodata.str1.1      initcom.o
    0x08011be4   0x08011be4   0x00000010   Data   RO           43    .rodata.str1.1      transmitthread.o
    0x08011bf4   0x08011bf4   0x00000006   Data   RO           75    .rodata.str1.1      receivethread.o
    0x08011bfa   0x08011bfa   0x0000019c   Data   RO          248    .rodata.str1.1      pb_decode.o
    0x08011d96   0x08011d96   0x00000089   Data   RO          317    .rodata.str1.1      pb_encode.o
    0x08011e1f   0x08011e1f   0x0000000b   Data   RO          955    .rodata.str1.1      rtx_kernel.o
    0x08011e2a   0x08011e2a   0x00000017   Data   RO         1652    .rodata.str1.1      retarget_io.o
    0x08011e41   0x08011e41   0x00000013   Data   RO         2975    .rodata.str1.1      FTbotLib.lib(e4ftbotterminal.o)
    0x08011e54   0x08011e54   0x00000005   Data   RO           22    .rodata.uart_init.command  initcom.o
    0x08011e59   0x08011e59   0x00000027   Data   RO           24    .rodata.wifi_init.udpCommand  initcom.o
    0x08011e80   0x08011e80   0x00000040   Data   RO         3531    Region$$Table       anon$$obj.o
    0x08011ec0   0x08011ec0   0x00000110   Data   RO         3453    locale$$data        c_w.l(lc_ctype_c.o)
    0x08011fd0   0x08011fd0   0x0000001c   Data   RO         3456    locale$$data        c_w.l(lc_numeric_c.o)


    Execution Region RW_DTCM (Exec base: 0x20000000, Load base: 0x08011ff0, Size: 0x00000e08, Max: 0x00010000, ABSOLUTE)

    Exec Addr    Load Addr    Size         Type   Attr      Idx    E Section Name        Object

    0x20000000   0x08011ff0   0x00000002   Data   RW           89    ETTI4dmaVar         receiveinit.o
    0x20000002   0x08011ff2   0x00000006   PAD
    0x20000008        -       0x00000600   Zero   RW         2942    HEAP                startup_stm32f746xx.o
    0x20000608        -       0x00000800   Zero   RW         2941    STACK               startup_stm32f746xx.o


    Execution Region RW_SRAM1 (Exec base: 0x20010000, Load base: 0x08012000, Size: 0x00008fa8, Max: 0x00040000, ABSOLUTE, COMPRESSED[0x00000040])

    Exec Addr    Load Addr    Size         Type   Attr      Idx    E Section Name        Object

    0x20010000   COMPRESSED   0x00000004   Data   RW         3078    .data               c_w.l(stdio_streams.o)
    0x20010004   COMPRESSED   0x00000004   Data   RW         3079    .data               c_w.l(stdio_streams.o)
    0x20010008   COMPRESSED   0x00000004   Data   RW         3080    .data               c_w.l(stdio_streams.o)
    0x2001000c   COMPRESSED   0x00000004   Data   RW         3222    .data               c_w.l(streamlock.o)
    0x20010010   COMPRESSED   0x00000004   Data   RW         2955    .data.SystemCoreClock  system_stm32f7xx.o
    0x20010014   COMPRESSED   0x000000b8   Data   RW            4    .data.driveDisp     wifimain.o
    0x200100cc   COMPRESSED   0x0000001c   Data   RW          101    .data.leftMotorDescriptor  drivethread.o
    0x200100e8   COMPRESSED   0x000000a4   Data   RW          956    .data.os            rtx_kernel.o
    0x2001018c   COMPRESSED   0x0000001c   Data   RW          102    .data.rightMotorDescriptor  drivethread.o
    0x200101a8   COMPRESSED   0x00000001   Data   RW         1740    .data.uwTickFreq    stm32f7xx_hal.o
    0x200101a9   COMPRESSED   0x00000003   PAD
    0x200101ac   COMPRESSED   0x00000004   Data   RW         1739    .data.uwTickPrio    stm32f7xx_hal.o
    0x200101b0   COMPRESSED   0x00000010   PAD
    0x200101c0        -       0x00000054   Zero   RW         3075    .bss                c_w.l(stdio_streams.o)
    0x20010214        -       0x00000054   Zero   RW         3076    .bss                c_w.l(stdio_streams.o)
    0x20010268        -       0x00000054   Zero   RW         3077    .bss                c_w.l(stdio_streams.o)
    0x200102bc        -       0x00000060   Zero   RW         3296    .bss                c_w.l(libspace.o)
    0x2001031c        -       0x00000004   Zero   RW            7    .bss.EFlagId_ObjInMsgQ  wifimain.o
    0x20010320        -       0x00000004   Zero   RW            6    .bss.MsgQId_nix     wifimain.o
    0x20010324        -       0x00000004   Zero   RW         2974    .bss.__termSem      FTbotLib.lib(e4ftbotterminal.o)
    0x20010328   COMPRESSED   0x00000018   PAD
    0x20010340        -       0x00000080   Zero   RW           42    .bss.buffer_transmit  transmitthread.o
    0x200103c0        -       0x00000004   Zero   RW            5    .bss.driveControlMutId  wifimain.o
    0x200103c4        -       0x00000004   Zero   RW          104    .bss.driveId        drivethread.o
    0x200103c8        -       0x00000014   Zero   RW            9    .bss.driveInfo      wifimain.o
    0x200103dc        -       0x00000064   Zero   RW          348    .bss.hadc1          main.o
    0x20010440        -       0x00000024   Zero   RW          349    .bss.hcrc           main.o
    0x20010464        -       0x00000060   Zero   RW          352    .bss.hdma_usart2_rx  main.o
    0x200104c4        -       0x00000060   Zero   RW          353    .bss.hdma_usart2_tx  main.o
    0x20010524        -       0x00000060   Zero   RW          354    .bss.hdma_usart6_rx  main.o
    0x20010584        -       0x00000060   Zero   RW          355    .bss.hdma_usart6_tx  main.o
    0x200105e4        -       0x0000004c   Zero   RW         2934    .bss.htim6          stm32f7xx_hal_timebase_tim.o
    0x20010630        -       0x000000b4   Zero   RW          350    .bss.huart2         main.o
    0x200106e4        -       0x000000b4   Zero   RW          351    .bss.huart6         main.o
    0x20010798        -       0x00008040   Zero   RW          968    .bss.os             rtx_lib.o
    0x200187d8        -       0x00000001   Zero   RW         1616    .bss.os             os_systick.o
    0x200187d9   COMPRESSED   0x00000003   PAD
    0x200187dc        -       0x00000034   Zero   RW          979    .bss.os.msgqueue.cb  rtx_lib.o
    0x20018810        -       0x00000050   Zero   RW          980    .bss.os.msgqueue.mem  rtx_lib.o
    0x20018860        -       0x000000a0   Zero   RW          976    .bss.os.thread.cb   rtx_lib.o
    0x20018900        -       0x00000200   Zero   RW          977    .bss.os.thread.idle.stack  rtx_lib.o
    0x20018b00        -       0x00000200   Zero   RW          978    .bss.os.thread.timer.stack  rtx_lib.o
    0x20018d00        -       0x00000004   Zero   RW         2973    .bss.pEmbDispHandle  FTbotLib.lib(e4ftbotterminal.o)
    0x20018d04        -       0x00000001   Zero   RW          103    .bss.powerFail      drivethread.o
    0x20018d05   COMPRESSED   0x00000003   PAD
    0x20018d08        -       0x00000004   Zero   RW           73    .bss.receiveId      receivethread.o
    0x20018d0c        -       0x00000080   Zero   RW           74    .bss.receiveThread.buffer_rx  receivethread.o
    0x20018d8c        -       0x00000004   Zero   RW           39    .bss.transmitId     transmitthread.o
    0x20018d90   COMPRESSED   0x00000010   PAD
    0x20018da0        -       0x00000080   Zero   RW           40    .bss.transmitThread.buffer_stream  transmitthread.o
    0x20018e20        -       0x00000004   Zero   RW           41    .bss.uartTxSemaphore  transmitthread.o
    0x20018e24        -       0x00000080   Zero   RW           23    .bss.uart_init.buffer_msgQ  initcom.o
    0x20018ea4        -       0x00000004   Zero   RW         1741    .bss.uwTick         stm32f7xx_hal.o
    0x20018ea8        -       0x00000080   Zero   RW           27    .bss.wifi_init.buffer_msgQ  initcom.o
    0x20018f28        -       0x00000080   Zero   RW           25    .bss.wifi_init.commandBuffer  initcom.o


==============================================================================

Image component sizes


      Code (inc. data)   RO Data    RW Data    ZI Data      Debug   Object Name

       344          0          0          0          0       1808   drivegettersetter.o
       116          0          0         56          5       2831   drivethread.o
         0          0         84          0          0       1789   ftbot.pb.o
       772          0         64          0        384       2358   initcom.o
       256         16          0          0          0        812   irq_armv7m.o
      1182          0          0          0        880      16062   main.o
       204          0          0          0          1       5747   os_systick.o
      1478          0          0          0          0       5767   pb_common.o
      7672         36        412          0          0      16023   pb_decode.o
      4678         24        137          0          0      12133   pb_encode.o
        70          0          0          0          0        793   potentiometervoltage.o
        28          4          0          0          0        541   poticalc.o
       140          0          0          2          0       4680   receiveinit.o
       742         16          6          0        132       4347   receivethread.o
       552          0         46          0          0       2451   retarget_io.o
       240          0          0          0          0       2400   retarget_os_rtos2.o
        56          6          0          0          0        733   rtx_config.o
       230          0          0          0          0       2840   rtx_delay.o
       830          0          0          0          0      11187   rtx_evflags.o
       712          0          0          0          0      26565   rtx_evr.o
      1392          0         11        164          0      19003   rtx_kernel.o
        30          0        268          0      34148       6376   rtx_lib.o
       710          0          0          0          0       2384   rtx_memory.o
       478          0          0          0          0      12703   rtx_mempool.o
      3196          0          0          0          0      15329   rtx_msgqueue.o
      2356          0          0          0          0       9526   rtx_mutex.o
      1594          0          0          0          0       9658   rtx_semaphore.o
       940         10          0          0          0       6986   rtx_system.o
      4558          0          0          0          0      34419   rtx_thread.o
       548          0          0          0          0       9434   rtx_timer.o
        64         26        456          0       3584        904   startup_stm32f746xx.o
        76          0          0          5          4       8074   stm32f7xx_hal.o
      2082          0          0          0          0      11742   stm32f7xx_hal_adc.o
         8          0          0          0          0       8611   stm32f7xx_hal_adc_ex.o
       624          0          0          0          0      10736   stm32f7xx_hal_cortex.o
       204          0          0          0          0       4314   stm32f7xx_hal_crc.o
       214         26          0          0          0       2743   stm32f7xx_hal_crc_ex.o
      2080          8          8          0          0       8781   stm32f7xx_hal_dma.o
      1050          0          0          0          0       5469   stm32f7xx_hal_gpio.o
       976          0          0          0          0      12245   stm32f7xx_hal_msp.o
       198          0          0          0          0       6005   stm32f7xx_hal_pwr_ex.o
      2830          0          0          0          0       8307   stm32f7xx_hal_rcc.o
      2162          0          0          0          0       7530   stm32f7xx_hal_rcc_ex.o
      1570          0          0          0          0      37262   stm32f7xx_hal_tim.o
        24          0          0          0          0      16266   stm32f7xx_hal_tim_ex.o
       236          0          0          0         76       7912   stm32f7xx_hal_timebase_tim.o
      6022         52          0          0          0      26265   stm32f7xx_hal_uart.o
       112          0          0          0          0       1052   stm32f7xx_it.o
        18          0         24          4          0       3414   system_stm32f7xx.o
       520          0         16          0        264       8931   transmitthread.o
       556          0        648        184         32       6504   wifimain.o

    ----------------------------------------------------------------------
     59114        232       2245        420      39552     450752   Object Totals
         0          0         64          0          0          0   (incl. Generated)
      1384          8          1          5         42          0   (incl. Padding)

    ----------------------------------------------------------------------

      Code (inc. data)   RO Data    RW Data    ZI Data      Debug   Library Member Name

       332         12         19          0          8        132   e4ftbotterminal.o
        24          4          0          0          0         84   __2printf.o
        58          0          0          0          0          0   __dczerorl.o
         8          0          0          0          0         68   __main.o
       392          4         17          0          0         92   __printf_flags_ss_wp.o
        14          0          0          0          0         68   __printf_wp.o
         0          0          0          0          0          0   __rtentry.o
        20          0          0          0          0          0   __rtentry2.o
         6          0          0          0          0          0   __rtentry4.o
        94          8          0          0          0          0   __scatter.o
        26          0          0          0          0          0   __scatter_copy.o
        28          0          0          0          0          0   __scatter_zi.o
        72          0          0          0          0         96   _c16rtomb.o
        28          0          0          0          0         68   _chval.o
         6          0          0          0          0          0   _printf_a.o
         6          0          0          0          0          0   _printf_c.o
        44          0          0          0          0        108   _printf_char.o
        48          6          0          0          0         96   _printf_char_common.o
        64          6          0          0          0         84   _printf_char_file_locked.o
        40          0          0          0          0         68   _printf_charcount.o
         6          0          0          0          0          0   _printf_d.o
       120         16          0          0          0         92   _printf_dec.o
         6          0          0          0          0          0   _printf_e.o
         6          0          0          0          0          0   _printf_f.o
      1052          0          0          0          0        148   _printf_fp_dec.o
       764          8         38          0          0        100   _printf_fp_hex.o
       128         16          0          0          0         84   _printf_fp_infnan.o
         6          0          0          0          0          0   _printf_g.o
       148          4         40          0          0        160   _printf_hex_int_ll_ptr.o
         6          0          0          0          0          0   _printf_i.o
       178          0          0          0          0         88   _printf_intcommon.o
        10          0          0          0          0          0   _printf_l.o
         6          0          0          0          0          0   _printf_lc.o
        10          0          0          0          0          0   _printf_ll.o
         6          0          0          0          0          0   _printf_lld.o
         6          0          0          0          0          0   _printf_lli.o
         6          0          0          0          0          0   _printf_llo.o
         6          0          0          0          0          0   _printf_llu.o
         6          0          0          0          0          0   _printf_llx.o
       124         16          0          0          0         92   _printf_longlong_dec.o
         6          0          0          0          0          0   _printf_ls.o
         6          0          0          0          0          0   _printf_n.o
         6          0          0          0          0          0   _printf_o.o
       112          8          0          0          0        124   _printf_oct_int_ll.o
         6          0          0          0          0          0   _printf_p.o
        78          0          0          0          0        108   _printf_pad.o
         0          0          0          0          0          0   _printf_percent.o
         4          0          0          0          0          0   _printf_percent_end.o
         6          0          0          0          0          0   _printf_s.o
        82          0          0          0          0         80   _printf_str.o
        36          0          0          0          0         84   _printf_truncate.o
         6          0          0          0          0          0   _printf_u.o
        44          0          0          0          0        108   _printf_wchar.o
       188          6          8          0          0         92   _printf_wctomb.o
         6          0          0          0          0          0   _printf_x.o
        16          0          0          0          0         68   _snputc.o
       158          0          0          0          0         92   _strtoul.o
        26          0          0          0          0         80   atoi.o
       228          4        148          0          0         96   bigflt0.o
      1936        128          0          0          0        668   btod.o
        10          0          0          0          0         68   defsig_exit.o
        50          0          0          0          0         88   defsig_general.o
        80         58          0          0          0         76   defsig_rtmem_inner.o
        14          0          0          0          0         80   defsig_rtmem_outer.o
        52         38          0          0          0         76   defsig_rtred_inner.o
        14          0          0          0          0         80   defsig_rtred_outer.o
        18          0          0          0          0         80   exit.o
        76          0          0          0          0         88   fclose.o
       144         10          0          0          0        128   fflush_locked.o
       482          0          0          0          0         92   flsbuf.o
       332         10          0          0          0        152   fopen_locked.o
        28          0          0          0          0         68   fputc.o
       248          6          0          0          0         84   fseek.o
        66          0          0          0          0         76   ftell.o
       166          0          0          0          0        144   h1_alloc_threads.o
        82          0          0          0          0        104   h1_extend_threads.o
        10          0          0          0          0         76   h1_final_threads.o
       118          0          0          0          0        108   h1_free_threads.o
        18          0          0          0          0         84   h1_init_threads.o
         6          0          0          0          0        152   heapauxi.o
         4          0          0          0          0        136   hguard.o
         0          0          0          0          0          0   indicate_semi.o
       138          0          0          0          0        168   init_alloc.o
       456         48          0          0          0        116   initio_locked.o
        44         10        272          0          0         76   lc_ctype_c.o
        44         10         28          0          0         76   lc_numeric_c.o
         2          0          0          0          0          0   libinit.o
        46          0          0          0          0          0   libinit2.o
         2          0          0          0          0          0   libshutdown.o
        10          0          0          0          0          0   libshutdown2.o
         8          4          0          0         96         68   libspace.o
       138          0          0          0          0         80   lludiv10.o
       240          0          0          0          0        100   lludivv7m.o
         0          0          0          0          0          0   maybetermalloc2.o
        24          4          0          0          0         84   printf.o
        16          4          0          0          0         76   rt_ctype_table.o
         8          4          0          0          0         68   rt_errno_addr_intlibspace.o
         8          4          0          0          0         68   rt_heap_descriptor_intlibspace.o
         8          4          0          0          0         68   rt_locale_intlibspace.o
        68          0          0          0          0         68   rt_memclr.o
        78          0          0          0          0         80   rt_memclr_w.o
       138          0          0          0          0         68   rt_memcpy_v6.o
       100          0          0          0          0         80   rt_memcpy_w.o
         2          0          0          0          0          0   rtexit.o
        10          0          0          0          0          0   rtexit2.o
       104          0          0          0          0         88   setvbuf_locked.o
        64          6          0          0          0         84   snprintf.o
       264          6          0          0          0        160   stdio.o
         0          0          0         12        252          0   stdio_streams.o
        20          0          0          0          0         68   strchr.o
       124          0          0          0          0         88   strcmpv7m_pel.o
         0          0          0          4          0          0   streamlock.o
       150          0          0          0          0         80   strncmp.o
       112          0          0          0          0         88   strtol.o
        12          4          0          0          0         68   sys_exit.o
        74          0          0          0          0         80   sys_stackheap_outer.o
        14          0          0          0          0         76   sys_wrch.o
        16          0          0          0          0         80   term_alloc.o
         2          0          0          0          0         68   use_no_semi.o
        12          0          0          0          0        116   dretinf.o
        86          4          0          0          0        132   f2d.o
       140          4          0          0          0        132   fnaninf.o
        26          0          0          0          0        116   fpinit.o
         4          0          0          0          0        116   printf1.o
         4          0          0          0          0        116   printf2.o
         0          0          0          0          0          0   usenofp.o
        48          0          0          0          0        124   fpclassify.o

    ----------------------------------------------------------------------
     11774        488        575         16        380       8592   Library Totals
        32          4          5          0         24          0   (incl. Padding)

    ----------------------------------------------------------------------

      Code (inc. data)   RO Data    RW Data    ZI Data      Debug   Library Name

       332         12         19          0          8        132   FTbotLib.lib
     11090        464        551         16        348       7608   c_w.l
       272          8          0          0          0        728   fz_wm.l
        48          0          0          0          0        124   m_wm.l

    ----------------------------------------------------------------------
     11774        488        575         16        380       8592   Library Totals

    ----------------------------------------------------------------------

==============================================================================


      Code (inc. data)   RO Data    RW Data    ZI Data      Debug   

     70888        720       2820        436      39932     453808   Grand Totals
     70888        720       2820         68      39932     453808   ELF Image Totals (compressed)
     70888        720       2820         68          0          0   ROM Totals

==============================================================================

    Total RO  Size (Code + RO Data)                73708 (  71.98kB)
    Total RW  Size (RW Data + ZI Data)             40368 (  39.42kB)
    Total ROM Size (Code + RO Data + RW Data)      73776 (  72.05kB)

==============================================================================

