Component: Arm Compiler for Embedded 6.18 Tool: armlink [5e4cc100]

==============================================================================

Section Cross References

    initmain.o(.text.concatenate4Strings) refers to h1_alloc_threads.o(.text) for malloc
    initmain.o(.text.concatenate4Strings) refers to exit.o(.text) for exit
    initmain.o(.ARM.exidx.text.concatenate4Strings) refers to initmain.o(.text.concatenate4Strings) for [Anonymous Symbol]
    initmain.o(.text.mainThread) refers to initmain.o(.rodata.str1.1) for .L.str.1
    initmain.o(.text.mainThread) refers to initmain.o(.text.concatenate4Strings) for concatenate4Strings
    initmain.o(.ARM.exidx.text.mainThread) refers to initmain.o(.text.mainThread) for [Anonymous Symbol]
    main.o(.text.main) refers to stm32f7xx_hal.o(.text.HAL_Init) for HAL_Init
    main.o(.text.main) refers to main.o(.text.SystemClock_Config) for SystemClock_Config
    main.o(.text.main) refers to main.o(.text.MX_GPIO_Init) for MX_GPIO_Init
    main.o(.text.main) refers to main.o(.text.MX_DMA_Init) for MX_DMA_Init
    main.o(.text.main) refers to main.o(.text.MX_USART6_UART_Init) for MX_USART6_UART_Init
    main.o(.text.main) refers to rtx_kernel.o(.text.osKernelInitialize) for osKernelInitialize
    main.o(.text.main) refers to initmain.o(.text.mainThread) for mainThread
    main.o(.text.main) refers to rtx_thread.o(.text.osThreadNew) for osThreadNew
    main.o(.text.main) refers to rtx_kernel.o(.text.osKernelStart) for osKernelStart
    main.o(.ARM.exidx.text.main) refers to main.o(.text.main) for [Anonymous Symbol]
    main.o(.text.SystemClock_Config) refers to rt_memclr_w.o(.text) for __aeabi_memclr4
    main.o(.text.SystemClock_Config) refers to stm32f7xx_hal_rcc.o(.text.HAL_RCC_OscConfig) for HAL_RCC_OscConfig
    main.o(.text.SystemClock_Config) refers to main.o(.text.Error_Handler) for Error_Handler
    main.o(.text.SystemClock_Config) refers to stm32f7xx_hal_pwr_ex.o(.text.HAL_PWREx_EnableOverDrive) for HAL_PWREx_EnableOverDrive
    main.o(.text.SystemClock_Config) refers to stm32f7xx_hal_rcc.o(.text.HAL_RCC_ClockConfig) for HAL_RCC_ClockConfig
    main.o(.ARM.exidx.text.SystemClock_Config) refers to main.o(.text.SystemClock_Config) for [Anonymous Symbol]
    main.o(.text.MX_GPIO_Init) refers to stm32f7xx_hal_gpio.o(.text.HAL_GPIO_WritePin) for HAL_GPIO_WritePin
    main.o(.text.MX_GPIO_Init) refers to stm32f7xx_hal_gpio.o(.text.HAL_GPIO_Init) for HAL_GPIO_Init
    main.o(.ARM.exidx.text.MX_GPIO_Init) refers to main.o(.text.MX_GPIO_Init) for [Anonymous Symbol]
    main.o(.text.MX_DMA_Init) refers to stm32f7xx_hal_cortex.o(.text.HAL_NVIC_SetPriority) for HAL_NVIC_SetPriority
    main.o(.text.MX_DMA_Init) refers to stm32f7xx_hal_cortex.o(.text.HAL_NVIC_EnableIRQ) for HAL_NVIC_EnableIRQ
    main.o(.ARM.exidx.text.MX_DMA_Init) refers to main.o(.text.MX_DMA_Init) for [Anonymous Symbol]
    main.o(.text.MX_USART6_UART_Init) refers to main.o(.bss.huart6) for huart6
    main.o(.text.MX_USART6_UART_Init) refers to stm32f7xx_hal_uart.o(.text.HAL_UART_Init) for HAL_UART_Init
    main.o(.text.MX_USART6_UART_Init) refers to main.o(.text.Error_Handler) for Error_Handler
    main.o(.ARM.exidx.text.MX_USART6_UART_Init) refers to main.o(.text.MX_USART6_UART_Init) for [Anonymous Symbol]
    main.o(.ARM.exidx.text.Error_Handler) refers to main.o(.text.Error_Handler) for [Anonymous Symbol]
    main.o(.text.HAL_TIM_PeriodElapsedCallback) refers to stm32f7xx_hal.o(.text.HAL_IncTick) for HAL_IncTick
    main.o(.ARM.exidx.text.HAL_TIM_PeriodElapsedCallback) refers to main.o(.text.HAL_TIM_PeriodElapsedCallback) for [Anonymous Symbol]
    stm32f7xx_it.o(.text.TIM6_DAC_IRQHandler) refers to stm32f7xx_hal_timebase_tim.o(.bss.htim6) for htim6
    stm32f7xx_it.o(.text.TIM6_DAC_IRQHandler) refers to stm32f7xx_hal_tim.o(.text.HAL_TIM_IRQHandler) for HAL_TIM_IRQHandler
    stm32f7xx_it.o(.ARM.exidx.text.TIM6_DAC_IRQHandler) refers to stm32f7xx_it.o(.text.TIM6_DAC_IRQHandler) for [Anonymous Symbol]
    stm32f7xx_it.o(.text.DMA2_Stream1_IRQHandler) refers to main.o(.bss.hdma_usart6_rx) for hdma_usart6_rx
    stm32f7xx_it.o(.text.DMA2_Stream1_IRQHandler) refers to stm32f7xx_hal_dma.o(.text.HAL_DMA_IRQHandler) for HAL_DMA_IRQHandler
    stm32f7xx_it.o(.ARM.exidx.text.DMA2_Stream1_IRQHandler) refers to stm32f7xx_it.o(.text.DMA2_Stream1_IRQHandler) for [Anonymous Symbol]
    stm32f7xx_it.o(.text.DMA2_Stream6_IRQHandler) refers to main.o(.bss.hdma_usart6_tx) for hdma_usart6_tx
    stm32f7xx_it.o(.text.DMA2_Stream6_IRQHandler) refers to stm32f7xx_hal_dma.o(.text.HAL_DMA_IRQHandler) for HAL_DMA_IRQHandler
    stm32f7xx_it.o(.ARM.exidx.text.DMA2_Stream6_IRQHandler) refers to stm32f7xx_it.o(.text.DMA2_Stream6_IRQHandler) for [Anonymous Symbol]
    rtx_lib.o(.text._platform_post_stackheap_init) refers to rtx_kernel.o(.text.osKernelInitialize) for osKernelInitialize
[...]
    svcRtxKernelGetState                     0x08004f21   Thumb Code     8  rtx_kernel.o(.text.svcRtxKernelGetState)
    [Anonymous Symbol]                       0x08004f20   Section        0  rtx_kernel.o(.text.svcRtxKernelGetState)
    __arm_cp.6_0                             0x08004f28   Number         4  rtx_kernel.o(.text.svcRtxKernelGetState)
    svcRtxKernelInitialize                   0x08004f2d   Thumb Code   256  rtx_kernel.o(.text.svcRtxKernelInitialize)
    [Anonymous Symbol]                       0x08004f2c   Section        0  rtx_kernel.o(.text.svcRtxKernelInitialize)
    __arm_cp.25_0                            0x0800502c   Number         4  rtx_kernel.o(.text.svcRtxKernelInitialize)
    __arm_cp.25_2                            0x08005030   Number         4  rtx_kernel.o(.text.svcRtxKernelInitialize)
    svcRtxKernelStart                        0x08005035   Thumb Code   104  rtx_kernel.o(.text.svcRtxKernelStart)
    [Anonymous Symbol]                       0x08005034   Section        0  rtx_kernel.o(.text.svcRtxKernelStart)
    __arm_cp.26_0                            0x0800509c   Number         4  rtx_kernel.o(.text.svcRtxKernelStart)
    __arm_cp.26_1                            0x080050a0   Number         4  rtx_kernel.o(.text.svcRtxKernelStart)
    __arm_cp.26_2                            0x080050a4   Number         4  rtx_kernel.o(.text.svcRtxKernelStart)
    __arm_cp.26_3                            0x080050a8   Number         4  rtx_kernel.o(.text.svcRtxKernelStart)
    svcRtxMessageQueueGet                    0x080050ad   Thumb Code   200  rtx_msgqueue.o(.text.svcRtxMessageQueueGet)
    [Anonymous Symbol]                       0x080050ac   Section        0  rtx_msgqueue.o(.text.svcRtxMessageQueueGet)
    __arm_cp.22_0                            0x08005174   Number         4  rtx_msgqueue.o(.text.svcRtxMessageQueueGet)
    svcRtxMessageQueueNew                    0x08005179   Thumb Code   280  rtx_msgqueue.o(.text.svcRtxMessageQueueNew)
    [Anonymous Symbol]                       0x08005178   Section        0  rtx_msgqueue.o(.text.svcRtxMessageQueueNew)
    __arm_cp.1_0                             0x08005290   Number         4  rtx_msgqueue.o(.text.svcRtxMessageQueueNew)
    __arm_cp.1_1                             0x08005294   Number         4  rtx_msgqueue.o(.text.svcRtxMessageQueueNew)
    svcRtxMessageQueuePut                    0x08005299   Thumb Code   168  rtx_msgqueue.o(.text.svcRtxMessageQueuePut)
    [Anonymous Symbol]                       0x08005298   Section        0  rtx_msgqueue.o(.text.svcRtxMessageQueuePut)
    svcRtxMutexAcquire                       0x08005341   Thumb Code   140  rtx_mutex.o(.text.svcRtxMutexAcquire)
    [Anonymous Symbol]                       0x08005340   Section        0  rtx_mutex.o(.text.svcRtxMutexAcquire)
    __arm_cp.10_0                            0x080053cc   Number         4  rtx_mutex.o(.text.svcRtxMutexAcquire)
    svcRtxMutexDelete                        0x080053d1   Thumb Code   176  rtx_mutex.o(.text.svcRtxMutexDelete)
    [Anonymous Symbol]                       0x080053d0   Section        0  rtx_mutex.o(.text.svcRtxMutexDelete)
    svcRtxMutexNew                           0x08005481   Thumb Code   100  rtx_mutex.o(.text.svcRtxMutexNew)
    [Anonymous Symbol]                       0x08005480   Section        0  rtx_mutex.o(.text.svcRtxMutexNew)
    __arm_cp.9_0                             0x080054e4   Number         4  rtx_mutex.o(.text.svcRtxMutexNew)
    svcRtxMutexRelease                       0x080054e9   Thumb Code   176  rtx_mutex.o(.text.svcRtxMutexRelease)
    [Anonymous Symbol]                       0x080054e8   Section        0  rtx_mutex.o(.text.svcRtxMutexRelease)
    __arm_cp.11_0                            0x08005598   Number         4  rtx_mutex.o(.text.svcRtxMutexRelease)
    svcRtxThreadExit                         0x0800559d   Thumb Code    72  rtx_thread.o(.text.svcRtxThreadExit)
    [Anonymous Symbol]                       0x0800559c   Section        0  rtx_thread.o(.text.svcRtxThreadExit)
    __arm_cp.71_0                            0x080055e4   Number         4  rtx_thread.o(.text.svcRtxThreadExit)
    svcRtxThreadNew                          0x080055e9   Thumb Code   484  rtx_thread.o(.text.svcRtxThreadNew)
    [Anonymous Symbol]                       0x080055e8   Section        0  rtx_thread.o(.text.svcRtxThreadNew)
    __arm_cp.19_0                            0x080057cc   Number         4  rtx_thread.o(.text.svcRtxThreadNew)
    __arm_cp.19_1                            0x080057d0   Number         4  rtx_thread.o(.text.svcRtxThreadNew)
    __arm_cp.19_2                            0x080057d4   Number         4  rtx_thread.o(.text.svcRtxThreadNew)
    __arm_cp.19_3                            0x080057d8   Number         4  rtx_thread.o(.text.svcRtxThreadNew)
    __arm_cp.19_4                            0x080057dc   Number         4  rtx_thread.o(.text.svcRtxThreadNew)
    __arm_cp.19_5                            0x080057e0   Number         4  rtx_thread.o(.text.svcRtxThreadNew)
    user_perthread_libspace_free             0x080057e9   Thumb Code    72  rtx_lib.o(.text.user_perthread_libspace_free)
    [Anonymous Symbol]                       0x080057e8   Section        0  rtx_lib.o(.text.user_perthread_libspace_free)
    $v0                                      0x08005830   Number         0  fpinit.o(x$fpl$fpinit)
    x$fpl$fpinit                             0x08005830   Section       26  fpinit.o(x$fpl$fpinit)
    __tagsym$$used.4                         0x0800584c   Number         0  rtx_lib.o(.rodata)
    __tagsym$$used.5                         0x080058bc   Number         0  rtx_lib.o(.rodata)
    DMA_CalcBaseAndBitshift.flagBitshiftOffset 0x0800590c   Data           8  stm32f7xx_hal_dma.o(.rodata.DMA_CalcBaseAndBitshift.flagBitshiftOffset)
    [Anonymous Symbol]                       0x0800590c   Section        0  stm32f7xx_hal_dma.o(.rodata.DMA_CalcBaseAndBitshift.flagBitshiftOffset)
    os_idle_thread_attr                      0x08005918   Data          36  rtx_lib.o(.rodata.os_idle_thread_attr)
    [Anonymous Symbol]                       0x08005918   Section        0  rtx_lib.o(.rodata.os_idle_thread_attr)
    os_timer_mq_attr                         0x0800593c   Data          24  rtx_lib.o(.rodata.os_timer_mq_attr)
    [Anonymous Symbol]                       0x0800593c   Section        0  rtx_lib.o(.rodata.os_timer_mq_attr)
    os_timer_thread_attr                     0x08005954   Data          36  rtx_lib.o(.rodata.os_timer_thread_attr)
    [Anonymous Symbol]                       0x08005954   Section        0  rtx_lib.o(.rodata.os_timer_thread_attr)
    .L.str                                   0x08005978   Data           9  initmain.o(.rodata.str1.1)
    [Anonymous Symbol]                       0x08005978   Section        0  initmain.o(.rodata.str1.1)
    .L.str.1                                 0x08005981   Data           8  initmain.o(.rodata.str1.1)
    .L.str.2                                 0x08005989   Data           3  initmain.o(.rodata.str1.1)
    [Anonymous Symbol]                       0x0800598c   Section        0  rtx_kernel.o(.rodata.str1.4)
    Heap_Mem                                 0x20000000   Data         512  startup_stm32f746xx.o(HEAP)
    HEAP                                     0x20000000   Section      512  startup_stm32f746xx.o(HEAP)
    Stack_Mem                                0x20000200   Data        1024  startup_stm32f746xx.o(STACK)
    STACK                                    0x20000200   Section     1024  startup_stm32f746xx.o(STACK)
    __initial_sp                             0x20000600   Data           0  startup_stm32f746xx.o(STACK)
    .bss                                     0x200100b0   Section       96  libspace.o(.bss)
    os_isr_queue                             0x20010300   Data          64  rtx_lib.o(.bss.os)
    [Anonymous Symbol]                       0x20010300   Section        0  rtx_lib.o(.bss.os)
    os_mem                                   0x20010340   Data       32768  rtx_lib.o(.bss.os)
    PendST                                   0x20018340   Data           1  os_systick.o(.bss.os)
    [Anonymous Symbol]                       0x20018340   Section        0  os_systick.o(.bss.os)
    os_libspace_id                           0x20018344   Data          16  rtx_lib.o(.bss.os.libspace)
    [Anonymous Symbol]                       0x20018344   Section        0  rtx_lib.o(.bss.os.libspace)
    os_libspace                              0x20018354   Data         480  rtx_lib.o(.bss.os.libspace)
    os_timer_mq_cb                           0x20018534   Data          52  rtx_lib.o(.bss.os.msgqueue.cb)
    [Anonymous Symbol]                       0x20018534   Section        0  rtx_lib.o(.bss.os.msgqueue.cb)
    os_timer_mq_data                         0x20018568   Data          80  rtx_lib.o(.bss.os.msgqueue.mem)
    [Anonymous Symbol]                       0x20018568   Section        0  rtx_lib.o(.bss.os.msgqueue.mem)
    os_idle_thread_cb                        0x200185b8   Data          80  rtx_lib.o(.bss.os.thread.cb)
    [Anonymous Symbol]                       0x200185b8   Section        0  rtx_lib.o(.bss.os.thread.cb)
    os_timer_thread_cb                       0x20018608   Data          80  rtx_lib.o(.bss.os.thread.cb)
    os_idle_thread_stack                     0x20018658   Data         512  rtx_lib.o(.bss.os.thread.idle.stack)
    [Anonymous Symbol]                       0x20018658   Section        0  rtx_lib.o(.bss.os.thread.idle.stack)
    os_timer_thread_stack                    0x20018858   Data         512  rtx_lib.o(.bss.os.thread.timer.stack)
    [Anonymous Symbol]                       0x20018858   Section        0  rtx_lib.o(.bss.os.thread.timer.stack)
    os_kernel_is_active.os_kernel_active     0x20018a58   Data           1  rtx_lib.o(.bss.os_kernel_is_active.os_kernel_active)
    [Anonymous Symbol]                       0x20018a58   Section        0  rtx_lib.o(.bss.os_kernel_is_active.os_kernel_active)
    FPCCR                                    0xe000ef34   Number         0  irq_armv7m.o ABSOLUTE

    Global Symbols

    Symbol Name                              Value     Ov Type        Size  Object(Section)

    BuildAttributes$$THM_ISAv4$E$P$D$K$B$S$7EM$VFPi5$EXTD16$VFPS$VFMA$PE$PLD8$A:L22UL41UL21$X:L11$S22US41US21$IEEE1$IW$~IW$USESV6$~STKCKD$USESV7$WCHAR32$ENUMINT$~SHL$OTIME$ROPI$EBA8$UX$STANDARDLIB$REQ8$PRES8$EABIv2 0x00000000   Number         0  anon$$obj.o ABSOLUTE
    .bss.os.evflags.cb$$Base                  - Undefined Weak Reference
    .bss.os.evflags.cb$$Limit                 - Undefined Weak Reference
    .bss.os.mempool.cb$$Base                  - Undefined Weak Reference
    .bss.os.mempool.cb$$Limit                 - Undefined Weak Reference
    .bss.os.mutex.cb$$Base                    - Undefined Weak Reference
    .bss.os.mutex.cb$$Limit                   - Undefined Weak Reference
    .bss.os.semaphore.cb$$Base                - Undefined Weak Reference
    .bss.os.semaphore.cb$$Limit               - Undefined Weak Reference
    .bss.os.timer.cb$$Base                    - Undefined Weak Reference
    .bss.os.timer.cb$$Limit                   - Undefined Weak Reference
    __ARM_exceptions_init                     - Undefined Weak Reference
    __alloca_initialize                       - Undefined Weak Reference
    __arm_preinit_                            - Undefined Weak Reference
    __arm_relocate_pie_                       - Undefined Weak Reference
    __cpp_initialize__aeabi_                  - Undefined Weak Reference
    __cxa_finalize                            - Undefined Weak Reference
    __rt_locale                               - Undefined Weak Reference
    __sigvec_lookup                           - Undefined Weak Reference
    __user_heap_extent                        - Undefined Weak Reference
    _atexit_init                              - Undefined Weak Reference
    _call_atexit_fns                          - Undefined Weak Reference
    _clock_init                               - Undefined Weak Reference
    _fp_trap_init                             - Undefined Weak Reference
    _fp_trap_shutdown                         - Undefined Weak Reference
    _get_lc_collate                           - Undefined Weak Reference
    _get_lc_ctype                             - Undefined Weak Reference
    _get_lc_monetary                          - Undefined Weak Reference
    _get_lc_numeric                           - Undefined Weak Reference
    _get_lc_time                              - Undefined Weak Reference
    _getenv_init                              - Undefined Weak Reference
    _handle_redirection                       - Undefined Weak Reference
    _initio                                   - Undefined Weak Reference
    _rand_init                                - Undefined Weak Reference
    _signal_finish                            - Undefined Weak Reference
    _signal_init                              - Undefined Weak Reference
    _terminateio                              - Undefined Weak Reference
    __Vectors_Size                           0x000001c8   Number         0  startup_stm32f746xx.o ABSOLUTE
    __Vectors                                0x08000000   Data           4  startup_stm32f746xx.o(RESET)
    __Vectors_End                            0x080001c8   Data           0  startup_stm32f746xx.o(RESET)
    __main                                   0x080001c9   Thumb Code     8  __main.o(!!!main)
    __scatterload                            0x080001d1   Thumb Code     0  __scatter.o(!!!scatter)
    __scatterload_rt2                        0x080001d1   Thumb Code    44  __scatter.o(!!!scatter)
    __scatterload_rt2_thumb_only             0x080001d1   Thumb Code     0  __scatter.o(!!!scatter)
    __scatterload_null                       0x080001df   Thumb Code     0  __scatter.o(!!!scatter)
    __scatterload_copy                       0x08000205   Thumb Code    26  __scatter_copy.o(!!handler_copy)
    __scatterload_zeroinit                   0x08000221   Thumb Code    28  __scatter_zi.o(!!handler_zi)
    __rt_lib_init                            0x0800023d   Thumb Code     0  libinit.o(.ARM.Collect$$libinit$$00000000)
    __rt_lib_init_fp_1                       0x0800023f   Thumb Code     0  libinit2.o(.ARM.Collect$$libinit$$00000001)
    __rt_lib_init_heap_2                     0x08000243   Thumb Code     0  libinit2.o(.ARM.Collect$$libinit$$00000007)
    __rt_lib_init_preinit_1                  0x08000243   Thumb Code     0  libinit2.o(.ARM.Collect$$libinit$$00000006)
    __rt_lib_init_relocate_pie_1             0x08000243   Thumb Code     0  libinit2.o(.ARM.Collect$$libinit$$00000004)
    __rt_lib_init_alloca_1                   0x0800024b   Thumb Code     0  libinit2.o(.ARM.Collect$$libinit$$00000030)
    __rt_lib_init_argv_1                     0x0800024b   Thumb Code     0  libinit2.o(.ARM.Collect$$libinit$$0000002E)
    __rt_lib_init_atexit_1                   0x0800024b   Thumb Code     0  libinit2.o(.ARM.Collect$$libinit$$0000001D)
    __rt_lib_init_clock_1                    0x0800024b   Thumb Code     0  libinit2.o(.ARM.Collect$$libinit$$00000023)
    __rt_lib_init_cpp_1                      0x0800024b   Thumb Code     0  libinit2.o(.ARM.Collect$$libinit$$00000034)
    __rt_lib_init_exceptions_1               0x0800024b   Thumb Code     0  libinit2.o(.ARM.Collect$$libinit$$00000032)
    __rt_lib_init_fp_trap_1                  0x0800024b   Thumb Code     0  libinit2.o(.ARM.Collect$$libinit$$00000021)
    __rt_lib_init_getenv_1                   0x0800024b   Thumb Code     0  libinit2.o(.ARM.Collect$$libinit$$00000025)
    __rt_lib_init_heap_1                     0x0800024b   Thumb Code     0  libinit2.o(.ARM.Collect$$libinit$$0000000C)
    __rt_lib_init_lc_collate_1               0x0800024b   Thumb Code     0  libinit2.o(.ARM.Collect$$libinit$$00000013)
    __rt_lib_init_lc_ctype_1                 0x0800024b   Thumb Code     0  libinit2.o(.ARM.Collect$$libinit$$00000015)
    __rt_lib_init_lc_monetary_1              0x0800024b   Thumb Code     0  libinit2.o(.ARM.Collect$$libinit$$00000017)
    __rt_lib_init_lc_numeric_1               0x0800024b   Thumb Code     0  libinit2.o(.ARM.Collect$$libinit$$00000019)
    __rt_lib_init_lc_time_1                  0x0800024b   Thumb Code     0  libinit2.o(.ARM.Collect$$libinit$$0000001B)
    __rt_lib_init_rand_1                     0x0800024b   Thumb Code     0  libinit2.o(.ARM.Collect$$libinit$$00000010)
    __rt_lib_init_return                     0x0800024b   Thumb Code     0  libinit2.o(.ARM.Collect$$libinit$$00000035)
    __rt_lib_init_signal_1                   0x0800024b   Thumb Code     0  libinit2.o(.ARM.Collect$$libinit$$0000001F)
    __rt_lib_init_stdio_1                    0x0800024b   Thumb Code     0  libinit2.o(.ARM.Collect$$libinit$$00000027)
    __rt_lib_init_user_alloc_1               0x0800024b   Thumb Code     0  libinit2.o(.ARM.Collect$$libinit$$0000000E)
    __rt_lib_shutdown                        0x0800024d   Thumb Code     0  libshutdown.o(.ARM.Collect$$libshutdown$$00000000)
    __rt_lib_shutdown_cpp_1                  0x0800024f   Thumb Code     0  libshutdown2.o(.ARM.Collect$$libshutdown$$00000002)
    __rt_lib_shutdown_fp_trap_1              0x0800024f   Thumb Code     0  libshutdown2.o(.ARM.Collect$$libshutdown$$00000007)
    __rt_lib_shutdown_heap_2                 0x0800024f   Thumb Code     0  libshutdown2.o(.ARM.Collect$$libshutdown$$0000000D)
    __rt_lib_shutdown_signal_1               0x0800024f   Thumb Code     0  libshutdown2.o(.ARM.Collect$$libshutdown$$0000000A)
    __rt_lib_shutdown_stdio_1                0x0800024f   Thumb Code     0  libshutdown2.o(.ARM.Collect$$libshutdown$$00000004)
    __rt_lib_shutdown_user_alloc_1           0x0800024f   Thumb Code     0  libshutdown2.o(.ARM.Collect$$libshutdown$$0000000C)
    __rt_lib_shutdown_heap_1                 0x08000253   Thumb Code     0  libshutdown2.o(.ARM.Collect$$libshutdown$$0000000F)
    __rt_lib_shutdown_return                 0x08000253   Thumb Code     0  libshutdown2.o(.ARM.Collect$$libshutdown$$00000010)
    __rt_entry                               0x08000255   Thumb Code     0  __rtentry.o(.ARM.Collect$$rtentry$$00000000)
    __rt_entry_presh_1                       0x08000255   Thumb Code     0  __rtentry2.o(.ARM.Collect$$rtentry$$00000002)
    __rt_entry_sh                            0x08000255   Thumb Code     0  __rtentry4.o(.ARM.Collect$$rtentry$$00000004)
    __rt_entry_postsh_1                      0x0800025b   Thumb Code     0  __rtentry2.o(.ARM.Collect$$rtentry$$00000008)
    __rt_entry_li                            0x08000263   Thumb Code     0  __rtentry2.o(.ARM.Collect$$rtentry$$0000000A)
    __rt_entry_main                          0x08000267   Thumb Code     0  __rtentry2.o(.ARM.Collect$$rtentry$$0000000D)
    __rt_entry_postli_1                      0x08000267   Thumb Code     0  __rtentry2.o(.ARM.Collect$$rtentry$$0000000C)
    __rt_exit                                0x0800026f   Thumb Code     0  rtexit.o(.ARM.Collect$$rtexit$$00000000)
    __rt_exit_ls                             0x08000271   Thumb Code     0  rtexit2.o(.ARM.Collect$$rtexit$$00000003)
    __rt_exit_prels_1                        0x08000271   Thumb Code     0  rtexit2.o(.ARM.Collect$$rtexit$$00000002)
    __rt_exit_exit                           0x08000275   Thumb Code     0  rtexit2.o(.ARM.Collect$$rtexit$$00000004)
    Reset_Handler                            0x0800027d   Thumb Code     8  startup_stm32f746xx.o(.text)
    NMI_Handler                              0x08000285   Thumb Code     2  startup_stm32f746xx.o(.text)
    HardFault_Handler                        0x08000287   Thumb Code     2  startup_stm32f746xx.o(.text)
    MemManage_Handler                        0x08000289   Thumb Code     2  startup_stm32f746xx.o(.text)
    BusFault_Handler                         0x0800028b   Thumb Code     2  startup_stm32f746xx.o(.text)
    UsageFault_Handler                       0x0800028d   Thumb Code     2  startup_stm32f746xx.o(.text)
    DebugMon_Handler                         0x08000291   Thumb Code     2  startup_stm32f746xx.o(.text)
    ADC_IRQHandler                           0x08000297   Thumb Code     0  startup_stm32f746xx.o(.text)
    CAN1_RX0_IRQHandler                      0x08000297   Thumb Code     0  startup_stm32f746xx.o(.text)
    CAN1_RX1_IRQHandler                      0x08000297   Thumb Code     0  startup_stm32f746xx.o(.text)
    CAN1_SCE_IRQHandler                      0x08000297   Thumb Code     0  startup_stm32f746xx.o(.text)
    CAN1_TX_IRQHandler                       0x08000297   Thumb Code     0  startup_stm32f746xx.o(.text)
    CAN2_RX0_IRQHandler                      0x08000297   Thumb Code     0  startup_stm32f746xx.o(.text)
    CAN2_RX1_IRQHandler                      0x08000297   Thumb Code     0  startup_stm32f746xx.o(.text)
    CAN2_SCE_IRQHandler                      0x08000297   Thumb Code     0  startup_stm32f746xx.o(.text)
    CAN2_TX_IRQHandler                       0x08000297   Thumb Code     0  startup_stm32f746xx.o(.text)
    CEC_IRQHandler                           0x08000297   Thumb Code     0  startup_stm32f746xx.o(.text)
    DCMI_IRQHandler                          0x08000297   Thumb Code     0  startup_stm32f746xx.o(.text)
    DMA1_Stream0_IRQHandler                  0x08000297   Thumb Code     0  startup_stm32f746xx.o(.text)
    DMA1_Stream1_IRQHandler                  0x08000297   Thumb Code     0  startup_stm32f746xx.o(.text)
    DMA1_Stream2_IRQHandler                  0x08000297   Thumb Code     0  startup_stm32f746xx.o(.text)
    DMA1_Stream3_IRQHandler                  0x08000297   Thumb Code     0  startup_stm32f746xx.o(.text)
    DMA1_Stream4_IRQHandler                  0x08000297   Thumb Code     0  startup_stm32f746xx.o(.text)
    DMA1_Stream5_IRQHandler                  0x08000297   Thumb Code     0  startup_stm32f746xx.o(.text)
    DMA1_Stream6_IRQHandler                  0x08000297   Thumb Code     0  startup_stm32f746xx.o(.text)
    DMA1_Stream7_IRQHandler                  0x08000297   Thumb Code     0  startup_stm32f746xx.o(.text)
    DMA2D_IRQHandler                         0x08000297   Thumb Code     0  startup_stm32f746xx.o(.text)
    DMA2_Stream0_IRQHandler                  0x08000297   Thumb Code     0  startup_stm32f746xx.o(.text)
    DMA2_Stream2_IRQHandler                  0x08000297   Thumb Code     0  startup_stm32f746xx.o(.text)
    DMA2_Stream3_IRQHandler                  0x08000297   Thumb Code     0  startup_stm32f746xx.o(.text)
    DMA2_Stream4_IRQHandler                  0x08000297   Thumb Code     0  startup_stm32f746xx.o(.text)
    DMA2_Stream5_IRQHandler                  0x08000297   Thumb Code     0  startup_stm32f746xx.o(.text)
    DMA2_Stream7_IRQHandler                  0x08000297   Thumb Code     0  startup_stm32f746xx.o(.text)
    ETH_IRQHandler                           0x08000297   Thumb Code     0  startup_stm32f746xx.o(.text)
    ETH_WKUP_IRQHandler                      0x08000297   Thumb Code     0  startup_stm32f746xx.o(.text)
    EXTI0_IRQHandler                         0x08000297   Thumb Code     0  startup_stm32f746xx.o(.text)
    EXTI15_10_IRQHandler                     0x08000297   Thumb Code     0  startup_stm32f746xx.o(.text)
    EXTI1_IRQHandler                         0x08000297   Thumb Code     0  startup_stm32f746xx.o(.text)
    EXTI2_IRQHandler                         0x08000297   Thumb Code     0  startup_stm32f746xx.o(.text)
    EXTI3_IRQHandler                         0x08000297   Thumb Code     0  startup_stm32f746xx.o(.text)
    EXTI4_IRQHandler                         0x08000297   Thumb Code     0  startup_stm32f746xx.o(.text)
    EXTI9_5_IRQHandler                       0x08000297   Thumb Code     0  startup_stm32f746xx.o(.text)
    FLASH_IRQHandler                         0x08000297   Thumb Code     0  startup_stm32f746xx.o(.text)
    FMC_IRQHandler                           0x08000297   Thumb Code     0  startup_stm32f746xx.o(.text)
    FPU_IRQHandler                           0x08000297   Thumb Code     0  startup_stm32f746xx.o(.text)
    I2C1_ER_IRQHandler                       0x08000297   Thumb Code     0  startup_stm32f746xx.o(.text)
    I2C1_EV_IRQHandler                       0x08000297   Thumb Code     0  startup_stm32f746xx.o(.text)
    I2C2_ER_IRQHandler                       0x08000297   Thumb Code     0  startup_stm32f746xx.o(.text)
    I2C2_EV_IRQHandler                       0x08000297   Thumb Code     0  startup_stm32f746xx.o(.text)
    I2C3_ER_IRQHandler                       0x08000297   Thumb Code     0  startup_stm32f746xx.o(.text)
    I2C3_EV_IRQHandler                       0x08000297   Thumb Code     0  startup_stm32f746xx.o(.text)
    I2C4_ER_IRQHandler                       0x08000297   Thumb Code     0  startup_stm32f746xx.o(.text)
    I2C4_EV_IRQHandler                       0x08000297   Thumb Code     0  startup_stm32f746xx.o(.text)
    LPTIM1_IRQHandler                        0x08000297   Thumb Code     0  startup_stm32f746xx.o(.text)
    LTDC_ER_IRQHandler                       0x08000297   Thumb Code     0  startup_stm32f746xx.o(.text)
    LTDC_IRQHandler                          0x08000297   Thumb Code     0  startup_stm32f746xx.o(.text)
    OTG_FS_IRQHandler                        0x08000297   Thumb Code     0  startup_stm32f746xx.o(.text)
    OTG_FS_WKUP_IRQHandler                   0x08000297   Thumb Code     0  startup_stm32f746xx.o(.text)
    OTG_HS_EP1_IN_IRQHandler                 0x08000297   Thumb Code     0  startup_stm32f746xx.o(.text)
    OTG_HS_EP1_OUT_IRQHandler                0x08000297   Thumb Code     0  startup_stm32f746xx.o(.text)
    OTG_HS_IRQHandler                        0x08000297   Thumb Code     0  startup_stm32f746xx.o(.text)
    OTG_HS_WKUP_IRQHandler                   0x08000297   Thumb Code     0  startup_stm32f746xx.o(.text)
    PVD_IRQHandler                           0x08000297   Thumb Code     0  startup_stm32f746xx.o(.text)
    QUADSPI_IRQHandler                       0x08000297   Thumb Code     0  startup_stm32f746xx.o(.text)
    RCC_IRQHandler                           0x08000297   Thumb Code     0  startup_stm32f746xx.o(.text)
    RNG_IRQHandler                           0x08000297   Thumb Code     0  startup_stm32f746xx.o(.text)
    RTC_Alarm_IRQHandler                     0x08000297   Thumb Code     0  startup_stm32f746xx.o(.text)
    RTC_WKUP_IRQHandler                      0x08000297   Thumb Code     0  startup_stm32f746xx.o(.text)
    SAI1_IRQHandler                          0x08000297   Thumb Code     0  startup_stm32f746xx.o(.text)
    SAI2_IRQHandler                          0x08000297   Thumb Code     0  startup_stm32f746xx.o(.text)
    SDMMC1_IRQHandler                        0x08000297   Thumb Code     0  startup_stm32f746xx.o(.text)
    SPDIF_RX_IRQHandler                      0x08000297   Thumb Code     0  startup_stm32f746xx.o(.text)
    SPI1_IRQHandler                          0x08000297   Thumb Code     0  startup_stm32f746xx.o(.text)
    SPI2_IRQHandler                          0x08000297   Thumb Code     0  startup_stm32f746xx.o(.text)
    SPI3_IRQHandler                          0x08000297   Thumb Code     0  startup_stm32f746xx.o(.text)
    SPI4_IRQHandler                          0x08000297   Thumb Code     0  startup_stm32f746xx.o(.text)
    SPI5_IRQHandler                          0x08000297   Thumb Code     0  startup_stm32f746xx.o(.text)
    SPI6_IRQHandler                          0x08000297   Thumb Code     0  startup_stm32f746xx.o(.text)
    TAMP_STAMP_IRQHandler                    0x08000297   Thumb Code     0  startup_stm32f746xx.o(.text)
    TIM1_BRK_TIM9_IRQHandler                 0x08000297   Thumb Code     0  startup_stm32f746xx.o(.text)
    TIM1_CC_IRQHandler                       0x08000297   Thumb Code     0  startup_stm32f746xx.o(.text)
    TIM1_TRG_COM_TIM11_IRQHandler            0x08000297   Thumb Code     0  startup_stm32f746xx.o(.text)
    TIM1_UP_TIM10_IRQHandler                 0x08000297   Thumb Code     0  startup_stm32f746xx.o(.text)
    TIM2_IRQHandler                          0x08000297   Thumb Code     0  startup_stm32f746xx.o(.text)
    TIM3_IRQHandler                          0x08000297   Thumb Code     0  startup_stm32f746xx.o(.text)
    TIM4_IRQHandler                          0x08000297   Thumb Code     0  startup_stm32f746xx.o(.text)
    TIM5_IRQHandler                          0x08000297   Thumb Code     0  startup_stm32f746xx.o(.text)
    TIM7_IRQHandler                          0x08000297   Thumb Code     0  startup_stm32f746xx.o(.text)
    TIM8_BRK_TIM12_IRQHandler                0x08000297   Thumb Code     0  startup_stm32f746xx.o(.text)
    TIM8_CC_IRQHandler                       0x08000297   Thumb Code     0  startup_stm32f746xx.o(.text)
    TIM8_TRG_COM_TIM14_IRQHandler            0x08000297   Thumb Code     0  startup_stm32f746xx.o(.text)
    TIM8_UP_TIM13_IRQHandler                 0x08000297   Thumb Code     0  startup_stm32f746xx.o(.text)
    UART4_IRQHandler                         0x08000297   Thumb Code     0  startup_stm32f746xx.o(.text)
    UART5_IRQHandler                         0x08000297   Thumb Code     0  startup_stm32f746xx.o(.text)
    UART7_IRQHandler                         0x08000297   Thumb Code     0  startup_stm32f746xx.o(.text)
    UART8_IRQHandler                         0x08000297   Thumb Code     0  startup_stm32f746xx.o(.text)
    USART1_IRQHandler                        0x08000297   Thumb Code     0  startup_stm32f746xx.o(.text)
    USART2_IRQHandler                        0x08000297   Thumb Code     0  startup_stm32f746xx.o(.text)
    USART3_IRQHandler                        0x08000297   Thumb Code     0  startup_stm32f746xx.o(.text)
    USART6_IRQHandler                        0x08000297   Thumb Code     0  startup_stm32f746xx.o(.text)
    WWDG_IRQHandler                          0x08000297   Thumb Code     0  startup_stm32f746xx.o(.text)
    __user_initial_stackheap                 0x08000299   Thumb Code     0  startup_stm32f746xx.o(.text)
    SVC_Handler                              0x080002bd   Thumb Code   152  irq_armv7m.o(.text)
    PendSV_Handler                           0x08000355   Thumb Code    16  irq_armv7m.o(.text)
    SysTick_Handler                          0x08000365   Thumb Code    16  irq_armv7m.o(.text)
    malloc_internal$concurrent               0x08000391   Thumb Code   130  h1_alloc_threads.o(.text)
    malloc                                   0x08000413   Thumb Code    20  h1_alloc_threads.o(.text)
    __aeabi_uldivmod                         0x08000427   Thumb Code     0  lludivv7m.o(.text)
    _ll_udiv                                 0x08000427   Thumb Code   240  lludivv7m.o(.text)
    exit                                     0x08000517   Thumb Code    18  exit.o(.text)
    __aeabi_memcpy                           0x08000529   Thumb Code     0  rt_memcpy_v6.o(.text)
    __rt_memcpy                              0x08000529   Thumb Code   138  rt_memcpy_v6.o(.text)
    _memcpy_lastbytes                        0x0800058f   Thumb Code     0  rt_memcpy_v6.o(.text)
    __aeabi_memclr                           0x080005b3   Thumb Code     0  rt_memclr.o(.text)
    __rt_memclr                              0x080005b3   Thumb Code     0  rt_memclr.o(.text)
    _memset                                  0x080005b7   Thumb Code    64  rt_memclr.o(.text)
    __aeabi_memclr4                          0x080005f7   Thumb Code     0  rt_memclr_w.o(.text)
    __aeabi_memclr8                          0x080005f7   Thumb Code     0  rt_memclr_w.o(.text)
    __rt_memclr_w                            0x080005f7   Thumb Code     0  rt_memclr_w.o(.text)
    _memset_w                                0x080005fb   Thumb Code    74  rt_memclr_w.o(.text)
    __use_two_region_memory                  0x08000645   Thumb Code     2  heapauxi.o(.text)
    __rt_heap_escrow                         0x08000647   Thumb Code     2  heapauxi.o(.text)
    __rt_heap_expand                         0x08000649   Thumb Code     2  heapauxi.o(.text)
    __rt_heap_descriptor                     0x0800064b   Thumb Code    10  rt_heap_descriptor_twolibspace.o(.text)
    __use_no_heap                            0x08000655   Thumb Code     2  hguard.o(.text)
    __heap$guard                             0x08000657   Thumb Code     2  hguard.o(.text)
    _terminate_user_alloc                    0x08000659   Thumb Code     2  init_alloc.o(.text)
    _init_user_alloc                         0x0800065b   Thumb Code     2  init_alloc.o(.text)
    __Heap_Full                              0x0800065d   Thumb Code    34  init_alloc.o(.text)
    __Heap_Broken                            0x0800067f   Thumb Code     6  init_alloc.o(.text)
    _init_alloc                              0x08000685   Thumb Code    94  init_alloc.o(.text)
    __Heap_Initialize                        0x080006e3   Thumb Code    14  h1_init_threads.o(.text)
    __Heap_DescSize                          0x080006f1   Thumb Code     4  h1_init_threads.o(.text)
    free_internal$concurrent                 0x080006f5   Thumb Code    98  h1_free_threads.o(.text)
    free                                     0x08000757   Thumb Code    20  h1_free_threads.o(.text)
    __aeabi_memcpy4                          0x0800076b   Thumb Code     0  rt_memcpy_w.o(.text)
    __aeabi_memcpy8                          0x0800076b   Thumb Code     0  rt_memcpy_w.o(.text)
    __rt_memcpy_w                            0x0800076b   Thumb Code   100  rt_memcpy_w.o(.text)
    _memcpy_lastbytes_aligned                0x080007b3   Thumb Code     0  rt_memcpy_w.o(.text)
    __user_libspace                          0x080007d1   Thumb Code     8  libspace.o(.text)
    __user_perproc_libspace                  0x080007d1   Thumb Code     0  libspace.o(.text)
    _maybe_terminate_alloc                   0x080007d9   Thumb Code     0  maybetermalloc2.o(.text)
    __Heap_ProvideMemory                     0x080007e7   Thumb Code    68  h1_extend_threads.o(.text)
    __rt_SIGRTMEM                            0x0800082b   Thumb Code    14  defsig_rtmem_outer.o(.text)
    _sys_exit                                0x08000839   Thumb Code     8  sys_exit.o(.text)
    __I$use$semihosting                      0x08000845   Thumb Code     0  use_no_semi.o(.text)
    __use_no_semihosting_swi                 0x08000845   Thumb Code     2  use_no_semi.o(.text)
    __semihosting_library_function           0x08000847   Thumb Code     0  indicate_semi.o(.text)
    __user_setup_stackheap                   0x08000847   Thumb Code    74  sys_stackheap_outer.o(.text)
    _terminate_alloc                         0x08000891   Thumb Code    16  term_alloc.o(.text)
    __sig_exit                               0x080008a1   Thumb Code    10  defsig_exit.o(.text)
    __rt_SIGRTMEM_inner                      0x080008ad   Thumb Code    22  defsig_rtmem_inner.o(.text)
    __Heap_Finalize                          0x080008fd   Thumb Code    10  h1_final_threads.o(.text)
    __default_signal_display                 0x08000907   Thumb Code    50  defsig_general.o(.text)
    _ttywrch                                 0x08000939   Thumb Code    14  sys_wrch.o(.text)
    _fp_init                                 0x08000949   Thumb Code    22  rtx_lib.o(.text.$Sub$$_fp_init)
    DMA2_Stream1_IRQHandler                  0x08000961   Thumb Code    16  stm32f7xx_it.o(.text.DMA2_Stream1_IRQHandler)
    DMA2_Stream6_IRQHandler                  0x08000971   Thumb Code    16  stm32f7xx_it.o(.text.DMA2_Stream6_IRQHandler)
    Error_Handler                            0x08000ab9   Thumb Code     6  main.o(.text.Error_Handler)
    HAL_DMA_IRQHandler                       0x08000ac1   Thumb Code   780  stm32f7xx_hal_dma.o(.text.HAL_DMA_IRQHandler)
    HAL_DMA_Init                             0x08000dd1   Thumb Code   346  stm32f7xx_hal_dma.o(.text.HAL_DMA_Init)
    HAL_GPIO_Init                            0x08000f31   Thumb Code  1004  stm32f7xx_hal_gpio.o(.text.HAL_GPIO_Init)
    HAL_GPIO_WritePin                        0x08001321   Thumb Code    42  stm32f7xx_hal_gpio.o(.text.HAL_GPIO_WritePin)
    HAL_GetTick                              0x08001351   Thumb Code    12  stm32f7xx_hal.o(.text.HAL_GetTick)
    HAL_IncTick                              0x08001361   Thumb Code    26  stm32f7xx_hal.o(.text.HAL_IncTick)
    HAL_Init                                 0x08001381   Thumb Code    38  stm32f7xx_hal.o(.text.HAL_Init)
    HAL_InitTick                             0x080013a9   Thumb Code   224  stm32f7xx_hal_timebase_tim.o(.text.HAL_InitTick)
    HAL_MspInit                              0x08001489   Thumb Code    66  stm32f7xx_hal_msp.o(.text.HAL_MspInit)
    HAL_NVIC_EnableIRQ                       0x080014d1   Thumb Code    16  stm32f7xx_hal_cortex.o(.text.HAL_NVIC_EnableIRQ)
    HAL_NVIC_SetPriority                     0x080014e1   Thumb Code    46  stm32f7xx_hal_cortex.o(.text.HAL_NVIC_SetPriority)
    HAL_NVIC_SetPriorityGrouping             0x08001511   Thumb Code    16  stm32f7xx_hal_cortex.o(.text.HAL_NVIC_SetPriorityGrouping)
    HAL_PWREx_EnableOverDrive                0x08001521   Thumb Code   190  stm32f7xx_hal_pwr_ex.o(.text.HAL_PWREx_EnableOverDrive)
    HAL_RCCEx_PeriphCLKConfig                0x080015e1   Thumb Code  2144  stm32f7xx_hal_rcc_ex.o(.text.HAL_RCCEx_PeriphCLKConfig)
    HAL_RCC_ClockConfig                      0x08001e41   Thumb Code   602  stm32f7xx_hal_rcc.o(.text.HAL_RCC_ClockConfig)
    HAL_RCC_GetClockConfig                   0x080020a1   Thumb Code    84  stm32f7xx_hal_rcc.o(.text.HAL_RCC_GetClockConfig)
    HAL_RCC_GetHCLKFreq                      0x080020f9   Thumb Code    12  stm32f7xx_hal_rcc.o(.text.HAL_RCC_GetHCLKFreq)
    HAL_RCC_GetPCLK1Freq                     0x08002109   Thumb Code    34  stm32f7xx_hal_rcc.o(.text.HAL_RCC_GetPCLK1Freq)
    HAL_RCC_GetPCLK2Freq                     0x08002131   Thumb Code    34  stm32f7xx_hal_rcc.o(.text.HAL_RCC_GetPCLK2Freq)
    HAL_RCC_GetSysClockFreq                  0x08002159   Thumb Code   230  stm32f7xx_hal_rcc.o(.text.HAL_RCC_GetSysClockFreq)
    HAL_RCC_OscConfig                        0x08002241   Thumb Code  1774  stm32f7xx_hal_rcc.o(.text.HAL_RCC_OscConfig)
    HAL_TIMEx_Break2Callback                 0x08002931   Thumb Code     8  stm32f7xx_hal_tim_ex.o(.text.HAL_TIMEx_Break2Callback)
    HAL_TIMEx_BreakCallback                  0x08002939   Thumb Code     8  stm32f7xx_hal_tim_ex.o(.text.HAL_TIMEx_BreakCallback)
    HAL_TIMEx_CommutCallback                 0x08002941   Thumb Code     8  stm32f7xx_hal_tim_ex.o(.text.HAL_TIMEx_CommutCallback)
    HAL_TIM_Base_Init                        0x08002949   Thumb Code   132  stm32f7xx_hal_tim.o(.text.HAL_TIM_Base_Init)
    HAL_TIM_Base_MspInit                     0x080029d1   Thumb Code     8  stm32f7xx_hal_tim.o(.text.HAL_TIM_Base_MspInit)
    HAL_TIM_Base_Start_IT                    0x080029d9   Thumb Code   250  stm32f7xx_hal_tim.o(.text.HAL_TIM_Base_Start_IT)
    HAL_TIM_IC_CaptureCallback               0x08002ad9   Thumb Code     8  stm32f7xx_hal_tim.o(.text.HAL_TIM_IC_CaptureCallback)
    HAL_TIM_IRQHandler                       0x08002ae1   Thumb Code   692  stm32f7xx_hal_tim.o(.text.HAL_TIM_IRQHandler)
    HAL_TIM_OC_DelayElapsedCallback          0x08002d99   Thumb Code     8  stm32f7xx_hal_tim.o(.text.HAL_TIM_OC_DelayElapsedCallback)
    HAL_TIM_PWM_PulseFinishedCallback        0x08002da1   Thumb Code     8  stm32f7xx_hal_tim.o(.text.HAL_TIM_PWM_PulseFinishedCallback)
    HAL_TIM_PeriodElapsedCallback            0x08002da9   Thumb Code    34  main.o(.text.HAL_TIM_PeriodElapsedCallback)
    HAL_TIM_TriggerCallback                  0x08002dd1   Thumb Code     8  stm32f7xx_hal_tim.o(.text.HAL_TIM_TriggerCallback)
    HAL_UARTEx_RxEventCallback               0x08002dd9   Thumb Code    12  stm32f7xx_hal_uart.o(.text.HAL_UARTEx_RxEventCallback)
    HAL_UART_AbortCpltCallback               0x08002de9   Thumb Code     8  stm32f7xx_hal_uart.o(.text.HAL_UART_AbortCpltCallback)
    HAL_UART_AbortReceiveCpltCallback        0x08002df1   Thumb Code     8  stm32f7xx_hal_uart.o(.text.HAL_UART_AbortReceiveCpltCallback)
    HAL_UART_AbortTransmitCpltCallback       0x08002df9   Thumb Code     8  stm32f7xx_hal_uart.o(.text.HAL_UART_AbortTransmitCpltCallback)
    HAL_UART_ErrorCallback                   0x08002e01   Thumb Code     8  stm32f7xx_hal_uart.o(.text.HAL_UART_ErrorCallback)
    HAL_UART_Init                            0x08002e09   Thumb Code   190  stm32f7xx_hal_uart.o(.text.HAL_UART_Init)
    HAL_UART_MspInit                         0x08002ec9   Thumb Code   378  stm32f7xx_hal_msp.o(.text.HAL_UART_MspInit)
    HAL_UART_RxCpltCallback                  0x08003049   Thumb Code     8  stm32f7xx_hal_uart.o(.text.HAL_UART_RxCpltCallback)
    HAL_UART_RxHalfCpltCallback              0x08003051   Thumb Code     8  stm32f7xx_hal_uart.o(.text.HAL_UART_RxHalfCpltCallback)
    HAL_UART_TxCpltCallback                  0x08003059   Thumb Code     8  stm32f7xx_hal_uart.o(.text.HAL_UART_TxCpltCallback)
    HAL_UART_TxHalfCpltCallback              0x08003061   Thumb Code     8  stm32f7xx_hal_uart.o(.text.HAL_UART_TxHalfCpltCallback)
    OS_Tick_AcknowledgeIRQ                   0x080032d9   Thumb Code    12  os_systick.o(.text.OS_Tick_AcknowledgeIRQ)
    OS_Tick_Enable                           0x080032e9   Thumb Code    60  os_systick.o(.text.OS_Tick_Enable)
    OS_Tick_GetIRQn                          0x08003329   Thumb Code     6  os_systick.o(.text.OS_Tick_GetIRQn)
    OS_Tick_Setup                            0x08003331   Thumb Code   126  os_systick.o(.text.OS_Tick_Setup)
    SystemClock_Config                       0x080033e9   Thumb Code   192  main.o(.text.SystemClock_Config)
    SystemInit                               0x080034a9   Thumb Code    18  system_stm32f7xx.o(.text.SystemInit)
    TIM6_DAC_IRQHandler                      0x080034c1   Thumb Code    16  stm32f7xx_it.o(.text.TIM6_DAC_IRQHandler)
    TIM_Base_SetConfig                       0x080034d1   Thumb Code   410  stm32f7xx_hal_tim.o(.text.TIM_Base_SetConfig)
    UART_AdvFeatureConfig                    0x08003719   Thumb Code   328  stm32f7xx_hal_uart.o(.text.UART_AdvFeatureConfig)
    UART_CheckIdleState                      0x08003861   Thumb Code   112  stm32f7xx_hal_uart.o(.text.UART_CheckIdleState)
    UART_InitCallbacksToDefault              0x080038d1   Thumb Code   134  stm32f7xx_hal_uart.o(.text.UART_InitCallbacksToDefault)
    UART_SetConfig                           0x08003959   Thumb Code  1242  stm32f7xx_hal_uart.o(.text.UART_SetConfig)
    UART_WaitOnFlagUntilTimeout              0x08003e39   Thumb Code   356  stm32f7xx_hal_uart.o(.text.UART_WaitOnFlagUntilTimeout)
    _mutex_acquire                           0x08004061   Thumb Code    32  rtx_lib.o(.text._mutex_acquire)
    _mutex_free                              0x08004081   Thumb Code    18  rtx_lib.o(.text._mutex_free)
    _mutex_initialize                        0x08004099   Thumb Code    50  rtx_lib.o(.text._mutex_initialize)
    _mutex_release                           0x080040d1   Thumb Code    28  rtx_lib.o(.text._mutex_release)
    _platform_post_stackheap_init            0x080040f1   Thumb Code     8  rtx_lib.o(.text._platform_post_stackheap_init)
    concatenate4Strings                      0x080040f9   Thumb Code   318  initmain.o(.text.concatenate4Strings)
    main                                     0x08004239   Thumb Code   272  main.o(.text.main)
    mainThread                               0x08004349   Thumb Code    38  initmain.o(.text.mainThread)
    osKernelGetState                         0x08004371   Thumb Code    40  rtx_kernel.o(.text.osKernelGetState)
    osKernelInitialize                       0x080043a1   Thumb Code    40  rtx_kernel.o(.text.osKernelInitialize)
    osKernelStart                            0x080043cd   Thumb Code    32  rtx_kernel.o(.text.osKernelStart)
    osMessageQueueGet                        0x080043f1   Thumb Code   108  rtx_msgqueue.o(.text.osMessageQueueGet)
    osMessageQueuePut                        0x08004461   Thumb Code   124  rtx_msgqueue.o(.text.osMessageQueuePut)
    osMutexAcquire                           0x080044e1   Thumb Code    32  rtx_mutex.o(.text.osMutexAcquire)
    osMutexDelete                            0x08004505   Thumb Code    32  rtx_mutex.o(.text.osMutexDelete)
    osMutexNew                               0x08004529   Thumb Code    32  rtx_mutex.o(.text.osMutexNew)
    osMutexRelease                           0x0800454d   Thumb Code    32  rtx_mutex.o(.text.osMutexRelease)
    osRtxErrorNotify                         0x08004571   Thumb Code    48  rtx_config.o(.text.osRtxErrorNotify)
    osRtxIdleThread                          0x080045a1   Thumb Code     8  rtx_config.o(.text.osRtxIdleThread)
    osRtxKernelBeforeInit                    0x080045a9   Thumb Code     2  rtx_kernel.o(.text.osRtxKernelBeforeInit)
    osRtxKernelErrorNotify                   0x080045ab   Thumb Code     4  rtx_kernel.o(.text.osRtxKernelErrorNotify)
    osRtxMemoryAlloc                         0x080045af   Thumb Code   110  rtx_memory.o(.text.osRtxMemoryAlloc)
    osRtxMemoryFree                          0x0800461d   Thumb Code    66  rtx_memory.o(.text.osRtxMemoryFree)
    osRtxMemoryInit                          0x0800465f   Thumb Code    54  rtx_memory.o(.text.osRtxMemoryInit)
    osRtxMemoryPoolAlloc                     0x08004695   Thumb Code    58  rtx_mempool.o(.text.osRtxMemoryPoolAlloc)
    osRtxMemoryPoolFree                      0x080046cf   Thumb Code    74  rtx_mempool.o(.text.osRtxMemoryPoolFree)
    osRtxMemoryPoolInit                      0x08004719   Thumb Code    56  rtx_mempool.o(.text.osRtxMemoryPoolInit)
    osRtxMessageQueueTimerSetup              0x080047fd   Thumb Code    32  rtx_msgqueue.o(.text.osRtxMessageQueueTimerSetup)
    osRtxMutexOwnerRelease                   0x08004821   Thumb Code    72  rtx_mutex.o(.text.osRtxMutexOwnerRelease)
    osRtxMutexOwnerRestore                   0x08004869   Thumb Code    74  rtx_mutex.o(.text.osRtxMutexOwnerRestore)
    osRtxPendSV_Handler                      0x080048b5   Thumb Code   124  rtx_system.o(.text.osRtxPendSV_Handler)
    osRtxPostProcess                         0x08004959   Thumb Code   108  rtx_system.o(.text.osRtxPostProcess)
    osRtxThreadBeforeFree                    0x080049c9   Thumb Code    16  rtx_lib.o(.text.osRtxThreadBeforeFree)
    osRtxThreadDelayRemove                   0x08004a89   Thumb Code    60  rtx_thread.o(.text.osRtxThreadDelayRemove)
    osRtxThreadDelayTick                     0x08004ac5   Thumb Code    76  rtx_thread.o(.text.osRtxThreadDelayTick)
    osRtxThreadDestroy                       0x08004b11   Thumb Code    32  rtx_thread.o(.text.osRtxThreadDestroy)
    osRtxThreadDispatch                      0x08004b31   Thumb Code    84  rtx_thread.o(.text.osRtxThreadDispatch)
    osRtxThreadJoinWakeup                    0x08004bdd   Thumb Code    30  rtx_thread.o(.text.osRtxThreadJoinWakeup)
    osRtxThreadListGet                       0x08004bfb   Thumb Code    18  rtx_thread.o(.text.osRtxThreadListGet)
    osRtxThreadListPut                       0x08004c0d   Thumb Code    44  rtx_thread.o(.text.osRtxThreadListPut)
    osRtxThreadListRemove                    0x08004c39   Thumb Code    20  rtx_thread.o(.text.osRtxThreadListRemove)
    osRtxThreadListSort                      0x08004c4d   Thumb Code    38  rtx_thread.o(.text.osRtxThreadListSort)
    osRtxThreadReadyPut                      0x08004c9d   Thumb Code    16  rtx_thread.o(.text.osRtxThreadReadyPut)
    osRtxThreadRegPtr                        0x08004cad   Thumb Code    20  rtx_thread.o(.text.osRtxThreadRegPtr)
    osRtxThreadStartup                       0x08004cc1   Thumb Code    48  rtx_thread.o(.text.osRtxThreadStartup)
    osRtxThreadSwitch                        0x08004cf5   Thumb Code    28  rtx_thread.o(.text.osRtxThreadSwitch)
    osRtxThreadWaitEnter                     0x08004d15   Thumb Code    56  rtx_thread.o(.text.osRtxThreadWaitEnter)
    osRtxThreadWaitExit                      0x08004d51   Thumb Code    50  rtx_thread.o(.text.osRtxThreadWaitExit)
    osRtxTick_Handler                        0x08004d85   Thumb Code   112  rtx_system.o(.text.osRtxTick_Handler)
    osRtxTimerSetup                          0x08004df9   Thumb Code    24  rtx_timer.o(.text.osRtxTimerSetup)
    osRtxTimerThread                         0x08004e19   Thumb Code    32  rtx_timer.o(.text.osRtxTimerThread)
    osThreadExit                             0x08004eb1   Thumb Code     8  rtx_thread.o(.text.osThreadExit)
    osThreadNew                              0x08004ebd   Thumb Code    40  rtx_thread.o(.text.osThreadNew)
    $Super$$_fp_init                         0x08005831   Thumb Code    26  fpinit.o(x$fpl$fpinit)
    __fplib_config_fpu_vfp                   0x08005849   Thumb Code     0  fpinit.o(x$fpl$fpinit)
    __fplib_config_pureend_doubles           0x08005849   Thumb Code     0  fpinit.o(x$fpl$fpinit)
    osRtxConfig                              0x0800584c   Data         112  rtx_lib.o(.rodata)
    os_cb_sections                           0x080058bc   Data          56  rtx_lib.o(.rodata)
    AHBPrescTable                            0x080058f4   Data          16  system_stm32f7xx.o(.rodata.AHBPrescTable)
    APBPrescTable                            0x08005904   Data           8  system_stm32f7xx.o(.rodata.APBPrescTable)
    osRtxUserSVC                             0x08005914   Data           4  rtx_lib.o(.rodata.osRtxUserSVC)
    Region$$Table$$Base                      0x08005998   Number         0  anon$$obj.o(Region$$Table)
    Region$$Table$$Limit                     0x080059c8   Number         0  anon$$obj.o(Region$$Table)
    SystemCoreClock                          0x20010000   Data           4  system_stm32f7xx.o(.data.SystemCoreClock)
    osRtxInfo                                0x20010004   Data         164  rtx_kernel.o(.data.os)
    uwTickFreq                               0x200100a8   Data           4  stm32f7xx_hal.o(.data.uwTickFreq)
    uwTickPrio                               0x200100ac   Data           4  stm32f7xx_hal.o(.data.uwTickPrio)
    __libspace_start                         0x200100b0   Data          96  libspace.o(.bss)
    __temporary_stack_top$libspace           0x20010110   Data           0  libspace.o(.bss)
    hdma_usart6_rx                           0x20010110   Data         100  main.o(.bss.hdma_usart6_rx)
    hdma_usart6_tx                           0x20010174   Data         100  main.o(.bss.hdma_usart6_tx)
    htim6                                    0x200101d8   Data         112  stm32f7xx_hal_timebase_tim.o(.bss.htim6)
    huart6                                   0x20010248   Data         180  main.o(.bss.huart6)
    .bss.os.msgqueue.cb$$Base                0x20018534   Number         0  rtx_lib.o(.bss.os.msgqueue.cb)
    .bss.os.msgqueue.cb$$Limit               0x20018568   Number         0  rtx_lib.o(.bss.os.msgqueue.cb)
    .bss.os.thread.cb$$Base                  0x200185b8   Number         0  rtx_lib.o(.bss.os.thread.cb)
    .bss.os.thread.cb$$Limit                 0x20018658   Number         0  rtx_lib.o(.bss.os.thread.cb)
    uwTick                                   0x20018a5c   Data           4  stm32f7xx_hal.o(.bss.uwTick)



==============================================================================

Memory Map of the image

  Image Entry point : 0x080001c9

  Load Region LR_IROM1 (Base: 0x08000000, Size: 0x00005a78, Max: 0x00100000, ABSOLUTE)

    Execution Region ER_IROM1 (Exec base: 0x08000000, Load base: 0x08000000, Size: 0x000059c8, Max: 0x00100000, ABSOLUTE)

    Exec Addr    Load Addr    Size         Type   Attr      Idx    E Section Name        Object

    0x08000000   0x08000000   0x000001c8   Data   RO         1235    RESET               startup_stm32f746xx.o
    0x080001c8   0x080001c8   0x00000008   Code   RO         1821  * !!!main             c_wu.l(__main.o)
    0x080001d0   0x080001d0   0x00000034   Code   RO         2042    !!!scatter          c_wu.l(__scatter.o)
    0x08000204   0x08000204   0x0000001a   Code   RO         2044    !!handler_copy      c_wu.l(__scatter_copy.o)
    0x0800021e   0x0800021e   0x00000002   PAD
    0x08000220   0x08000220   0x0000001c   Code   RO         2046    !!handler_zi        c_wu.l(__scatter_zi.o)
    0x0800023c   0x0800023c   0x00000002   Code   RO         1992    .ARM.Collect$$libinit$$00000000  c_wu.l(libinit.o)
    0x0800023e   0x0800023e   0x00000004   Code   RO         1867    .ARM.Collect$$libinit$$00000001  c_wu.l(libinit2.o)
    0x08000242   0x08000242   0x00000000   Code   RO         1870    .ARM.Collect$$libinit$$00000004  c_wu.l(libinit2.o)
    0x08000242   0x08000242   0x00000000   Code   RO         1872    .ARM.Collect$$libinit$$00000006  c_wu.l(libinit2.o)
    0x08000242   0x08000242   0x00000008   Code   RO         1873    .ARM.Collect$$libinit$$00000007  c_wu.l(libinit2.o)
    0x0800024a   0x0800024a   0x00000000   Code   RO         1875    .ARM.Collect$$libinit$$0000000C  c_wu.l(libinit2.o)
    0x0800024a   0x0800024a   0x00000000   Code   RO         1877    .ARM.Collect$$libinit$$0000000E  c_wu.l(libinit2.o)
    0x0800024a   0x0800024a   0x00000000   Code   RO         1879    .ARM.Collect$$libinit$$00000010  c_wu.l(libinit2.o)
    0x0800024a   0x0800024a   0x00000000   Code   RO         1882    .ARM.Collect$$libinit$$00000013  c_wu.l(libinit2.o)
    0x0800024a   0x0800024a   0x00000000   Code   RO         1884    .ARM.Collect$$libinit$$00000015  c_wu.l(libinit2.o)
    0x0800024a   0x0800024a   0x00000000   Code   RO         1886    .ARM.Collect$$libinit$$00000017  c_wu.l(libinit2.o)
    0x0800024a   0x0800024a   0x00000000   Code   RO         1888    .ARM.Collect$$libinit$$00000019  c_wu.l(libinit2.o)
    0x0800024a   0x0800024a   0x00000000   Code   RO         1890    .ARM.Collect$$libinit$$0000001B  c_wu.l(libinit2.o)
    0x0800024a   0x0800024a   0x00000000   Code   RO         1892    .ARM.Collect$$libinit$$0000001D  c_wu.l(libinit2.o)
    0x0800024a   0x0800024a   0x00000000   Code   RO         1894    .ARM.Collect$$libinit$$0000001F  c_wu.l(libinit2.o)
    0x0800024a   0x0800024a   0x00000000   Code   RO         1896    .ARM.Collect$$libinit$$00000021  c_wu.l(libinit2.o)
    0x0800024a   0x0800024a   0x00000000   Code   RO         1898    .ARM.Collect$$libinit$$00000023  c_wu.l(libinit2.o)
    0x0800024a   0x0800024a   0x00000000   Code   RO         1900    .ARM.Collect$$libinit$$00000025  c_wu.l(libinit2.o)
    0x0800024a   0x0800024a   0x00000000   Code   RO         1902    .ARM.Collect$$libinit$$00000027  c_wu.l(libinit2.o)
    0x0800024a   0x0800024a   0x00000000   Code   RO         1906    .ARM.Collect$$libinit$$0000002E  c_wu.l(libinit2.o)
    0x0800024a   0x0800024a   0x00000000   Code   RO         1908    .ARM.Collect$$libinit$$00000030  c_wu.l(libinit2.o)
    0x0800024a   0x0800024a   0x00000000   Code   RO         1910    .ARM.Collect$$libinit$$00000032  c_wu.l(libinit2.o)
    0x0800024a   0x0800024a   0x00000000   Code   RO         1912    .ARM.Collect$$libinit$$00000034  c_wu.l(libinit2.o)
    0x0800024a   0x0800024a   0x00000002   Code   RO         1913    .ARM.Collect$$libinit$$00000035  c_wu.l(libinit2.o)
    0x0800024c   0x0800024c   0x00000002   Code   RO         1993    .ARM.Collect$$libshutdown$$00000000  c_wu.l(libshutdown.o)
    0x0800024e   0x0800024e   0x00000000   Code   RO         2005    .ARM.Collect$$libshutdown$$00000002  c_wu.l(libshutdown2.o)
    0x0800024e   0x0800024e   0x00000000   Code   RO         2007    .ARM.Collect$$libshutdown$$00000004  c_wu.l(libshutdown2.o)
    0x0800024e   0x0800024e   0x00000000   Code   RO         2010    .ARM.Collect$$libshutdown$$00000007  c_wu.l(libshutdown2.o)
    0x0800024e   0x0800024e   0x00000000   Code   RO         2013    .ARM.Collect$$libshutdown$$0000000A  c_wu.l(libshutdown2.o)
    0x0800024e   0x0800024e   0x00000000   Code   RO         2015    .ARM.Collect$$libshutdown$$0000000C  c_wu.l(libshutdown2.o)
    0x0800024e   0x0800024e   0x00000004   Code   RO         2016    .ARM.Collect$$libshutdown$$0000000D  c_wu.l(libshutdown2.o)
    0x08000252   0x08000252   0x00000000   Code   RO         2018    .ARM.Collect$$libshutdown$$0000000F  c_wu.l(libshutdown2.o)
    0x08000252   0x08000252   0x00000002   Code   RO         2019    .ARM.Collect$$libshutdown$$00000010  c_wu.l(libshutdown2.o)
    0x08000254   0x08000254   0x00000000   Code   RO         1825    .ARM.Collect$$rtentry$$00000000  c_wu.l(__rtentry.o)
    0x08000254   0x08000254   0x00000000   Code   RO         1922    .ARM.Collect$$rtentry$$00000002  c_wu.l(__rtentry2.o)
    0x08000254   0x08000254   0x00000006   Code   RO         1934    .ARM.Collect$$rtentry$$00000004  c_wu.l(__rtentry4.o)
    0x0800025a   0x0800025a   0x00000008   Code   RO         1923    .ARM.Collect$$rtentry$$00000008  c_wu.l(__rtentry2.o)
    0x08000262   0x08000262   0x00000004   Code   RO         1925    .ARM.Collect$$rtentry$$0000000A  c_wu.l(__rtentry2.o)
    0x08000266   0x08000266   0x00000000   Code   RO         1927    .ARM.Collect$$rtentry$$0000000C  c_wu.l(__rtentry2.o)
    0x08000266   0x08000266   0x00000008   Code   RO         1928    .ARM.Collect$$rtentry$$0000000D  c_wu.l(__rtentry2.o)
    0x0800026e   0x0800026e   0x00000002   Code   RO         1826    .ARM.Collect$$rtexit$$00000000  c_wu.l(rtexit.o)
    0x08000270   0x08000270   0x00000000   Code   RO         1937    .ARM.Collect$$rtexit$$00000002  c_wu.l(rtexit2.o)
    0x08000270   0x08000270   0x00000004   Code   RO         1938    .ARM.Collect$$rtexit$$00000003  c_wu.l(rtexit2.o)
    0x08000274   0x08000274   0x00000006   Code   RO         1939    .ARM.Collect$$rtexit$$00000004  c_wu.l(rtexit2.o)
    0x0800027a   0x0800027a   0x00000002   PAD
    0x0800027c   0x0800027c   0x00000040   Code   RO         1236    .text               startup_stm32f746xx.o
    0x080002bc   0x080002bc   0x000000c4   Code   RO         1256    .text               RTX_V7MF.lib(irq_armv7m.o)
    0x08000380   0x08000380   0x000000a6   Code   RO         1757    .text               c_wu.l(h1_alloc_threads.o)
    0x08000426   0x08000426   0x000000f0   Code   RO         1809    .text               c_wu.l(lludivv7m.o)
    0x08000516   0x08000516   0x00000012   Code   RO         1811    .text               c_wu.l(exit.o)
    0x08000528   0x08000528   0x0000008a   Code   RO         1813    .text               c_wu.l(rt_memcpy_v6.o)
    0x080005b2   0x080005b2   0x00000044   Code   RO         1815    .text               c_wu.l(rt_memclr.o)
    0x080005f6   0x080005f6   0x0000004e   Code   RO         1817    .text               c_wu.l(rt_memclr_w.o)
    0x08000644   0x08000644   0x00000006   Code   RO         1819    .text               c_wu.l(heapauxi.o)
    0x0800064a   0x0800064a   0x0000000a   Code   RO         1837    .text               c_wu.l(rt_heap_descriptor_twolibspace.o)
    0x08000654   0x08000654   0x00000004   Code   RO         1839    .text               c_wu.l(hguard.o)
    0x08000658   0x08000658   0x0000008a   Code   RO         1841    .text               c_wu.l(init_alloc.o)
    0x080006e2   0x080006e2   0x00000012   Code   RO         1851    .text               c_wu.l(h1_init_threads.o)
    0x080006f4   0x080006f4   0x00000076   Code   RO         1853    .text               c_wu.l(h1_free_threads.o)
    0x0800076a   0x0800076a   0x00000064   Code   RO         1863    .text               c_wu.l(rt_memcpy_w.o)
    0x080007ce   0x080007ce   0x00000002   PAD
    0x080007d0   0x080007d0   0x00000008   Code   RO         1918    .text               c_wu.l(libspace.o)
    0x080007d8   0x080007d8   0x00000000   Code   RO         1948    .text               c_wu.l(maybetermalloc2.o)
    0x080007d8   0x080007d8   0x00000052   Code   RO         1951    .text               c_wu.l(h1_extend_threads.o)
    0x0800082a   0x0800082a   0x0000000e   Code   RO         1953    .text               c_wu.l(defsig_rtmem_outer.o)
    0x08000838   0x08000838   0x0000000c   Code   RO         1962    .text               c_wu.l(sys_exit.o)
    0x08000844   0x08000844   0x00000002   Code   RO         1966    .text               c_wu.l(use_no_semi.o)
    0x08000846   0x08000846   0x00000000   Code   RO         1968    .text               c_wu.l(indicate_semi.o)
    0x08000846   0x08000846   0x0000004a   Code   RO         1969    .text               c_wu.l(sys_stackheap_outer.o)
    0x08000890   0x08000890   0x00000010   Code   RO         1973    .text               c_wu.l(term_alloc.o)
    0x080008a0   0x080008a0   0x0000000a   Code   RO         1975    .text               c_wu.l(defsig_exit.o)
    0x080008aa   0x080008aa   0x00000002   PAD
    0x080008ac   0x080008ac   0x00000050   Code   RO         1981    .text               c_wu.l(defsig_rtmem_inner.o)
    0x080008fc   0x080008fc   0x0000000a   Code   RO         1996    .text               c_wu.l(h1_final_threads.o)
    0x08000906   0x08000906   0x00000032   Code   RO         2000    .text               c_wu.l(defsig_general.o)
    0x08000938   0x08000938   0x0000000e   Code   RO         2020    .text               c_wu.l(sys_wrch.o)
    0x08000946   0x08000946   0x00000002   PAD
    0x08000948   0x08000948   0x00000016   Code   RO           55    .text.$Sub$$_fp_init  rtx_lib.o
    0x0800095e   0x0800095e   0x00000002   PAD
    0x08000960   0x08000960   0x00000010   Code   RO           42    .text.DMA2_Stream1_IRQHandler  stm32f7xx_it.o
    0x08000970   0x08000970   0x00000010   Code   RO           44    .text.DMA2_Stream6_IRQHandler  stm32f7xx_it.o
    0x08000980   0x08000980   0x00000056   Code   RO          275    .text.DMA_CalcBaseAndBitshift  stm32f7xx_hal_dma.o
    0x080009d6   0x080009d6   0x00000002   PAD
    0x080009d8   0x080009d8   0x000000de   Code   RO          273    .text.DMA_CheckFifoParam  stm32f7xx_hal_dma.o
    0x08000ab6   0x08000ab6   0x00000002   PAD
    0x08000ab8   0x08000ab8   0x00000006   Code   RO           25    .text.Error_Handler  main.o
    0x08000abe   0x08000abe   0x00000002   PAD
    0x08000ac0   0x08000ac0   0x0000030c   Code   RO          291    .text.HAL_DMA_IRQHandler  stm32f7xx_hal_dma.o
    0x08000dcc   0x08000dcc   0x00000004   PAD
    0x08000dd0   0x08000dd0   0x0000015a   Code   RO          271    .text.HAL_DMA_Init  stm32f7xx_hal_dma.o
    0x08000f2a   0x08000f2a   0x00000006   PAD
    0x08000f30   0x08000f30   0x000003ec   Code   RO          324    .text.HAL_GPIO_Init  stm32f7xx_hal_gpio.o
    0x0800131c   0x0800131c   0x00000004   PAD
    0x08001320   0x08001320   0x0000002a   Code   RO          330    .text.HAL_GPIO_WritePin  stm32f7xx_hal_gpio.o
    0x0800134a   0x0800134a   0x00000006   PAD
    0x08001350   0x08001350   0x0000000c   Code   RO          144    .text.HAL_GetTick   stm32f7xx_hal.o
    0x0800135c   0x0800135c   0x00000004   PAD
    0x08001360   0x08001360   0x0000001a   Code   RO          142    .text.HAL_IncTick   stm32f7xx_hal.o
    0x0800137a   0x0800137a   0x00000006   PAD
    0x08001380   0x08001380   0x00000026   Code   RO          132    .text.HAL_Init      stm32f7xx_hal.o
    0x080013a6   0x080013a6   0x00000002   PAD
    0x080013a8   0x080013a8   0x000000e0   Code   RO         1220    .text.HAL_InitTick  stm32f7xx_hal_timebase_tim.o
    0x08001488   0x08001488   0x00000042   Code   RO         1207    .text.HAL_MspInit   stm32f7xx_hal_msp.o
    0x080014ca   0x080014ca   0x00000006   PAD
    0x080014d0   0x080014d0   0x00000010   Code   RO          212    .text.HAL_NVIC_EnableIRQ  stm32f7xx_hal_cortex.o
    0x080014e0   0x080014e0   0x0000002e   Code   RO          204    .text.HAL_NVIC_SetPriority  stm32f7xx_hal_cortex.o
    0x0800150e   0x0800150e   0x00000002   PAD
    0x08001510   0x08001510   0x00000010   Code   RO          200    .text.HAL_NVIC_SetPriorityGrouping  stm32f7xx_hal_cortex.o
    0x08001520   0x08001520   0x000000be   Code   RO          404    .text.HAL_PWREx_EnableOverDrive  stm32f7xx_hal_pwr_ex.o
    0x080015de   0x080015de   0x00000002   PAD
    0x080015e0   0x080015e0   0x00000860   Code   RO          456    .text.HAL_RCCEx_PeriphCLKConfig  stm32f7xx_hal_rcc_ex.o
    0x08001e40   0x08001e40   0x0000025a   Code   RO          425    .text.HAL_RCC_ClockConfig  stm32f7xx_hal_rcc.o
    0x0800209a   0x0800209a   0x00000006   PAD
    0x080020a0   0x080020a0   0x00000054   Code   RO          443    .text.HAL_RCC_GetClockConfig  stm32f7xx_hal_rcc.o
    0x080020f4   0x080020f4   0x00000004   PAD
    0x080020f8   0x080020f8   0x0000000c   Code   RO          435    .text.HAL_RCC_GetHCLKFreq  stm32f7xx_hal_rcc.o
    0x08002104   0x08002104   0x00000004   PAD
    0x08002108   0x08002108   0x00000022   Code   RO          437    .text.HAL_RCC_GetPCLK1Freq  stm32f7xx_hal_rcc.o
    0x0800212a   0x0800212a   0x00000006   PAD
    0x08002130   0x08002130   0x00000022   Code   RO          439    .text.HAL_RCC_GetPCLK2Freq  stm32f7xx_hal_rcc.o
    0x08002152   0x08002152   0x00000006   PAD
    0x08002158   0x08002158   0x000000e6   Code   RO          427    .text.HAL_RCC_GetSysClockFreq  stm32f7xx_hal_rcc.o
    0x0800223e   0x0800223e   0x00000002   PAD
    0x08002240   0x08002240   0x000006ee   Code   RO          423    .text.HAL_RCC_OscConfig  stm32f7xx_hal_rcc.o
    0x0800292e   0x0800292e   0x00000002   PAD
    0x08002930   0x08002930   0x00000008   Code   RO          808    .text.HAL_TIMEx_Break2Callback  stm32f7xx_hal_tim_ex.o
    0x08002938   0x08002938   0x00000008   Code   RO          806    .text.HAL_TIMEx_BreakCallback  stm32f7xx_hal_tim_ex.o
    0x08002940   0x08002940   0x00000008   Code   RO          802    .text.HAL_TIMEx_CommutCallback  stm32f7xx_hal_tim_ex.o
    0x08002948   0x08002948   0x00000084   Code   RO          477    .text.HAL_TIM_Base_Init  stm32f7xx_hal_tim.o
    0x080029cc   0x080029cc   0x00000004   PAD
    0x080029d0   0x080029d0   0x00000008   Code   RO          479    .text.HAL_TIM_Base_MspInit  stm32f7xx_hal_tim.o
    0x080029d8   0x080029d8   0x000000fa   Code   RO          491    .text.HAL_TIM_Base_Start_IT  stm32f7xx_hal_tim.o
    0x08002ad2   0x08002ad2   0x00000006   PAD
    0x08002ad8   0x08002ad8   0x00000008   Code   RO          613    .text.HAL_TIM_IC_CaptureCallback  stm32f7xx_hal_tim.o
    0x08002ae0   0x08002ae0   0x000002b4   Code   RO          611    .text.HAL_TIM_IRQHandler  stm32f7xx_hal_tim.o
    0x08002d94   0x08002d94   0x00000004   PAD
    0x08002d98   0x08002d98   0x00000008   Code   RO          615    .text.HAL_TIM_OC_DelayElapsedCallback  stm32f7xx_hal_tim.o
    0x08002da0   0x08002da0   0x00000008   Code   RO          617    .text.HAL_TIM_PWM_PulseFinishedCallback  stm32f7xx_hal_tim.o
    0x08002da8   0x08002da8   0x00000022   Code   RO           27    .text.HAL_TIM_PeriodElapsedCallback  main.o
    0x08002dca   0x08002dca   0x00000006   PAD
    0x08002dd0   0x08002dd0   0x00000008   Code   RO          621    .text.HAL_TIM_TriggerCallback  stm32f7xx_hal_tim.o
    0x08002dd8   0x08002dd8   0x0000000c   Code   RO          867    .text.HAL_UARTEx_RxEventCallback  stm32f7xx_hal_uart.o
    0x08002de4   0x08002de4   0x00000004   PAD
    0x08002de8   0x08002de8   0x00000008   Code   RO          857    .text.HAL_UART_AbortCpltCallback  stm32f7xx_hal_uart.o
    0x08002df0   0x08002df0   0x00000008   Code   RO          861    .text.HAL_UART_AbortReceiveCpltCallback  stm32f7xx_hal_uart.o
    0x08002df8   0x08002df8   0x00000008   Code   RO          859    .text.HAL_UART_AbortTransmitCpltCallback  stm32f7xx_hal_uart.o
    0x08002e00   0x08002e00   0x00000008   Code   RO          855    .text.HAL_UART_ErrorCallback  stm32f7xx_hal_uart.o
    0x08002e08   0x08002e08   0x000000be   Code   RO          821    .text.HAL_UART_Init  stm32f7xx_hal_uart.o
    0x08002ec6   0x08002ec6   0x00000002   PAD
    0x08002ec8   0x08002ec8   0x0000017a   Code   RO         1209    .text.HAL_UART_MspInit  stm32f7xx_hal_msp.o
    0x08003042   0x08003042   0x00000006   PAD
    0x08003048   0x08003048   0x00000008   Code   RO          853    .text.HAL_UART_RxCpltCallback  stm32f7xx_hal_uart.o
    0x08003050   0x08003050   0x00000008   Code   RO          851    .text.HAL_UART_RxHalfCpltCallback  stm32f7xx_hal_uart.o
    0x08003058   0x08003058   0x00000008   Code   RO          849    .text.HAL_UART_TxCpltCallback  stm32f7xx_hal_uart.o
    0x08003060   0x08003060   0x00000008   Code   RO          847    .text.HAL_UART_TxHalfCpltCallback  stm32f7xx_hal_uart.o
    0x08003068   0x08003068   0x00000016   Code   RO         1422    .text.IsIrqMasked   RTX_V7MF.lib(rtx_thread.o)
    0x0800307e   0x0800307e   0x00000002   PAD
    0x08003080   0x08003080   0x0000004c   Code   RO           21    .text.MX_DMA_Init   main.o
    0x080030cc   0x080030cc   0x00000004   PAD
    0x080030d0   0x080030d0   0x0000009c   Code   RO           19    .text.MX_GPIO_Init  main.o
    0x0800316c   0x0800316c   0x00000004   PAD
    0x08003170   0x08003170   0x00000044   Code   RO           23    .text.MX_USART6_UART_Init  main.o
    0x080031b4   0x080031b4   0x00000040   Code   RO         1718    .text.MessageQueueGet  RTX_V7MF.lib(rtx_msgqueue.o)
    0x080031f4   0x080031f4   0x00000058   Code   RO         1714    .text.MessageQueuePut  RTX_V7MF.lib(rtx_msgqueue.o)
    0x0800324c   0x0800324c   0x0000001c   Code   RO         1712    .text.MessageQueueRemove  RTX_V7MF.lib(rtx_msgqueue.o)
    0x08003268   0x08003268   0x0000006c   Code   RO          210    .text.NVIC_EncodePriority  stm32f7xx_hal_cortex.o
    0x080032d4   0x080032d4   0x00000004   PAD
    0x080032d8   0x080032d8   0x0000000c   Code   RO          101    .text.OS_Tick_AcknowledgeIRQ  os_systick.o
    0x080032e4   0x080032e4   0x00000004   PAD
    0x080032e8   0x080032e8   0x0000003c   Code   RO           97    .text.OS_Tick_Enable  os_systick.o
    0x08003324   0x08003324   0x00000004   PAD
    0x08003328   0x08003328   0x00000006   Code   RO          103    .text.OS_Tick_GetIRQn  os_systick.o
    0x0800332e   0x0800332e   0x00000002   PAD
    0x08003330   0x08003330   0x0000007e   Code   RO           95    .text.OS_Tick_Setup  os_systick.o
    0x080033ae   0x080033ae   0x0000000c   Code   RO         1330    .text.OUTLINED_FUNCTION_0  RTX_V7MF.lib(rtx_kernel.o)
    0x080033ba   0x080033ba   0x00000010   Code   RO         1546    .text.OUTLINED_FUNCTION_0  RTX_V7MF.lib(rtx_thread.o)
    0x080033ca   0x080033ca   0x0000000c   Code   RO         1726    .text.OUTLINED_FUNCTION_0  RTX_V7MF.lib(rtx_msgqueue.o)
    0x080033d6   0x080033d6   0x00000006   Code   RO         1332    .text.OUTLINED_FUNCTION_1  RTX_V7MF.lib(rtx_kernel.o)
    0x080033dc   0x080033dc   0x00000006   Code   RO         1728    .text.OUTLINED_FUNCTION_1  RTX_V7MF.lib(rtx_msgqueue.o)
    0x080033e2   0x080033e2   0x00000006   PAD
    0x080033e8   0x080033e8   0x000000c0   Code   RO           17    .text.SystemClock_Config  main.o
    0x080034a8   0x080034a8   0x00000012   Code   RO         1243    .text.SystemInit    system_stm32f7xx.o
    0x080034ba   0x080034ba   0x00000006   PAD
    0x080034c0   0x080034c0   0x00000010   Code   RO           40    .text.TIM6_DAC_IRQHandler  stm32f7xx_it.o
    0x080034d0   0x080034d0   0x0000019a   Code   RO          481    .text.TIM_Base_SetConfig  stm32f7xx_hal_tim.o
    0x0800366a   0x0800366a   0x00000064   Code   RO         1498    .text.ThreadFlagsCheck  RTX_V7MF.lib(rtx_thread.o)
    0x080036ce   0x080036ce   0x00000002   PAD
    0x080036d0   0x080036d0   0x00000048   Code   RO         1588    .text.TimerInsert   RTX_V7MF.lib(rtx_timer.o)
    0x08003718   0x08003718   0x00000148   Code   RO          829    .text.UART_AdvFeatureConfig  stm32f7xx_hal_uart.o
    0x08003860   0x08003860   0x00000070   Code   RO          831    .text.UART_CheckIdleState  stm32f7xx_hal_uart.o
    0x080038d0   0x080038d0   0x00000086   Code   RO          823    .text.UART_InitCallbacksToDefault  stm32f7xx_hal_uart.o
    0x08003956   0x08003956   0x00000002   PAD
    0x08003958   0x08003958   0x000004da   Code   RO          827    .text.UART_SetConfig  stm32f7xx_hal_uart.o
    0x08003e32   0x08003e32   0x00000006   PAD
    0x08003e38   0x08003e38   0x00000164   Code   RO          871    .text.UART_WaitOnFlagUntilTimeout  stm32f7xx_hal_uart.o
    0x08003f9c   0x08003f9c   0x00000004   PAD
    0x08003fa0   0x08003fa0   0x0000002a   Code   RO          214    .text.__NVIC_EnableIRQ  stm32f7xx_hal_cortex.o
    0x08003fca   0x08003fca   0x00000006   PAD
    0x08003fd0   0x08003fd0   0x00000010   Code   RO          206    .text.__NVIC_GetPriorityGrouping  stm32f7xx_hal_cortex.o
    0x08003fe0   0x08003fe0   0x0000003a   Code   RO          208    .text.__NVIC_SetPriority  stm32f7xx_hal_cortex.o
    0x0800401a   0x0800401a   0x00000006   PAD
    0x08004020   0x08004020   0x0000003c   Code   RO          202    .text.__NVIC_SetPriorityGrouping  stm32f7xx_hal_cortex.o
    0x0800405c   0x0800405c   0x00000004   PAD
    0x08004060   0x08004060   0x00000020   Code   RO           67    .text._mutex_acquire  rtx_lib.o
    0x08004080   0x08004080   0x00000012   Code   RO           71    .text._mutex_free   rtx_lib.o
    0x08004092   0x08004092   0x00000006   PAD
    0x08004098   0x08004098   0x00000032   Code   RO           65    .text._mutex_initialize  rtx_lib.o
    0x080040ca   0x080040ca   0x00000006   PAD
    0x080040d0   0x080040d0   0x0000001c   Code   RO           69    .text._mutex_release  rtx_lib.o
    0x080040ec   0x080040ec   0x00000004   PAD
    0x080040f0   0x080040f0   0x00000008   Code   RO           53    .text._platform_post_stackheap_init  rtx_lib.o
    0x080040f8   0x080040f8   0x0000013e   Code   RO            2    .text.concatenate4Strings  initmain.o
    0x08004236   0x08004236   0x00000002   PAD
    0x08004238   0x08004238   0x00000110   Code   RO           15    .text.main          main.o
    0x08004348   0x08004348   0x00000026   Code   RO            4    .text.mainThread    initmain.o
    0x0800436e   0x0800436e   0x00000002   PAD
    0x08004370   0x08004370   0x00000030   Code   RO         1274    .text.osKernelGetState  RTX_V7MF.lib(rtx_kernel.o)
    0x080043a0   0x080043a0   0x0000002c   Code   RO         1268    .text.osKernelInitialize  RTX_V7MF.lib(rtx_kernel.o)
    0x080043cc   0x080043cc   0x00000024   Code   RO         1278    .text.osKernelStart  RTX_V7MF.lib(rtx_kernel.o)
    0x080043f0   0x080043f0   0x00000070   Code   RO         1688    .text.osMessageQueueGet  RTX_V7MF.lib(rtx_msgqueue.o)
    0x08004460   0x08004460   0x00000080   Code   RO         1686    .text.osMessageQueuePut  RTX_V7MF.lib(rtx_msgqueue.o)
    0x080044e0   0x080044e0   0x00000024   Code   RO         1354    .text.osMutexAcquire  RTX_V7MF.lib(rtx_mutex.o)
    0x08004504   0x08004504   0x00000024   Code   RO         1360    .text.osMutexDelete  RTX_V7MF.lib(rtx_mutex.o)
    0x08004528   0x08004528   0x00000024   Code   RO         1348    .text.osMutexNew    RTX_V7MF.lib(rtx_mutex.o)
    0x0800454c   0x0800454c   0x00000024   Code   RO         1356    .text.osMutexRelease  RTX_V7MF.lib(rtx_mutex.o)
    0x08004570   0x08004570   0x00000030   Code   RO          123    .text.osRtxErrorNotify  rtx_config.o
    0x080045a0   0x080045a0   0x00000008   Code   RO          121    .text.osRtxIdleThread  rtx_config.o
    0x080045a8   0x080045a8   0x00000002   Code   RO         1264    .text.osRtxKernelBeforeInit  RTX_V7MF.lib(rtx_kernel.o)
    0x080045aa   0x080045aa   0x00000004   Code   RO         1266    .text.osRtxKernelErrorNotify  RTX_V7MF.lib(rtx_kernel.o)
    0x080045ae   0x080045ae   0x0000006e   Code   RO         1612    .text.osRtxMemoryAlloc  RTX_V7MF.lib(rtx_memory.o)
    0x0800461c   0x0800461c   0x00000042   Code   RO         1614    .text.osRtxMemoryFree  RTX_V7MF.lib(rtx_memory.o)
    0x0800465e   0x0800465e   0x00000036   Code   RO         1610    .text.osRtxMemoryInit  RTX_V7MF.lib(rtx_memory.o)
    0x08004694   0x08004694   0x0000003a   Code   RO         1626    .text.osRtxMemoryPoolAlloc  RTX_V7MF.lib(rtx_mempool.o)
    0x080046ce   0x080046ce   0x0000004a   Code   RO         1628    .text.osRtxMemoryPoolFree  RTX_V7MF.lib(rtx_mempool.o)
    0x08004718   0x08004718   0x00000038   Code   RO         1624    .text.osRtxMemoryPoolInit  RTX_V7MF.lib(rtx_mempool.o)
    0x08004750   0x08004750   0x000000aa   Code   RO         1710    .text.osRtxMessageQueuePostProcess  RTX_V7MF.lib(rtx_msgqueue.o)
    0x080047fa   0x080047fa   0x00000002   PAD
    0x080047fc   0x080047fc   0x00000024   Code   RO         1676    .text.osRtxMessageQueueTimerSetup  RTX_V7MF.lib(rtx_msgqueue.o)
    0x08004820   0x08004820   0x00000048   Code   RO         1344    .text.osRtxMutexOwnerRelease  RTX_V7MF.lib(rtx_mutex.o)
    0x08004868   0x08004868   0x0000004a   Code   RO         1346    .text.osRtxMutexOwnerRestore  RTX_V7MF.lib(rtx_mutex.o)
    0x080048b2   0x080048b2   0x00000002   PAD
    0x080048b4   0x080048b4   0x000000a4   Code   RO         1740    .text.osRtxPendSV_Handler  RTX_V7MF.lib(rtx_system.o)
    0x08004958   0x08004958   0x00000070   Code   RO         1742    .text.osRtxPostProcess  RTX_V7MF.lib(rtx_system.o)
    0x080049c8   0x080049c8   0x00000010   Code   RO           61    .text.osRtxThreadBeforeFree  rtx_lib.o
    0x080049d8   0x080049d8   0x00000034   Code   RO         1400    .text.osRtxThreadBlock  RTX_V7MF.lib(rtx_thread.o)
    0x08004a0c   0x08004a0c   0x0000007c   Code   RO         1406    .text.osRtxThreadDelayInsert  RTX_V7MF.lib(rtx_thread.o)
    0x08004a88   0x08004a88   0x0000003c   Code   RO         1390    .text.osRtxThreadDelayRemove  RTX_V7MF.lib(rtx_thread.o)
    0x08004ac4   0x08004ac4   0x0000004c   Code   RO         1392    .text.osRtxThreadDelayTick  RTX_V7MF.lib(rtx_thread.o)
    0x08004b10   0x08004b10   0x00000020   Code   RO         1410    .text.osRtxThreadDestroy  RTX_V7MF.lib(rtx_thread.o)
    0x08004b30   0x08004b30   0x00000054   Code   RO         1398    .text.osRtxThreadDispatch  RTX_V7MF.lib(rtx_thread.o)
    0x08004b84   0x08004b84   0x00000058   Code   RO         1412    .text.osRtxThreadFree  RTX_V7MF.lib(rtx_thread.o)
    0x08004bdc   0x08004bdc   0x0000001e   Code   RO         1408    .text.osRtxThreadJoinWakeup  RTX_V7MF.lib(rtx_thread.o)
    0x08004bfa   0x08004bfa   0x00000012   Code   RO         1382    .text.osRtxThreadListGet  RTX_V7MF.lib(rtx_thread.o)
    0x08004c0c   0x08004c0c   0x0000002c   Code   RO         1380    .text.osRtxThreadListPut  RTX_V7MF.lib(rtx_thread.o)
    0x08004c38   0x08004c38   0x00000014   Code   RO         1386    .text.osRtxThreadListRemove  RTX_V7MF.lib(rtx_thread.o)
    0x08004c4c   0x08004c4c   0x00000026   Code   RO         1384    .text.osRtxThreadListSort  RTX_V7MF.lib(rtx_thread.o)
    0x08004c72   0x08004c72   0x00000028   Code   RO         1496    .text.osRtxThreadPostProcess  RTX_V7MF.lib(rtx_thread.o)
    0x08004c9a   0x08004c9a   0x00000002   PAD
    0x08004c9c   0x08004c9c   0x00000010   Code   RO         1388    .text.osRtxThreadReadyPut  RTX_V7MF.lib(rtx_thread.o)
    0x08004cac   0x08004cac   0x00000014   Code   RO         1394    .text.osRtxThreadRegPtr  RTX_V7MF.lib(rtx_thread.o)
    0x08004cc0   0x08004cc0   0x00000034   Code   RO         1416    .text.osRtxThreadStartup  RTX_V7MF.lib(rtx_thread.o)
    0x08004cf4   0x08004cf4   0x00000020   Code   RO         1396    .text.osRtxThreadSwitch  RTX_V7MF.lib(rtx_thread.o)
    0x08004d14   0x08004d14   0x0000003c   Code   RO         1404    .text.osRtxThreadWaitEnter  RTX_V7MF.lib(rtx_thread.o)
    0x08004d50   0x08004d50   0x00000032   Code   RO         1402    .text.osRtxThreadWaitExit  RTX_V7MF.lib(rtx_thread.o)
    0x08004d82   0x08004d82   0x00000002   PAD
    0x08004d84   0x08004d84   0x00000074   Code   RO         1738    .text.osRtxTick_Handler  RTX_V7MF.lib(rtx_system.o)
    0x08004df8   0x08004df8   0x00000020   Code   RO         1568    .text.osRtxTimerSetup  RTX_V7MF.lib(rtx_timer.o)
    0x08004e18   0x08004e18   0x00000020   Code   RO         1572    .text.osRtxTimerThread  RTX_V7MF.lib(rtx_timer.o)
    0x08004e38   0x08004e38   0x00000070   Code   RO         1570    .text.osRtxTimerTick  RTX_V7MF.lib(rtx_timer.o)
    0x08004ea8   0x08004ea8   0x00000006   Code   RO         1494    .text.osThreadEntry  RTX_V7MF.lib(rtx_thread.o)
    0x08004eae   0x08004eae   0x00000002   PAD
    0x08004eb0   0x08004eb0   0x0000000c   Code   RO         1460    .text.osThreadExit  RTX_V7MF.lib(rtx_thread.o)
    0x08004ebc   0x08004ebc   0x0000002c   Code   RO         1420    .text.osThreadNew   RTX_V7MF.lib(rtx_thread.o)
    0x08004ee8   0x08004ee8   0x00000036   Code   RO           59    .text.os_kernel_is_active  rtx_lib.o
    0x08004f1e   0x08004f1e   0x00000002   PAD
    0x08004f20   0x08004f20   0x0000000c   Code   RO         1276    .text.svcRtxKernelGetState  RTX_V7MF.lib(rtx_kernel.o)
    0x08004f2c   0x08004f2c   0x00000108   Code   RO         1314    .text.svcRtxKernelInitialize  RTX_V7MF.lib(rtx_kernel.o)
    0x08005034   0x08005034   0x00000078   Code   RO         1316    .text.svcRtxKernelStart  RTX_V7MF.lib(rtx_kernel.o)
    0x080050ac   0x080050ac   0x000000cc   Code   RO         1720    .text.svcRtxMessageQueueGet  RTX_V7MF.lib(rtx_msgqueue.o)
    0x08005178   0x08005178   0x00000120   Code   RO         1678    .text.svcRtxMessageQueueNew  RTX_V7MF.lib(rtx_msgqueue.o)
    0x08005298   0x08005298   0x000000a8   Code   RO         1716    .text.svcRtxMessageQueuePut  RTX_V7MF.lib(rtx_msgqueue.o)
    0x08005340   0x08005340   0x00000090   Code   RO         1364    .text.svcRtxMutexAcquire  RTX_V7MF.lib(rtx_mutex.o)
    0x080053d0   0x080053d0   0x000000b0   Code   RO         1370    .text.svcRtxMutexDelete  RTX_V7MF.lib(rtx_mutex.o)
    0x08005480   0x08005480   0x00000068   Code   RO         1362    .text.svcRtxMutexNew  RTX_V7MF.lib(rtx_mutex.o)
    0x080054e8   0x080054e8   0x000000b4   Code   RO         1366    .text.svcRtxMutexRelease  RTX_V7MF.lib(rtx_mutex.o)
    0x0800559c   0x0800559c   0x0000004c   Code   RO         1522    .text.svcRtxThreadExit  RTX_V7MF.lib(rtx_thread.o)
    0x080055e8   0x080055e8   0x000001fc   Code   RO         1418    .text.svcRtxThreadNew  RTX_V7MF.lib(rtx_thread.o)
    0x080057e4   0x080057e4   0x00000004   PAD
    0x080057e8   0x080057e8   0x00000048   Code   RO           63    .text.user_perthread_libspace_free  rtx_lib.o
    0x08005830   0x08005830   0x0000001a   Code   RO         1823    x$fpl$fpinit        fz_wm.l(fpinit.o)
    0x0800584a   0x0800584a   0x00000002   PAD
    0x0800584c   0x0800584c   0x00000070   Data   RO           77    .rodata             rtx_lib.o
    0x080058bc   0x080058bc   0x00000038   Data   RO           80    .rodata             rtx_lib.o
    0x080058f4   0x080058f4   0x00000010   Data   RO         1248    .rodata.AHBPrescTable  system_stm32f7xx.o
    0x08005904   0x08005904   0x00000008   Data   RO         1249    .rodata.APBPrescTable  system_stm32f7xx.o
    0x0800590c   0x0800590c   0x00000008   Data   RO          301    .rodata.DMA_CalcBaseAndBitshift.flagBitshiftOffset  stm32f7xx_hal_dma.o
    0x08005914   0x08005914   0x00000004   Data   RO           79    .rodata.osRtxUserSVC  rtx_lib.o
    0x08005918   0x08005918   0x00000024   Data   RO           74    .rodata.os_idle_thread_attr  rtx_lib.o
    0x0800593c   0x0800593c   0x00000018   Data   RO           76    .rodata.os_timer_mq_attr  rtx_lib.o
    0x08005954   0x08005954   0x00000024   Data   RO           75    .rodata.os_timer_thread_attr  rtx_lib.o
    0x08005978   0x08005978   0x00000014   Data   RO            6    .rodata.str1.1      initmain.o
    0x0800598c   0x0800598c   0x0000000b   Data   RO         1334    .rodata.str1.4      RTX_V7MF.lib(rtx_kernel.o)
    0x08005997   0x08005997   0x00000001   PAD
    0x08005998   0x08005998   0x00000030   Data   RO         2041    Region$$Table       anon$$obj.o


    Execution Region RW_DTCM (Exec base: 0x20000000, Load base: 0x080059c8, Size: 0x00000600, Max: 0x00010000, ABSOLUTE)

    Exec Addr    Load Addr    Size         Type   Attr      Idx    E Section Name        Object

    0x20000000        -       0x00000200   Zero   RW         1234    HEAP                startup_stm32f746xx.o
    0x20000200        -       0x00000400   Zero   RW         1233    STACK               startup_stm32f746xx.o


    Execution Region RW_SRAM1 (Exec base: 0x20010000, Load base: 0x080059c8, Size: 0x00008a60, Max: 0x00040000, ABSOLUTE)

    Exec Addr    Load Addr    Size         Type   Attr      Idx    E Section Name        Object

    0x20010000   0x080059c8   0x00000004   Data   RW         1247    .data.SystemCoreClock  system_stm32f7xx.o
    0x20010004   0x080059cc   0x000000a4   Data   RW         1335    .data.os            RTX_V7MF.lib(rtx_kernel.o)
    0x200100a8   0x08005a70   0x00000004   Data   RW          191    .data.uwTickFreq    stm32f7xx_hal.o
    0x200100ac   0x08005a74   0x00000004   Data   RW          190    .data.uwTickPrio    stm32f7xx_hal.o
    0x200100b0        -       0x00000060   Zero   RW         1919    .bss                c_wu.l(libspace.o)
    0x20010110        -       0x00000064   Zero   RW           30    .bss.hdma_usart6_rx  main.o
    0x20010174        -       0x00000064   Zero   RW           31    .bss.hdma_usart6_tx  main.o
    0x200101d8        -       0x00000070   Zero   RW         1226    .bss.htim6          stm32f7xx_hal_timebase_tim.o
    0x20010248        -       0x000000b4   Zero   RW           29    .bss.huart6         main.o
    0x200102fc   0x08005a78   0x00000004   PAD
    0x20010300        -       0x00008040   Zero   RW           73    .bss.os             rtx_lib.o
    0x20018340        -       0x00000001   Zero   RW          113    .bss.os             os_systick.o
    0x20018341   0x08005a78   0x00000003   PAD
    0x20018344        -       0x000001f0   Zero   RW           81    .bss.os.libspace    rtx_lib.o
    0x20018534        -       0x00000034   Zero   RW           85    .bss.os.msgqueue.cb  rtx_lib.o
    0x20018568        -       0x00000050   Zero   RW           86    .bss.os.msgqueue.mem  rtx_lib.o
    0x200185b8        -       0x000000a0   Zero   RW           82    .bss.os.thread.cb   rtx_lib.o
    0x20018658        -       0x00000200   Zero   RW           83    .bss.os.thread.idle.stack  rtx_lib.o
    0x20018858        -       0x00000200   Zero   RW           84    .bss.os.thread.timer.stack  rtx_lib.o
    0x20018a58        -       0x00000001   Zero   RW           87    .bss.os_kernel_is_active.os_kernel_active  rtx_lib.o
    0x20018a59   0x08005a78   0x00000003   PAD
    0x20018a5c        -       0x00000004   Zero   RW          192    .bss.uwTick         stm32f7xx_hal.o


==============================================================================

Image component sizes


      Code (inc. data)   RO Data    RW Data    ZI Data      Debug   Object Name

       356          0         20          0          0       1277   initmain.o
       804          0          0          0        380      12960   main.o
       204          0          0          0          1       5721   os_systick.o
        56          6          0          0          0        728   rtx_config.o
       300          0        268          0      34645       8157   rtx_lib.o
        64         26        456          0       1536        900   startup_stm32f746xx.o
        76          0          0          8          4       8039   stm32f7xx_hal.o
       362          0          0          0          0      10681   stm32f7xx_hal_cortex.o
      1434          8          8          0          0       8743   stm32f7xx_hal_dma.o
      1046          0          0          0          0       5463   stm32f7xx_hal_gpio.o
       444          0          0          0          0       7163   stm32f7xx_hal_msp.o
       190          0          0          0          0       5982   stm32f7xx_hal_pwr_ex.o
      2770          0          0          0          0       8291   stm32f7xx_hal_rcc.o
      2144          0          0          0          0       7508   stm32f7xx_hal_rcc_ex.o
      1524          0          0          0          0      37029   stm32f7xx_hal_tim.o
        24          0          0          0          0      16158   stm32f7xx_hal_tim_ex.o
       224          0          0          0        112       7885   stm32f7xx_hal_timebase_tim.o
      2438         38          0          0          0      26127   stm32f7xx_hal_uart.o
        48          0          0          0          0        667   stm32f7xx_it.o
        18          0         24          4          0       3408   system_stm32f7xx.o

    ----------------------------------------------------------------------
     14716         78        824         12      36688     182887   Object Totals
         0          0         48          0          0          0   (incl. Generated)
       190          0          0          0         10          0   (incl. Padding)

    ----------------------------------------------------------------------

      Code (inc. data)   RO Data    RW Data    ZI Data      Debug   Library Member Name

       196         12          0          0          0        712   irq_armv7m.o
       548         44         11        164          0      19332   rtx_kernel.o
       230          0          0          0          0       2808   rtx_memory.o
       188          0          0          0          0      16536   rtx_mempool.o
      1304         24          0          0          0      19223   rtx_msgqueue.o
       894         28          0          0          0      10977   rtx_mutex.o
       392         48          0          0          0       5563   rtx_system.o
      1720         52          0          0          0      38973   rtx_thread.o
       248         16          0          0          0      11024   rtx_timer.o
         8          0          0          0          0         68   __main.o
         0          0          0          0          0          0   __rtentry.o
        20          0          0          0          0          0   __rtentry2.o
         6          0          0          0          0          0   __rtentry4.o
        52          8          0          0          0          0   __scatter.o
        26          0          0          0          0          0   __scatter_copy.o
        28          0          0          0          0          0   __scatter_zi.o
        10          0          0          0          0         68   defsig_exit.o
        50          0          0          0          0         88   defsig_general.o
        80         58          0          0          0         76   defsig_rtmem_inner.o
        14          0          0          0          0         80   defsig_rtmem_outer.o
        18          0          0          0          0         80   exit.o
       166          0          0          0          0        144   h1_alloc_threads.o
        82          0          0          0          0        104   h1_extend_threads.o
        10          0          0          0          0         76   h1_final_threads.o
       118          0          0          0          0        108   h1_free_threads.o
        18          0          0          0          0         84   h1_init_threads.o
         6          0          0          0          0        152   heapauxi.o
         4          0          0          0          0        136   hguard.o
         0          0          0          0          0          0   indicate_semi.o
       138          0          0          0          0        168   init_alloc.o
         2          0          0          0          0          0   libinit.o
        14          0          0          0          0          0   libinit2.o
         2          0          0          0          0          0   libshutdown.o
         6          0          0          0          0          0   libshutdown2.o
         8          4          0          0         96         68   libspace.o
       240          0          0          0          0        100   lludivv7m.o
         0          0          0          0          0          0   maybetermalloc2.o
        10          0          0          0          0         76   rt_heap_descriptor_twolibspace.o
        68          0          0          0          0         68   rt_memclr.o
        78          0          0          0          0         80   rt_memclr_w.o
       138          0          0          0          0         68   rt_memcpy_v6.o
       100          0          0          0          0         80   rt_memcpy_w.o
         2          0          0          0          0          0   rtexit.o
        10          0          0          0          0          0   rtexit2.o
        12          4          0          0          0         68   sys_exit.o
        74          0          0          0          0         80   sys_stackheap_outer.o
        14          0          0          0          0         76   sys_wrch.o
        16          0          0          0          0         80   term_alloc.o
         2          0          0          0          0         68   use_no_semi.o
        26          0          0          0          0        116   fpinit.o

    ----------------------------------------------------------------------
      7432        302         12        164         96     127608   Library Totals
        36          4          1          0          0          0   (incl. Padding)

    ----------------------------------------------------------------------

      Code (inc. data)   RO Data    RW Data    ZI Data      Debug   Library Name

      5720        224         11        164          0     125148   RTX_V7MF.lib
      1650         74          0          0         96       2344   c_wu.l
        26          0          0          0          0        116   fz_wm.l

    ----------------------------------------------------------------------
      7432        302         12        164         96     127608   Library Totals

    ----------------------------------------------------------------------

==============================================================================


      Code (inc. data)   RO Data    RW Data    ZI Data      Debug   

     22148        380        836        176      36784     308779   Grand Totals
     22148        380        836        176      36784     308779   ELF Image Totals
     22148        380        836        176          0          0   ROM Totals

==============================================================================

    Total RO  Size (Code + RO Data)                22984 (  22.45kB)
    Total RW  Size (RW Data + ZI Data)             36960 (  36.09kB)
    Total ROM Size (Code + RO Data + RW Data)      23160 (  22.62kB)

==============================================================================

