Component: Arm Compiler for Embedded 6.22 Tool: armlink [5ee90200]

==============================================================================

Section Cross References

    wifimain.o(.text.mainThread) refers to rtx_mutex.o(.text.osMutexNew) for osMutexNew
    wifimain.o(.text.mainThread) refers to wifimain.o(.bss.driveControlMutId) for driveControlMutId
    wifimain.o(.text.mainThread) refers to wifimain.o(.data.driveDisp) for driveDisp
    wifimain.o(.text.mainThread) refers to e4ftbotterminal.o(.text.E4ftbotTerminalInit) for E4ftbotTerminalInit
    wifimain.o(.text.mainThread) refers to rtx_msgqueue.o(.text.osMessageQueueNew) for osMessageQueueNew
    wifimain.o(.text.mainThread) refers to wifimain.o(.bss.MsgQId_nix) for MsgQId_nix
    wifimain.o(.text.mainThread) refers to receiveinit.o(.text.receive_init) for receive_init
    wifimain.o(.text.mainThread) refers to initcom.o(.text.uart_init) for uart_init
    wifimain.o(.text.mainThread) refers to wifimain.o(.rodata.str1.1) for .L.str
    wifimain.o(.text.mainThread) refers to printf.o(.text) for printf
    wifimain.o(.text.mainThread) refers to initcom.o(.text.wifi_init) for wifi_init
    wifimain.o(.text.mainThread) refers to transmitthread.o(.text.transmitThread) for transmitThread
    wifimain.o(.text.mainThread) refers to rtx_thread.o(.text.osThreadNew) for osThreadNew
    wifimain.o(.text.mainThread) refers to receivethread.o(.text.receiveThread) for receiveThread
    wifimain.o(.text.mainThread) refers to drivethread.o(.text.driveThread) for driveThread
    wifimain.o(.text.mainThread) refers to rtx_thread.o(.text.osThreadGetId) for osThreadGetId
    wifimain.o(.text.mainThread) refers to rtx_thread.o(.text.osThreadSetPriority) for osThreadSetPriority
    wifimain.o(.text.mainThread) refers to rtx_mutex.o(.text.osMutexAcquire) for osMutexAcquire
    wifimain.o(.text.mainThread) refers to drivegettersetter.o(.text.motGetCurrSpeed) for motGetCurrSpeed
    wifimain.o(.text.mainThread) refers to wifimain.o(.bss.driveInfo) for driveInfo
    wifimain.o(.text.mainThread) refers to rtx_mutex.o(.text.osMutexRelease) for osMutexRelease
    wifimain.o(.text.mainThread) refers to e4ftbotterminal.o(.text.E4setPosDisp) for E4setPosDisp
    wifimain.o(.text.mainThread) refers to f2d.o(x$fpl$f2d) for __aeabi_f2d
    wifimain.o(.text.mainThread) refers to rtx_delay.o(.text.osDelay) for osDelay
    wifimain.o(.ARM.exidx.text.mainThread) refers to wifimain.o(.text.mainThread) for [Anonymous Symbol]
    initcom.o(.text.concatenate3Strings) refers to h1_alloc_threads.o(.text) for malloc
    initcom.o(.text.concatenate3Strings) refers to exit.o(.text) for exit
    initcom.o(.ARM.exidx.text.concatenate3Strings) refers to initcom.o(.text.concatenate3Strings) for [Anonymous Symbol]
    initcom.o(.text.uart_init) refers to main.o(.bss.huart2) for huart2
    initcom.o(.text.uart_init) refers to initcom.o(.rodata.uart_init.command) for uart_init.command
    initcom.o(.text.uart_init) refers to stm32f7xx_hal_uart.o(.text.HAL_UART_Transmit) for HAL_UART_Transmit
    initcom.o(.text.uart_init) refers to rtx_delay.o(.text.osDelay) for osDelay
    initcom.o(.text.uart_init) refers to wifimain.o(.bss.MsgQId_nix) for MsgQId_nix
    initcom.o(.text.uart_init) refers to rtx_msgqueue.o(.text.osMessageQueueGetCount) for osMessageQueueGetCount
    initcom.o(.text.uart_init) refers to rtx_msgqueue.o(.text.osMessageQueueGet) for osMessageQueueGet
    initcom.o(.text.uart_init) refers to initcom.o(.bss.uart_init.buffer_msgQ) for uart_init.buffer_msgQ
    initcom.o(.text.uart_init) refers to rtx_msgqueue.o(.text.osMessageQueueReset) for osMessageQueueReset
    initcom.o(.ARM.exidx.text.uart_init) refers to initcom.o(.text.uart_init) for [Anonymous Symbol]
    initcom.o(.text.wifi_init) refers to initcom.o(.rodata.str1.1) for .L.str.1
    initcom.o(.text.wifi_init) refers to initcom.o(.text.concatenate3Strings) for concatenate3Strings
    initcom.o(.text.wifi_init) refers to initcom.o(.bss.wifi_init.commandBuffer) for wifi_init.commandBuffer
    initcom.o(.text.wifi_init) refers to initcom.o(.rodata.wifi_init.udpCommand) for wifi_init.udpCommand
    initcom.o(.text.wifi_init) refers to snprintf.o(.text) for snprintf
    initcom.o(.text.wifi_init) refers to main.o(.bss.huart2) for huart2
    initcom.o(.text.wifi_init) refers to stm32f7xx_hal_uart.o(.text.HAL_UART_Transmit) for HAL_UART_Transmit
    initcom.o(.text.wifi_init) refers to rtx_delay.o(.text.osDelay) for osDelay
    initcom.o(.text.wifi_init) refers to wifimain.o(.bss.MsgQId_nix) for MsgQId_nix
    initcom.o(.text.wifi_init) refers to rtx_msgqueue.o(.text.osMessageQueueGetCount) for osMessageQueueGetCount
    initcom.o(.text.wifi_init) refers to rtx_msgqueue.o(.text.osMessageQueueGet) for osMessageQueueGet
    initcom.o(.text.wifi_init) refers to initcom.o(.bss.wifi_init.buffer_msgQ) for wifi_init.buffer_msgQ
    initcom.o(.ARM.exidx.text.wifi_init) refers to initcom.o(.text.wifi_init) for [Anonymous Symbol]
[...]
    0x08002810   0x08002810   0x00000010   Code   RO          355    .text.DMA1_Stream6_IRQHandler  stm32f7xx_it.o
    0x08002820   0x08002820   0x00000010   Code   RO          361    .text.DMA2_Stream1_IRQHandler  stm32f7xx_it.o
    0x08002830   0x08002830   0x00000010   Code   RO          363    .text.DMA2_Stream6_IRQHandler  stm32f7xx_it.o
    0x08002840   0x08002840   0x00000056   Code   RO         1951    .text.DMA_CalcBaseAndBitshift  stm32f7xx_hal_dma.o
    0x08002896   0x08002896   0x00000002   PAD
    0x08002898   0x08002898   0x000000f0   Code   RO         1949    .text.DMA_CheckFifoParam  stm32f7xx_hal_dma.o
    0x08002988   0x08002988   0x00000050   Code   RO         1957    .text.DMA_SetConfig  stm32f7xx_hal_dma.o
    0x080029d8   0x080029d8   0x000000bc   Code   RO         2954    .text.E4ftbotTerminalInit  FTbotLib.lib(e4ftbotterminal.o)
    0x08002a94   0x08002a94   0x00000028   Code   RO         2958    .text.E4setPosDisp  FTbotLib.lib(e4ftbotterminal.o)
    0x08002abc   0x08002abc   0x00000004   PAD
    0x08002ac0   0x08002ac0   0x00000006   Code   RO          333    .text.Error_Handler  main.o
    0x08002ac6   0x08002ac6   0x00000002   PAD
    0x08002ac8   0x08002ac8   0x00000008   Code   RO          637    .text.EvrRtxDelay   rtx_evr.o
    0x08002ad0   0x08002ad0   0x00000008   Code   RO          645    .text.EvrRtxDelayCompleted  rtx_evr.o
    0x08002ad8   0x08002ad8   0x00000008   Code   RO          635    .text.EvrRtxDelayError  rtx_evr.o
    0x08002ae0   0x08002ae0   0x00000008   Code   RO          641    .text.EvrRtxDelayStarted  rtx_evr.o
    0x08002ae8   0x08002ae8   0x00000008   Code   RO          693    .text.EvrRtxEventFlagsWaitTimeout  rtx_evr.o
    0x08002af0   0x08002af0   0x00000008   Code   RO          481    .text.EvrRtxKernelError  rtx_evr.o
    0x08002af8   0x08002af8   0x0000000a   Code   RO          529    .text.EvrRtxKernelErrorNotify  rtx_evr.o
    0x08002b02   0x08002b02   0x00000006   PAD
    0x08002b08   0x08002b08   0x00000008   Code   RO          491    .text.EvrRtxKernelGetState  rtx_evr.o
    0x08002b10   0x08002b10   0x00000002   Code   RO          483    .text.EvrRtxKernelInitialize  rtx_evr.o
    0x08002b12   0x08002b12   0x00000006   PAD
    0x08002b18   0x08002b18   0x00000002   Code   RO          485    .text.EvrRtxKernelInitialized  rtx_evr.o
    0x08002b1a   0x08002b1a   0x00000006   PAD
    0x08002b20   0x08002b20   0x00000002   Code   RO          493    .text.EvrRtxKernelStart  rtx_evr.o
    0x08002b22   0x08002b22   0x00000006   PAD
    0x08002b28   0x08002b28   0x00000002   Code   RO          495    .text.EvrRtxKernelStarted  rtx_evr.o
    0x08002b2a   0x08002b2a   0x00000006   PAD
    0x08002b30   0x08002b30   0x0000000e   Code   RO          471    .text.EvrRtxMemoryAlloc  rtx_evr.o
    0x08002b3e   0x08002b3e   0x00000002   PAD
    0x08002b40   0x08002b40   0x0000000a   Code   RO          477    .text.EvrRtxMemoryBlockAlloc  rtx_evr.o
    0x08002b4a   0x08002b4a   0x00000006   PAD
    0x08002b50   0x08002b50   0x0000000c   Code   RO          479    .text.EvrRtxMemoryBlockFree  rtx_evr.o
    0x08002b5c   0x08002b5c   0x00000004   PAD
    0x08002b60   0x08002b60   0x0000000e   Code   RO          475    .text.EvrRtxMemoryBlockInit  rtx_evr.o
    0x08002b6e   0x08002b6e   0x00000002   PAD
    0x08002b70   0x08002b70   0x0000000c   Code   RO          473    .text.EvrRtxMemoryFree  rtx_evr.o
    0x08002b7c   0x08002b7c   0x00000004   PAD
    0x08002b80   0x08002b80   0x0000000c   Code   RO          469    .text.EvrRtxMemoryInit  rtx_evr.o
    0x08002b8c   0x08002b8c   0x00000004   PAD
    0x08002b90   0x08002b90   0x00000008   Code   RO          771    .text.EvrRtxMemoryPoolAllocTimeout  rtx_evr.o
    0x08002b98   0x08002b98   0x0000000a   Code   RO          799    .text.EvrRtxMessageQueueCreated  rtx_evr.o
    0x08002ba2   0x08002ba2   0x00000006   PAD
    0x08002ba8   0x08002ba8   0x0000000a   Code   RO          795    .text.EvrRtxMessageQueueError  rtx_evr.o
    0x08002bb2   0x08002bb2   0x00000006   PAD
    0x08002bb8   0x08002bb8   0x0000000e   Code   RO          815    .text.EvrRtxMessageQueueGet  rtx_evr.o
    0x08002bc6   0x08002bc6   0x00000002   PAD
    0x08002bc8   0x08002bc8   0x0000000a   Code   RO          829    .text.EvrRtxMessageQueueGetCount  rtx_evr.o
    0x08002bd2   0x08002bd2   0x00000006   PAD
    0x08002bd8   0x08002bd8   0x0000000c   Code   RO          817    .text.EvrRtxMessageQueueGetPending  rtx_evr.o
    0x08002be4   0x08002be4   0x00000004   PAD
    0x08002be8   0x08002be8   0x00000008   Code   RO          819    .text.EvrRtxMessageQueueGetTimeout  rtx_evr.o
    0x08002bf0   0x08002bf0   0x0000000a   Code   RO          809    .text.EvrRtxMessageQueueInsertPending  rtx_evr.o
    0x08002bfa   0x08002bfa   0x00000006   PAD
    0x08002c00   0x08002c00   0x0000000a   Code   RO          811    .text.EvrRtxMessageQueueInserted  rtx_evr.o
    0x08002c0a   0x08002c0a   0x00000006   PAD
    0x08002c10   0x08002c10   0x0000000c   Code   RO          797    .text.EvrRtxMessageQueueNew  rtx_evr.o
    0x08002c1c   0x08002c1c   0x00000004   PAD
    0x08002c20   0x08002c20   0x0000000a   Code   RO          813    .text.EvrRtxMessageQueueNotInserted  rtx_evr.o
    0x08002c2a   0x08002c2a   0x00000006   PAD
    0x08002c30   0x08002c30   0x0000000a   Code   RO          823    .text.EvrRtxMessageQueueNotRetrieved  rtx_evr.o
    0x08002c3a   0x08002c3a   0x00000006   PAD
    0x08002c40   0x08002c40   0x00000010   Code   RO          803    .text.EvrRtxMessageQueuePut  rtx_evr.o
    0x08002c50   0x08002c50   0x0000000c   Code   RO          805    .text.EvrRtxMessageQueuePutPending  rtx_evr.o
    0x08002c5c   0x08002c5c   0x00000004   PAD
    0x08002c60   0x08002c60   0x00000008   Code   RO          807    .text.EvrRtxMessageQueuePutTimeout  rtx_evr.o
    0x08002c68   0x08002c68   0x00000008   Code   RO          833    .text.EvrRtxMessageQueueReset  rtx_evr.o
    0x08002c70   0x08002c70   0x00000008   Code   RO          835    .text.EvrRtxMessageQueueResetDone  rtx_evr.o
    0x08002c78   0x08002c78   0x0000000a   Code   RO          821    .text.EvrRtxMessageQueueRetrieved  rtx_evr.o
    0x08002c82   0x08002c82   0x00000006   PAD
    0x08002c88   0x08002c88   0x0000000a   Code   RO          711    .text.EvrRtxMutexAcquire  rtx_evr.o
    0x08002c92   0x08002c92   0x00000006   PAD
    0x08002c98   0x08002c98   0x0000000a   Code   RO          713    .text.EvrRtxMutexAcquirePending  rtx_evr.o
    0x08002ca2   0x08002ca2   0x00000006   PAD
    0x08002ca8   0x08002ca8   0x00000008   Code   RO          715    .text.EvrRtxMutexAcquireTimeout  rtx_evr.o
    0x08002cb0   0x08002cb0   0x0000000a   Code   RO          717    .text.EvrRtxMutexAcquired  rtx_evr.o
    0x08002cba   0x08002cba   0x00000006   PAD
    0x08002cc0   0x08002cc0   0x0000000a   Code   RO          707    .text.EvrRtxMutexCreated  rtx_evr.o
    0x08002cca   0x08002cca   0x00000006   PAD
    0x08002cd0   0x08002cd0   0x00000008   Code   RO          727    .text.EvrRtxMutexDelete  rtx_evr.o
    0x08002cd8   0x08002cd8   0x00000008   Code   RO          729    .text.EvrRtxMutexDestroyed  rtx_evr.o
    0x08002ce0   0x08002ce0   0x0000000a   Code   RO          703    .text.EvrRtxMutexError  rtx_evr.o
    0x08002cea   0x08002cea   0x00000006   PAD
    0x08002cf0   0x08002cf0   0x00000008   Code   RO          705    .text.EvrRtxMutexNew  rtx_evr.o
    0x08002cf8   0x08002cf8   0x00000008   Code   RO          719    .text.EvrRtxMutexNotAcquired  rtx_evr.o
    0x08002d00   0x08002d00   0x00000008   Code   RO          721    .text.EvrRtxMutexRelease  rtx_evr.o
    0x08002d08   0x08002d08   0x0000000a   Code   RO          723    .text.EvrRtxMutexReleased  rtx_evr.o
    0x08002d12   0x08002d12   0x00000006   PAD
    0x08002d18   0x08002d18   0x0000000a   Code   RO          739    .text.EvrRtxSemaphoreAcquire  rtx_evr.o
    0x08002d22   0x08002d22   0x00000006   PAD
    0x08002d28   0x08002d28   0x0000000a   Code   RO          741    .text.EvrRtxSemaphoreAcquirePending  rtx_evr.o
    0x08002d32   0x08002d32   0x00000006   PAD
    0x08002d38   0x08002d38   0x00000008   Code   RO          743    .text.EvrRtxSemaphoreAcquireTimeout  rtx_evr.o
    0x08002d40   0x08002d40   0x0000000a   Code   RO          745    .text.EvrRtxSemaphoreAcquired  rtx_evr.o
    0x08002d4a   0x08002d4a   0x00000006   PAD
    0x08002d50   0x08002d50   0x0000000a   Code   RO          735    .text.EvrRtxSemaphoreCreated  rtx_evr.o
    0x08002d5a   0x08002d5a   0x00000006   PAD
    0x08002d60   0x08002d60   0x0000000a   Code   RO          731    .text.EvrRtxSemaphoreError  rtx_evr.o
    0x08002d6a   0x08002d6a   0x00000006   PAD
    0x08002d70   0x08002d70   0x0000000c   Code   RO          733    .text.EvrRtxSemaphoreNew  rtx_evr.o
    0x08002d7c   0x08002d7c   0x00000004   PAD
    0x08002d80   0x08002d80   0x00000008   Code   RO          747    .text.EvrRtxSemaphoreNotAcquired  rtx_evr.o
    0x08002d88   0x08002d88   0x00000008   Code   RO          749    .text.EvrRtxSemaphoreRelease  rtx_evr.o
    0x08002d90   0x08002d90   0x0000000a   Code   RO          751    .text.EvrRtxSemaphoreReleased  rtx_evr.o
    0x08002d9a   0x08002d9a   0x00000006   PAD
    0x08002da0   0x08002da0   0x0000000a   Code   RO          579    .text.EvrRtxThreadBlocked  rtx_evr.o
    0x08002daa   0x08002daa   0x00000006   PAD
    0x08002db0   0x08002db0   0x0000000c   Code   RO          537    .text.EvrRtxThreadCreated  rtx_evr.o
    0x08002dbc   0x08002dbc   0x00000004   PAD
    0x08002dc0   0x08002dc0   0x00000008   Code   RO          591    .text.EvrRtxThreadDestroyed  rtx_evr.o
    0x08002dc8   0x08002dc8   0x0000000a   Code   RO          533    .text.EvrRtxThreadError  rtx_evr.o
    0x08002dd2   0x08002dd2   0x00000006   PAD
    0x08002dd8   0x08002dd8   0x00000002   Code   RO          587    .text.EvrRtxThreadExit  rtx_evr.o
    0x08002dda   0x08002dda   0x00000006   PAD
    0x08002de0   0x08002de0   0x0000000e   Code   RO          631    .text.EvrRtxThreadFlagsWaitCompleted  rtx_evr.o
    0x08002dee   0x08002dee   0x00000002   PAD
    0x08002df0   0x08002df0   0x00000008   Code   RO          629    .text.EvrRtxThreadFlagsWaitTimeout  rtx_evr.o
    0x08002df8   0x08002df8   0x00000008   Code   RO          545    .text.EvrRtxThreadGetId  rtx_evr.o
    0x08002e00   0x08002e00   0x00000008   Code   RO          577    .text.EvrRtxThreadJoined  rtx_evr.o
    0x08002e08   0x08002e08   0x0000000c   Code   RO          535    .text.EvrRtxThreadNew  rtx_evr.o
    0x08002e14   0x08002e14   0x00000004   PAD
    0x08002e18   0x08002e18   0x00000008   Code   RO          583    .text.EvrRtxThreadPreempted  rtx_evr.o
    0x08002e20   0x08002e20   0x0000000a   Code   RO          555    .text.EvrRtxThreadPriorityUpdated  rtx_evr.o
    0x08002e2a   0x08002e2a   0x00000006   PAD
    0x08002e30   0x08002e30   0x0000000a   Code   RO          553    .text.EvrRtxThreadSetPriority  rtx_evr.o
    0x08002e3a   0x08002e3a   0x00000006   PAD
    0x08002e40   0x08002e40   0x00000008   Code   RO          585    .text.EvrRtxThreadSwitched  rtx_evr.o
    0x08002e48   0x08002e48   0x0000000a   Code   RO          581    .text.EvrRtxThreadUnblocked  rtx_evr.o
    0x08002e52   0x08002e52   0x00000006   PAD
    0x08002e58   0x08002e58   0x0000000a   Code   RO          649    .text.EvrRtxTimerCallback  rtx_evr.o
    0x08002e62   0x08002e62   0x00000006   PAD
    0x08002e68   0x08002e68   0x00000008   Code   RO         1825    .text.HAL_ADCEx_InjectedConvCpltCallback  stm32f7xx_hal_adc_ex.o
    0x08002e70   0x08002e70   0x00000296   Code   RO         1786    .text.HAL_ADC_ConfigChannel  stm32f7xx_hal_adc.o
    0x08003106   0x08003106   0x00000002   PAD
    0x08003108   0x08003108   0x00000008   Code   RO         1740    .text.HAL_ADC_ConvCpltCallback  stm32f7xx_hal_adc.o
    0x08003110   0x08003110   0x00000008   Code   RO         1742    .text.HAL_ADC_ConvHalfCpltCallback  stm32f7xx_hal_adc.o
    0x08003118   0x08003118   0x00000008   Code   RO         1746    .text.HAL_ADC_ErrorCallback  stm32f7xx_hal_adc.o
    0x08003120   0x08003120   0x0000000e   Code   RO         1784    .text.HAL_ADC_GetValue  stm32f7xx_hal_adc.o
    0x0800312e   0x0800312e   0x00000002   PAD
    0x08003130   0x08003130   0x000000fa   Code   RO         1738    .text.HAL_ADC_Init  stm32f7xx_hal_adc.o
    0x0800322a   0x0800322a   0x00000006   PAD
    0x08003230   0x08003230   0x00000008   Code   RO         1744    .text.HAL_ADC_LevelOutOfWindowCallback  stm32f7xx_hal_adc.o
    0x08003238   0x08003238   0x00000080   Code   RO         2898    .text.HAL_ADC_MspInit  stm32f7xx_hal_msp.o
    0x080032b8   0x080032b8   0x0000012a   Code   RO         1764    .text.HAL_ADC_PollForConversion  stm32f7xx_hal_adc.o
    0x080033e2   0x080033e2   0x00000006   PAD
    0x080033e8   0x080033e8   0x000001b6   Code   RO         1760    .text.HAL_ADC_Start  stm32f7xx_hal_adc.o
    0x0800359e   0x0800359e   0x00000002   PAD
    0x080035a0   0x080035a0   0x000000d6   Code   RO         1934    .text.HAL_CRCEx_Polynomial_Set  stm32f7xx_hal_crc_ex.o
    0x08003676   0x08003676   0x00000002   PAD
    0x08003678   0x08003678   0x000000cc   Code   RO         1909    .text.HAL_CRC_Init  stm32f7xx_hal_crc.o
    0x08003744   0x08003744   0x00000004   PAD
    0x08003748   0x08003748   0x0000003a   Code   RO         2902    .text.HAL_CRC_MspInit  stm32f7xx_hal_msp.o
    0x08003782   0x08003782   0x00000006   PAD
    0x08003788   0x08003788   0x000000ec   Code   RO         1961    .text.HAL_DMA_Abort  stm32f7xx_hal_dma.o
    0x08003874   0x08003874   0x00000004   PAD
    0x08003878   0x08003878   0x00000044   Code   RO         1963    .text.HAL_DMA_Abort_IT  stm32f7xx_hal_dma.o
    0x080038bc   0x080038bc   0x00000004   PAD
    0x080038c0   0x080038c0   0x0000031e   Code   RO         1967    .text.HAL_DMA_IRQHandler  stm32f7xx_hal_dma.o
    0x08003bde   0x08003bde   0x00000002   PAD
    0x08003be0   0x08003be0   0x0000016e   Code   RO         1947    .text.HAL_DMA_Init  stm32f7xx_hal_dma.o
    0x08003d4e   0x08003d4e   0x00000002   PAD
    0x08003d50   0x08003d50   0x000000ce   Code   RO         1959    .text.HAL_DMA_Start_IT  stm32f7xx_hal_dma.o
    0x08003e1e   0x08003e1e   0x00000002   PAD
    0x08003e20   0x08003e20   0x000003ec   Code   RO         2000    .text.HAL_GPIO_Init  stm32f7xx_hal_gpio.o
    0x0800420c   0x0800420c   0x00000004   PAD
    0x08004210   0x08004210   0x0000000c   Code   RO         1682    .text.HAL_GetTick   stm32f7xx_hal.o
    0x0800421c   0x0800421c   0x00000004   PAD
    0x08004220   0x08004220   0x0000001a   Code   RO         1680    .text.HAL_IncTick   stm32f7xx_hal.o
    0x0800423a   0x0800423a   0x00000006   PAD
    0x08004240   0x08004240   0x00000026   Code   RO         1670    .text.HAL_Init      stm32f7xx_hal.o
    0x08004266   0x08004266   0x00000002   PAD
    0x08004268   0x08004268   0x000000ec   Code   RO         2917    .text.HAL_InitTick  stm32f7xx_hal_timebase_tim.o
    0x08004354   0x08004354   0x00000004   PAD
    0x08004358   0x08004358   0x0000009e   Code   RO         1870    .text.HAL_MPU_ConfigRegion  stm32f7xx_hal_cortex.o
    0x080043f6   0x080043f6   0x00000002   PAD
    0x080043f8   0x080043f8   0x00000022   Code   RO         1866    .text.HAL_MPU_Disable  stm32f7xx_hal_cortex.o
    0x0800441a   0x0800441a   0x00000006   PAD
    0x08004420   0x08004420   0x00000030   Code   RO         1868    .text.HAL_MPU_Enable  stm32f7xx_hal_cortex.o
    0x08004450   0x08004450   0x00000042   Code   RO         2896    .text.HAL_MspInit   stm32f7xx_hal_msp.o
    0x08004492   0x08004492   0x00000006   PAD
    0x08004498   0x08004498   0x00000014   Code   RO         1850    .text.HAL_NVIC_EnableIRQ  stm32f7xx_hal_cortex.o
    0x080044ac   0x080044ac   0x00000004   PAD
    0x080044b0   0x080044b0   0x00000032   Code   RO         1842    .text.HAL_NVIC_SetPriority  stm32f7xx_hal_cortex.o
    0x080044e2   0x080044e2   0x00000006   PAD
    0x080044e8   0x080044e8   0x00000010   Code   RO         1838    .text.HAL_NVIC_SetPriorityGrouping  stm32f7xx_hal_cortex.o
    0x080044f8   0x080044f8   0x000000c6   Code   RO         2080    .text.HAL_PWREx_EnableOverDrive  stm32f7xx_hal_pwr_ex.o
    0x080045be   0x080045be   0x00000002   PAD
    0x080045c0   0x080045c0   0x00000872   Code   RO         2132    .text.HAL_RCCEx_PeriphCLKConfig  stm32f7xx_hal_rcc_ex.o
    0x08004e32   0x08004e32   0x00000006   PAD
    0x08004e38   0x08004e38   0x0000026c   Code   RO         2101    .text.HAL_RCC_ClockConfig  stm32f7xx_hal_rcc.o
    0x080050a4   0x080050a4   0x00000004   PAD
    0x080050a8   0x080050a8   0x00000054   Code   RO         2119    .text.HAL_RCC_GetClockConfig  stm32f7xx_hal_rcc.o
    0x080050fc   0x080050fc   0x00000004   PAD
    0x08005100   0x08005100   0x0000000c   Code   RO         2111    .text.HAL_RCC_GetHCLKFreq  stm32f7xx_hal_rcc.o
    0x0800510c   0x0800510c   0x00000004   PAD
    0x08005110   0x08005110   0x00000022   Code   RO         2113    .text.HAL_RCC_GetPCLK1Freq  stm32f7xx_hal_rcc.o
    0x08005132   0x08005132   0x00000006   PAD
    0x08005138   0x08005138   0x00000022   Code   RO         2115    .text.HAL_RCC_GetPCLK2Freq  stm32f7xx_hal_rcc.o
    0x0800515a   0x0800515a   0x00000006   PAD
    0x08005160   0x08005160   0x000000e6   Code   RO         2103    .text.HAL_RCC_GetSysClockFreq  stm32f7xx_hal_rcc.o
    0x08005246   0x08005246   0x00000002   PAD
    0x08005248   0x08005248   0x00000718   Code   RO         2099    .text.HAL_RCC_OscConfig  stm32f7xx_hal_rcc.o
    0x08005960   0x08005960   0x00000008   Code   RO         2484    .text.HAL_TIMEx_Break2Callback  stm32f7xx_hal_tim_ex.o
    0x08005968   0x08005968   0x00000008   Code   RO         2482    .text.HAL_TIMEx_BreakCallback  stm32f7xx_hal_tim_ex.o
    0x08005970   0x08005970   0x00000008   Code   RO         2478    .text.HAL_TIMEx_CommutCallback  stm32f7xx_hal_tim_ex.o
    0x08005978   0x08005978   0x000000a8   Code   RO         2153    .text.HAL_TIM_Base_Init  stm32f7xx_hal_tim.o
    0x08005a20   0x08005a20   0x00000008   Code   RO         2155    .text.HAL_TIM_Base_MspInit  stm32f7xx_hal_tim.o
    0x08005a28   0x08005a28   0x00000104   Code   RO         2167    .text.HAL_TIM_Base_Start_IT  stm32f7xx_hal_tim.o
    0x08005b2c   0x08005b2c   0x00000004   PAD
    0x08005b30   0x08005b30   0x00000008   Code   RO         2289    .text.HAL_TIM_IC_CaptureCallback  stm32f7xx_hal_tim.o
    0x08005b38   0x08005b38   0x000002b4   Code   RO         2287    .text.HAL_TIM_IRQHandler  stm32f7xx_hal_tim.o
    0x08005dec   0x08005dec   0x00000004   PAD
    0x08005df0   0x08005df0   0x00000008   Code   RO         2291    .text.HAL_TIM_OC_DelayElapsedCallback  stm32f7xx_hal_tim.o
    0x08005df8   0x08005df8   0x00000008   Code   RO         2293    .text.HAL_TIM_PWM_PulseFinishedCallback  stm32f7xx_hal_tim.o
    0x08005e00   0x08005e00   0x00000022   Code   RO          335    .text.HAL_TIM_PeriodElapsedCallback  main.o
    0x08005e22   0x08005e22   0x00000006   PAD
    0x08005e28   0x08005e28   0x00000008   Code   RO         2297    .text.HAL_TIM_TriggerCallback  stm32f7xx_hal_tim.o
    0x08005e30   0x08005e30   0x0000000c   Code   RO         2543    .text.HAL_UARTEx_RxEventCallback  stm32f7xx_hal_uart.o
    0x08005e3c   0x08005e3c   0x00000004   PAD
    0x08005e40   0x08005e40   0x00000008   Code   RO         2533    .text.HAL_UART_AbortCpltCallback  stm32f7xx_hal_uart.o
    0x08005e48   0x08005e48   0x00000008   Code   RO         2537    .text.HAL_UART_AbortReceiveCpltCallback  stm32f7xx_hal_uart.o
    0x08005e50   0x08005e50   0x00000008   Code   RO         2535    .text.HAL_UART_AbortTransmitCpltCallback  stm32f7xx_hal_uart.o
    0x08005e58   0x08005e58   0x00000008   Code   RO         2531    .text.HAL_UART_ErrorCallback  stm32f7xx_hal_uart.o
    0x08005e60   0x08005e60   0x000004be   Code   RO         2603    .text.HAL_UART_IRQHandler  stm32f7xx_hal_uart.o
    0x0800631e   0x0800631e   0x00000002   PAD
    0x08006320   0x08006320   0x000000c8   Code   RO         2497    .text.HAL_UART_Init  stm32f7xx_hal_uart.o
    0x080063e8   0x080063e8   0x000002d4   Code   RO         2906    .text.HAL_UART_MspInit  stm32f7xx_hal_msp.o
    0x080066bc   0x080066bc   0x00000004   PAD
    0x080066c0   0x080066c0   0x0000008c   Code   RO         2569    .text.HAL_UART_Receive_DMA  stm32f7xx_hal_uart.o
    0x0800674c   0x0800674c   0x00000004   PAD
    0x08006750   0x08006750   0x00000174   Code   RO         2519    .text.HAL_UART_RegisterCallback  stm32f7xx_hal_uart.o
    0x080068c4   0x080068c4   0x00000004   PAD
    0x080068c8   0x080068c8   0x00000008   Code   RO         2529    .text.HAL_UART_RxCpltCallback  stm32f7xx_hal_uart.o
    0x080068d0   0x080068d0   0x00000008   Code   RO         2527    .text.HAL_UART_RxHalfCpltCallback  stm32f7xx_hal_uart.o
    0x080068d8   0x080068d8   0x00000120   Code   RO         2545    .text.HAL_UART_Transmit  stm32f7xx_hal_uart.o
    0x080069f8   0x080069f8   0x00000102   Code   RO         2561    .text.HAL_UART_Transmit_DMA  stm32f7xx_hal_uart.o
    0x08006afa   0x08006afa   0x00000006   PAD
    0x08006b00   0x08006b00   0x00000018   Code   RO           36    .text.HAL_UART_TxCpltCallback  transmitthread.o
    0x08006b18   0x08006b18   0x00000008   Code   RO         2523    .text.HAL_UART_TxHalfCpltCallback  stm32f7xx_hal_uart.o
    0x08006b20   0x08006b20   0x00000014   Code   RO          383    .text.IsException   rtx_delay.o
    0x08006b34   0x08006b34   0x00000004   PAD
    0x08006b38   0x08006b38   0x00000014   Code   RO          854    .text.IsException   rtx_kernel.o
    0x08006b4c   0x08006b4c   0x00000004   PAD
    0x08006b50   0x08006b50   0x00000014   Code   RO         1079    .text.IsException   rtx_msgqueue.o
    0x08006b64   0x08006b64   0x00000004   PAD
    0x08006b68   0x08006b68   0x00000014   Code   RO         1160    .text.IsException   rtx_mutex.o
    0x08006b7c   0x08006b7c   0x00000004   PAD
    0x08006b80   0x08006b80   0x00000014   Code   RO         1205    .text.IsException   rtx_semaphore.o
    0x08006b94   0x08006b94   0x00000004   PAD
    0x08006b98   0x08006b98   0x00000014   Code   RO         1363    .text.IsException   rtx_thread.o
    0x08006bac   0x08006bac   0x00000004   PAD
    0x08006bb0   0x08006bb0   0x0000002e   Code   RO          385    .text.IsIrqMasked   rtx_delay.o
    0x08006bde   0x08006bde   0x00000002   PAD
    0x08006be0   0x08006be0   0x0000002e   Code   RO          856    .text.IsIrqMasked   rtx_kernel.o
    0x08006c0e   0x08006c0e   0x00000002   PAD
    0x08006c10   0x08006c10   0x0000002e   Code   RO         1081    .text.IsIrqMasked   rtx_msgqueue.o
    0x08006c3e   0x08006c3e   0x00000002   PAD
    0x08006c40   0x08006c40   0x0000002e   Code   RO         1162    .text.IsIrqMasked   rtx_mutex.o
    0x08006c6e   0x08006c6e   0x00000002   PAD
    0x08006c70   0x08006c70   0x0000002e   Code   RO         1207    .text.IsIrqMasked   rtx_semaphore.o
    0x08006c9e   0x08006c9e   0x00000002   PAD
    0x08006ca0   0x08006ca0   0x0000002e   Code   RO         1365    .text.IsIrqMasked   rtx_thread.o
    0x08006cce   0x08006cce   0x00000002   PAD
    0x08006cd0   0x08006cd0   0x00000022   Code   RO         1115    .text.IsMessageQueuePtrValid  rtx_msgqueue.o
    0x08006cf2   0x08006cf2   0x00000006   PAD
    0x08006cf8   0x08006cf8   0x00000022   Code   RO         1178    .text.IsMutexPtrValid  rtx_mutex.o
    0x08006d1a   0x08006d1a   0x00000006   PAD
    0x08006d20   0x08006d20   0x00000014   Code   RO          860    .text.IsPrivileged  rtx_kernel.o
    0x08006d34   0x08006d34   0x00000004   PAD
    0x08006d38   0x08006d38   0x00000022   Code   RO         1229    .text.IsSemaphorePtrValid  rtx_semaphore.o
    0x08006d5a   0x08006d5a   0x00000006   PAD
    0x08006d60   0x08006d60   0x00000022   Code   RO         1449    .text.IsThreadPtrValid  rtx_thread.o
    0x08006d82   0x08006d82   0x00000006   PAD
    0x08006d88   0x08006d88   0x00000056   Code   RO          317    .text.MPU_Config    main.o
    0x08006dde   0x08006dde   0x00000002   PAD
    0x08006de0   0x08006de0   0x00000080   Code   RO          329    .text.MX_ADC1_Init  main.o
    0x08006e60   0x08006e60   0x00000032   Code   RO          331    .text.MX_CRC_Init   main.o
    0x08006e92   0x08006e92   0x00000006   PAD
    0x08006e98   0x08006e98   0x0000008e   Code   RO          323    .text.MX_DMA_Init   main.o
    0x08006f26   0x08006f26   0x00000002   PAD
    0x08006f28   0x08006f28   0x00000060   Code   RO          321    .text.MX_GPIO_Init  main.o
    0x08006f88   0x08006f88   0x00000044   Code   RO          327    .text.MX_USART2_UART_Init  main.o
    0x08006fcc   0x08006fcc   0x00000004   PAD
    0x08006fd0   0x08006fd0   0x00000002   Code   RO          325    .text.MX_USART6_UART_Init  main.o
    0x08006fd2   0x08006fd2   0x00000006   PAD
    0x08006fd8   0x08006fd8   0x00000018   Code   RO          981    .text.MemBlockPtr   rtx_memory.o
    0x08006ff0   0x08006ff0   0x0000000a   Code   RO          979    .text.MemHeadPtr    rtx_memory.o
    0x08006ffa   0x08006ffa   0x00000006   PAD
    0x08007000   0x08007000   0x00000052   Code   RO         1131    .text.MessageQueueGet  rtx_msgqueue.o
    0x08007052   0x08007052   0x00000006   PAD
    0x08007058   0x08007058   0x000000ac   Code   RO         1123    .text.MessageQueuePut  rtx_msgqueue.o
    0x08007104   0x08007104   0x00000004   PAD
    0x08007108   0x08007108   0x00000042   Code   RO         1119    .text.MessageQueueRemove  rtx_msgqueue.o
    0x0800714a   0x0800714a   0x00000006   PAD
    0x08007150   0x08007150   0x0000006c   Code   RO         1848    .text.NVIC_EncodePriority  stm32f7xx_hal_cortex.o
    0x080071bc   0x080071bc   0x00000004   PAD
    0x080071c0   0x080071c0   0x0000000c   Code   RO         1593    .text.OS_Tick_AcknowledgeIRQ  os_systick.o
    0x080071cc   0x080071cc   0x00000004   PAD
    0x080071d0   0x080071d0   0x0000003c   Code   RO         1589    .text.OS_Tick_Enable  os_systick.o
    0x0800720c   0x0800720c   0x00000004   PAD
    0x08007210   0x08007210   0x00000006   Code   RO         1595    .text.OS_Tick_GetIRQn  os_systick.o
    0x08007216   0x08007216   0x00000002   PAD
    0x08007218   0x08007218   0x0000007e   Code   RO         1587    .text.OS_Tick_Setup  os_systick.o
    0x08007296   0x08007296   0x00000002   PAD
    0x08007298   0x08007298   0x00000026   Code   RO           86    .text.RxCpltCallback  receiveinit.o
    0x080072be   0x080072be   0x00000002   PAD
    0x080072c0   0x080072c0   0x00000024   Code   RO           84    .text.RxHalfCpltCallback  receiveinit.o
    0x080072e4   0x080072e4   0x00000004   PAD
    0x080072e8   0x080072e8   0x00000050   Code   RO          918    .text.SVC_Setup     rtx_kernel.o
    0x08007338   0x08007338   0x00000024   Code   RO         1233    .text.SemaphoreTokenDecrement  rtx_semaphore.o
    0x0800735c   0x0800735c   0x00000004   PAD
    0x08007360   0x08007360   0x0000002e   Code   RO         1245    .text.SemaphoreTokenIncrement  rtx_semaphore.o
    0x0800738e   0x0800738e   0x00000002   PAD
    0x08007390   0x08007390   0x00000010   Code   RO         1284    .text.SetPendSV     rtx_system.o
    0x080073a0   0x080073a0   0x00000034   Code   RO         1329    .text.SetPrivileged  rtx_thread.o
    0x080073d4   0x080073d4   0x00000004   PAD
    0x080073d8   0x080073d8   0x00000018   Code   RO         1325    .text.StackOffsetR0  rtx_thread.o
    0x080073f0   0x080073f0   0x000000c0   Code   RO          319    .text.SystemClock_Config  main.o
    0x080074b0   0x080074b0   0x00000012   Code   RO         2940    .text.SystemInit    system_stm32f7xx.o
    0x080074c2   0x080074c2   0x00000006   PAD
    0x080074c8   0x080074c8   0x00000010   Code   RO          359    .text.TIM6_DAC_IRQHandler  stm32f7xx_it.o
    0x080074d8   0x080074d8   0x0000019a   Code   RO         2157    .text.TIM_Base_SetConfig  stm32f7xx_hal_tim.o
    0x08007672   0x08007672   0x00000006   PAD
    0x08007678   0x08007678   0x0000007c   Code   RO         1457    .text.ThreadFlagsCheck  rtx_thread.o
    0x080076f4   0x080076f4   0x00000004   PAD
    0x080076f8   0x080076f8   0x0000009e   Code   RO         1560    .text.TimerInsert   rtx_timer.o
    0x08007796   0x08007796   0x00000002   PAD
    0x08007798   0x08007798   0x00000028   Code   RO         1556    .text.TimerUnlink   rtx_timer.o
    0x080077c0   0x080077c0   0x00000148   Code   RO         2505    .text.UART_AdvFeatureConfig  stm32f7xx_hal_uart.o
    0x08007908   0x08007908   0x00000078   Code   RO         2507    .text.UART_CheckIdleState  stm32f7xx_hal_uart.o
    0x08007980   0x08007980   0x00000026   Code   RO         2605    .text.UART_DMAAbortOnError  stm32f7xx_hal_uart.o
    0x080079a6   0x080079a6   0x00000002   PAD
    0x080079a8   0x080079a8   0x00000080   Code   RO         2567    .text.UART_DMAError  stm32f7xx_hal_uart.o
    0x08007a28   0x08007a28   0x000000fa   Code   RO         2635    .text.UART_DMAReceiveCplt  stm32f7xx_hal_uart.o
    0x08007b22   0x08007b22   0x00000006   PAD
    0x08007b28   0x08007b28   0x0000003a   Code   RO         2637    .text.UART_DMARxHalfCplt  stm32f7xx_hal_uart.o
    0x08007b62   0x08007b62   0x00000006   PAD
    0x08007b68   0x08007b68   0x0000007c   Code   RO         2563    .text.UART_DMATransmitCplt  stm32f7xx_hal_uart.o
    0x08007be4   0x08007be4   0x00000004   PAD
    0x08007be8   0x08007be8   0x00000018   Code   RO         2565    .text.UART_DMATxHalfCplt  stm32f7xx_hal_uart.o
    0x08007c00   0x08007c00   0x00000098   Code   RO         2581    .text.UART_EndRxTransfer  stm32f7xx_hal_uart.o
    0x08007c98   0x08007c98   0x00000044   Code   RO         2607    .text.UART_EndTransmit_IT  stm32f7xx_hal_uart.o
    0x08007cdc   0x08007cdc   0x00000004   PAD
    0x08007ce0   0x08007ce0   0x00000034   Code   RO         2579    .text.UART_EndTxTransfer  stm32f7xx_hal_uart.o
    0x08007d14   0x08007d14   0x00000004   PAD
    0x08007d18   0x08007d18   0x00000086   Code   RO         2499    .text.UART_InitCallbacksToDefault  stm32f7xx_hal_uart.o
    0x08007d9e   0x08007d9e   0x00000002   PAD
    0x08007da0   0x08007da0   0x00000540   Code   RO         2503    .text.UART_SetConfig  stm32f7xx_hal_uart.o
    0x080082e0   0x080082e0   0x00000122   Code   RO         2571    .text.UART_Start_Receive_DMA  stm32f7xx_hal_uart.o
    0x08008402   0x08008402   0x00000006   PAD
    0x08008408   0x08008408   0x00000174   Code   RO         2547    .text.UART_WaitOnFlagUntilTimeout  stm32f7xx_hal_uart.o
    0x0800857c   0x0800857c   0x00000004   PAD
    0x08008580   0x08008580   0x00000010   Code   RO          357    .text.USART2_IRQHandler  stm32f7xx_it.o
    0x08008590   0x08008590   0x00000010   Code   RO          365    .text.USART6_IRQHandler  stm32f7xx_it.o
    0x080085a0   0x080085a0   0x00000030   Code   RO         1852    .text.__NVIC_EnableIRQ  stm32f7xx_hal_cortex.o
    0x080085d0   0x080085d0   0x00000010   Code   RO          920    .text.__NVIC_GetPriorityGrouping  rtx_kernel.o
    0x080085e0   0x080085e0   0x00000010   Code   RO         1844    .text.__NVIC_GetPriorityGrouping  stm32f7xx_hal_cortex.o
    0x080085f0   0x080085f0   0x00000042   Code   RO         1846    .text.__NVIC_SetPriority  stm32f7xx_hal_cortex.o
    0x08008632   0x08008632   0x00000006   PAD
    0x08008638   0x08008638   0x0000003c   Code   RO         1840    .text.__NVIC_SetPriorityGrouping  stm32f7xx_hal_cortex.o
    0x08008674   0x08008674   0x00000004   PAD
    0x08008678   0x08008678   0x00000028   Code   RO         1653    .text._mutex_acquire  retarget_os_rtos2.o
    0x080086a0   0x080086a0   0x00000012   Code   RO         1661    .text._mutex_free   retarget_os_rtos2.o
    0x080086b2   0x080086b2   0x00000006   PAD
    0x080086b8   0x080086b8   0x00000032   Code   RO         1649    .text._mutex_initialize  retarget_os_rtos2.o
    0x080086ea   0x080086ea   0x00000006   PAD
    0x080086f0   0x080086f0   0x00000024   Code   RO         1659    .text._mutex_release  retarget_os_rtos2.o
    0x08008714   0x08008714   0x00000004   PAD
    0x08008718   0x08008718   0x00000008   Code   RO          953    .text._platform_post_stackheap_init  rtx_lib.o
    0x08008720   0x08008720   0x0000004a   Code   RO         1626    .text._sys_close    retarget_io.o
    0x0800876a   0x0800876a   0x00000006   PAD
    0x08008770   0x08008770   0x0000004a   Code   RO         1636    .text._sys_flen     retarget_io.o
    0x080087ba   0x080087ba   0x00000006   PAD
    0x080087c0   0x080087c0   0x00000048   Code   RO         1632    .text._sys_istty    retarget_io.o
    0x08008808   0x08008808   0x00000084   Code   RO         1624    .text._sys_open     retarget_io.o
    0x0800888c   0x0800888c   0x00000004   PAD
    0x08008890   0x08008890   0x00000052   Code   RO         1634    .text._sys_seek     retarget_io.o
    0x080088e2   0x080088e2   0x00000006   PAD
    0x080088e8   0x080088e8   0x00000076   Code   RO         1628    .text._sys_write    retarget_io.o
    0x0800895e   0x0800895e   0x00000002   PAD
    0x08008960   0x08008960   0x000000b2   Code   RO          142    .text.advance_iterator  pb_common.o
    0x08008a12   0x08008a12   0x00000006   PAD
    0x08008a18   0x08008a18   0x00000038   Code   RO         1459    .text.atomic_chk32_all  rtx_thread.o
    0x08008a50   0x08008a50   0x00000034   Code   RO         1461    .text.atomic_chk32_any  rtx_thread.o
    0x08008a84   0x08008a84   0x00000004   PAD
    0x08008a88   0x08008a88   0x0000002c   Code   RO         1237    .text.atomic_dec16_nz  rtx_semaphore.o
    0x08008ab4   0x08008ab4   0x00000004   PAD
    0x08008ab8   0x08008ab8   0x0000002c   Code   RO         1286    .text.atomic_dec16_nz  rtx_system.o
    0x08008ae4   0x08008ae4   0x00000004   PAD
    0x08008ae8   0x08008ae8   0x00000020   Code   RO         1006    .text.atomic_dec32  rtx_mempool.o
    0x08008b08   0x08008b08   0x00000028   Code   RO         1133    .text.atomic_dec32_nz  rtx_msgqueue.o
    0x08008b30   0x08008b30   0x00000034   Code   RO         1288    .text.atomic_inc16_lim  rtx_system.o
    0x08008b64   0x08008b64   0x00000004   PAD
    0x08008b68   0x08008b68   0x00000038   Code   RO         1247    .text.atomic_inc16_lt  rtx_semaphore.o
    0x08008ba0   0x08008ba0   0x00000038   Code   RO         1292    .text.atomic_inc16_lt  rtx_system.o
    0x08008bd8   0x08008bd8   0x00000020   Code   RO         1000    .text.atomic_inc32  rtx_mempool.o
    0x08008bf8   0x08008bf8   0x00000020   Code   RO         1125    .text.atomic_inc32  rtx_msgqueue.o
    0x08008c18   0x08008c18   0x00000028   Code   RO          998    .text.atomic_link_get  rtx_mempool.o
    0x08008c40   0x08008c40   0x00000030   Code   RO         1004    .text.atomic_link_put  rtx_mempool.o
    0x08008c70   0x08008c70   0x00000028   Code   RO         1135    .text.atomic_wr8    rtx_msgqueue.o
    0x08008c98   0x08008c98   0x00000032   Code   RO          165    .text.buf_read      pb_decode.o
    0x08008cca   0x08008cca   0x00000006   PAD
    0x08008cd0   0x08008cd0   0x0000002a   Code   RO          248    .text.buf_write     pb_encode.o
    0x08008cfa   0x08008cfa   0x00000006   PAD
    0x08008d00   0x08008d00   0x0000001c   Code   RO           50    .text.calcPotiRaw2Volt  poticalc.o
    0x08008d1c   0x08008d1c   0x00000004   PAD
    0x08008d20   0x08008d20   0x000000fa   Code   RO           15    .text.concatenate3Strings  initcom.o
    0x08008e1a   0x08008e1a   0x00000006   PAD
    0x08008e20   0x08008e20   0x000000cc   Code   RO           70    .text.convertSpeedSteeringToWheelSpeeds  receivethread.o
    0x08008eec   0x08008eec   0x00000004   PAD
    0x08008ef0   0x08008ef0   0x000002a6   Code   RO          221    .text.decode_basic_field  pb_decode.o
    0x08009196   0x08009196   0x00000002   PAD
    0x08009198   0x08009198   0x0000012e   Code   RO          219    .text.decode_callback_field  pb_decode.o
    0x080092c6   0x080092c6   0x00000002   PAD
    0x080092c8   0x080092c8   0x0000009a   Code   RO          207    .text.decode_extension  pb_decode.o
    0x08009362   0x08009362   0x00000006   PAD
    0x08009368   0x08009368   0x00000094   Code   RO          209    .text.decode_field  pb_decode.o
    0x080093fc   0x080093fc   0x00000004   PAD
    0x08009400   0x08009400   0x00000032   Code   RO          217    .text.decode_pointer_field  pb_decode.o
    0x08009432   0x08009432   0x00000006   PAD
    0x08009438   0x08009438   0x000002a6   Code   RO          215    .text.decode_static_field  pb_decode.o
    0x080096de   0x080096de   0x00000002   PAD
    0x080096e0   0x080096e0   0x0000007e   Code   RO          213    .text.default_extension_decoder  pb_decode.o
    0x0800975e   0x0800975e   0x00000002   PAD
    0x08009760   0x08009760   0x00000054   Code   RO          280    .text.default_extension_encoder  pb_encode.o
    0x080097b4   0x080097b4   0x00000004   PAD
    0x080097b8   0x080097b8   0x0000005a   Code   RO           98    .text.driveThread   drivethread.o
    0x08009812   0x08009812   0x00000006   PAD
    0x08009818   0x08009818   0x000002e4   Code   RO          288    .text.encode_array  pb_encode.o
    0x08009afc   0x08009afc   0x00000004   PAD
    0x08009b00   0x08009b00   0x000000e2   Code   RO          290    .text.encode_basic_field  pb_encode.o
    0x08009be2   0x08009be2   0x00000006   PAD
    0x08009be8   0x08009be8   0x0000005e   Code   RO          286    .text.encode_callback_field  pb_encode.o
    0x08009c46   0x08009c46   0x00000002   PAD
    0x08009c48   0x08009c48   0x0000006a   Code   RO          254    .text.encode_extension_field  pb_encode.o
    0x08009cb2   0x08009cb2   0x00000006   PAD
    0x08009cb8   0x08009cb8   0x00000114   Code   RO          256    .text.encode_field  pb_encode.o
    0x08009dcc   0x08009dcc   0x00000004   PAD
    0x08009dd0   0x08009dd0   0x00000046   Code   RO           58    .text.getBatteryVoltageRaw  potentiometervoltage.o
    0x08009e16   0x08009e16   0x00000002   PAD
    0x08009e18   0x08009e18   0x00000020   Code   RO         1657    .text.is_thread_mode  retarget_os_rtos2.o
    0x08009e38   0x08009e38   0x000000ac   Code   RO         1093    .text.isrRtxMessageQueueGet  rtx_msgqueue.o
    0x08009ee4   0x08009ee4   0x00000004   PAD
    0x08009ee8   0x08009ee8   0x000000bc   Code   RO         1089    .text.isrRtxMessageQueuePut  rtx_msgqueue.o
    0x08009fa4   0x08009fa4   0x00000004   PAD
    0x08009fa8   0x08009fa8   0x0000006e   Code   RO         1215    .text.isrRtxSemaphoreAcquire  rtx_semaphore.o
    0x0800a016   0x0800a016   0x00000002   PAD
    0x0800a018   0x0800a018   0x00000074   Code   RO         1219    .text.isrRtxSemaphoreRelease  rtx_semaphore.o
    0x0800a08c   0x0800a08c   0x00000004   PAD
    0x0800a090   0x0800a090   0x00000054   Code   RO         1268    .text.isr_queue_get  rtx_system.o
    0x0800a0e4   0x0800a0e4   0x00000004   PAD
    0x0800a0e8   0x0800a0e8   0x0000005e   Code   RO         1282    .text.isr_queue_put  rtx_system.o
    0x0800a146   0x0800a146   0x00000002   PAD
    0x0800a148   0x0800a148   0x00000268   Code   RO          136    .text.load_descriptor_values  pb_common.o
    0x0800a3b0   0x0800a3b0   0x00000120   Code   RO          315    .text.main          main.o
    0x0800a4d0   0x0800a4d0   0x000001fc   Code   RO            2    .text.mainThread    wifimain.o
    0x0800a6cc   0x0800a6cc   0x00000004   PAD
    0x0800a6d0   0x0800a6d0   0x00000036   Code   RO          114    .text.motGetCurrSpeed  drivegettersetter.o
    0x0800a706   0x0800a706   0x00000002   PAD
    0x0800a708   0x0800a708   0x00000122   Code   RO          112    .text.motSetNomSpeed  drivegettersetter.o
    0x0800a82a   0x0800a82a   0x00000006   PAD
    0x0800a830   0x0800a830   0x00000054   Code   RO          381    .text.osDelay       rtx_delay.o
    0x0800a884   0x0800a884   0x00000004   PAD
    0x0800a888   0x0800a888   0x00000042   Code   RO          864    .text.osKernelGetState  rtx_kernel.o
    0x0800a8ca   0x0800a8ca   0x00000006   PAD
    0x0800a8d0   0x0800a8d0   0x0000004a   Code   RO          852    .text.osKernelInitialize  rtx_kernel.o
    0x0800a91a   0x0800a91a   0x00000006   PAD
    0x0800a920   0x0800a920   0x00000046   Code   RO          868    .text.osKernelStart  rtx_kernel.o
    0x0800a966   0x0800a966   0x00000002   PAD
    0x0800a968   0x0800a968   0x0000007e   Code   RO         1091    .text.osMessageQueueGet  rtx_msgqueue.o
    0x0800a9e6   0x0800a9e6   0x00000002   PAD
    0x0800a9e8   0x0800a9e8   0x00000048   Code   RO         1103    .text.osMessageQueueGetCount  rtx_msgqueue.o
    0x0800aa30   0x0800aa30   0x00000072   Code   RO         1077    .text.osMessageQueueNew  rtx_msgqueue.o
    0x0800aaa2   0x0800aaa2   0x00000006   PAD
    0x0800aaa8   0x0800aaa8   0x0000008a   Code   RO         1087    .text.osMessageQueuePut  rtx_msgqueue.o
    0x0800ab32   0x0800ab32   0x00000006   PAD
    0x0800ab38   0x0800ab38   0x00000056   Code   RO         1111    .text.osMessageQueueReset  rtx_msgqueue.o
    0x0800ab8e   0x0800ab8e   0x00000002   PAD
    0x0800ab90   0x0800ab90   0x00000064   Code   RO         1168    .text.osMutexAcquire  rtx_mutex.o
    0x0800abf4   0x0800abf4   0x00000004   PAD
    0x0800abf8   0x0800abf8   0x00000056   Code   RO         1174    .text.osMutexDelete  rtx_mutex.o
    0x0800ac4e   0x0800ac4e   0x00000002   PAD
    0x0800ac50   0x0800ac50   0x00000056   Code   RO         1158    .text.osMutexNew    rtx_mutex.o
    0x0800aca6   0x0800aca6   0x00000002   PAD
    0x0800aca8   0x0800aca8   0x00000056   Code   RO         1170    .text.osMutexRelease  rtx_mutex.o
    0x0800acfe   0x0800acfe   0x00000002   PAD
    0x0800ad00   0x0800ad00   0x00000030   Code   RO         1615    .text.osRtxErrorNotify  rtx_config.o
    0x0800ad30   0x0800ad30   0x0000000a   Code   RO         1272    .text.osRtxEventFlagsObject  rtx_system.o
    0x0800ad3a   0x0800ad3a   0x00000006   PAD
    0x0800ad40   0x0800ad40   0x00000008   Code   RO         1613    .text.osRtxIdleThread  rtx_config.o
    0x0800ad48   0x0800ad48   0x00000002   Code   RO          848    .text.osRtxKernelBeforeInit  rtx_kernel.o
    0x0800ad4a   0x0800ad4a   0x00000006   PAD
    0x0800ad50   0x0800ad50   0x0000001c   Code   RO          850    .text.osRtxKernelErrorNotify  rtx_kernel.o
    0x0800ad6c   0x0800ad6c   0x00000004   PAD
    0x0800ad70   0x0800ad70   0x0000000c   Code   RO         1264    .text.osRtxKernelGetState  rtx_system.o
    0x0800ad7c   0x0800ad7c   0x00000004   PAD
    0x0800ad80   0x0800ad80   0x0000000c   Code   RO         1333    .text.osRtxKernelGetState  rtx_thread.o
    0x0800ad8c   0x0800ad8c   0x00000004   PAD
    0x0800ad90   0x0800ad90   0x0000000c   Code   RO          914    .text.osRtxKernelState  rtx_kernel.o
    0x0800ad9c   0x0800ad9c   0x00000004   PAD
    0x0800ada0   0x0800ada0   0x0000014c   Code   RO          983    .text.osRtxMemoryAlloc  rtx_memory.o
    0x0800aeec   0x0800aeec   0x00000004   PAD
    0x0800aef0   0x0800aef0   0x000000c2   Code   RO          985    .text.osRtxMemoryFree  rtx_memory.o
    0x0800afb2   0x0800afb2   0x00000006   PAD
    0x0800afb8   0x0800afb8   0x00000096   Code   RO          977    .text.osRtxMemoryInit  rtx_memory.o
    0x0800b04e   0x0800b04e   0x00000002   PAD
    0x0800b050   0x0800b050   0x0000004a   Code   RO          996    .text.osRtxMemoryPoolAlloc  rtx_mempool.o
    0x0800b09a   0x0800b09a   0x00000006   PAD
    0x0800b0a0   0x0800b0a0   0x00000064   Code   RO         1002    .text.osRtxMemoryPoolFree  rtx_mempool.o
    0x0800b104   0x0800b104   0x00000004   PAD
    0x0800b108   0x0800b108   0x00000098   Code   RO          994    .text.osRtxMemoryPoolInit  rtx_mempool.o
    0x0800b1a0   0x0800b1a0   0x0000000a   Code   RO         1276    .text.osRtxMemoryPoolObject  rtx_system.o
    0x0800b1aa   0x0800b1aa   0x00000006   PAD
    0x0800b1b0   0x0800b1b0   0x0000000a   Code   RO         1278    .text.osRtxMessageObject  rtx_system.o
    0x0800b1ba   0x0800b1ba   0x00000006   PAD
    0x0800b1c0   0x0800b1c0   0x0000000a   Code   RO         1073    .text.osRtxMessageQueueId  rtx_msgqueue.o
    0x0800b1ca   0x0800b1ca   0x00000006   PAD
    0x0800b1d0   0x0800b1d0   0x00000144   Code   RO         1117    .text.osRtxMessageQueuePostProcess  rtx_msgqueue.o
    0x0800b314   0x0800b314   0x00000004   PAD
    0x0800b318   0x0800b318   0x0000003e   Code   RO         1071    .text.osRtxMessageQueueTimerSetup  rtx_msgqueue.o
    0x0800b356   0x0800b356   0x00000002   PAD
    0x0800b358   0x0800b358   0x0000005a   Code   RO         1194    .text.osRtxMutexDestroy  rtx_mutex.o
    0x0800b3b2   0x0800b3b2   0x00000006   PAD
    0x0800b3b8   0x0800b3b8   0x0000000a   Code   RO         1180    .text.osRtxMutexId  rtx_mutex.o
    0x0800b3c2   0x0800b3c2   0x00000006   PAD
    0x0800b3c8   0x0800b3c8   0x0000000a   Code   RO         1321    .text.osRtxMutexObject  rtx_thread.o
    0x0800b3d2   0x0800b3d2   0x00000006   PAD
    0x0800b3d8   0x0800b3d8   0x00000098   Code   RO         1152    .text.osRtxMutexOwnerRelease  rtx_mutex.o
    0x0800b470   0x0800b470   0x000000ac   Code   RO         1156    .text.osRtxMutexOwnerRestore  rtx_mutex.o
    0x0800b51c   0x0800b51c   0x00000004   PAD
    0x0800b520   0x0800b520   0x000000fc   Code   RO         1192    .text.osRtxMutexOwnerUnlock  rtx_mutex.o
    0x0800b61c   0x0800b61c   0x00000004   PAD
    0x0800b620   0x0800b620   0x0000000a   Code   RO         1121    .text.osRtxObject   rtx_msgqueue.o
    0x0800b62a   0x0800b62a   0x00000006   PAD
    0x0800b630   0x0800b630   0x0000000a   Code   RO         1154    .text.osRtxObject   rtx_mutex.o
    0x0800b63a   0x0800b63a   0x00000006   PAD
    0x0800b640   0x0800b640   0x0000000a   Code   RO         1235    .text.osRtxObject   rtx_semaphore.o
    0x0800b64a   0x0800b64a   0x00000006   PAD
    0x0800b650   0x0800b650   0x0000000a   Code   RO         1290    .text.osRtxObject   rtx_system.o
    0x0800b65a   0x0800b65a   0x00000006   PAD
    0x0800b660   0x0800b660   0x0000000a   Code   RO         1309    .text.osRtxObject   rtx_thread.o
    0x0800b66a   0x0800b66a   0x00000006   PAD
    0x0800b670   0x0800b670   0x000000b8   Code   RO         1266    .text.osRtxPendSV_Handler  rtx_system.o
    0x0800b728   0x0800b728   0x00000042   Code   RO         1280    .text.osRtxPostProcess  rtx_system.o
    0x0800b76a   0x0800b76a   0x00000006   PAD
    0x0800b770   0x0800b770   0x0000000a   Code   RO         1239    .text.osRtxSemaphoreId  rtx_semaphore.o
    0x0800b77a   0x0800b77a   0x00000006   PAD
    0x0800b780   0x0800b780   0x0000000a   Code   RO         1274    .text.osRtxSemaphoreObject  rtx_system.o
    0x0800b78a   0x0800b78a   0x00000006   PAD
    0x0800b790   0x0800b790   0x0000003e   Code   RO         1231    .text.osRtxSemaphorePostProcess  rtx_semaphore.o
    0x0800b7ce   0x0800b7ce   0x00000002   PAD
    0x0800b7d0   0x0800b7d0   0x00000008   Code   RO         1353    .text.osRtxThreadBeforeFree  rtx_thread.o
    0x0800b7d8   0x0800b7d8   0x00000088   Code   RO         1337    .text.osRtxThreadBlock  rtx_thread.o
    0x0800b860   0x0800b860   0x000000fa   Code   RO         1343    .text.osRtxThreadDelayInsert  rtx_thread.o
    0x0800b95a   0x0800b95a   0x00000006   PAD
    0x0800b960   0x0800b960   0x0000009c   Code   RO         1315    .text.osRtxThreadDelayRemove  rtx_thread.o
    0x0800b9fc   0x0800b9fc   0x00000004   PAD
    0x0800ba00   0x0800ba00   0x00000150   Code   RO         1317    .text.osRtxThreadDelayTick  rtx_thread.o
    0x0800bb50   0x0800bb50   0x00000060   Code   RO         1349    .text.osRtxThreadDestroy  rtx_thread.o
    0x0800bbb0   0x0800bbb0   0x00000096   Code   RO         1331    .text.osRtxThreadDispatch  rtx_thread.o
    0x0800bc46   0x0800bc46   0x00000002   PAD
    0x0800bc48   0x0800bc48   0x000000a2   Code   RO         1351    .text.osRtxThreadFree  rtx_thread.o
    0x0800bcea   0x0800bcea   0x00000006   PAD
    0x0800bcf0   0x0800bcf0   0x0000000c   Code   RO         1129    .text.osRtxThreadGetRunning  rtx_msgqueue.o
    0x0800bcfc   0x0800bcfc   0x00000004   PAD
    0x0800bd00   0x0800bd00   0x0000000c   Code   RO         1184    .text.osRtxThreadGetRunning  rtx_mutex.o
    0x0800bd0c   0x0800bd0c   0x00000004   PAD
    0x0800bd10   0x0800bd10   0x0000000c   Code   RO         1243    .text.osRtxThreadGetRunning  rtx_semaphore.o
    0x0800bd1c   0x0800bd1c   0x00000004   PAD
    0x0800bd20   0x0800bd20   0x0000000c   Code   RO         1335    .text.osRtxThreadGetRunning  rtx_thread.o
    0x0800bd2c   0x0800bd2c   0x00000004   PAD
    0x0800bd30   0x0800bd30   0x0000000c   Code   RO         1554    .text.osRtxThreadGetRunning  rtx_timer.o
    0x0800bd3c   0x0800bd3c   0x00000004   PAD
    0x0800bd40   0x0800bd40   0x0000000a   Code   RO         1357    .text.osRtxThreadId  rtx_thread.o
    0x0800bd4a   0x0800bd4a   0x00000006   PAD
    0x0800bd50   0x0800bd50   0x0000003c   Code   RO         1347    .text.osRtxThreadJoinWakeup  rtx_thread.o
    0x0800bd8c   0x0800bd8c   0x00000004   PAD
    0x0800bd90   0x0800bd90   0x00000036   Code   RO         1305    .text.osRtxThreadListGet  rtx_thread.o
    0x0800bdc6   0x0800bdc6   0x00000002   PAD
    0x0800bdc8   0x0800bdc8   0x00000076   Code   RO         1301    .text.osRtxThreadListPut  rtx_thread.o
    0x0800be3e   0x0800be3e   0x00000002   PAD
    0x0800be40   0x0800be40   0x00000032   Code   RO         1311    .text.osRtxThreadListRemove  rtx_thread.o
    0x0800be72   0x0800be72   0x00000006   PAD
    0x0800be78   0x0800be78   0x00000022   Code   RO         1319    .text.osRtxThreadListRoot  rtx_thread.o
    0x0800be9a   0x0800be9a   0x00000006   PAD
    0x0800bea0   0x0800bea0   0x00000058   Code   RO         1307    .text.osRtxThreadListSort  rtx_thread.o
    0x0800bef8   0x0800bef8   0x0000000a   Code   RO         1270    .text.osRtxThreadObject  rtx_system.o
    0x0800bf02   0x0800bf02   0x00000006   PAD
    0x0800bf08   0x0800bf08   0x0000000a   Code   RO         1303    .text.osRtxThreadObject  rtx_thread.o
    0x0800bf12   0x0800bf12   0x00000006   PAD
    0x0800bf18   0x0800bf18   0x00000044   Code   RO         1455    .text.osRtxThreadPostProcess  rtx_thread.o
    0x0800bf5c   0x0800bf5c   0x00000004   PAD
    0x0800bf60   0x0800bf60   0x00000020   Code   RO         1313    .text.osRtxThreadReadyPut  rtx_thread.o
    0x0800bf80   0x0800bf80   0x00000022   Code   RO         1323    .text.osRtxThreadRegPtr  rtx_thread.o
    0x0800bfa2   0x0800bfa2   0x00000006   PAD
    0x0800bfa8   0x0800bfa8   0x00000014   Code   RO         1491    .text.osRtxThreadSetRunning  rtx_thread.o
    0x0800bfbc   0x0800bfbc   0x00000004   PAD
    0x0800bfc0   0x0800bfc0   0x00000014   Code   RO         1558    .text.osRtxThreadSetRunning  rtx_timer.o
    0x0800bfd4   0x0800bfd4   0x00000004   PAD
    0x0800bfd8   0x0800bfd8   0x0000003c   Code   RO         1345    .text.osRtxThreadStackCheck  rtx_thread.o
    0x0800c014   0x0800c014   0x00000004   PAD
    0x0800c018   0x0800c018   0x00000096   Code   RO         1355    .text.osRtxThreadStartup  rtx_thread.o
    0x0800c0ae   0x0800c0ae   0x00000002   PAD
    0x0800c0b0   0x0800c0b0   0x0000002e   Code   RO         1327    .text.osRtxThreadSwitch  rtx_thread.o
    0x0800c0de   0x0800c0de   0x00000002   PAD
    0x0800c0e0   0x0800c0e0   0x00000076   Code   RO         1341    .text.osRtxThreadWaitEnter  rtx_thread.o
    0x0800c156   0x0800c156   0x00000002   PAD
    0x0800c158   0x0800c158   0x00000046   Code   RO         1339    .text.osRtxThreadWaitExit  rtx_thread.o
    0x0800c19e   0x0800c19e   0x00000002   PAD
    0x0800c1a0   0x0800c1a0   0x00000110   Code   RO         1262    .text.osRtxTick_Handler  rtx_system.o
    0x0800c2b0   0x0800c2b0   0x00000030   Code   RO         1530    .text.osRtxTimerSetup  rtx_timer.o
    0x0800c2e0   0x0800c2e0   0x00000032   Code   RO         1534    .text.osRtxTimerThread  rtx_timer.o
    0x0800c312   0x0800c312   0x00000006   PAD
    0x0800c318   0x0800c318   0x000000dc   Code   RO         1532    .text.osRtxTimerTick  rtx_timer.o
    0x0800c3f4   0x0800c3f4   0x00000004   PAD
    0x0800c3f8   0x0800c3f8   0x0000005e   Code   RO         1213    .text.osSemaphoreAcquire  rtx_semaphore.o
    0x0800c456   0x0800c456   0x00000002   PAD
    0x0800c458   0x0800c458   0x00000072   Code   RO         1203    .text.osSemaphoreNew  rtx_semaphore.o
    0x0800c4ca   0x0800c4ca   0x00000006   PAD
    0x0800c4d0   0x0800c4d0   0x0000004e   Code   RO         1217    .text.osSemaphoreRelease  rtx_semaphore.o
    0x0800c51e   0x0800c51e   0x00000002   PAD
    0x0800c520   0x0800c520   0x00000010   Code   RO         1451    .text.osThreadEntry  rtx_thread.o
    0x0800c530   0x0800c530   0x00000024   Code   RO         1403    .text.osThreadExit  rtx_thread.o
    0x0800c554   0x0800c554   0x00000004   PAD
    0x0800c558   0x0800c558   0x0000003a   Code   RO         1379    .text.osThreadGetId  rtx_thread.o
    0x0800c592   0x0800c592   0x00000006   PAD
    0x0800c598   0x0800c598   0x00000072   Code   RO         1361    .text.osThreadNew   rtx_thread.o
    0x0800c60a   0x0800c60a   0x00000006   PAD
    0x0800c610   0x0800c610   0x00000064   Code   RO         1389    .text.osThreadSetPriority  rtx_thread.o
    0x0800c674   0x0800c674   0x00000004   PAD
    0x0800c678   0x0800c678   0x00000020   Code   RO         1651    .text.os_kernel_is_initialized  retarget_os_rtos2.o
    0x0800c698   0x0800c698   0x00000020   Code   RO         1655    .text.os_kernel_is_running  retarget_os_rtos2.o
    0x0800c6b8   0x0800c6b8   0x0000026a   Code   RO          284    .text.pb_check_proto3_default_value  pb_encode.o
    0x0800c922   0x0800c922   0x00000006   PAD
    0x0800c928   0x0800c928   0x00000048   Code   RO          187    .text.pb_close_string_substream  pb_decode.o
    0x0800c970   0x0800c970   0x0000000e   Code   RO          150    .text.pb_const_cast  pb_common.o
    0x0800c97e   0x0800c97e   0x00000002   PAD
    0x0800c980   0x0800c980   0x00000016   Code   RO          223    .text.pb_dec_bool   pb_decode.o
    0x0800c996   0x0800c996   0x00000002   PAD
    0x0800c998   0x0800c998   0x00000120   Code   RO          227    .text.pb_dec_bytes  pb_decode.o
    0x0800cab8   0x0800cab8   0x000000b8   Code   RO          233    .text.pb_dec_fixed_length_bytes  pb_decode.o
    0x0800cb70   0x0800cb70   0x0000012c   Code   RO          229    .text.pb_dec_string  pb_decode.o
    0x0800cc9c   0x0800cc9c   0x00000004   PAD
    0x0800cca0   0x0800cca0   0x00000118   Code   RO          231    .text.pb_dec_submessage  pb_decode.o
    0x0800cdb8   0x0800cdb8   0x0000024e   Code   RO          225    .text.pb_dec_varint  pb_decode.o
    0x0800d006   0x0800d006   0x00000002   PAD
    0x0800d008   0x0800d008   0x00000026   Code   RO          193    .text.pb_decode     pb_decode.o
    0x0800d02e   0x0800d02e   0x00000002   PAD
    0x0800d030   0x0800d030   0x00000038   Code   RO          197    .text.pb_decode_bool  pb_decode.o
    0x0800d068   0x0800d068   0x00000034   Code   RO          201    .text.pb_decode_fixed32  pb_decode.o
    0x0800d09c   0x0800d09c   0x00000004   PAD
    0x0800d0a0   0x0800d0a0   0x00000038   Code   RO          203    .text.pb_decode_fixed64  pb_decode.o
    0x0800d0d8   0x0800d0d8   0x0000039e   Code   RO          191    .text.pb_decode_inner  pb_decode.o
    0x0800d476   0x0800d476   0x00000002   PAD
    0x0800d478   0x0800d478   0x00000062   Code   RO          199    .text.pb_decode_svarint  pb_decode.o
    0x0800d4da   0x0800d4da   0x00000006   PAD
    0x0800d4e0   0x0800d4e0   0x00000052   Code   RO          177    .text.pb_decode_tag  pb_decode.o
    0x0800d532   0x0800d532   0x00000006   PAD
    0x0800d538   0x0800d538   0x000000ca   Code   RO          173    .text.pb_decode_varint  pb_decode.o
    0x0800d602   0x0800d602   0x00000006   PAD
    0x0800d608   0x0800d608   0x00000016   Code   RO          169    .text.pb_decode_varint32  pb_decode.o
    0x0800d61e   0x0800d61e   0x00000002   PAD
    0x0800d620   0x0800d620   0x000001b0   Code   RO          171    .text.pb_decode_varint32_eof  pb_decode.o
    0x0800d7d0   0x0800d7d0   0x00000074   Code   RO          154    .text.pb_default_field_callback  pb_common.o
    0x0800d844   0x0800d844   0x00000004   PAD
    0x0800d848   0x0800d848   0x00000020   Code   RO          296    .text.pb_enc_bool   pb_encode.o
    0x0800d868   0x0800d868   0x00000088   Code   RO          298    .text.pb_enc_bytes  pb_encode.o
    0x0800d8f0   0x0800d8f0   0x0000006e   Code   RO          294    .text.pb_enc_fixed  pb_encode.o
    0x0800d95e   0x0800d95e   0x00000002   PAD
    0x0800d960   0x0800d960   0x00000018   Code   RO          304    .text.pb_enc_fixed_length_bytes  pb_encode.o
    0x0800d978   0x0800d978   0x000000f6   Code   RO          300    .text.pb_enc_string  pb_encode.o
    0x0800da6e   0x0800da6e   0x00000002   PAD
    0x0800da70   0x0800da70   0x00000096   Code   RO          302    .text.pb_enc_submessage  pb_encode.o
    0x0800db06   0x0800db06   0x00000002   PAD
    0x0800db08   0x0800db08   0x0000018c   Code   RO          292    .text.pb_enc_varint  pb_encode.o
    0x0800dc94   0x0800dc94   0x00000004   PAD
    0x0800dc98   0x0800dc98   0x0000007a   Code   RO          252    .text.pb_encode     pb_encode.o
    0x0800dd12   0x0800dd12   0x00000006   PAD
    0x0800dd18   0x0800dd18   0x00000016   Code   RO          270    .text.pb_encode_fixed32  pb_encode.o
    0x0800dd2e   0x0800dd2e   0x00000002   PAD
    0x0800dd30   0x0800dd30   0x00000016   Code   RO          272    .text.pb_encode_fixed64  pb_encode.o
    0x0800dd46   0x0800dd46   0x00000002   PAD
    0x0800dd48   0x0800dd48   0x00000038   Code   RO          278    .text.pb_encode_string  pb_encode.o
    0x0800dd80   0x0800dd80   0x00000122   Code   RO          260    .text.pb_encode_submessage  pb_encode.o
    0x0800dea2   0x0800dea2   0x00000006   PAD
    0x0800dea8   0x0800dea8   0x0000005e   Code   RO          268    .text.pb_encode_svarint  pb_encode.o
    0x0800df06   0x0800df06   0x00000002   PAD
    0x0800df08   0x0800df08   0x0000002a   Code   RO          274    .text.pb_encode_tag  pb_encode.o
    0x0800df32   0x0800df32   0x00000006   PAD
    0x0800df38   0x0800df38   0x00000090   Code   RO          276    .text.pb_encode_tag_for_field  pb_encode.o
    0x0800dfc8   0x0800dfc8   0x0000004e   Code   RO          264    .text.pb_encode_varint  pb_encode.o
    0x0800e016   0x0800e016   0x00000002   PAD
    0x0800e018   0x0800e018   0x000000f0   Code   RO          266    .text.pb_encode_varint_32  pb_encode.o
    0x0800e108   0x0800e108   0x00000028   Code   RO          134    .text.pb_field_iter_begin  pb_common.o
    0x0800e130   0x0800e130   0x00000026   Code   RO          148    .text.pb_field_iter_begin_const  pb_common.o
    0x0800e156   0x0800e156   0x00000002   PAD
    0x0800e158   0x0800e158   0x0000005e   Code   RO          138    .text.pb_field_iter_begin_extension  pb_common.o
    0x0800e1b6   0x0800e1b6   0x00000002   PAD
    0x0800e1b8   0x0800e1b8   0x0000001e   Code   RO          152    .text.pb_field_iter_begin_extension_const  pb_common.o
    0x0800e1d6   0x0800e1d6   0x00000002   PAD
    0x0800e1d8   0x0800e1d8   0x000000c8   Code   RO          144    .text.pb_field_iter_find  pb_common.o
    0x0800e2a0   0x0800e2a0   0x00000078   Code   RO          146    .text.pb_field_iter_find_extension  pb_common.o
    0x0800e318   0x0800e318   0x00000020   Code   RO          140    .text.pb_field_iter_next  pb_common.o
    0x0800e338   0x0800e338   0x0000019a   Code   RO          211    .text.pb_field_set_to_default  pb_decode.o
    0x0800e4d2   0x0800e4d2   0x00000006   PAD
    0x0800e4d8   0x0800e4d8   0x0000002a   Code   RO          167    .text.pb_istream_from_buffer  pb_decode.o
    0x0800e502   0x0800e502   0x00000006   PAD
    0x0800e508   0x0800e508   0x00000092   Code   RO          185    .text.pb_make_string_substream  pb_decode.o
    0x0800e59a   0x0800e59a   0x00000006   PAD
    0x0800e5a0   0x0800e5a0   0x000000ea   Code   RO          205    .text.pb_message_set_to_defaults  pb_decode.o
    0x0800e68a   0x0800e68a   0x00000006   PAD
    0x0800e690   0x0800e690   0x00000028   Code   RO          246    .text.pb_ostream_from_buffer  pb_encode.o
    0x0800e6b8   0x0800e6b8   0x00000106   Code   RO          163    .text.pb_read       pb_decode.o
    0x0800e7be   0x0800e7be   0x00000002   PAD
    0x0800e7c0   0x0800e7c0   0x0000008a   Code   RO          175    .text.pb_readbyte   pb_decode.o
    0x0800e84a   0x0800e84a   0x00000006   PAD
    0x0800e850   0x0800e850   0x0000008c   Code   RO          179    .text.pb_skip_field  pb_decode.o
    0x0800e8dc   0x0800e8dc   0x00000004   PAD
    0x0800e8e0   0x0800e8e0   0x00000062   Code   RO          183    .text.pb_skip_string  pb_decode.o
    0x0800e942   0x0800e942   0x00000006   PAD
    0x0800e948   0x0800e948   0x0000003e   Code   RO          181    .text.pb_skip_varint  pb_decode.o
    0x0800e986   0x0800e986   0x00000002   PAD
    0x0800e988   0x0800e988   0x000000b8   Code   RO          250    .text.pb_write      pb_encode.o
    0x0800ea40   0x0800ea40   0x0000005c   Code   RO           68    .text.processReceivedData  receivethread.o
    0x0800ea9c   0x0800ea9c   0x00000004   PAD
    0x0800eaa0   0x0800eaa0   0x000000fe   Code   RO          235    .text.read_raw_value  pb_decode.o
    0x0800eb9e   0x0800eb9e   0x00000002   PAD
    0x0800eba0   0x0800eba0   0x000001c0   Code   RO           66    .text.receiveThread  receivethread.o
    0x0800ed60   0x0800ed60   0x00000042   Code   RO           82    .text.receive_init  receiveinit.o
    0x0800eda2   0x0800eda2   0x00000006   PAD
    0x0800eda8   0x0800eda8   0x00000040   Code   RO          282    .text.safe_read_bool  pb_encode.o
    0x0800ede8   0x0800ede8   0x00000068   Code   RO         2960    .text.stdout_putchar  FTbotLib.lib(e4ftbotterminal.o)
    0x0800ee50   0x0800ee50   0x00000050   Code   RO          389    .text.svcRtxDelay   rtx_delay.o
    0x0800eea0   0x0800eea0   0x00000016   Code   RO          866    .text.svcRtxKernelGetState  rtx_kernel.o
    0x0800eeb6   0x0800eeb6   0x00000002   PAD
    0x0800eeb8   0x0800eeb8   0x00000304   Code   RO          912    .text.svcRtxKernelInitialize  rtx_kernel.o
    0x0800f1bc   0x0800f1bc   0x00000004   PAD
    0x0800f1c0   0x0800f1c0   0x000000a4   Code   RO          916    .text.svcRtxKernelStart  rtx_kernel.o
    0x0800f264   0x0800f264   0x00000004   PAD
    0x0800f268   0x0800f268   0x00000168   Code   RO         1137    .text.svcRtxMessageQueueGet  rtx_msgqueue.o
    0x0800f3d0   0x0800f3d0   0x00000048   Code   RO         1105    .text.svcRtxMessageQueueGetCount  rtx_msgqueue.o
    0x0800f418   0x0800f418   0x00000290   Code   RO         1075    .text.svcRtxMessageQueueNew  rtx_msgqueue.o
    0x0800f6a8   0x0800f6a8   0x0000015c   Code   RO         1127    .text.svcRtxMessageQueuePut  rtx_msgqueue.o
    0x0800f804   0x0800f804   0x00000004   PAD
    0x0800f808   0x0800f808   0x0000012a   Code   RO         1139    .text.svcRtxMessageQueueReset  rtx_msgqueue.o
    0x0800f932   0x0800f932   0x00000006   PAD
    0x0800f938   0x0800f938   0x00000176   Code   RO         1182    .text.svcRtxMutexAcquire  rtx_mutex.o
    0x0800faae   0x0800faae   0x00000002   PAD
    0x0800fab0   0x0800fab0   0x00000058   Code   RO         1190    .text.svcRtxMutexDelete  rtx_mutex.o
    0x0800fb08   0x0800fb08   0x00000142   Code   RO         1176    .text.svcRtxMutexNew  rtx_mutex.o
    0x0800fc4a   0x0800fc4a   0x00000006   PAD
    0x0800fc50   0x0800fc50   0x000001a0   Code   RO         1186    .text.svcRtxMutexRelease  rtx_mutex.o
    0x0800fdf0   0x0800fdf0   0x000000aa   Code   RO         1241    .text.svcRtxSemaphoreAcquire  rtx_semaphore.o
    0x0800fe9a   0x0800fe9a   0x00000006   PAD
    0x0800fea0   0x0800fea0   0x00000176   Code   RO         1227    .text.svcRtxSemaphoreNew  rtx_semaphore.o
    0x08010016   0x08010016   0x00000002   PAD
    0x08010018   0x08010018   0x000000a2   Code   RO         1249    .text.svcRtxSemaphoreRelease  rtx_semaphore.o
    0x080100ba   0x080100ba   0x00000006   PAD
    0x080100c0   0x080100c0   0x00000084   Code   RO         1489    .text.svcRtxThreadExit  rtx_thread.o
    0x08010144   0x08010144   0x00000004   PAD
    0x08010148   0x08010148   0x00000016   Code   RO         1381    .text.svcRtxThreadGetId  rtx_thread.o
    0x0801015e   0x0801015e   0x00000002   PAD
    0x08010160   0x08010160   0x0000046a   Code   RO         1359    .text.svcRtxThreadNew  rtx_thread.o
    0x080105ca   0x080105ca   0x00000006   PAD
    0x080105d0   0x080105d0   0x000000a4   Code   RO         1471    .text.svcRtxThreadSetPriority  rtx_thread.o
    0x08010674   0x08010674   0x00000004   PAD
    0x08010678   0x08010678   0x000001d2   Code   RO           34    .text.transmitThread  transmitthread.o
    0x0801084a   0x0801084a   0x00000006   PAD
    0x08010850   0x08010850   0x000000fe   Code   RO           17    .text.uart_init     initcom.o
    0x0801094e   0x0801094e   0x00000002   PAD
    0x08010950   0x08010950   0x0000013e   Code   RO           19    .text.wifi_init     initcom.o
    0x08010a8e   0x08010a8e   0x00000002   PAD
    0x08010a90   0x08010a90   0x00000012   Code   RO         1453    .text.xPSR_InitVal  rtx_thread.o
    0x08010aa2   0x08010aa2   0x0000003e   Code   RO         3416    CL$$btod_d2e        c_w.l(btod.o)
    0x08010ae0   0x08010ae0   0x00000046   Code   RO         3418    CL$$btod_d2e_denorm_low  c_w.l(btod.o)
    0x08010b26   0x08010b26   0x00000060   Code   RO         3417    CL$$btod_d2e_norm_op1  c_w.l(btod.o)
    0x08010b86   0x08010b86   0x00000002   PAD
    0x08010b88   0x08010b88   0x00000338   Code   RO         3426    CL$$btod_div_common  c_w.l(btod.o)
    0x08010ec0   0x08010ec0   0x000000dc   Code   RO         3423    CL$$btod_e2e        c_w.l(btod.o)
    0x08010f9c   0x08010f9c   0x0000002a   Code   RO         3420    CL$$btod_ediv       c_w.l(btod.o)
    0x08010fc6   0x08010fc6   0x0000002a   Code   RO         3419    CL$$btod_emul       c_w.l(btod.o)
    0x08010ff0   0x08010ff0   0x00000244   Code   RO         3425    CL$$btod_mult_common  c_w.l(btod.o)
    0x08011234   0x08011234   0x00000030   Code   RO         3473    i.__ARM_fpclassify  m_wm.l(fpclassify.o)
    0x08011264   0x08011264   0x0000000e   Code   RO         3048    i._is_digit         c_w.l(__printf_wp.o)
    0x08011272   0x08011272   0x0000001c   Code   RO         3341    i.fputc             c_w.l(fputc.o)
    0x0801128e   0x0801128e   0x00000002   PAD
    0x08011290   0x08011290   0x0000002c   Code   RO         3443    locale$$code        c_w.l(lc_ctype_c.o)
    0x080112bc   0x080112bc   0x0000002c   Code   RO         3446    locale$$code        c_w.l(lc_numeric_c.o)
    0x080112e8   0x080112e8   0x0000000c   Code   RO         3267    x$fpl$dretinf       fz_wm.l(dretinf.o)
    0x080112f4   0x080112f4   0x00000056   Code   RO         3090    x$fpl$f2d           fz_wm.l(f2d.o)
    0x0801134a   0x0801134a   0x0000008c   Code   RO         3269    x$fpl$fnaninf       fz_wm.l(fnaninf.o)
    0x080113d6   0x080113d6   0x0000001a   Code   RO         3092    x$fpl$fpinit        fz_wm.l(fpinit.o)
    0x080113f0   0x080113f0   0x00000004   Code   RO         3271    x$fpl$printf1       fz_wm.l(printf1.o)
    0x080113f4   0x080113f4   0x00000004   Code   RO         3273    x$fpl$printf2       fz_wm.l(printf2.o)
    0x080113f8   0x080113f8   0x00000000   Code   RO         3279    x$fpl$usenofp       fz_wm.l(usenofp.o)
    0x080113f8   0x080113f8   0x00000011   Data   RO         3056    .constdata          c_w.l(__printf_flags_ss_wp.o)
    0x08011409   0x08011409   0x00000003   PAD
    0x0801140c   0x0801140c   0x00000008   Data   RO         3152    .constdata          c_w.l(_printf_wctomb.o)
    0x08011414   0x08011414   0x00000028   Data   RO         3181    .constdata          c_w.l(_printf_hex_int_ll_ptr.o)
    0x0801143c   0x0801143c   0x00000026   Data   RO         3328    .constdata          c_w.l(_printf_fp_hex.o)
    0x08011462   0x08011462   0x00000002   PAD
    0x08011464   0x08011464   0x00000094   Data   RO         3414    .constdata          c_w.l(bigflt0.o)
    0x080114f8   0x080114f8   0x00000070   Data   RO          961    .rodata             rtx_lib.o
    0x08011568   0x08011568   0x00000038   Data   RO          964    .rodata             rtx_lib.o
    0x080115a0   0x080115a0   0x00000010   Data   RO         2945    .rodata.AHBPrescTable  system_stm32f7xx.o
    0x080115b0   0x080115b0   0x00000008   Data   RO         2946    .rodata.APBPrescTable  system_stm32f7xx.o
    0x080115b8   0x080115b8   0x00000008   Data   RO         1977    .rodata.DMA_CalcBaseAndBitshift.flagBitshiftOffset  stm32f7xx_hal_dma.o
    0x080115c0   0x080115c0   0x00000008   Data   RO         1640    .rodata.__stderr_name  retarget_io.o
    0x080115c8   0x080115c8   0x00000007   Data   RO         1638    .rodata.__stdin_name  retarget_io.o
    0x080115cf   0x080115cf   0x00000008   Data   RO         1639    .rodata.__stdout_name  retarget_io.o
    0x080115d7   0x080115d7   0x00000001   PAD
    0x080115d8   0x080115d8   0x00000010   Data   RO          126    .rodata.ftbot_RobotStatus_field_info  ftbot.pb.o
    0x080115e8   0x080115e8   0x00000018   Data   RO          128    .rodata.ftbot_RobotStatus_msg  ftbot.pb.o
    0x08011600   0x08011600   0x00000004   Data   RO          127    .rodata.ftbot_RobotStatus_submsg_info  ftbot.pb.o
    0x08011604   0x08011604   0x0000000c   Data   RO          123    .rodata.ftbot_SetSpeedSteering_field_info  ftbot.pb.o
    0x08011610   0x08011610   0x00000018   Data   RO          125    .rodata.ftbot_SetSpeedSteering_msg  ftbot.pb.o
    0x08011628   0x08011628   0x00000004   Data   RO          124    .rodata.ftbot_SetSpeedSteering_submsg_info  ftbot.pb.o
    0x0801162c   0x0801162c   0x00000004   Data   RO          963    .rodata.osRtxUserSVC  rtx_lib.o
    0x08011630   0x08011630   0x00000024   Data   RO          958    .rodata.os_idle_thread_attr  rtx_lib.o
    0x08011654   0x08011654   0x00000018   Data   RO          960    .rodata.os_timer_mq_attr  rtx_lib.o
    0x0801166c   0x0801166c   0x00000024   Data   RO          959    .rodata.os_timer_thread_attr  rtx_lib.o
    0x08011690   0x08011690   0x0000025e   Data   RO            7    .rodata.str1.1      wifimain.o
    0x080118ee   0x080118ee   0x00000014   Data   RO           25    .rodata.str1.1      initcom.o
    0x08011902   0x08011902   0x00000010   Data   RO           42    .rodata.str1.1      transmitthread.o
    0x08011912   0x08011912   0x00000006   Data   RO           74    .rodata.str1.1      receivethread.o
    0x08011918   0x08011918   0x0000019c   Data   RO          237    .rodata.str1.1      pb_decode.o
    0x08011ab4   0x08011ab4   0x00000089   Data   RO          306    .rodata.str1.1      pb_encode.o
    0x08011b3d   0x08011b3d   0x0000000b   Data   RO          944    .rodata.str1.1      rtx_kernel.o
    0x08011b48   0x08011b48   0x00000017   Data   RO         1641    .rodata.str1.1      retarget_io.o
    0x08011b5f   0x08011b5f   0x00000013   Data   RO         2964    .rodata.str1.1      FTbotLib.lib(e4ftbotterminal.o)
    0x08011b72   0x08011b72   0x00000005   Data   RO           21    .rodata.uart_init.command  initcom.o
    0x08011b77   0x08011b77   0x00000027   Data   RO           23    .rodata.wifi_init.udpCommand  initcom.o
    0x08011b9e   0x08011b9e   0x00000002   PAD
    0x08011ba0   0x08011ba0   0x00000040   Data   RO         3520    Region$$Table       anon$$obj.o
    0x08011be0   0x08011be0   0x00000110   Data   RO         3442    locale$$data        c_w.l(lc_ctype_c.o)
    0x08011cf0   0x08011cf0   0x0000001c   Data   RO         3445    locale$$data        c_w.l(lc_numeric_c.o)


    Execution Region RW_DTCM (Exec base: 0x20000000, Load base: 0x08011d10, Size: 0x00000e08, Max: 0x00010000, ABSOLUTE)

    Exec Addr    Load Addr    Size         Type   Attr      Idx    E Section Name        Object

    0x20000000   0x08011d10   0x00000002   Data   RW           88    ETTI4dmaVar         receiveinit.o
    0x20000002   0x08011d12   0x00000006   PAD
    0x20000008        -       0x00000600   Zero   RW         2931    HEAP                startup_stm32f746xx.o
    0x20000608        -       0x00000800   Zero   RW         2930    STACK               startup_stm32f746xx.o


    Execution Region RW_SRAM1 (Exec base: 0x20010000, Load base: 0x08011d20, Size: 0x00008f88, Max: 0x00040000, ABSOLUTE, COMPRESSED[0x00000040])

    Exec Addr    Load Addr    Size         Type   Attr      Idx    E Section Name        Object

    0x20010000   COMPRESSED   0x00000004   Data   RW         3067    .data               c_w.l(stdio_streams.o)
    0x20010004   COMPRESSED   0x00000004   Data   RW         3068    .data               c_w.l(stdio_streams.o)
    0x20010008   COMPRESSED   0x00000004   Data   RW         3069    .data               c_w.l(stdio_streams.o)
    0x2001000c   COMPRESSED   0x00000004   Data   RW         3211    .data               c_w.l(streamlock.o)
    0x20010010   COMPRESSED   0x00000004   Data   RW         2944    .data.SystemCoreClock  system_stm32f7xx.o
    0x20010014   COMPRESSED   0x000000b8   Data   RW            4    .data.driveDisp     wifimain.o
    0x200100cc   COMPRESSED   0x0000001c   Data   RW          100    .data.leftMotorDescriptor  drivethread.o
    0x200100e8   COMPRESSED   0x000000a4   Data   RW          945    .data.os            rtx_kernel.o
    0x2001018c   COMPRESSED   0x0000001c   Data   RW          101    .data.rightMotorDescriptor  drivethread.o
    0x200101a8   COMPRESSED   0x00000001   Data   RW         1729    .data.uwTickFreq    stm32f7xx_hal.o
    0x200101a9   COMPRESSED   0x00000003   PAD
    0x200101ac   COMPRESSED   0x00000004   Data   RW         1728    .data.uwTickPrio    stm32f7xx_hal.o
    0x200101b0   COMPRESSED   0x00000010   PAD
    0x200101c0        -       0x00000054   Zero   RW         3064    .bss                c_w.l(stdio_streams.o)
    0x20010214        -       0x00000054   Zero   RW         3065    .bss                c_w.l(stdio_streams.o)
    0x20010268        -       0x00000054   Zero   RW         3066    .bss                c_w.l(stdio_streams.o)
    0x200102bc        -       0x00000060   Zero   RW         3285    .bss                c_w.l(libspace.o)
    0x2001031c        -       0x00000004   Zero   RW            6    .bss.MsgQId_nix     wifimain.o
    0x20010320        -       0x00000004   Zero   RW         2963    .bss.__termSem      FTbotLib.lib(e4ftbotterminal.o)
    0x20010324        -       0x00000004   Zero   RW            5    .bss.driveControlMutId  wifimain.o
    0x20010328        -       0x00000004   Zero   RW          103    .bss.driveId        drivethread.o
    0x2001032c        -       0x0000000c   Zero   RW            8    .bss.driveInfo      wifimain.o
    0x20010338        -       0x00000064   Zero   RW          337    .bss.hadc1          main.o
    0x2001039c        -       0x00000024   Zero   RW          338    .bss.hcrc           main.o
    0x200103c0        -       0x00000060   Zero   RW          341    .bss.hdma_usart2_rx  main.o
    0x20010420        -       0x00000060   Zero   RW          342    .bss.hdma_usart2_tx  main.o
    0x20010480        -       0x00000060   Zero   RW          343    .bss.hdma_usart6_rx  main.o
    0x200104e0        -       0x00000060   Zero   RW          344    .bss.hdma_usart6_tx  main.o
    0x20010540        -       0x0000004c   Zero   RW         2923    .bss.htim6          stm32f7xx_hal_timebase_tim.o
    0x2001058c        -       0x000000b4   Zero   RW          339    .bss.huart2         main.o
    0x20010640        -       0x000000b4   Zero   RW          340    .bss.huart6         main.o
    0x200106f4   COMPRESSED   0x00000004   PAD
    0x200106f8        -       0x00008040   Zero   RW          957    .bss.os             rtx_lib.o
    0x20018738        -       0x00000001   Zero   RW         1605    .bss.os             os_systick.o
    0x20018739   COMPRESSED   0x00000003   PAD
    0x2001873c        -       0x00000034   Zero   RW          968    .bss.os.msgqueue.cb  rtx_lib.o
    0x20018770        -       0x00000050   Zero   RW          969    .bss.os.msgqueue.mem  rtx_lib.o
    0x200187c0        -       0x000000a0   Zero   RW          965    .bss.os.thread.cb   rtx_lib.o
    0x20018860        -       0x00000200   Zero   RW          966    .bss.os.thread.idle.stack  rtx_lib.o
    0x20018a60        -       0x00000200   Zero   RW          967    .bss.os.thread.timer.stack  rtx_lib.o
    0x20018c60        -       0x00000004   Zero   RW         2962    .bss.pEmbDispHandle  FTbotLib.lib(e4ftbotterminal.o)
    0x20018c64        -       0x00000001   Zero   RW          102    .bss.powerFail      drivethread.o
    0x20018c65   COMPRESSED   0x00000003   PAD
    0x20018c68        -       0x00000004   Zero   RW           72    .bss.receiveId      receivethread.o
    0x20018c6c        -       0x00000080   Zero   RW           73    .bss.receiveThread.buffer_rx  receivethread.o
    0x20018cec        -       0x00000004   Zero   RW           38    .bss.transmitId     transmitthread.o
    0x20018cf0   COMPRESSED   0x00000010   PAD
    0x20018d00        -       0x00000080   Zero   RW           40    .bss.transmitThread.buffer_stream  transmitthread.o
    0x20018d80        -       0x00000080   Zero   RW           39    .bss.transmitThread.buffer_transmit  transmitthread.o
    0x20018e00        -       0x00000004   Zero   RW           41    .bss.uartTxSemaphore  transmitthread.o
    0x20018e04        -       0x00000080   Zero   RW           22    .bss.uart_init.buffer_msgQ  initcom.o
    0x20018e84        -       0x00000004   Zero   RW         1730    .bss.uwTick         stm32f7xx_hal.o
    0x20018e88        -       0x00000080   Zero   RW           26    .bss.wifi_init.buffer_msgQ  initcom.o
    0x20018f08        -       0x00000080   Zero   RW           24    .bss.wifi_init.commandBuffer  initcom.o


==============================================================================

Image component sizes


      Code (inc. data)   RO Data    RW Data    ZI Data      Debug   Object Name

       344          0          0          0          0       1046   drivegettersetter.o
        90          0          0         56          5       2776   drivethread.o
         0          0         84          0          0       1789   ftbot.pb.o
       822          0         64          0        384       2420   initcom.o
       256         16          0          0          0        812   irq_armv7m.o
      1092          0          0          0        880      15560   main.o
       204          0          0          0          1       5747   os_systick.o
      1478          0          0          0          0       5767   pb_common.o
      7672         36        412          0          0      16023   pb_decode.o
      4678         24        137          0          0      12133   pb_encode.o
        70          0          0          0          0        793   potentiometervoltage.o
        28          4          0          0          0        541   poticalc.o
       140          0          0          2          0       4680   receiveinit.o
       744         16          6          0        132       4358   receivethread.o
       552          0         46          0          0       2451   retarget_io.o
       240          0          0          0          0       2400   retarget_os_rtos2.o
        56          6          0          0          0        733   rtx_config.o
       230          0          0          0          0       2840   rtx_delay.o
       686          0          0          0          0      26565   rtx_evr.o
      1392          0         11        164          0      19003   rtx_kernel.o
        30          0        268          0      34148       6376   rtx_lib.o
       710          0          0          0          0       2384   rtx_memory.o
       478          0          0          0          0      12703   rtx_mempool.o
      3580          0          0          0          0      15329   rtx_msgqueue.o
      2356          0          0          0          0       9526   rtx_mutex.o
      1594          0          0          0          0       9658   rtx_semaphore.o
       940         10          0          0          0       6986   rtx_system.o
      4558          0          0          0          0      34419   rtx_thread.o
       548          0          0          0          0       9434   rtx_timer.o
        64         26        456          0       3584        904   startup_stm32f746xx.o
        76          0          0          5          4       8074   stm32f7xx_hal.o
      2082          0          0          0          0      11742   stm32f7xx_hal_adc.o
         8          0          0          0          0       8611   stm32f7xx_hal_adc_ex.o
       624          0          0          0          0      10736   stm32f7xx_hal_cortex.o
       204          0          0          0          0       4314   stm32f7xx_hal_crc.o
       214         26          0          0          0       2743   stm32f7xx_hal_crc_ex.o
      2080          8          8          0          0       8781   stm32f7xx_hal_dma.o
      1004          0          0          0          0       5469   stm32f7xx_hal_gpio.o
       976          0          0          0          0      12245   stm32f7xx_hal_msp.o
       198          0          0          0          0       6005   stm32f7xx_hal_pwr_ex.o
      2830          0          0          0          0       8307   stm32f7xx_hal_rcc.o
      2162          0          0          0          0       7530   stm32f7xx_hal_rcc_ex.o
      1570          0          0          0          0      37262   stm32f7xx_hal_tim.o
        24          0          0          0          0      16266   stm32f7xx_hal_tim_ex.o
       236          0          0          0         76       7912   stm32f7xx_hal_timebase_tim.o
      6022         52          0          0          0      26265   stm32f7xx_hal_uart.o
       112          0          0          0          0       1052   stm32f7xx_it.o
        18          0         24          4          0       3414   system_stm32f7xx.o
       490          0         16          0        264       8629   transmitthread.o
       508          0        606        184         20       6460   wifimain.o

    ----------------------------------------------------------------------
     58418        232       2205        420      39544     437973   Object Totals
         0          0         64          0          0          0   (incl. Generated)
      1348          8          3          5         46          0   (incl. Padding)

    ----------------------------------------------------------------------

      Code (inc. data)   RO Data    RW Data    ZI Data      Debug   Library Member Name

       332         12         19          0          8        132   e4ftbotterminal.o
        24          4          0          0          0         84   __2printf.o
        58          0          0          0          0          0   __dczerorl.o
         8          0          0          0          0         68   __main.o
       392          4         17          0          0         92   __printf_flags_ss_wp.o
        14          0          0          0          0         68   __printf_wp.o
         0          0          0          0          0          0   __rtentry.o
        20          0          0          0          0          0   __rtentry2.o
         6          0          0          0          0          0   __rtentry4.o
        94          8          0          0          0          0   __scatter.o
        26          0          0          0          0          0   __scatter_copy.o
        28          0          0          0          0          0   __scatter_zi.o
        72          0          0          0          0         96   _c16rtomb.o
        28          0          0          0          0         68   _chval.o
         6          0          0          0          0          0   _printf_a.o
         6          0          0          0          0          0   _printf_c.o
        44          0          0          0          0        108   _printf_char.o
        48          6          0          0          0         96   _printf_char_common.o
        64          6          0          0          0         84   _printf_char_file_locked.o
        40          0          0          0          0         68   _printf_charcount.o
         6          0          0          0          0          0   _printf_d.o
       120         16          0          0          0         92   _printf_dec.o
         6          0          0          0          0          0   _printf_e.o
         6          0          0          0          0          0   _printf_f.o
      1052          0          0          0          0        148   _printf_fp_dec.o
       764          8         38          0          0        100   _printf_fp_hex.o
       128         16          0          0          0         84   _printf_fp_infnan.o
         6          0          0          0          0          0   _printf_g.o
       148          4         40          0          0        160   _printf_hex_int_ll_ptr.o
         6          0          0          0          0          0   _printf_i.o
       178          0          0          0          0         88   _printf_intcommon.o
        10          0          0          0          0          0   _printf_l.o
         6          0          0          0          0          0   _printf_lc.o
        10          0          0          0          0          0   _printf_ll.o
         6          0          0          0          0          0   _printf_lld.o
         6          0          0          0          0          0   _printf_lli.o
         6          0          0          0          0          0   _printf_llo.o
         6          0          0          0          0          0   _printf_llu.o
         6          0          0          0          0          0   _printf_llx.o
       124         16          0          0          0         92   _printf_longlong_dec.o
         6          0          0          0          0          0   _printf_ls.o
         6          0          0          0          0          0   _printf_n.o
         6          0          0          0          0          0   _printf_o.o
       112          8          0          0          0        124   _printf_oct_int_ll.o
         6          0          0          0          0          0   _printf_p.o
        78          0          0          0          0        108   _printf_pad.o
         0          0          0          0          0          0   _printf_percent.o
         4          0          0          0          0          0   _printf_percent_end.o
         6          0          0          0          0          0   _printf_s.o
        82          0          0          0          0         80   _printf_str.o
        36          0          0          0          0         84   _printf_truncate.o
         6          0          0          0          0          0   _printf_u.o
        44          0          0          0          0        108   _printf_wchar.o
       188          6          8          0          0         92   _printf_wctomb.o
         6          0          0          0          0          0   _printf_x.o
        16          0          0          0          0         68   _snputc.o
       158          0          0          0          0         92   _strtoul.o
        26          0          0          0          0         80   atoi.o
       228          4        148          0          0         96   bigflt0.o
      1936        128          0          0          0        668   btod.o
        10          0          0          0          0         68   defsig_exit.o
        50          0          0          0          0         88   defsig_general.o
        80         58          0          0          0         76   defsig_rtmem_inner.o
        14          0          0          0          0         80   defsig_rtmem_outer.o
        52         38          0          0          0         76   defsig_rtred_inner.o
        14          0          0          0          0         80   defsig_rtred_outer.o
        18          0          0          0          0         80   exit.o
        76          0          0          0          0         88   fclose.o
       144         10          0          0          0        128   fflush_locked.o
       482          0          0          0          0         92   flsbuf.o
       332         10          0          0          0        152   fopen_locked.o
        28          0          0          0          0         68   fputc.o
       248          6          0          0          0         84   fseek.o
        66          0          0          0          0         76   ftell.o
       166          0          0          0          0        144   h1_alloc_threads.o
        82          0          0          0          0        104   h1_extend_threads.o
        10          0          0          0          0         76   h1_final_threads.o
       118          0          0          0          0        108   h1_free_threads.o
        18          0          0          0          0         84   h1_init_threads.o
         6          0          0          0          0        152   heapauxi.o
         4          0          0          0          0        136   hguard.o
         0          0          0          0          0          0   indicate_semi.o
       138          0          0          0          0        168   init_alloc.o
       456         48          0          0          0        116   initio_locked.o
        44         10        272          0          0         76   lc_ctype_c.o
        44         10         28          0          0         76   lc_numeric_c.o
         2          0          0          0          0          0   libinit.o
        46          0          0          0          0          0   libinit2.o
         2          0          0          0          0          0   libshutdown.o
        10          0          0          0          0          0   libshutdown2.o
         8          4          0          0         96         68   libspace.o
       138          0          0          0          0         80   lludiv10.o
       240          0          0          0          0        100   lludivv7m.o
         0          0          0          0          0          0   maybetermalloc2.o
        24          4          0          0          0         84   printf.o
        16          4          0          0          0         76   rt_ctype_table.o
         8          4          0          0          0         68   rt_errno_addr_intlibspace.o
         8          4          0          0          0         68   rt_heap_descriptor_intlibspace.o
         8          4          0          0          0         68   rt_locale_intlibspace.o
        68          0          0          0          0         68   rt_memclr.o
        78          0          0          0          0         80   rt_memclr_w.o
       138          0          0          0          0         68   rt_memcpy_v6.o
       100          0          0          0          0         80   rt_memcpy_w.o
         2          0          0          0          0          0   rtexit.o
        10          0          0          0          0          0   rtexit2.o
       104          0          0          0          0         88   setvbuf_locked.o
        64          6          0          0          0         84   snprintf.o
       264          6          0          0          0        160   stdio.o
         0          0          0         12        252          0   stdio_streams.o
        20          0          0          0          0         68   strchr.o
       124          0          0          0          0         88   strcmpv7m_pel.o
         0          0          0          4          0          0   streamlock.o
       150          0          0          0          0         80   strncmp.o
       112          0          0          0          0         88   strtol.o
        12          4          0          0          0         68   sys_exit.o
        74          0          0          0          0         80   sys_stackheap_outer.o
        14          0          0          0          0         76   sys_wrch.o
        16          0          0          0          0         80   term_alloc.o
         2          0          0          0          0         68   use_no_semi.o
        12          0          0          0          0        116   dretinf.o
        86          4          0          0          0        132   f2d.o
       140          4          0          0          0        132   fnaninf.o
        26          0          0          0          0        116   fpinit.o
         4          0          0          0          0        116   printf1.o
         4          0          0          0          0        116   printf2.o
         0          0          0          0          0          0   usenofp.o
        48          0          0          0          0        124   fpclassify.o

    ----------------------------------------------------------------------
     11774        488        575         16        356       8592   Library Totals
        32          4          5          0          0          0   (incl. Padding)

    ----------------------------------------------------------------------

      Code (inc. data)   RO Data    RW Data    ZI Data      Debug   Library Name

       332         12         19          0          8        132   FTbotLib.lib
     11090        464        551         16        348       7608   c_w.l
       272          8          0          0          0        728   fz_wm.l
        48          0          0          0          0        124   m_wm.l

    ----------------------------------------------------------------------
     11774        488        575         16        356       8592   Library Totals

    ----------------------------------------------------------------------

==============================================================================


      Code (inc. data)   RO Data    RW Data    ZI Data      Debug   

     70192        720       2780        436      39900     441049   Grand Totals
     70192        720       2780         68      39900     441049   ELF Image Totals (compressed)
     70192        720       2780         68          0          0   ROM Totals

==============================================================================

    Total RO  Size (Code + RO Data)                72972 (  71.26kB)
    Total RW  Size (RW Data + ZI Data)             40336 (  39.39kB)
    Total ROM Size (Code + RO Data + RW Data)      73040 (  71.33kB)

==============================================================================

