Component: Arm Compiler for Embedded 6.21 Tool: armlink [5ec1fa00]

==============================================================================

Section Cross References

    initmain.o(.text.concatenate4Strings) refers to h1_alloc_threads.o(.text) for malloc
    initmain.o(.text.concatenate4Strings) refers to exit.o(.text) for exit
    initmain.o(.ARM.exidx.text.concatenate4Strings) refers to initmain.o(.text.concatenate4Strings) for [Anonymous Symbol]
    initmain.o(.ARM.exidx.text.protobuf_init) refers to initmain.o(.text.protobuf_init) for [Anonymous Symbol]
    initmain.o(.text.uart_init) refers to strlen.o(.text) for strlen
    initmain.o(.text.uart_init) refers to main.o(.bss.huart6) for huart6
    initmain.o(.text.uart_init) refers to stm32f7xx_hal_uart.o(.text.HAL_UART_Transmit_IT) for HAL_UART_Transmit_IT
    initmain.o(.ARM.exidx.text.uart_init) refers to initmain.o(.text.uart_init) for [Anonymous Symbol]
    initmain.o(.ARM.exidx.text.wifi_init) refers to initmain.o(.text.wifi_init) for [Anonymous Symbol]
    initmain.o(.ARM.exidx.text.receivingThread) refers to initmain.o(.text.receivingThread) for [Anonymous Symbol]
    initmain.o(.ARM.exidx.text.driveThread) refers to initmain.o(.text.driveThread) for [Anonymous Symbol]
    initmain.o(.ARM.exidx.text.atThread) refers to initmain.o(.text.atThread) for [Anonymous Symbol]
    initmain.o(.text.transmitThread) refers to initmain.o(.rodata.str1.1) for .L__const.transmitThread.txData
    initmain.o(.text.transmitThread) refers to rt_memcpy_v6.o(.text) for __aeabi_memcpy
    initmain.o(.text.transmitThread) refers to strlen.o(.text) for strlen
    initmain.o(.text.transmitThread) refers to main.o(.bss.huart6) for huart6
    initmain.o(.text.transmitThread) refers to stm32f7xx_hal_uart.o(.text.HAL_UART_Transmit_DMA) for HAL_UART_Transmit_DMA
    initmain.o(.text.transmitThread) refers to strcpy.o(.text) for strcpy
    initmain.o(.ARM.exidx.text.transmitThread) refers to initmain.o(.text.transmitThread) for [Anonymous Symbol]
    initmain.o(.text.mainThread) refers to initmain.o(.rodata.str1.1) for .L.str.3
    initmain.o(.text.mainThread) refers to initmain.o(.text.concatenate4Strings) for concatenate4Strings
    initmain.o(.text.mainThread) refers to initmain.o(.text.protobuf_init) for protobuf_init
    initmain.o(.text.mainThread) refers to initmain.o(.text.uart_init) for uart_init
    initmain.o(.text.mainThread) refers to initmain.o(.text.wifi_init) for wifi_init
    initmain.o(.text.mainThread) refers to initmain.o(.text.receivingThread) for receivingThread
    initmain.o(.text.mainThread) refers to rtx_thread.o(.text.osThreadNew) for osThreadNew
    initmain.o(.text.mainThread) refers to initmain.o(.text.driveThread) for driveThread
    initmain.o(.text.mainThread) refers to initmain.o(.text.atThread) for atThread
    initmain.o(.text.mainThread) refers to initmain.o(.text.transmitThread) for transmitThread
    initmain.o(.text.mainThread) refers to rtx_kernel.o(.text.osKernelStart) for osKernelStart
    initmain.o(.ARM.exidx.text.mainThread) refers to initmain.o(.text.mainThread) for [Anonymous Symbol]
    main.o(.text.main) refers to stm32f7xx_hal.o(.text.HAL_Init) for HAL_Init
    main.o(.text.main) refers to main.o(.text.SystemClock_Config) for SystemClock_Config
    main.o(.text.main) refers to main.o(.text.MX_GPIO_Init) for MX_GPIO_Init
    main.o(.text.main) refers to main.o(.text.MX_DMA_Init) for MX_DMA_Init
    main.o(.text.main) refers to main.o(.text.MX_USART6_UART_Init) for MX_USART6_UART_Init
    main.o(.text.main) refers to rtx_kernel.o(.text.osKernelInitialize) for osKernelInitialize
    main.o(.text.main) refers to initmain.o(.text.mainThread) for mainThread
    main.o(.text.main) refers to rtx_thread.o(.text.osThreadNew) for osThreadNew
    main.o(.text.main) refers to rtx_kernel.o(.text.osKernelStart) for osKernelStart
    main.o(.ARM.exidx.text.main) refers to main.o(.text.main) for [Anonymous Symbol]
    main.o(.text.SystemClock_Config) refers to rt_memclr_w.o(.text) for __aeabi_memclr4
    main.o(.text.SystemClock_Config) refers to stm32f7xx_hal_rcc.o(.text.HAL_RCC_OscConfig) for HAL_RCC_OscConfig
    main.o(.text.SystemClock_Config) refers to main.o(.text.Error_Handler) for Error_Handler
    main.o(.text.SystemClock_Config) refers to stm32f7xx_hal_pwr_ex.o(.text.HAL_PWREx_EnableOverDrive) for HAL_PWREx_EnableOverDrive
    main.o(.text.SystemClock_Config) refers to stm32f7xx_hal_rcc.o(.text.HAL_RCC_ClockConfig) for HAL_RCC_ClockConfig
    main.o(.ARM.exidx.text.SystemClock_Config) refers to main.o(.text.SystemClock_Config) for [Anonymous Symbol]
    main.o(.text.MX_GPIO_Init) refers to stm32f7xx_hal_gpio.o(.text.HAL_GPIO_WritePin) for HAL_GPIO_WritePin
    main.o(.text.MX_GPIO_Init) refers to stm32f7xx_hal_gpio.o(.text.HAL_GPIO_Init) for HAL_GPIO_Init
    main.o(.ARM.exidx.text.MX_GPIO_Init) refers to main.o(.text.MX_GPIO_Init) for [Anonymous Symbol]
[...]
    __arm_cp.19_4                            0x08005ed8   Number         4  rtx_thread.o(.text.svcRtxThreadNew)
    __arm_cp.19_5                            0x08005edc   Number         4  rtx_thread.o(.text.svcRtxThreadNew)
    [Anonymous Symbol]                       0x08005ee0   Section        0  initmain.o(.text.transmitThread)
    [Anonymous Symbol]                       0x08005f50   Section        0  initmain.o(.text.uart_init)
    user_perthread_libspace_free             0x08005f81   Thumb Code    72  rtx_lib.o(.text.user_perthread_libspace_free)
    [Anonymous Symbol]                       0x08005f80   Section        0  rtx_lib.o(.text.user_perthread_libspace_free)
    [Anonymous Symbol]                       0x08005fc8   Section        0  initmain.o(.text.wifi_init)
    $v0                                      0x08005fca   Number         0  fpinit.o(x$fpl$fpinit)
    x$fpl$fpinit                             0x08005fca   Section       26  fpinit.o(x$fpl$fpinit)
    __tagsym$$used.4                         0x08005fe4   Number         0  rtx_lib.o(.rodata)
    __tagsym$$used.5                         0x08006054   Number         0  rtx_lib.o(.rodata)
    DMA_CalcBaseAndBitshift.flagBitshiftOffset 0x080060a4   Data           8  stm32f7xx_hal_dma.o(.rodata.DMA_CalcBaseAndBitshift.flagBitshiftOffset)
    [Anonymous Symbol]                       0x080060a4   Section        0  stm32f7xx_hal_dma.o(.rodata.DMA_CalcBaseAndBitshift.flagBitshiftOffset)
    os_idle_thread_attr                      0x080060b0   Data          36  rtx_lib.o(.rodata.os_idle_thread_attr)
    [Anonymous Symbol]                       0x080060b0   Section        0  rtx_lib.o(.rodata.os_idle_thread_attr)
    os_timer_mq_attr                         0x080060d4   Data          24  rtx_lib.o(.rodata.os_timer_mq_attr)
    [Anonymous Symbol]                       0x080060d4   Section        0  rtx_lib.o(.rodata.os_timer_mq_attr)
    os_timer_thread_attr                     0x080060ec   Data          36  rtx_lib.o(.rodata.os_timer_thread_attr)
    [Anonymous Symbol]                       0x080060ec   Section        0  rtx_lib.o(.rodata.os_timer_thread_attr)
    .L.str.2                                 0x08006110   Data           9  initmain.o(.rodata.str1.1)
    [Anonymous Symbol]                       0x08006110   Section        0  initmain.o(.rodata.str1.1)
    .L__const.transmitThread.txData          0x08006119   Data          47  initmain.o(.rodata.str1.1)
    .L.str.3                                 0x08006148   Data           8  initmain.o(.rodata.str1.1)
    .L.str.4                                 0x08006150   Data           3  initmain.o(.rodata.str1.1)
    .L.str                                   0x08006153   Data          13  initmain.o(.rodata.str1.1)
    .L.str.1                                 0x08006160   Data           6  initmain.o(.rodata.str1.1)
    [Anonymous Symbol]                       0x08006168   Section        0  rtx_kernel.o(.rodata.str1.4)
    Heap_Mem                                 0x20000000   Data         512  startup_stm32f746xx.o(HEAP)
    HEAP                                     0x20000000   Section      512  startup_stm32f746xx.o(HEAP)
    Stack_Mem                                0x20000200   Data        1024  startup_stm32f746xx.o(STACK)
    STACK                                    0x20000200   Section     1024  startup_stm32f746xx.o(STACK)
    __initial_sp                             0x20000600   Data           0  startup_stm32f746xx.o(STACK)
    .bss                                     0x200100b0   Section       96  libspace.o(.bss)
    os_isr_queue                             0x20010300   Data          64  rtx_lib.o(.bss.os)
    [Anonymous Symbol]                       0x20010300   Section        0  rtx_lib.o(.bss.os)
    os_mem                                   0x20010340   Data       32768  rtx_lib.o(.bss.os)
    PendST                                   0x20018340   Data           1  os_systick.o(.bss.os)
    [Anonymous Symbol]                       0x20018340   Section        0  os_systick.o(.bss.os)
    os_libspace_id                           0x20018344   Data          16  rtx_lib.o(.bss.os.libspace)
    [Anonymous Symbol]                       0x20018344   Section        0  rtx_lib.o(.bss.os.libspace)
    os_libspace                              0x20018354   Data         480  rtx_lib.o(.bss.os.libspace)
    os_timer_mq_cb                           0x20018534   Data          52  rtx_lib.o(.bss.os.msgqueue.cb)
    [Anonymous Symbol]                       0x20018534   Section        0  rtx_lib.o(.bss.os.msgqueue.cb)
    os_timer_mq_data                         0x20018568   Data          80  rtx_lib.o(.bss.os.msgqueue.mem)
    [Anonymous Symbol]                       0x20018568   Section        0  rtx_lib.o(.bss.os.msgqueue.mem)
    os_idle_thread_cb                        0x200185b8   Data          80  rtx_lib.o(.bss.os.thread.cb)
    [Anonymous Symbol]                       0x200185b8   Section        0  rtx_lib.o(.bss.os.thread.cb)
    os_timer_thread_cb                       0x20018608   Data          80  rtx_lib.o(.bss.os.thread.cb)
    os_idle_thread_stack                     0x20018658   Data         512  rtx_lib.o(.bss.os.thread.idle.stack)
    [Anonymous Symbol]                       0x20018658   Section        0  rtx_lib.o(.bss.os.thread.idle.stack)
    os_timer_thread_stack                    0x20018858   Data         512  rtx_lib.o(.bss.os.thread.timer.stack)
    [Anonymous Symbol]                       0x20018858   Section        0  rtx_lib.o(.bss.os.thread.timer.stack)
    os_kernel_is_active.os_kernel_active     0x20018a58   Data           1  rtx_lib.o(.bss.os_kernel_is_active.os_kernel_active)
    [Anonymous Symbol]                       0x20018a58   Section        0  rtx_lib.o(.bss.os_kernel_is_active.os_kernel_active)
    FPCCR                                    0xe000ef34   Number         0  irq_armv7m.o ABSOLUTE

    Global Symbols

    Symbol Name                              Value     Ov Type        Size  Object(Section)

    BuildAttributes$$THM_ISAv4$E$P$D$K$B$S$7EM$VFPi5$EXTD16$VFPS$VFMA$PE$PLD8$A:L22UL41UL21$X:L11$S22US41US21$IEEE1$IW$~IW$USESV6$~STKCKD$USESV7$WCHAR32$ENUMINT$~SHL$OTIME$ROPI$EBA8$UX$STANDARDLIB$REQ8$PRES8$EABIv2 0x00000000   Number         0  anon$$obj.o ABSOLUTE
    .bss.os.evflags.cb$$Base                  - Undefined Weak Reference
    .bss.os.evflags.cb$$Limit                 - Undefined Weak Reference
    .bss.os.mempool.cb$$Base                  - Undefined Weak Reference
    .bss.os.mempool.cb$$Limit                 - Undefined Weak Reference
    .bss.os.mutex.cb$$Base                    - Undefined Weak Reference
    .bss.os.mutex.cb$$Limit                   - Undefined Weak Reference
    .bss.os.semaphore.cb$$Base                - Undefined Weak Reference
    .bss.os.semaphore.cb$$Limit               - Undefined Weak Reference
    .bss.os.timer.cb$$Base                    - Undefined Weak Reference
    .bss.os.timer.cb$$Limit                   - Undefined Weak Reference
    __ARM_exceptions_init                     - Undefined Weak Reference
    __alloca_initialize                       - Undefined Weak Reference
    __arm_preinit_                            - Undefined Weak Reference
    __arm_relocate_pie_                       - Undefined Weak Reference
    __cpp_initialize__aeabi_                  - Undefined Weak Reference
    __cxa_finalize                            - Undefined Weak Reference
    __rt_locale                               - Undefined Weak Reference
    __sigvec_lookup                           - Undefined Weak Reference
    __user_heap_extent                        - Undefined Weak Reference
    _atexit_init                              - Undefined Weak Reference
    _call_atexit_fns                          - Undefined Weak Reference
    _clock_init                               - Undefined Weak Reference
    _fp_trap_init                             - Undefined Weak Reference
    _fp_trap_shutdown                         - Undefined Weak Reference
    _get_lc_collate                           - Undefined Weak Reference
    _get_lc_ctype                             - Undefined Weak Reference
    _get_lc_monetary                          - Undefined Weak Reference
    _get_lc_numeric                           - Undefined Weak Reference
    _get_lc_time                              - Undefined Weak Reference
    _getenv_init                              - Undefined Weak Reference
    _handle_redirection                       - Undefined Weak Reference
    _initio                                   - Undefined Weak Reference
    _rand_init                                - Undefined Weak Reference
    _signal_finish                            - Undefined Weak Reference
    _signal_init                              - Undefined Weak Reference
    _terminateio                              - Undefined Weak Reference
    __Vectors_Size                           0x000001c8   Number         0  startup_stm32f746xx.o ABSOLUTE
    __Vectors                                0x08000000   Data           4  startup_stm32f746xx.o(RESET)
    __Vectors_End                            0x080001c8   Data           0  startup_stm32f746xx.o(RESET)
    __main                                   0x080001c9   Thumb Code     8  __main.o(!!!main)
    __scatterload                            0x080001d1   Thumb Code     0  __scatter.o(!!!scatter)
    __scatterload_rt2                        0x080001d1   Thumb Code    84  __scatter.o(!!!scatter)
    __scatterload_rt2_thumb_only             0x080001d1   Thumb Code     0  __scatter.o(!!!scatter)
    __scatterload_loop                       0x080001db   Thumb Code     0  __scatter.o(!!!scatter)
    __scatterload_copy                       0x0800022d   Thumb Code    26  __scatter_copy.o(!!handler_copy)
    __scatterload_null                       0x08000249   Thumb Code     2  __scatter.o(!!handler_null)
    __scatterload_zeroinit                   0x0800024d   Thumb Code    28  __scatter_zi.o(!!handler_zi)
    __rt_lib_init                            0x08000269   Thumb Code     0  libinit.o(.ARM.Collect$$libinit$$00000000)
    __rt_lib_init_fp_1                       0x0800026b   Thumb Code     0  libinit2.o(.ARM.Collect$$libinit$$00000001)
    __rt_lib_init_heap_2                     0x0800026f   Thumb Code     0  libinit2.o(.ARM.Collect$$libinit$$00000007)
    __rt_lib_init_preinit_1                  0x0800026f   Thumb Code     0  libinit2.o(.ARM.Collect$$libinit$$00000006)
    __rt_lib_init_relocate_pie_1             0x0800026f   Thumb Code     0  libinit2.o(.ARM.Collect$$libinit$$00000004)
    __rt_lib_init_alloca_1                   0x08000277   Thumb Code     0  libinit2.o(.ARM.Collect$$libinit$$00000030)
    __rt_lib_init_argv_1                     0x08000277   Thumb Code     0  libinit2.o(.ARM.Collect$$libinit$$0000002E)
    __rt_lib_init_atexit_1                   0x08000277   Thumb Code     0  libinit2.o(.ARM.Collect$$libinit$$0000001D)
    __rt_lib_init_clock_1                    0x08000277   Thumb Code     0  libinit2.o(.ARM.Collect$$libinit$$00000023)
    __rt_lib_init_cpp_1                      0x08000277   Thumb Code     0  libinit2.o(.ARM.Collect$$libinit$$00000034)
    __rt_lib_init_exceptions_1               0x08000277   Thumb Code     0  libinit2.o(.ARM.Collect$$libinit$$00000032)
    __rt_lib_init_fp_trap_1                  0x08000277   Thumb Code     0  libinit2.o(.ARM.Collect$$libinit$$00000021)
    __rt_lib_init_getenv_1                   0x08000277   Thumb Code     0  libinit2.o(.ARM.Collect$$libinit$$00000025)
    __rt_lib_init_heap_1                     0x08000277   Thumb Code     0  libinit2.o(.ARM.Collect$$libinit$$0000000C)
    __rt_lib_init_lc_collate_1               0x08000277   Thumb Code     0  libinit2.o(.ARM.Collect$$libinit$$00000013)
    __rt_lib_init_lc_ctype_1                 0x08000277   Thumb Code     0  libinit2.o(.ARM.Collect$$libinit$$00000015)
    __rt_lib_init_lc_monetary_1              0x08000277   Thumb Code     0  libinit2.o(.ARM.Collect$$libinit$$00000017)
    __rt_lib_init_lc_numeric_1               0x08000277   Thumb Code     0  libinit2.o(.ARM.Collect$$libinit$$00000019)
    __rt_lib_init_lc_time_1                  0x08000277   Thumb Code     0  libinit2.o(.ARM.Collect$$libinit$$0000001B)
    __rt_lib_init_rand_1                     0x08000277   Thumb Code     0  libinit2.o(.ARM.Collect$$libinit$$00000010)
    __rt_lib_init_return                     0x08000277   Thumb Code     0  libinit2.o(.ARM.Collect$$libinit$$00000035)
    __rt_lib_init_signal_1                   0x08000277   Thumb Code     0  libinit2.o(.ARM.Collect$$libinit$$0000001F)
    __rt_lib_init_stdio_1                    0x08000277   Thumb Code     0  libinit2.o(.ARM.Collect$$libinit$$00000027)
    __rt_lib_init_user_alloc_1               0x08000277   Thumb Code     0  libinit2.o(.ARM.Collect$$libinit$$0000000E)
    __rt_lib_shutdown                        0x08000279   Thumb Code     0  libshutdown.o(.ARM.Collect$$libshutdown$$00000000)
    __rt_lib_shutdown_cpp_1                  0x0800027b   Thumb Code     0  libshutdown2.o(.ARM.Collect$$libshutdown$$00000002)
    __rt_lib_shutdown_fp_trap_1              0x0800027b   Thumb Code     0  libshutdown2.o(.ARM.Collect$$libshutdown$$00000007)
    __rt_lib_shutdown_heap_2                 0x0800027b   Thumb Code     0  libshutdown2.o(.ARM.Collect$$libshutdown$$0000000D)
    __rt_lib_shutdown_signal_1               0x0800027b   Thumb Code     0  libshutdown2.o(.ARM.Collect$$libshutdown$$0000000A)
    __rt_lib_shutdown_stdio_1                0x0800027b   Thumb Code     0  libshutdown2.o(.ARM.Collect$$libshutdown$$00000004)
    __rt_lib_shutdown_user_alloc_1           0x0800027b   Thumb Code     0  libshutdown2.o(.ARM.Collect$$libshutdown$$0000000C)
    __rt_lib_shutdown_heap_1                 0x0800027f   Thumb Code     0  libshutdown2.o(.ARM.Collect$$libshutdown$$0000000F)
    __rt_lib_shutdown_return                 0x0800027f   Thumb Code     0  libshutdown2.o(.ARM.Collect$$libshutdown$$00000010)
    __rt_entry                               0x08000281   Thumb Code     0  __rtentry.o(.ARM.Collect$$rtentry$$00000000)
    __rt_entry_presh_1                       0x08000281   Thumb Code     0  __rtentry2.o(.ARM.Collect$$rtentry$$00000002)
    __rt_entry_sh                            0x08000281   Thumb Code     0  __rtentry4.o(.ARM.Collect$$rtentry$$00000004)
    __rt_entry_postsh_1                      0x08000287   Thumb Code     0  __rtentry2.o(.ARM.Collect$$rtentry$$00000008)
    __rt_entry_li                            0x0800028f   Thumb Code     0  __rtentry2.o(.ARM.Collect$$rtentry$$0000000A)
    __rt_entry_main                          0x08000293   Thumb Code     0  __rtentry2.o(.ARM.Collect$$rtentry$$0000000D)
    __rt_entry_postli_1                      0x08000293   Thumb Code     0  __rtentry2.o(.ARM.Collect$$rtentry$$0000000C)
    __rt_exit                                0x0800029b   Thumb Code     0  rtexit.o(.ARM.Collect$$rtexit$$00000000)
    __rt_exit_ls                             0x0800029d   Thumb Code     0  rtexit2.o(.ARM.Collect$$rtexit$$00000003)
    __rt_exit_prels_1                        0x0800029d   Thumb Code     0  rtexit2.o(.ARM.Collect$$rtexit$$00000002)
    __rt_exit_exit                           0x080002a1   Thumb Code     0  rtexit2.o(.ARM.Collect$$rtexit$$00000004)
    Reset_Handler                            0x080002a9   Thumb Code     8  startup_stm32f746xx.o(.text)
    NMI_Handler                              0x080002b1   Thumb Code     2  startup_stm32f746xx.o(.text)
    HardFault_Handler                        0x080002b3   Thumb Code     2  startup_stm32f746xx.o(.text)
    MemManage_Handler                        0x080002b5   Thumb Code     2  startup_stm32f746xx.o(.text)
    BusFault_Handler                         0x080002b7   Thumb Code     2  startup_stm32f746xx.o(.text)
    UsageFault_Handler                       0x080002b9   Thumb Code     2  startup_stm32f746xx.o(.text)
    DebugMon_Handler                         0x080002bd   Thumb Code     2  startup_stm32f746xx.o(.text)
    ADC_IRQHandler                           0x080002c3   Thumb Code     0  startup_stm32f746xx.o(.text)
    CAN1_RX0_IRQHandler                      0x080002c3   Thumb Code     0  startup_stm32f746xx.o(.text)
    CAN1_RX1_IRQHandler                      0x080002c3   Thumb Code     0  startup_stm32f746xx.o(.text)
    CAN1_SCE_IRQHandler                      0x080002c3   Thumb Code     0  startup_stm32f746xx.o(.text)
    CAN1_TX_IRQHandler                       0x080002c3   Thumb Code     0  startup_stm32f746xx.o(.text)
    CAN2_RX0_IRQHandler                      0x080002c3   Thumb Code     0  startup_stm32f746xx.o(.text)
    CAN2_RX1_IRQHandler                      0x080002c3   Thumb Code     0  startup_stm32f746xx.o(.text)
    CAN2_SCE_IRQHandler                      0x080002c3   Thumb Code     0  startup_stm32f746xx.o(.text)
    CAN2_TX_IRQHandler                       0x080002c3   Thumb Code     0  startup_stm32f746xx.o(.text)
    CEC_IRQHandler                           0x080002c3   Thumb Code     0  startup_stm32f746xx.o(.text)
    DCMI_IRQHandler                          0x080002c3   Thumb Code     0  startup_stm32f746xx.o(.text)
    DMA1_Stream0_IRQHandler                  0x080002c3   Thumb Code     0  startup_stm32f746xx.o(.text)
    DMA1_Stream1_IRQHandler                  0x080002c3   Thumb Code     0  startup_stm32f746xx.o(.text)
    DMA1_Stream2_IRQHandler                  0x080002c3   Thumb Code     0  startup_stm32f746xx.o(.text)
    DMA1_Stream3_IRQHandler                  0x080002c3   Thumb Code     0  startup_stm32f746xx.o(.text)
    DMA1_Stream4_IRQHandler                  0x080002c3   Thumb Code     0  startup_stm32f746xx.o(.text)
    DMA1_Stream5_IRQHandler                  0x080002c3   Thumb Code     0  startup_stm32f746xx.o(.text)
    DMA1_Stream6_IRQHandler                  0x080002c3   Thumb Code     0  startup_stm32f746xx.o(.text)
    DMA1_Stream7_IRQHandler                  0x080002c3   Thumb Code     0  startup_stm32f746xx.o(.text)
    DMA2D_IRQHandler                         0x080002c3   Thumb Code     0  startup_stm32f746xx.o(.text)
    DMA2_Stream0_IRQHandler                  0x080002c3   Thumb Code     0  startup_stm32f746xx.o(.text)
    DMA2_Stream2_IRQHandler                  0x080002c3   Thumb Code     0  startup_stm32f746xx.o(.text)
    DMA2_Stream3_IRQHandler                  0x080002c3   Thumb Code     0  startup_stm32f746xx.o(.text)
    DMA2_Stream4_IRQHandler                  0x080002c3   Thumb Code     0  startup_stm32f746xx.o(.text)
    DMA2_Stream5_IRQHandler                  0x080002c3   Thumb Code     0  startup_stm32f746xx.o(.text)
    DMA2_Stream7_IRQHandler                  0x080002c3   Thumb Code     0  startup_stm32f746xx.o(.text)
    ETH_IRQHandler                           0x080002c3   Thumb Code     0  startup_stm32f746xx.o(.text)
    ETH_WKUP_IRQHandler                      0x080002c3   Thumb Code     0  startup_stm32f746xx.o(.text)
    EXTI0_IRQHandler                         0x080002c3   Thumb Code     0  startup_stm32f746xx.o(.text)
    EXTI15_10_IRQHandler                     0x080002c3   Thumb Code     0  startup_stm32f746xx.o(.text)
    EXTI1_IRQHandler                         0x080002c3   Thumb Code     0  startup_stm32f746xx.o(.text)
    EXTI2_IRQHandler                         0x080002c3   Thumb Code     0  startup_stm32f746xx.o(.text)
    EXTI3_IRQHandler                         0x080002c3   Thumb Code     0  startup_stm32f746xx.o(.text)
    EXTI4_IRQHandler                         0x080002c3   Thumb Code     0  startup_stm32f746xx.o(.text)
    EXTI9_5_IRQHandler                       0x080002c3   Thumb Code     0  startup_stm32f746xx.o(.text)
    FLASH_IRQHandler                         0x080002c3   Thumb Code     0  startup_stm32f746xx.o(.text)
    FMC_IRQHandler                           0x080002c3   Thumb Code     0  startup_stm32f746xx.o(.text)
    FPU_IRQHandler                           0x080002c3   Thumb Code     0  startup_stm32f746xx.o(.text)
    I2C1_ER_IRQHandler                       0x080002c3   Thumb Code     0  startup_stm32f746xx.o(.text)
    I2C1_EV_IRQHandler                       0x080002c3   Thumb Code     0  startup_stm32f746xx.o(.text)
    I2C2_ER_IRQHandler                       0x080002c3   Thumb Code     0  startup_stm32f746xx.o(.text)
    I2C2_EV_IRQHandler                       0x080002c3   Thumb Code     0  startup_stm32f746xx.o(.text)
    I2C3_ER_IRQHandler                       0x080002c3   Thumb Code     0  startup_stm32f746xx.o(.text)
    I2C3_EV_IRQHandler                       0x080002c3   Thumb Code     0  startup_stm32f746xx.o(.text)
    I2C4_ER_IRQHandler                       0x080002c3   Thumb Code     0  startup_stm32f746xx.o(.text)
    I2C4_EV_IRQHandler                       0x080002c3   Thumb Code     0  startup_stm32f746xx.o(.text)
    LPTIM1_IRQHandler                        0x080002c3   Thumb Code     0  startup_stm32f746xx.o(.text)
    LTDC_ER_IRQHandler                       0x080002c3   Thumb Code     0  startup_stm32f746xx.o(.text)
    LTDC_IRQHandler                          0x080002c3   Thumb Code     0  startup_stm32f746xx.o(.text)
    OTG_FS_IRQHandler                        0x080002c3   Thumb Code     0  startup_stm32f746xx.o(.text)
    OTG_FS_WKUP_IRQHandler                   0x080002c3   Thumb Code     0  startup_stm32f746xx.o(.text)
    OTG_HS_EP1_IN_IRQHandler                 0x080002c3   Thumb Code     0  startup_stm32f746xx.o(.text)
    OTG_HS_EP1_OUT_IRQHandler                0x080002c3   Thumb Code     0  startup_stm32f746xx.o(.text)
    OTG_HS_IRQHandler                        0x080002c3   Thumb Code     0  startup_stm32f746xx.o(.text)
    OTG_HS_WKUP_IRQHandler                   0x080002c3   Thumb Code     0  startup_stm32f746xx.o(.text)
    PVD_IRQHandler                           0x080002c3   Thumb Code     0  startup_stm32f746xx.o(.text)
    QUADSPI_IRQHandler                       0x080002c3   Thumb Code     0  startup_stm32f746xx.o(.text)
    RCC_IRQHandler                           0x080002c3   Thumb Code     0  startup_stm32f746xx.o(.text)
    RNG_IRQHandler                           0x080002c3   Thumb Code     0  startup_stm32f746xx.o(.text)
    RTC_Alarm_IRQHandler                     0x080002c3   Thumb Code     0  startup_stm32f746xx.o(.text)
    RTC_WKUP_IRQHandler                      0x080002c3   Thumb Code     0  startup_stm32f746xx.o(.text)
    SAI1_IRQHandler                          0x080002c3   Thumb Code     0  startup_stm32f746xx.o(.text)
    SAI2_IRQHandler                          0x080002c3   Thumb Code     0  startup_stm32f746xx.o(.text)
    SDMMC1_IRQHandler                        0x080002c3   Thumb Code     0  startup_stm32f746xx.o(.text)
    SPDIF_RX_IRQHandler                      0x080002c3   Thumb Code     0  startup_stm32f746xx.o(.text)
    SPI1_IRQHandler                          0x080002c3   Thumb Code     0  startup_stm32f746xx.o(.text)
    SPI2_IRQHandler                          0x080002c3   Thumb Code     0  startup_stm32f746xx.o(.text)
    SPI3_IRQHandler                          0x080002c3   Thumb Code     0  startup_stm32f746xx.o(.text)
    SPI4_IRQHandler                          0x080002c3   Thumb Code     0  startup_stm32f746xx.o(.text)
    SPI5_IRQHandler                          0x080002c3   Thumb Code     0  startup_stm32f746xx.o(.text)
    SPI6_IRQHandler                          0x080002c3   Thumb Code     0  startup_stm32f746xx.o(.text)
    TAMP_STAMP_IRQHandler                    0x080002c3   Thumb Code     0  startup_stm32f746xx.o(.text)
    TIM1_BRK_TIM9_IRQHandler                 0x080002c3   Thumb Code     0  startup_stm32f746xx.o(.text)
    TIM1_CC_IRQHandler                       0x080002c3   Thumb Code     0  startup_stm32f746xx.o(.text)
    TIM1_TRG_COM_TIM11_IRQHandler            0x080002c3   Thumb Code     0  startup_stm32f746xx.o(.text)
    TIM1_UP_TIM10_IRQHandler                 0x080002c3   Thumb Code     0  startup_stm32f746xx.o(.text)
    TIM2_IRQHandler                          0x080002c3   Thumb Code     0  startup_stm32f746xx.o(.text)
    TIM3_IRQHandler                          0x080002c3   Thumb Code     0  startup_stm32f746xx.o(.text)
    TIM4_IRQHandler                          0x080002c3   Thumb Code     0  startup_stm32f746xx.o(.text)
    TIM5_IRQHandler                          0x080002c3   Thumb Code     0  startup_stm32f746xx.o(.text)
    TIM7_IRQHandler                          0x080002c3   Thumb Code     0  startup_stm32f746xx.o(.text)
    TIM8_BRK_TIM12_IRQHandler                0x080002c3   Thumb Code     0  startup_stm32f746xx.o(.text)
    TIM8_CC_IRQHandler                       0x080002c3   Thumb Code     0  startup_stm32f746xx.o(.text)
    TIM8_TRG_COM_TIM14_IRQHandler            0x080002c3   Thumb Code     0  startup_stm32f746xx.o(.text)
    TIM8_UP_TIM13_IRQHandler                 0x080002c3   Thumb Code     0  startup_stm32f746xx.o(.text)
    UART4_IRQHandler                         0x080002c3   Thumb Code     0  startup_stm32f746xx.o(.text)
    UART5_IRQHandler                         0x080002c3   Thumb Code     0  startup_stm32f746xx.o(.text)
    UART7_IRQHandler                         0x080002c3   Thumb Code     0  startup_stm32f746xx.o(.text)
    UART8_IRQHandler                         0x080002c3   Thumb Code     0  startup_stm32f746xx.o(.text)
    USART1_IRQHandler                        0x080002c3   Thumb Code     0  startup_stm32f746xx.o(.text)
    USART2_IRQHandler                        0x080002c3   Thumb Code     0  startup_stm32f746xx.o(.text)
    USART3_IRQHandler                        0x080002c3   Thumb Code     0  startup_stm32f746xx.o(.text)
    USART6_IRQHandler                        0x080002c3   Thumb Code     0  startup_stm32f746xx.o(.text)
    WWDG_IRQHandler                          0x080002c3   Thumb Code     0  startup_stm32f746xx.o(.text)
    __user_initial_stackheap                 0x080002c5   Thumb Code     0  startup_stm32f746xx.o(.text)
    SVC_Handler                              0x080002e9   Thumb Code   152  irq_armv7m.o(.text)
    PendSV_Handler                           0x08000381   Thumb Code    16  irq_armv7m.o(.text)
    SysTick_Handler                          0x08000391   Thumb Code    16  irq_armv7m.o(.text)
    malloc_internal$concurrent               0x080003bd   Thumb Code   130  h1_alloc_threads.o(.text)
    malloc                                   0x0800043f   Thumb Code    20  h1_alloc_threads.o(.text)
    __aeabi_uldivmod                         0x08000453   Thumb Code     0  lludivv7m.o(.text)
    _ll_udiv                                 0x08000453   Thumb Code   240  lludivv7m.o(.text)
    exit                                     0x08000543   Thumb Code    18  exit.o(.text)
    strcpy                                   0x08000555   Thumb Code    72  strcpy.o(.text)
    strlen                                   0x0800059d   Thumb Code    62  strlen.o(.text)
    __aeabi_memcpy                           0x080005db   Thumb Code     0  rt_memcpy_v6.o(.text)
    __rt_memcpy                              0x080005db   Thumb Code   138  rt_memcpy_v6.o(.text)
    _memcpy_lastbytes                        0x08000641   Thumb Code     0  rt_memcpy_v6.o(.text)
    __aeabi_memclr                           0x08000665   Thumb Code     0  rt_memclr.o(.text)
    __rt_memclr                              0x08000665   Thumb Code     0  rt_memclr.o(.text)
    _memset                                  0x08000669   Thumb Code    64  rt_memclr.o(.text)
    __aeabi_memclr4                          0x080006a9   Thumb Code     0  rt_memclr_w.o(.text)
    __aeabi_memclr8                          0x080006a9   Thumb Code     0  rt_memclr_w.o(.text)
    __rt_memclr_w                            0x080006a9   Thumb Code     0  rt_memclr_w.o(.text)
    _memset_w                                0x080006ad   Thumb Code    74  rt_memclr_w.o(.text)
    __use_two_region_memory                  0x080006f7   Thumb Code     2  heapauxi.o(.text)
    __rt_heap_escrow                         0x080006f9   Thumb Code     2  heapauxi.o(.text)
    __rt_heap_expand                         0x080006fb   Thumb Code     2  heapauxi.o(.text)
    __rt_heap_descriptor                     0x080006fd   Thumb Code    10  rt_heap_descriptor_twolibspace.o(.text)
    __use_no_heap                            0x08000707   Thumb Code     2  hguard.o(.text)
    __heap$guard                             0x08000709   Thumb Code     2  hguard.o(.text)
    _terminate_user_alloc                    0x0800070b   Thumb Code     2  init_alloc.o(.text)
    _init_user_alloc                         0x0800070d   Thumb Code     2  init_alloc.o(.text)
    __Heap_Full                              0x0800070f   Thumb Code    34  init_alloc.o(.text)
    __Heap_Broken                            0x08000731   Thumb Code     6  init_alloc.o(.text)
    _init_alloc                              0x08000737   Thumb Code    94  init_alloc.o(.text)
    __Heap_Initialize                        0x08000795   Thumb Code    14  h1_init_threads.o(.text)
    __Heap_DescSize                          0x080007a3   Thumb Code     4  h1_init_threads.o(.text)
    free_internal$concurrent                 0x080007a7   Thumb Code    98  h1_free_threads.o(.text)
    free                                     0x08000809   Thumb Code    20  h1_free_threads.o(.text)
    __aeabi_memcpy4                          0x0800081d   Thumb Code     0  rt_memcpy_w.o(.text)
    __aeabi_memcpy8                          0x0800081d   Thumb Code     0  rt_memcpy_w.o(.text)
    __rt_memcpy_w                            0x0800081d   Thumb Code   100  rt_memcpy_w.o(.text)
    _memcpy_lastbytes_aligned                0x08000865   Thumb Code     0  rt_memcpy_w.o(.text)
    __user_libspace                          0x08000881   Thumb Code     8  libspace.o(.text)
    __user_perproc_libspace                  0x08000881   Thumb Code     0  libspace.o(.text)
    _maybe_terminate_alloc                   0x08000889   Thumb Code     0  maybetermalloc2.o(.text)
    __Heap_ProvideMemory                     0x08000897   Thumb Code    68  h1_extend_threads.o(.text)
    __rt_SIGRTMEM                            0x080008db   Thumb Code    14  defsig_rtmem_outer.o(.text)
    _sys_exit                                0x080008e9   Thumb Code     8  sys_exit.o(.text)
    __I$use$semihosting                      0x080008f5   Thumb Code     0  use_no_semi.o(.text)
    __use_no_semihosting_swi                 0x080008f5   Thumb Code     2  use_no_semi.o(.text)
    __semihosting_library_function           0x080008f7   Thumb Code     0  indicate_semi.o(.text)
    __user_setup_stackheap                   0x080008f7   Thumb Code    74  sys_stackheap_outer.o(.text)
    _terminate_alloc                         0x08000941   Thumb Code    16  term_alloc.o(.text)
    __sig_exit                               0x08000951   Thumb Code    10  defsig_exit.o(.text)
    __rt_SIGRTMEM_inner                      0x0800095d   Thumb Code    22  defsig_rtmem_inner.o(.text)
    __Heap_Finalize                          0x080009ad   Thumb Code    10  h1_final_threads.o(.text)
    __default_signal_display                 0x080009b7   Thumb Code    50  defsig_general.o(.text)
    _ttywrch                                 0x080009e9   Thumb Code    14  sys_wrch.o(.text)
    _fp_init                                 0x080009f9   Thumb Code    22  rtx_lib.o(.text.$Sub$$_fp_init)
    DMA2_Stream1_IRQHandler                  0x08000a11   Thumb Code    16  stm32f7xx_it.o(.text.DMA2_Stream1_IRQHandler)
    DMA2_Stream6_IRQHandler                  0x08000a21   Thumb Code    16  stm32f7xx_it.o(.text.DMA2_Stream6_IRQHandler)
    Error_Handler                            0x08000bb9   Thumb Code     6  main.o(.text.Error_Handler)
    HAL_DMA_IRQHandler                       0x08000bc1   Thumb Code   780  stm32f7xx_hal_dma.o(.text.HAL_DMA_IRQHandler)
    HAL_DMA_Init                             0x08000ed1   Thumb Code   346  stm32f7xx_hal_dma.o(.text.HAL_DMA_Init)
    HAL_DMA_Start_IT                         0x08001031   Thumb Code   184  stm32f7xx_hal_dma.o(.text.HAL_DMA_Start_IT)
    HAL_GPIO_Init                            0x080010e9   Thumb Code  1004  stm32f7xx_hal_gpio.o(.text.HAL_GPIO_Init)
    HAL_GPIO_WritePin                        0x080014d9   Thumb Code    42  stm32f7xx_hal_gpio.o(.text.HAL_GPIO_WritePin)
    HAL_GetTick                              0x08001509   Thumb Code    12  stm32f7xx_hal.o(.text.HAL_GetTick)
    HAL_IncTick                              0x08001519   Thumb Code    26  stm32f7xx_hal.o(.text.HAL_IncTick)
    HAL_Init                                 0x08001539   Thumb Code    38  stm32f7xx_hal.o(.text.HAL_Init)
    HAL_InitTick                             0x08001561   Thumb Code   224  stm32f7xx_hal_timebase_tim.o(.text.HAL_InitTick)
    HAL_MspInit                              0x08001641   Thumb Code    66  stm32f7xx_hal_msp.o(.text.HAL_MspInit)
    HAL_NVIC_EnableIRQ                       0x08001689   Thumb Code    16  stm32f7xx_hal_cortex.o(.text.HAL_NVIC_EnableIRQ)
    HAL_NVIC_SetPriority                     0x08001699   Thumb Code    46  stm32f7xx_hal_cortex.o(.text.HAL_NVIC_SetPriority)
    HAL_NVIC_SetPriorityGrouping             0x080016c9   Thumb Code    16  stm32f7xx_hal_cortex.o(.text.HAL_NVIC_SetPriorityGrouping)
    HAL_PWREx_EnableOverDrive                0x080016d9   Thumb Code   190  stm32f7xx_hal_pwr_ex.o(.text.HAL_PWREx_EnableOverDrive)
    HAL_RCCEx_PeriphCLKConfig                0x08001799   Thumb Code  2144  stm32f7xx_hal_rcc_ex.o(.text.HAL_RCCEx_PeriphCLKConfig)
    HAL_RCC_ClockConfig                      0x08001ff9   Thumb Code   602  stm32f7xx_hal_rcc.o(.text.HAL_RCC_ClockConfig)
    HAL_RCC_GetClockConfig                   0x08002259   Thumb Code    84  stm32f7xx_hal_rcc.o(.text.HAL_RCC_GetClockConfig)
    HAL_RCC_GetHCLKFreq                      0x080022b1   Thumb Code    12  stm32f7xx_hal_rcc.o(.text.HAL_RCC_GetHCLKFreq)
    HAL_RCC_GetPCLK1Freq                     0x080022c1   Thumb Code    34  stm32f7xx_hal_rcc.o(.text.HAL_RCC_GetPCLK1Freq)
    HAL_RCC_GetPCLK2Freq                     0x080022e9   Thumb Code    34  stm32f7xx_hal_rcc.o(.text.HAL_RCC_GetPCLK2Freq)
    HAL_RCC_GetSysClockFreq                  0x08002311   Thumb Code   230  stm32f7xx_hal_rcc.o(.text.HAL_RCC_GetSysClockFreq)
    HAL_RCC_OscConfig                        0x080023f9   Thumb Code  1774  stm32f7xx_hal_rcc.o(.text.HAL_RCC_OscConfig)
    HAL_TIMEx_Break2Callback                 0x08002ae9   Thumb Code     8  stm32f7xx_hal_tim_ex.o(.text.HAL_TIMEx_Break2Callback)
    HAL_TIMEx_BreakCallback                  0x08002af1   Thumb Code     8  stm32f7xx_hal_tim_ex.o(.text.HAL_TIMEx_BreakCallback)
    HAL_TIMEx_CommutCallback                 0x08002af9   Thumb Code     8  stm32f7xx_hal_tim_ex.o(.text.HAL_TIMEx_CommutCallback)
    HAL_TIM_Base_Init                        0x08002b01   Thumb Code   132  stm32f7xx_hal_tim.o(.text.HAL_TIM_Base_Init)
    HAL_TIM_Base_MspInit                     0x08002b89   Thumb Code     8  stm32f7xx_hal_tim.o(.text.HAL_TIM_Base_MspInit)
    HAL_TIM_Base_Start_IT                    0x08002b91   Thumb Code   250  stm32f7xx_hal_tim.o(.text.HAL_TIM_Base_Start_IT)
    HAL_TIM_IC_CaptureCallback               0x08002c91   Thumb Code     8  stm32f7xx_hal_tim.o(.text.HAL_TIM_IC_CaptureCallback)
    HAL_TIM_IRQHandler                       0x08002c99   Thumb Code   692  stm32f7xx_hal_tim.o(.text.HAL_TIM_IRQHandler)
    HAL_TIM_OC_DelayElapsedCallback          0x08002f51   Thumb Code     8  stm32f7xx_hal_tim.o(.text.HAL_TIM_OC_DelayElapsedCallback)
    HAL_TIM_PWM_PulseFinishedCallback        0x08002f59   Thumb Code     8  stm32f7xx_hal_tim.o(.text.HAL_TIM_PWM_PulseFinishedCallback)
    HAL_TIM_PeriodElapsedCallback            0x08002f61   Thumb Code    34  main.o(.text.HAL_TIM_PeriodElapsedCallback)
    HAL_TIM_TriggerCallback                  0x08002f89   Thumb Code     8  stm32f7xx_hal_tim.o(.text.HAL_TIM_TriggerCallback)
    HAL_UARTEx_RxEventCallback               0x08002f91   Thumb Code    12  stm32f7xx_hal_uart.o(.text.HAL_UARTEx_RxEventCallback)
    HAL_UART_AbortCpltCallback               0x08002fa1   Thumb Code     8  stm32f7xx_hal_uart.o(.text.HAL_UART_AbortCpltCallback)
    HAL_UART_AbortReceiveCpltCallback        0x08002fa9   Thumb Code     8  stm32f7xx_hal_uart.o(.text.HAL_UART_AbortReceiveCpltCallback)
    HAL_UART_AbortTransmitCpltCallback       0x08002fb1   Thumb Code     8  stm32f7xx_hal_uart.o(.text.HAL_UART_AbortTransmitCpltCallback)
    HAL_UART_ErrorCallback                   0x08002fb9   Thumb Code     8  stm32f7xx_hal_uart.o(.text.HAL_UART_ErrorCallback)
    HAL_UART_Init                            0x08002fc1   Thumb Code   190  stm32f7xx_hal_uart.o(.text.HAL_UART_Init)
    HAL_UART_MspInit                         0x08003081   Thumb Code   378  stm32f7xx_hal_msp.o(.text.HAL_UART_MspInit)
    HAL_UART_RxCpltCallback                  0x08003201   Thumb Code     8  stm32f7xx_hal_uart.o(.text.HAL_UART_RxCpltCallback)
    HAL_UART_RxHalfCpltCallback              0x08003209   Thumb Code     8  stm32f7xx_hal_uart.o(.text.HAL_UART_RxHalfCpltCallback)
    HAL_UART_Transmit_DMA                    0x08003211   Thumb Code   248  stm32f7xx_hal_uart.o(.text.HAL_UART_Transmit_DMA)
    HAL_UART_Transmit_IT                     0x08003309   Thumb Code   188  stm32f7xx_hal_uart.o(.text.HAL_UART_Transmit_IT)
    HAL_UART_TxCpltCallback                  0x080033c9   Thumb Code     8  stm32f7xx_hal_uart.o(.text.HAL_UART_TxCpltCallback)
    HAL_UART_TxHalfCpltCallback              0x080033d1   Thumb Code     8  stm32f7xx_hal_uart.o(.text.HAL_UART_TxHalfCpltCallback)
    OS_Tick_AcknowledgeIRQ                   0x08003649   Thumb Code    12  os_systick.o(.text.OS_Tick_AcknowledgeIRQ)
    OS_Tick_Enable                           0x08003659   Thumb Code    60  os_systick.o(.text.OS_Tick_Enable)
    OS_Tick_GetIRQn                          0x08003699   Thumb Code     6  os_systick.o(.text.OS_Tick_GetIRQn)
    OS_Tick_Setup                            0x080036a1   Thumb Code   126  os_systick.o(.text.OS_Tick_Setup)
    SystemClock_Config                       0x08003759   Thumb Code   192  main.o(.text.SystemClock_Config)
    SystemInit                               0x08003819   Thumb Code    18  system_stm32f7xx.o(.text.SystemInit)
    TIM6_DAC_IRQHandler                      0x08003831   Thumb Code    16  stm32f7xx_it.o(.text.TIM6_DAC_IRQHandler)
    TIM_Base_SetConfig                       0x08003841   Thumb Code   410  stm32f7xx_hal_tim.o(.text.TIM_Base_SetConfig)
    UART_AdvFeatureConfig                    0x08003a89   Thumb Code   328  stm32f7xx_hal_uart.o(.text.UART_AdvFeatureConfig)
    UART_CheckIdleState                      0x08003bd1   Thumb Code   112  stm32f7xx_hal_uart.o(.text.UART_CheckIdleState)
    UART_InitCallbacksToDefault              0x08003e29   Thumb Code   134  stm32f7xx_hal_uart.o(.text.UART_InitCallbacksToDefault)
    UART_SetConfig                           0x08003eb1   Thumb Code  1242  stm32f7xx_hal_uart.o(.text.UART_SetConfig)
    UART_WaitOnFlagUntilTimeout              0x080044b9   Thumb Code   356  stm32f7xx_hal_uart.o(.text.UART_WaitOnFlagUntilTimeout)
    _mutex_acquire                           0x080046e1   Thumb Code    32  rtx_lib.o(.text._mutex_acquire)
    _mutex_free                              0x08004701   Thumb Code    18  rtx_lib.o(.text._mutex_free)
    _mutex_initialize                        0x08004719   Thumb Code    50  rtx_lib.o(.text._mutex_initialize)
    _mutex_release                           0x08004751   Thumb Code    28  rtx_lib.o(.text._mutex_release)
    _platform_post_stackheap_init            0x08004771   Thumb Code     8  rtx_lib.o(.text._platform_post_stackheap_init)
    atThread                                 0x08004779   Thumb Code     8  initmain.o(.text.atThread)
    concatenate4Strings                      0x08004781   Thumb Code   318  initmain.o(.text.concatenate4Strings)
    driveThread                              0x080048c1   Thumb Code     8  initmain.o(.text.driveThread)
    main                                     0x080048c9   Thumb Code   272  main.o(.text.main)
    mainThread                               0x080049d9   Thumb Code   124  initmain.o(.text.mainThread)
    osKernelGetState                         0x08004a55   Thumb Code    40  rtx_kernel.o(.text.osKernelGetState)
    osKernelInitialize                       0x08004a85   Thumb Code    40  rtx_kernel.o(.text.osKernelInitialize)
    osKernelStart                            0x08004ab1   Thumb Code    32  rtx_kernel.o(.text.osKernelStart)
    osMessageQueueGet                        0x08004ad5   Thumb Code   108  rtx_msgqueue.o(.text.osMessageQueueGet)
    osMessageQueuePut                        0x08004b45   Thumb Code   124  rtx_msgqueue.o(.text.osMessageQueuePut)
    osMutexAcquire                           0x08004bc5   Thumb Code    32  rtx_mutex.o(.text.osMutexAcquire)
    osMutexDelete                            0x08004be9   Thumb Code    32  rtx_mutex.o(.text.osMutexDelete)
    osMutexNew                               0x08004c0d   Thumb Code    32  rtx_mutex.o(.text.osMutexNew)
    osMutexRelease                           0x08004c31   Thumb Code    32  rtx_mutex.o(.text.osMutexRelease)
    osRtxErrorNotify                         0x08004c59   Thumb Code    48  rtx_config.o(.text.osRtxErrorNotify)
    osRtxIdleThread                          0x08004c89   Thumb Code     8  rtx_config.o(.text.osRtxIdleThread)
    osRtxKernelBeforeInit                    0x08004c91   Thumb Code     2  rtx_kernel.o(.text.osRtxKernelBeforeInit)
    osRtxKernelErrorNotify                   0x08004c93   Thumb Code     4  rtx_kernel.o(.text.osRtxKernelErrorNotify)
    osRtxMemoryAlloc                         0x08004c97   Thumb Code   110  rtx_memory.o(.text.osRtxMemoryAlloc)
    osRtxMemoryFree                          0x08004d05   Thumb Code    66  rtx_memory.o(.text.osRtxMemoryFree)
    osRtxMemoryInit                          0x08004d47   Thumb Code    54  rtx_memory.o(.text.osRtxMemoryInit)
    osRtxMemoryPoolAlloc                     0x08004d7d   Thumb Code    58  rtx_mempool.o(.text.osRtxMemoryPoolAlloc)
    osRtxMemoryPoolFree                      0x08004db7   Thumb Code    74  rtx_mempool.o(.text.osRtxMemoryPoolFree)
    osRtxMemoryPoolInit                      0x08004e01   Thumb Code    56  rtx_mempool.o(.text.osRtxMemoryPoolInit)
    osRtxMessageQueueTimerSetup              0x08004ee5   Thumb Code    32  rtx_msgqueue.o(.text.osRtxMessageQueueTimerSetup)
    osRtxMutexOwnerRelease                   0x08004f09   Thumb Code    72  rtx_mutex.o(.text.osRtxMutexOwnerRelease)
    osRtxMutexOwnerRestore                   0x08004f51   Thumb Code    74  rtx_mutex.o(.text.osRtxMutexOwnerRestore)
    osRtxPendSV_Handler                      0x08004f9d   Thumb Code   124  rtx_system.o(.text.osRtxPendSV_Handler)
    osRtxPostProcess                         0x08005041   Thumb Code   108  rtx_system.o(.text.osRtxPostProcess)
    osRtxThreadBeforeFree                    0x080050b1   Thumb Code    16  rtx_lib.o(.text.osRtxThreadBeforeFree)
    osRtxThreadDelayRemove                   0x08005171   Thumb Code    60  rtx_thread.o(.text.osRtxThreadDelayRemove)
    osRtxThreadDelayTick                     0x080051ad   Thumb Code    76  rtx_thread.o(.text.osRtxThreadDelayTick)
    osRtxThreadDestroy                       0x080051f9   Thumb Code    32  rtx_thread.o(.text.osRtxThreadDestroy)
    osRtxThreadDispatch                      0x08005219   Thumb Code    84  rtx_thread.o(.text.osRtxThreadDispatch)
    osRtxThreadJoinWakeup                    0x080052c5   Thumb Code    30  rtx_thread.o(.text.osRtxThreadJoinWakeup)
    osRtxThreadListGet                       0x080052e3   Thumb Code    18  rtx_thread.o(.text.osRtxThreadListGet)
    osRtxThreadListPut                       0x080052f5   Thumb Code    44  rtx_thread.o(.text.osRtxThreadListPut)
    osRtxThreadListRemove                    0x08005321   Thumb Code    20  rtx_thread.o(.text.osRtxThreadListRemove)
    osRtxThreadListSort                      0x08005335   Thumb Code    38  rtx_thread.o(.text.osRtxThreadListSort)
    osRtxThreadReadyPut                      0x08005385   Thumb Code    16  rtx_thread.o(.text.osRtxThreadReadyPut)
    osRtxThreadRegPtr                        0x08005395   Thumb Code    20  rtx_thread.o(.text.osRtxThreadRegPtr)
    osRtxThreadStartup                       0x080053a9   Thumb Code    48  rtx_thread.o(.text.osRtxThreadStartup)
    osRtxThreadSwitch                        0x080053dd   Thumb Code    28  rtx_thread.o(.text.osRtxThreadSwitch)
    osRtxThreadWaitEnter                     0x080053fd   Thumb Code    56  rtx_thread.o(.text.osRtxThreadWaitEnter)
    osRtxThreadWaitExit                      0x08005439   Thumb Code    50  rtx_thread.o(.text.osRtxThreadWaitExit)
    osRtxTick_Handler                        0x0800546d   Thumb Code   112  rtx_system.o(.text.osRtxTick_Handler)
    osRtxTimerSetup                          0x080054e1   Thumb Code    24  rtx_timer.o(.text.osRtxTimerSetup)
    osRtxTimerThread                         0x08005501   Thumb Code    32  rtx_timer.o(.text.osRtxTimerThread)
    osThreadExit                             0x08005599   Thumb Code     8  rtx_thread.o(.text.osThreadExit)
    osThreadNew                              0x080055a5   Thumb Code    40  rtx_thread.o(.text.osThreadNew)
    protobuf_init                            0x08005609   Thumb Code     2  initmain.o(.text.protobuf_init)
    receivingThread                          0x08005611   Thumb Code     8  initmain.o(.text.receivingThread)
    transmitThread                           0x08005ee1   Thumb Code   106  initmain.o(.text.transmitThread)
    uart_init                                0x08005f51   Thumb Code    48  initmain.o(.text.uart_init)
    wifi_init                                0x08005fc9   Thumb Code     2  initmain.o(.text.wifi_init)
    $Super$$_fp_init                         0x08005fcb   Thumb Code    26  fpinit.o(x$fpl$fpinit)
    __fplib_config_fpu_vfp                   0x08005fe3   Thumb Code     0  fpinit.o(x$fpl$fpinit)
    __fplib_config_pureend_doubles           0x08005fe3   Thumb Code     0  fpinit.o(x$fpl$fpinit)
    osRtxConfig                              0x08005fe4   Data         112  rtx_lib.o(.rodata)
    os_cb_sections                           0x08006054   Data          56  rtx_lib.o(.rodata)
    AHBPrescTable                            0x0800608c   Data          16  system_stm32f7xx.o(.rodata.AHBPrescTable)
    APBPrescTable                            0x0800609c   Data           8  system_stm32f7xx.o(.rodata.APBPrescTable)
    osRtxUserSVC                             0x080060ac   Data           4  rtx_lib.o(.rodata.osRtxUserSVC)
    Region$$Table$$Base                      0x08006174   Number         0  anon$$obj.o(Region$$Table)
    Region$$Table$$Limit                     0x080061a4   Number         0  anon$$obj.o(Region$$Table)
    SystemCoreClock                          0x20010000   Data           4  system_stm32f7xx.o(.data.SystemCoreClock)
    osRtxInfo                                0x20010004   Data         164  rtx_kernel.o(.data.os)
    uwTickFreq                               0x200100a8   Data           4  stm32f7xx_hal.o(.data.uwTickFreq)
    uwTickPrio                               0x200100ac   Data           4  stm32f7xx_hal.o(.data.uwTickPrio)
    __libspace_start                         0x200100b0   Data          96  libspace.o(.bss)
    __temporary_stack_top$libspace           0x20010110   Data           0  libspace.o(.bss)
    hdma_usart6_rx                           0x20010110   Data         100  main.o(.bss.hdma_usart6_rx)
    hdma_usart6_tx                           0x20010174   Data         100  main.o(.bss.hdma_usart6_tx)
    htim6                                    0x200101d8   Data         112  stm32f7xx_hal_timebase_tim.o(.bss.htim6)
    huart6                                   0x20010248   Data         180  main.o(.bss.huart6)
    .bss.os.msgqueue.cb$$Base                0x20018534   Number         0  rtx_lib.o(.bss.os.msgqueue.cb)
    .bss.os.msgqueue.cb$$Limit               0x20018568   Number         0  rtx_lib.o(.bss.os.msgqueue.cb)
    .bss.os.thread.cb$$Base                  0x200185b8   Number         0  rtx_lib.o(.bss.os.thread.cb)
    .bss.os.thread.cb$$Limit                 0x20018658   Number         0  rtx_lib.o(.bss.os.thread.cb)
    uwTick                                   0x20018a5c   Data           4  stm32f7xx_hal.o(.bss.uwTick)



==============================================================================

Memory Map of the image

  Image Entry point : 0x080001c9

  Load Region LR_IROM1 (Base: 0x08000000, Size: 0x00006258, Max: 0x00100000, ABSOLUTE)

    Execution Region ER_IROM1 (Exec base: 0x08000000, Load base: 0x08000000, Size: 0x000061a4, Max: 0x00100000, ABSOLUTE)

    Exec Addr    Load Addr    Size         Type   Attr      Idx    E Section Name        Object

    0x08000000   0x08000000   0x000001c8   Data   RO         1249    RESET               startup_stm32f746xx.o
    0x080001c8   0x080001c8   0x00000008   Code   RO         1839  * !!!main             c_wu.l(__main.o)
    0x080001d0   0x080001d0   0x0000005c   Code   RO         2060    !!!scatter          c_wu.l(__scatter.o)
    0x0800022c   0x0800022c   0x0000001a   Code   RO         2064    !!handler_copy      c_wu.l(__scatter_copy.o)
    0x08000246   0x08000246   0x00000002   PAD
    0x08000248   0x08000248   0x00000002   Code   RO         2061    !!handler_null      c_wu.l(__scatter.o)
    0x0800024a   0x0800024a   0x00000002   PAD
    0x0800024c   0x0800024c   0x0000001c   Code   RO         2066    !!handler_zi        c_wu.l(__scatter_zi.o)
    0x08000268   0x08000268   0x00000002   Code   RO         2010    .ARM.Collect$$libinit$$00000000  c_wu.l(libinit.o)
    0x0800026a   0x0800026a   0x00000004   Code   RO         1885    .ARM.Collect$$libinit$$00000001  c_wu.l(libinit2.o)
    0x0800026e   0x0800026e   0x00000000   Code   RO         1888    .ARM.Collect$$libinit$$00000004  c_wu.l(libinit2.o)
    0x0800026e   0x0800026e   0x00000000   Code   RO         1890    .ARM.Collect$$libinit$$00000006  c_wu.l(libinit2.o)
    0x0800026e   0x0800026e   0x00000008   Code   RO         1891    .ARM.Collect$$libinit$$00000007  c_wu.l(libinit2.o)
    0x08000276   0x08000276   0x00000000   Code   RO         1893    .ARM.Collect$$libinit$$0000000C  c_wu.l(libinit2.o)
    0x08000276   0x08000276   0x00000000   Code   RO         1895    .ARM.Collect$$libinit$$0000000E  c_wu.l(libinit2.o)
    0x08000276   0x08000276   0x00000000   Code   RO         1897    .ARM.Collect$$libinit$$00000010  c_wu.l(libinit2.o)
    0x08000276   0x08000276   0x00000000   Code   RO         1900    .ARM.Collect$$libinit$$00000013  c_wu.l(libinit2.o)
    0x08000276   0x08000276   0x00000000   Code   RO         1902    .ARM.Collect$$libinit$$00000015  c_wu.l(libinit2.o)
    0x08000276   0x08000276   0x00000000   Code   RO         1904    .ARM.Collect$$libinit$$00000017  c_wu.l(libinit2.o)
    0x08000276   0x08000276   0x00000000   Code   RO         1906    .ARM.Collect$$libinit$$00000019  c_wu.l(libinit2.o)
    0x08000276   0x08000276   0x00000000   Code   RO         1908    .ARM.Collect$$libinit$$0000001B  c_wu.l(libinit2.o)
    0x08000276   0x08000276   0x00000000   Code   RO         1910    .ARM.Collect$$libinit$$0000001D  c_wu.l(libinit2.o)
    0x08000276   0x08000276   0x00000000   Code   RO         1912    .ARM.Collect$$libinit$$0000001F  c_wu.l(libinit2.o)
    0x08000276   0x08000276   0x00000000   Code   RO         1914    .ARM.Collect$$libinit$$00000021  c_wu.l(libinit2.o)
    0x08000276   0x08000276   0x00000000   Code   RO         1916    .ARM.Collect$$libinit$$00000023  c_wu.l(libinit2.o)
    0x08000276   0x08000276   0x00000000   Code   RO         1918    .ARM.Collect$$libinit$$00000025  c_wu.l(libinit2.o)
    0x08000276   0x08000276   0x00000000   Code   RO         1920    .ARM.Collect$$libinit$$00000027  c_wu.l(libinit2.o)
    0x08000276   0x08000276   0x00000000   Code   RO         1924    .ARM.Collect$$libinit$$0000002E  c_wu.l(libinit2.o)
    0x08000276   0x08000276   0x00000000   Code   RO         1926    .ARM.Collect$$libinit$$00000030  c_wu.l(libinit2.o)
    0x08000276   0x08000276   0x00000000   Code   RO         1928    .ARM.Collect$$libinit$$00000032  c_wu.l(libinit2.o)
    0x08000276   0x08000276   0x00000000   Code   RO         1930    .ARM.Collect$$libinit$$00000034  c_wu.l(libinit2.o)
    0x08000276   0x08000276   0x00000002   Code   RO         1931    .ARM.Collect$$libinit$$00000035  c_wu.l(libinit2.o)
    0x08000278   0x08000278   0x00000002   Code   RO         2011    .ARM.Collect$$libshutdown$$00000000  c_wu.l(libshutdown.o)
    0x0800027a   0x0800027a   0x00000000   Code   RO         2023    .ARM.Collect$$libshutdown$$00000002  c_wu.l(libshutdown2.o)
    0x0800027a   0x0800027a   0x00000000   Code   RO         2025    .ARM.Collect$$libshutdown$$00000004  c_wu.l(libshutdown2.o)
    0x0800027a   0x0800027a   0x00000000   Code   RO         2028    .ARM.Collect$$libshutdown$$00000007  c_wu.l(libshutdown2.o)
    0x0800027a   0x0800027a   0x00000000   Code   RO         2031    .ARM.Collect$$libshutdown$$0000000A  c_wu.l(libshutdown2.o)
    0x0800027a   0x0800027a   0x00000000   Code   RO         2033    .ARM.Collect$$libshutdown$$0000000C  c_wu.l(libshutdown2.o)
    0x0800027a   0x0800027a   0x00000004   Code   RO         2034    .ARM.Collect$$libshutdown$$0000000D  c_wu.l(libshutdown2.o)
    0x0800027e   0x0800027e   0x00000000   Code   RO         2036    .ARM.Collect$$libshutdown$$0000000F  c_wu.l(libshutdown2.o)
    0x0800027e   0x0800027e   0x00000002   Code   RO         2037    .ARM.Collect$$libshutdown$$00000010  c_wu.l(libshutdown2.o)
    0x08000280   0x08000280   0x00000000   Code   RO         1843    .ARM.Collect$$rtentry$$00000000  c_wu.l(__rtentry.o)
    0x08000280   0x08000280   0x00000000   Code   RO         1940    .ARM.Collect$$rtentry$$00000002  c_wu.l(__rtentry2.o)
    0x08000280   0x08000280   0x00000006   Code   RO         1952    .ARM.Collect$$rtentry$$00000004  c_wu.l(__rtentry4.o)
    0x08000286   0x08000286   0x00000008   Code   RO         1941    .ARM.Collect$$rtentry$$00000008  c_wu.l(__rtentry2.o)
    0x0800028e   0x0800028e   0x00000004   Code   RO         1943    .ARM.Collect$$rtentry$$0000000A  c_wu.l(__rtentry2.o)
    0x08000292   0x08000292   0x00000000   Code   RO         1945    .ARM.Collect$$rtentry$$0000000C  c_wu.l(__rtentry2.o)
    0x08000292   0x08000292   0x00000008   Code   RO         1946    .ARM.Collect$$rtentry$$0000000D  c_wu.l(__rtentry2.o)
    0x0800029a   0x0800029a   0x00000002   Code   RO         1844    .ARM.Collect$$rtexit$$00000000  c_wu.l(rtexit.o)
    0x0800029c   0x0800029c   0x00000000   Code   RO         1955    .ARM.Collect$$rtexit$$00000002  c_wu.l(rtexit2.o)
    0x0800029c   0x0800029c   0x00000004   Code   RO         1956    .ARM.Collect$$rtexit$$00000003  c_wu.l(rtexit2.o)
    0x080002a0   0x080002a0   0x00000006   Code   RO         1957    .ARM.Collect$$rtexit$$00000004  c_wu.l(rtexit2.o)
    0x080002a6   0x080002a6   0x00000002   PAD
    0x080002a8   0x080002a8   0x00000040   Code   RO         1250    .text               startup_stm32f746xx.o
    0x080002e8   0x080002e8   0x000000c4   Code   RO         1270    .text               RTX_V7MF.lib(irq_armv7m.o)
    0x080003ac   0x080003ac   0x000000a6   Code   RO         1771    .text               c_wu.l(h1_alloc_threads.o)
    0x08000452   0x08000452   0x000000f0   Code   RO         1823    .text               c_wu.l(lludivv7m.o)
    0x08000542   0x08000542   0x00000012   Code   RO         1825    .text               c_wu.l(exit.o)
    0x08000554   0x08000554   0x00000048   Code   RO         1827    .text               c_wu.l(strcpy.o)
    0x0800059c   0x0800059c   0x0000003e   Code   RO         1829    .text               c_wu.l(strlen.o)
    0x080005da   0x080005da   0x0000008a   Code   RO         1831    .text               c_wu.l(rt_memcpy_v6.o)
    0x08000664   0x08000664   0x00000044   Code   RO         1833    .text               c_wu.l(rt_memclr.o)
    0x080006a8   0x080006a8   0x0000004e   Code   RO         1835    .text               c_wu.l(rt_memclr_w.o)
    0x080006f6   0x080006f6   0x00000006   Code   RO         1837    .text               c_wu.l(heapauxi.o)
    0x080006fc   0x080006fc   0x0000000a   Code   RO         1855    .text               c_wu.l(rt_heap_descriptor_twolibspace.o)
    0x08000706   0x08000706   0x00000004   Code   RO         1857    .text               c_wu.l(hguard.o)
    0x0800070a   0x0800070a   0x0000008a   Code   RO         1859    .text               c_wu.l(init_alloc.o)
    0x08000794   0x08000794   0x00000012   Code   RO         1869    .text               c_wu.l(h1_init_threads.o)
    0x080007a6   0x080007a6   0x00000076   Code   RO         1871    .text               c_wu.l(h1_free_threads.o)
    0x0800081c   0x0800081c   0x00000064   Code   RO         1881    .text               c_wu.l(rt_memcpy_w.o)
    0x08000880   0x08000880   0x00000008   Code   RO         1936    .text               c_wu.l(libspace.o)
    0x08000888   0x08000888   0x00000000   Code   RO         1966    .text               c_wu.l(maybetermalloc2.o)
    0x08000888   0x08000888   0x00000052   Code   RO         1969    .text               c_wu.l(h1_extend_threads.o)
    0x080008da   0x080008da   0x0000000e   Code   RO         1971    .text               c_wu.l(defsig_rtmem_outer.o)
    0x080008e8   0x080008e8   0x0000000c   Code   RO         1980    .text               c_wu.l(sys_exit.o)
    0x080008f4   0x080008f4   0x00000002   Code   RO         1984    .text               c_wu.l(use_no_semi.o)
    0x080008f6   0x080008f6   0x00000000   Code   RO         1986    .text               c_wu.l(indicate_semi.o)
    0x080008f6   0x080008f6   0x0000004a   Code   RO         1987    .text               c_wu.l(sys_stackheap_outer.o)
    0x08000940   0x08000940   0x00000010   Code   RO         1991    .text               c_wu.l(term_alloc.o)
    0x08000950   0x08000950   0x0000000a   Code   RO         1993    .text               c_wu.l(defsig_exit.o)
    0x0800095a   0x0800095a   0x00000002   PAD
    0x0800095c   0x0800095c   0x00000050   Code   RO         1999    .text               c_wu.l(defsig_rtmem_inner.o)
    0x080009ac   0x080009ac   0x0000000a   Code   RO         2014    .text               c_wu.l(h1_final_threads.o)
    0x080009b6   0x080009b6   0x00000032   Code   RO         2018    .text               c_wu.l(defsig_general.o)
    0x080009e8   0x080009e8   0x0000000e   Code   RO         2038    .text               c_wu.l(sys_wrch.o)
    0x080009f6   0x080009f6   0x00000002   PAD
    0x080009f8   0x080009f8   0x00000016   Code   RO           69    .text.$Sub$$_fp_init  rtx_lib.o
    0x08000a0e   0x08000a0e   0x00000002   PAD
    0x08000a10   0x08000a10   0x00000010   Code   RO           56    .text.DMA2_Stream1_IRQHandler  stm32f7xx_it.o
    0x08000a20   0x08000a20   0x00000010   Code   RO           58    .text.DMA2_Stream6_IRQHandler  stm32f7xx_it.o
    0x08000a30   0x08000a30   0x00000056   Code   RO          289    .text.DMA_CalcBaseAndBitshift  stm32f7xx_hal_dma.o
    0x08000a86   0x08000a86   0x00000002   PAD
    0x08000a88   0x08000a88   0x000000de   Code   RO          287    .text.DMA_CheckFifoParam  stm32f7xx_hal_dma.o
    0x08000b66   0x08000b66   0x00000002   PAD
    0x08000b68   0x08000b68   0x00000050   Code   RO          295    .text.DMA_SetConfig  stm32f7xx_hal_dma.o
    0x08000bb8   0x08000bb8   0x00000006   Code   RO           39    .text.Error_Handler  main.o
    0x08000bbe   0x08000bbe   0x00000002   PAD
    0x08000bc0   0x08000bc0   0x0000030c   Code   RO          305    .text.HAL_DMA_IRQHandler  stm32f7xx_hal_dma.o
    0x08000ecc   0x08000ecc   0x00000004   PAD
    0x08000ed0   0x08000ed0   0x0000015a   Code   RO          285    .text.HAL_DMA_Init  stm32f7xx_hal_dma.o
    0x0800102a   0x0800102a   0x00000006   PAD
    0x08001030   0x08001030   0x000000b8   Code   RO          297    .text.HAL_DMA_Start_IT  stm32f7xx_hal_dma.o
    0x080010e8   0x080010e8   0x000003ec   Code   RO          338    .text.HAL_GPIO_Init  stm32f7xx_hal_gpio.o
    0x080014d4   0x080014d4   0x00000004   PAD
    0x080014d8   0x080014d8   0x0000002a   Code   RO          344    .text.HAL_GPIO_WritePin  stm32f7xx_hal_gpio.o
    0x08001502   0x08001502   0x00000006   PAD
    0x08001508   0x08001508   0x0000000c   Code   RO          158    .text.HAL_GetTick   stm32f7xx_hal.o
    0x08001514   0x08001514   0x00000004   PAD
    0x08001518   0x08001518   0x0000001a   Code   RO          156    .text.HAL_IncTick   stm32f7xx_hal.o
    0x08001532   0x08001532   0x00000006   PAD
    0x08001538   0x08001538   0x00000026   Code   RO          146    .text.HAL_Init      stm32f7xx_hal.o
    0x0800155e   0x0800155e   0x00000002   PAD
    0x08001560   0x08001560   0x000000e0   Code   RO         1234    .text.HAL_InitTick  stm32f7xx_hal_timebase_tim.o
    0x08001640   0x08001640   0x00000042   Code   RO         1221    .text.HAL_MspInit   stm32f7xx_hal_msp.o
    0x08001682   0x08001682   0x00000006   PAD
    0x08001688   0x08001688   0x00000010   Code   RO          226    .text.HAL_NVIC_EnableIRQ  stm32f7xx_hal_cortex.o
    0x08001698   0x08001698   0x0000002e   Code   RO          218    .text.HAL_NVIC_SetPriority  stm32f7xx_hal_cortex.o
    0x080016c6   0x080016c6   0x00000002   PAD
    0x080016c8   0x080016c8   0x00000010   Code   RO          214    .text.HAL_NVIC_SetPriorityGrouping  stm32f7xx_hal_cortex.o
    0x080016d8   0x080016d8   0x000000be   Code   RO          418    .text.HAL_PWREx_EnableOverDrive  stm32f7xx_hal_pwr_ex.o
    0x08001796   0x08001796   0x00000002   PAD
    0x08001798   0x08001798   0x00000860   Code   RO          470    .text.HAL_RCCEx_PeriphCLKConfig  stm32f7xx_hal_rcc_ex.o
    0x08001ff8   0x08001ff8   0x0000025a   Code   RO          439    .text.HAL_RCC_ClockConfig  stm32f7xx_hal_rcc.o
    0x08002252   0x08002252   0x00000006   PAD
    0x08002258   0x08002258   0x00000054   Code   RO          457    .text.HAL_RCC_GetClockConfig  stm32f7xx_hal_rcc.o
    0x080022ac   0x080022ac   0x00000004   PAD
    0x080022b0   0x080022b0   0x0000000c   Code   RO          449    .text.HAL_RCC_GetHCLKFreq  stm32f7xx_hal_rcc.o
    0x080022bc   0x080022bc   0x00000004   PAD
    0x080022c0   0x080022c0   0x00000022   Code   RO          451    .text.HAL_RCC_GetPCLK1Freq  stm32f7xx_hal_rcc.o
    0x080022e2   0x080022e2   0x00000006   PAD
    0x080022e8   0x080022e8   0x00000022   Code   RO          453    .text.HAL_RCC_GetPCLK2Freq  stm32f7xx_hal_rcc.o
    0x0800230a   0x0800230a   0x00000006   PAD
    0x08002310   0x08002310   0x000000e6   Code   RO          441    .text.HAL_RCC_GetSysClockFreq  stm32f7xx_hal_rcc.o
    0x080023f6   0x080023f6   0x00000002   PAD
    0x080023f8   0x080023f8   0x000006ee   Code   RO          437    .text.HAL_RCC_OscConfig  stm32f7xx_hal_rcc.o
    0x08002ae6   0x08002ae6   0x00000002   PAD
    0x08002ae8   0x08002ae8   0x00000008   Code   RO          822    .text.HAL_TIMEx_Break2Callback  stm32f7xx_hal_tim_ex.o
    0x08002af0   0x08002af0   0x00000008   Code   RO          820    .text.HAL_TIMEx_BreakCallback  stm32f7xx_hal_tim_ex.o
    0x08002af8   0x08002af8   0x00000008   Code   RO          816    .text.HAL_TIMEx_CommutCallback  stm32f7xx_hal_tim_ex.o
    0x08002b00   0x08002b00   0x00000084   Code   RO          491    .text.HAL_TIM_Base_Init  stm32f7xx_hal_tim.o
    0x08002b84   0x08002b84   0x00000004   PAD
    0x08002b88   0x08002b88   0x00000008   Code   RO          493    .text.HAL_TIM_Base_MspInit  stm32f7xx_hal_tim.o
    0x08002b90   0x08002b90   0x000000fa   Code   RO          505    .text.HAL_TIM_Base_Start_IT  stm32f7xx_hal_tim.o
    0x08002c8a   0x08002c8a   0x00000006   PAD
    0x08002c90   0x08002c90   0x00000008   Code   RO          627    .text.HAL_TIM_IC_CaptureCallback  stm32f7xx_hal_tim.o
    0x08002c98   0x08002c98   0x000002b4   Code   RO          625    .text.HAL_TIM_IRQHandler  stm32f7xx_hal_tim.o
    0x08002f4c   0x08002f4c   0x00000004   PAD
    0x08002f50   0x08002f50   0x00000008   Code   RO          629    .text.HAL_TIM_OC_DelayElapsedCallback  stm32f7xx_hal_tim.o
    0x08002f58   0x08002f58   0x00000008   Code   RO          631    .text.HAL_TIM_PWM_PulseFinishedCallback  stm32f7xx_hal_tim.o
    0x08002f60   0x08002f60   0x00000022   Code   RO           41    .text.HAL_TIM_PeriodElapsedCallback  main.o
    0x08002f82   0x08002f82   0x00000006   PAD
    0x08002f88   0x08002f88   0x00000008   Code   RO          635    .text.HAL_TIM_TriggerCallback  stm32f7xx_hal_tim.o
    0x08002f90   0x08002f90   0x0000000c   Code   RO          881    .text.HAL_UARTEx_RxEventCallback  stm32f7xx_hal_uart.o
    0x08002f9c   0x08002f9c   0x00000004   PAD
    0x08002fa0   0x08002fa0   0x00000008   Code   RO          871    .text.HAL_UART_AbortCpltCallback  stm32f7xx_hal_uart.o
    0x08002fa8   0x08002fa8   0x00000008   Code   RO          875    .text.HAL_UART_AbortReceiveCpltCallback  stm32f7xx_hal_uart.o
    0x08002fb0   0x08002fb0   0x00000008   Code   RO          873    .text.HAL_UART_AbortTransmitCpltCallback  stm32f7xx_hal_uart.o
    0x08002fb8   0x08002fb8   0x00000008   Code   RO          869    .text.HAL_UART_ErrorCallback  stm32f7xx_hal_uart.o
    0x08002fc0   0x08002fc0   0x000000be   Code   RO          835    .text.HAL_UART_Init  stm32f7xx_hal_uart.o
    0x0800307e   0x0800307e   0x00000002   PAD
    0x08003080   0x08003080   0x0000017a   Code   RO         1223    .text.HAL_UART_MspInit  stm32f7xx_hal_msp.o
    0x080031fa   0x080031fa   0x00000006   PAD
    0x08003200   0x08003200   0x00000008   Code   RO          867    .text.HAL_UART_RxCpltCallback  stm32f7xx_hal_uart.o
    0x08003208   0x08003208   0x00000008   Code   RO          865    .text.HAL_UART_RxHalfCpltCallback  stm32f7xx_hal_uart.o
    0x08003210   0x08003210   0x000000f8   Code   RO          899    .text.HAL_UART_Transmit_DMA  stm32f7xx_hal_uart.o
    0x08003308   0x08003308   0x000000bc   Code   RO          889    .text.HAL_UART_Transmit_IT  stm32f7xx_hal_uart.o
    0x080033c4   0x080033c4   0x00000004   PAD
    0x080033c8   0x080033c8   0x00000008   Code   RO          863    .text.HAL_UART_TxCpltCallback  stm32f7xx_hal_uart.o
    0x080033d0   0x080033d0   0x00000008   Code   RO          861    .text.HAL_UART_TxHalfCpltCallback  stm32f7xx_hal_uart.o
    0x080033d8   0x080033d8   0x00000016   Code   RO         1436    .text.IsIrqMasked   RTX_V7MF.lib(rtx_thread.o)
    0x080033ee   0x080033ee   0x00000002   PAD
    0x080033f0   0x080033f0   0x0000004c   Code   RO           35    .text.MX_DMA_Init   main.o
    0x0800343c   0x0800343c   0x00000004   PAD
    0x08003440   0x08003440   0x0000009c   Code   RO           33    .text.MX_GPIO_Init  main.o
    0x080034dc   0x080034dc   0x00000004   PAD
    0x080034e0   0x080034e0   0x00000044   Code   RO           37    .text.MX_USART6_UART_Init  main.o
    0x08003524   0x08003524   0x00000040   Code   RO         1732    .text.MessageQueueGet  RTX_V7MF.lib(rtx_msgqueue.o)
    0x08003564   0x08003564   0x00000058   Code   RO         1728    .text.MessageQueuePut  RTX_V7MF.lib(rtx_msgqueue.o)
    0x080035bc   0x080035bc   0x0000001c   Code   RO         1726    .text.MessageQueueRemove  RTX_V7MF.lib(rtx_msgqueue.o)
    0x080035d8   0x080035d8   0x0000006c   Code   RO          224    .text.NVIC_EncodePriority  stm32f7xx_hal_cortex.o
    0x08003644   0x08003644   0x00000004   PAD
    0x08003648   0x08003648   0x0000000c   Code   RO          115    .text.OS_Tick_AcknowledgeIRQ  os_systick.o
    0x08003654   0x08003654   0x00000004   PAD
    0x08003658   0x08003658   0x0000003c   Code   RO          111    .text.OS_Tick_Enable  os_systick.o
    0x08003694   0x08003694   0x00000004   PAD
    0x08003698   0x08003698   0x00000006   Code   RO          117    .text.OS_Tick_GetIRQn  os_systick.o
    0x0800369e   0x0800369e   0x00000002   PAD
    0x080036a0   0x080036a0   0x0000007e   Code   RO          109    .text.OS_Tick_Setup  os_systick.o
    0x0800371e   0x0800371e   0x0000000c   Code   RO         1344    .text.OUTLINED_FUNCTION_0  RTX_V7MF.lib(rtx_kernel.o)
    0x0800372a   0x0800372a   0x00000010   Code   RO         1560    .text.OUTLINED_FUNCTION_0  RTX_V7MF.lib(rtx_thread.o)
    0x0800373a   0x0800373a   0x0000000c   Code   RO         1740    .text.OUTLINED_FUNCTION_0  RTX_V7MF.lib(rtx_msgqueue.o)
    0x08003746   0x08003746   0x00000006   Code   RO         1346    .text.OUTLINED_FUNCTION_1  RTX_V7MF.lib(rtx_kernel.o)
    0x0800374c   0x0800374c   0x00000006   Code   RO         1742    .text.OUTLINED_FUNCTION_1  RTX_V7MF.lib(rtx_msgqueue.o)
    0x08003752   0x08003752   0x00000006   PAD
    0x08003758   0x08003758   0x000000c0   Code   RO           31    .text.SystemClock_Config  main.o
    0x08003818   0x08003818   0x00000012   Code   RO         1257    .text.SystemInit    system_stm32f7xx.o
    0x0800382a   0x0800382a   0x00000006   PAD
    0x08003830   0x08003830   0x00000010   Code   RO           54    .text.TIM6_DAC_IRQHandler  stm32f7xx_it.o
    0x08003840   0x08003840   0x0000019a   Code   RO          495    .text.TIM_Base_SetConfig  stm32f7xx_hal_tim.o
    0x080039da   0x080039da   0x00000064   Code   RO         1512    .text.ThreadFlagsCheck  RTX_V7MF.lib(rtx_thread.o)
    0x08003a3e   0x08003a3e   0x00000002   PAD
    0x08003a40   0x08003a40   0x00000048   Code   RO         1602    .text.TimerInsert   RTX_V7MF.lib(rtx_timer.o)
    0x08003a88   0x08003a88   0x00000148   Code   RO          843    .text.UART_AdvFeatureConfig  stm32f7xx_hal_uart.o
    0x08003bd0   0x08003bd0   0x00000070   Code   RO          845    .text.UART_CheckIdleState  stm32f7xx_hal_uart.o
    0x08003c40   0x08003c40   0x00000080   Code   RO          905    .text.UART_DMAError  stm32f7xx_hal_uart.o
    0x08003cc0   0x08003cc0   0x0000007c   Code   RO          901    .text.UART_DMATransmitCplt  stm32f7xx_hal_uart.o
    0x08003d3c   0x08003d3c   0x00000004   PAD
    0x08003d40   0x08003d40   0x00000018   Code   RO          903    .text.UART_DMATxHalfCplt  stm32f7xx_hal_uart.o
    0x08003d58   0x08003d58   0x00000098   Code   RO          919    .text.UART_EndRxTransfer  stm32f7xx_hal_uart.o
    0x08003df0   0x08003df0   0x00000034   Code   RO          917    .text.UART_EndTxTransfer  stm32f7xx_hal_uart.o
    0x08003e24   0x08003e24   0x00000004   PAD
    0x08003e28   0x08003e28   0x00000086   Code   RO          837    .text.UART_InitCallbacksToDefault  stm32f7xx_hal_uart.o
    0x08003eae   0x08003eae   0x00000002   PAD
    0x08003eb0   0x08003eb0   0x000004da   Code   RO          841    .text.UART_SetConfig  stm32f7xx_hal_uart.o
    0x0800438a   0x0800438a   0x00000006   PAD
    0x08004390   0x08004390   0x00000096   Code   RO          891    .text.UART_TxISR_16BIT  stm32f7xx_hal_uart.o
    0x08004426   0x08004426   0x00000002   PAD
    0x08004428   0x08004428   0x0000008c   Code   RO          893    .text.UART_TxISR_8BIT  stm32f7xx_hal_uart.o
    0x080044b4   0x080044b4   0x00000004   PAD
    0x080044b8   0x080044b8   0x00000164   Code   RO          885    .text.UART_WaitOnFlagUntilTimeout  stm32f7xx_hal_uart.o
    0x0800461c   0x0800461c   0x00000004   PAD
    0x08004620   0x08004620   0x0000002a   Code   RO          228    .text.__NVIC_EnableIRQ  stm32f7xx_hal_cortex.o
    0x0800464a   0x0800464a   0x00000006   PAD
    0x08004650   0x08004650   0x00000010   Code   RO          220    .text.__NVIC_GetPriorityGrouping  stm32f7xx_hal_cortex.o
    0x08004660   0x08004660   0x0000003a   Code   RO          222    .text.__NVIC_SetPriority  stm32f7xx_hal_cortex.o
    0x0800469a   0x0800469a   0x00000006   PAD
    0x080046a0   0x080046a0   0x0000003c   Code   RO          216    .text.__NVIC_SetPriorityGrouping  stm32f7xx_hal_cortex.o
    0x080046dc   0x080046dc   0x00000004   PAD
    0x080046e0   0x080046e0   0x00000020   Code   RO           81    .text._mutex_acquire  rtx_lib.o
    0x08004700   0x08004700   0x00000012   Code   RO           85    .text._mutex_free   rtx_lib.o
    0x08004712   0x08004712   0x00000006   PAD
    0x08004718   0x08004718   0x00000032   Code   RO           79    .text._mutex_initialize  rtx_lib.o
    0x0800474a   0x0800474a   0x00000006   PAD
    0x08004750   0x08004750   0x0000001c   Code   RO           83    .text._mutex_release  rtx_lib.o
    0x0800476c   0x0800476c   0x00000004   PAD
    0x08004770   0x08004770   0x00000008   Code   RO           67    .text._platform_post_stackheap_init  rtx_lib.o
    0x08004778   0x08004778   0x00000008   Code   RO           14    .text.atThread      initmain.o
    0x08004780   0x08004780   0x0000013e   Code   RO            2    .text.concatenate4Strings  initmain.o
    0x080048be   0x080048be   0x00000002   PAD
    0x080048c0   0x080048c0   0x00000008   Code   RO           12    .text.driveThread   initmain.o
    0x080048c8   0x080048c8   0x00000110   Code   RO           29    .text.main          main.o
    0x080049d8   0x080049d8   0x0000007c   Code   RO           18    .text.mainThread    initmain.o
    0x08004a54   0x08004a54   0x00000030   Code   RO         1288    .text.osKernelGetState  RTX_V7MF.lib(rtx_kernel.o)
    0x08004a84   0x08004a84   0x0000002c   Code   RO         1282    .text.osKernelInitialize  RTX_V7MF.lib(rtx_kernel.o)
    0x08004ab0   0x08004ab0   0x00000024   Code   RO         1292    .text.osKernelStart  RTX_V7MF.lib(rtx_kernel.o)
    0x08004ad4   0x08004ad4   0x00000070   Code   RO         1702    .text.osMessageQueueGet  RTX_V7MF.lib(rtx_msgqueue.o)
    0x08004b44   0x08004b44   0x00000080   Code   RO         1700    .text.osMessageQueuePut  RTX_V7MF.lib(rtx_msgqueue.o)
    0x08004bc4   0x08004bc4   0x00000024   Code   RO         1368    .text.osMutexAcquire  RTX_V7MF.lib(rtx_mutex.o)
    0x08004be8   0x08004be8   0x00000024   Code   RO         1374    .text.osMutexDelete  RTX_V7MF.lib(rtx_mutex.o)
    0x08004c0c   0x08004c0c   0x00000024   Code   RO         1362    .text.osMutexNew    RTX_V7MF.lib(rtx_mutex.o)
    0x08004c30   0x08004c30   0x00000024   Code   RO         1370    .text.osMutexRelease  RTX_V7MF.lib(rtx_mutex.o)
    0x08004c54   0x08004c54   0x00000004   PAD
    0x08004c58   0x08004c58   0x00000030   Code   RO          137    .text.osRtxErrorNotify  rtx_config.o
    0x08004c88   0x08004c88   0x00000008   Code   RO          135    .text.osRtxIdleThread  rtx_config.o
    0x08004c90   0x08004c90   0x00000002   Code   RO         1278    .text.osRtxKernelBeforeInit  RTX_V7MF.lib(rtx_kernel.o)
    0x08004c92   0x08004c92   0x00000004   Code   RO         1280    .text.osRtxKernelErrorNotify  RTX_V7MF.lib(rtx_kernel.o)
    0x08004c96   0x08004c96   0x0000006e   Code   RO         1626    .text.osRtxMemoryAlloc  RTX_V7MF.lib(rtx_memory.o)
    0x08004d04   0x08004d04   0x00000042   Code   RO         1628    .text.osRtxMemoryFree  RTX_V7MF.lib(rtx_memory.o)
    0x08004d46   0x08004d46   0x00000036   Code   RO         1624    .text.osRtxMemoryInit  RTX_V7MF.lib(rtx_memory.o)
    0x08004d7c   0x08004d7c   0x0000003a   Code   RO         1640    .text.osRtxMemoryPoolAlloc  RTX_V7MF.lib(rtx_mempool.o)
    0x08004db6   0x08004db6   0x0000004a   Code   RO         1642    .text.osRtxMemoryPoolFree  RTX_V7MF.lib(rtx_mempool.o)
    0x08004e00   0x08004e00   0x00000038   Code   RO         1638    .text.osRtxMemoryPoolInit  RTX_V7MF.lib(rtx_mempool.o)
    0x08004e38   0x08004e38   0x000000aa   Code   RO         1724    .text.osRtxMessageQueuePostProcess  RTX_V7MF.lib(rtx_msgqueue.o)
    0x08004ee2   0x08004ee2   0x00000002   PAD
    0x08004ee4   0x08004ee4   0x00000024   Code   RO         1690    .text.osRtxMessageQueueTimerSetup  RTX_V7MF.lib(rtx_msgqueue.o)
    0x08004f08   0x08004f08   0x00000048   Code   RO         1358    .text.osRtxMutexOwnerRelease  RTX_V7MF.lib(rtx_mutex.o)
    0x08004f50   0x08004f50   0x0000004a   Code   RO         1360    .text.osRtxMutexOwnerRestore  RTX_V7MF.lib(rtx_mutex.o)
    0x08004f9a   0x08004f9a   0x00000002   PAD
    0x08004f9c   0x08004f9c   0x000000a4   Code   RO         1754    .text.osRtxPendSV_Handler  RTX_V7MF.lib(rtx_system.o)
    0x08005040   0x08005040   0x00000070   Code   RO         1756    .text.osRtxPostProcess  RTX_V7MF.lib(rtx_system.o)
    0x080050b0   0x080050b0   0x00000010   Code   RO           75    .text.osRtxThreadBeforeFree  rtx_lib.o
    0x080050c0   0x080050c0   0x00000034   Code   RO         1414    .text.osRtxThreadBlock  RTX_V7MF.lib(rtx_thread.o)
    0x080050f4   0x080050f4   0x0000007c   Code   RO         1420    .text.osRtxThreadDelayInsert  RTX_V7MF.lib(rtx_thread.o)
    0x08005170   0x08005170   0x0000003c   Code   RO         1404    .text.osRtxThreadDelayRemove  RTX_V7MF.lib(rtx_thread.o)
    0x080051ac   0x080051ac   0x0000004c   Code   RO         1406    .text.osRtxThreadDelayTick  RTX_V7MF.lib(rtx_thread.o)
    0x080051f8   0x080051f8   0x00000020   Code   RO         1424    .text.osRtxThreadDestroy  RTX_V7MF.lib(rtx_thread.o)
    0x08005218   0x08005218   0x00000054   Code   RO         1412    .text.osRtxThreadDispatch  RTX_V7MF.lib(rtx_thread.o)
    0x0800526c   0x0800526c   0x00000058   Code   RO         1426    .text.osRtxThreadFree  RTX_V7MF.lib(rtx_thread.o)
    0x080052c4   0x080052c4   0x0000001e   Code   RO         1422    .text.osRtxThreadJoinWakeup  RTX_V7MF.lib(rtx_thread.o)
    0x080052e2   0x080052e2   0x00000012   Code   RO         1396    .text.osRtxThreadListGet  RTX_V7MF.lib(rtx_thread.o)
    0x080052f4   0x080052f4   0x0000002c   Code   RO         1394    .text.osRtxThreadListPut  RTX_V7MF.lib(rtx_thread.o)
    0x08005320   0x08005320   0x00000014   Code   RO         1400    .text.osRtxThreadListRemove  RTX_V7MF.lib(rtx_thread.o)
    0x08005334   0x08005334   0x00000026   Code   RO         1398    .text.osRtxThreadListSort  RTX_V7MF.lib(rtx_thread.o)
    0x0800535a   0x0800535a   0x00000028   Code   RO         1510    .text.osRtxThreadPostProcess  RTX_V7MF.lib(rtx_thread.o)
    0x08005382   0x08005382   0x00000002   PAD
    0x08005384   0x08005384   0x00000010   Code   RO         1402    .text.osRtxThreadReadyPut  RTX_V7MF.lib(rtx_thread.o)
    0x08005394   0x08005394   0x00000014   Code   RO         1408    .text.osRtxThreadRegPtr  RTX_V7MF.lib(rtx_thread.o)
    0x080053a8   0x080053a8   0x00000034   Code   RO         1430    .text.osRtxThreadStartup  RTX_V7MF.lib(rtx_thread.o)
    0x080053dc   0x080053dc   0x00000020   Code   RO         1410    .text.osRtxThreadSwitch  RTX_V7MF.lib(rtx_thread.o)
    0x080053fc   0x080053fc   0x0000003c   Code   RO         1418    .text.osRtxThreadWaitEnter  RTX_V7MF.lib(rtx_thread.o)
    0x08005438   0x08005438   0x00000032   Code   RO         1416    .text.osRtxThreadWaitExit  RTX_V7MF.lib(rtx_thread.o)
    0x0800546a   0x0800546a   0x00000002   PAD
    0x0800546c   0x0800546c   0x00000074   Code   RO         1752    .text.osRtxTick_Handler  RTX_V7MF.lib(rtx_system.o)
    0x080054e0   0x080054e0   0x00000020   Code   RO         1582    .text.osRtxTimerSetup  RTX_V7MF.lib(rtx_timer.o)
    0x08005500   0x08005500   0x00000020   Code   RO         1586    .text.osRtxTimerThread  RTX_V7MF.lib(rtx_timer.o)
    0x08005520   0x08005520   0x00000070   Code   RO         1584    .text.osRtxTimerTick  RTX_V7MF.lib(rtx_timer.o)
    0x08005590   0x08005590   0x00000006   Code   RO         1508    .text.osThreadEntry  RTX_V7MF.lib(rtx_thread.o)
    0x08005596   0x08005596   0x00000002   PAD
    0x08005598   0x08005598   0x0000000c   Code   RO         1474    .text.osThreadExit  RTX_V7MF.lib(rtx_thread.o)
    0x080055a4   0x080055a4   0x0000002c   Code   RO         1434    .text.osThreadNew   RTX_V7MF.lib(rtx_thread.o)
    0x080055d0   0x080055d0   0x00000036   Code   RO           73    .text.os_kernel_is_active  rtx_lib.o
    0x08005606   0x08005606   0x00000002   PAD
    0x08005608   0x08005608   0x00000002   Code   RO            4    .text.protobuf_init  initmain.o
    0x0800560a   0x0800560a   0x00000006   PAD
    0x08005610   0x08005610   0x00000008   Code   RO           10    .text.receivingThread  initmain.o
    0x08005618   0x08005618   0x0000000c   Code   RO         1290    .text.svcRtxKernelGetState  RTX_V7MF.lib(rtx_kernel.o)
    0x08005624   0x08005624   0x0000010c   Code   RO         1328    .text.svcRtxKernelInitialize  RTX_V7MF.lib(rtx_kernel.o)
    0x08005730   0x08005730   0x00000078   Code   RO         1330    .text.svcRtxKernelStart  RTX_V7MF.lib(rtx_kernel.o)
    0x080057a8   0x080057a8   0x000000cc   Code   RO         1734    .text.svcRtxMessageQueueGet  RTX_V7MF.lib(rtx_msgqueue.o)
    0x08005874   0x08005874   0x00000120   Code   RO         1692    .text.svcRtxMessageQueueNew  RTX_V7MF.lib(rtx_msgqueue.o)
    0x08005994   0x08005994   0x000000a8   Code   RO         1730    .text.svcRtxMessageQueuePut  RTX_V7MF.lib(rtx_msgqueue.o)
    0x08005a3c   0x08005a3c   0x00000090   Code   RO         1378    .text.svcRtxMutexAcquire  RTX_V7MF.lib(rtx_mutex.o)
    0x08005acc   0x08005acc   0x000000b0   Code   RO         1384    .text.svcRtxMutexDelete  RTX_V7MF.lib(rtx_mutex.o)
    0x08005b7c   0x08005b7c   0x00000068   Code   RO         1376    .text.svcRtxMutexNew  RTX_V7MF.lib(rtx_mutex.o)
    0x08005be4   0x08005be4   0x000000b4   Code   RO         1380    .text.svcRtxMutexRelease  RTX_V7MF.lib(rtx_mutex.o)
    0x08005c98   0x08005c98   0x0000004c   Code   RO         1536    .text.svcRtxThreadExit  RTX_V7MF.lib(rtx_thread.o)
    0x08005ce4   0x08005ce4   0x000001fc   Code   RO         1432    .text.svcRtxThreadNew  RTX_V7MF.lib(rtx_thread.o)
    0x08005ee0   0x08005ee0   0x0000006a   Code   RO           16    .text.transmitThread  initmain.o
    0x08005f4a   0x08005f4a   0x00000006   PAD
    0x08005f50   0x08005f50   0x00000030   Code   RO            6    .text.uart_init     initmain.o
    0x08005f80   0x08005f80   0x00000048   Code   RO           77    .text.user_perthread_libspace_free  rtx_lib.o
    0x08005fc8   0x08005fc8   0x00000002   Code   RO            8    .text.wifi_init     initmain.o
    0x08005fca   0x08005fca   0x0000001a   Code   RO         1841    x$fpl$fpinit        fz_wm.l(fpinit.o)
    0x08005fe4   0x08005fe4   0x00000070   Data   RO           91    .rodata             rtx_lib.o
    0x08006054   0x08006054   0x00000038   Data   RO           94    .rodata             rtx_lib.o
    0x0800608c   0x0800608c   0x00000010   Data   RO         1262    .rodata.AHBPrescTable  system_stm32f7xx.o
    0x0800609c   0x0800609c   0x00000008   Data   RO         1263    .rodata.APBPrescTable  system_stm32f7xx.o
    0x080060a4   0x080060a4   0x00000008   Data   RO          315    .rodata.DMA_CalcBaseAndBitshift.flagBitshiftOffset  stm32f7xx_hal_dma.o
    0x080060ac   0x080060ac   0x00000004   Data   RO           93    .rodata.osRtxUserSVC  rtx_lib.o
    0x080060b0   0x080060b0   0x00000024   Data   RO           88    .rodata.os_idle_thread_attr  rtx_lib.o
    0x080060d4   0x080060d4   0x00000018   Data   RO           90    .rodata.os_timer_mq_attr  rtx_lib.o
    0x080060ec   0x080060ec   0x00000024   Data   RO           89    .rodata.os_timer_thread_attr  rtx_lib.o
    0x08006110   0x08006110   0x00000056   Data   RO           20    .rodata.str1.1      initmain.o
    0x08006166   0x08006166   0x00000002   PAD
    0x08006168   0x08006168   0x0000000b   Data   RO         1348    .rodata.str1.4      RTX_V7MF.lib(rtx_kernel.o)
    0x08006173   0x08006173   0x00000001   PAD
    0x08006174   0x08006174   0x00000030   Data   RO         2059    Region$$Table       anon$$obj.o


    Execution Region RW_DTCM (Exec base: 0x20000000, Load base: 0x080061a4, Size: 0x00000600, Max: 0x00010000, ABSOLUTE)

    Exec Addr    Load Addr    Size         Type   Attr      Idx    E Section Name        Object

    0x20000000        -       0x00000200   Zero   RW         1248    HEAP                startup_stm32f746xx.o
    0x20000200        -       0x00000400   Zero   RW         1247    STACK               startup_stm32f746xx.o


    Execution Region RW_SRAM1 (Exec base: 0x20010000, Load base: 0x080061a8, Size: 0x00008a60, Max: 0x00040000, ABSOLUTE)

    Exec Addr    Load Addr    Size         Type   Attr      Idx    E Section Name        Object

    0x20010000   0x080061a8   0x00000004   Data   RW         1261    .data.SystemCoreClock  system_stm32f7xx.o
    0x20010004   0x080061ac   0x000000a4   Data   RW         1349    .data.os            RTX_V7MF.lib(rtx_kernel.o)
    0x200100a8   0x08006250   0x00000004   Data   RW          205    .data.uwTickFreq    stm32f7xx_hal.o
    0x200100ac   0x08006254   0x00000004   Data   RW          204    .data.uwTickPrio    stm32f7xx_hal.o
    0x200100b0        -       0x00000060   Zero   RW         1937    .bss                c_wu.l(libspace.o)
    0x20010110        -       0x00000064   Zero   RW           44    .bss.hdma_usart6_rx  main.o
    0x20010174        -       0x00000064   Zero   RW           45    .bss.hdma_usart6_tx  main.o
    0x200101d8        -       0x00000070   Zero   RW         1240    .bss.htim6          stm32f7xx_hal_timebase_tim.o
    0x20010248        -       0x000000b4   Zero   RW           43    .bss.huart6         main.o
    0x200102fc   0x08006258   0x00000004   PAD
    0x20010300        -       0x00008040   Zero   RW           87    .bss.os             rtx_lib.o
    0x20018340        -       0x00000001   Zero   RW          127    .bss.os             os_systick.o
    0x20018341   0x08006258   0x00000003   PAD
    0x20018344        -       0x000001f0   Zero   RW           95    .bss.os.libspace    rtx_lib.o
    0x20018534        -       0x00000034   Zero   RW           99    .bss.os.msgqueue.cb  rtx_lib.o
    0x20018568        -       0x00000050   Zero   RW          100    .bss.os.msgqueue.mem  rtx_lib.o
    0x200185b8        -       0x000000a0   Zero   RW           96    .bss.os.thread.cb   rtx_lib.o
    0x20018658        -       0x00000200   Zero   RW           97    .bss.os.thread.idle.stack  rtx_lib.o
    0x20018858        -       0x00000200   Zero   RW           98    .bss.os.thread.timer.stack  rtx_lib.o
    0x20018a58        -       0x00000001   Zero   RW          101    .bss.os_kernel_is_active.os_kernel_active  rtx_lib.o
    0x20018a59   0x08006258   0x00000003   PAD
    0x20018a5c        -       0x00000004   Zero   RW          206    .bss.uwTick         stm32f7xx_hal.o


==============================================================================

Image component sizes


      Code (inc. data)   RO Data    RW Data    ZI Data      Debug   Object Name

       624          0         86          0          0       2383   initmain.o
       804          0          0          0        380      12811   main.o
       204          0          0          0          1       5575   os_systick.o
        56          6          0          0          0        700   rtx_config.o
       300          0        268          0      34645       7995   rtx_lib.o
        64         26        456          0       1536        872   startup_stm32f746xx.o
        76          0          0          8          4       7892   stm32f7xx_hal.o
       362          0          0          0          0      10564   stm32f7xx_hal_cortex.o
      1698          8          8          0          0       8652   stm32f7xx_hal_dma.o
      1046          0          0          0          0       5340   stm32f7xx_hal_gpio.o
       444          0          0          0          0       7018   stm32f7xx_hal_msp.o
       190          0          0          0          0       5852   stm32f7xx_hal_pwr_ex.o
      2770          0          0          0          0       8178   stm32f7xx_hal_rcc.o
      2144          0          0          0          0       7401   stm32f7xx_hal_rcc_ex.o
      1524          0          0          0          0      37096   stm32f7xx_hal_tim.o
        24          0          0          0          0      16116   stm32f7xx_hal_tim_ex.o
       224          0          0          0        112       7736   stm32f7xx_hal_timebase_tim.o
      3644         38          0          0          0      26136   stm32f7xx_hal_uart.o
        48          0          0          0          0        643   stm32f7xx_it.o
        18          0         24          4          0       3333   system_stm32f7xx.o

    ----------------------------------------------------------------------
     16482         78        892         12      36688     182293   Object Totals
         0          0         48          0          0          0   (incl. Generated)
       218          0          2          0         10          0   (incl. Padding)

    ----------------------------------------------------------------------

      Code (inc. data)   RO Data    RW Data    ZI Data      Debug   Library Member Name

       196         12          0          0          0        712   irq_armv7m.o
       552         48         11        164          0      19332   rtx_kernel.o
       230          0          0          0          0       2808   rtx_memory.o
       188          0          0          0          0      16536   rtx_mempool.o
      1304         24          0          0          0      19223   rtx_msgqueue.o
       894         28          0          0          0      10977   rtx_mutex.o
       392         48          0          0          0       5563   rtx_system.o
      1720         52          0          0          0      38973   rtx_thread.o
       248         16          0          0          0      11024   rtx_timer.o
         8          0          0          0          0         68   __main.o
         0          0          0          0          0          0   __rtentry.o
        20          0          0          0          0          0   __rtentry2.o
         6          0          0          0          0          0   __rtentry4.o
        94          8          0          0          0          0   __scatter.o
        26          0          0          0          0          0   __scatter_copy.o
        28          0          0          0          0          0   __scatter_zi.o
        10          0          0          0          0         68   defsig_exit.o
        50          0          0          0          0         88   defsig_general.o
        80         58          0          0          0         76   defsig_rtmem_inner.o
        14          0          0          0          0         80   defsig_rtmem_outer.o
        18          0          0          0          0         80   exit.o
       166          0          0          0          0        144   h1_alloc_threads.o
        82          0          0          0          0        104   h1_extend_threads.o
        10          0          0          0          0         76   h1_final_threads.o
       118          0          0          0          0        108   h1_free_threads.o
        18          0          0          0          0         84   h1_init_threads.o
         6          0          0          0          0        152   heapauxi.o
         4          0          0          0          0        136   hguard.o
         0          0          0          0          0          0   indicate_semi.o
       138          0          0          0          0        168   init_alloc.o
         2          0          0          0          0          0   libinit.o
        14          0          0          0          0          0   libinit2.o
         2          0          0          0          0          0   libshutdown.o
         6          0          0          0          0          0   libshutdown2.o
         8          4          0          0         96         68   libspace.o
       240          0          0          0          0        100   lludivv7m.o
         0          0          0          0          0          0   maybetermalloc2.o
        10          0          0          0          0         76   rt_heap_descriptor_twolibspace.o
        68          0          0          0          0         68   rt_memclr.o
        78          0          0          0          0         80   rt_memclr_w.o
       138          0          0          0          0         68   rt_memcpy_v6.o
       100          0          0          0          0         80   rt_memcpy_w.o
         2          0          0          0          0          0   rtexit.o
        10          0          0          0          0          0   rtexit2.o
        72          0          0          0          0         80   strcpy.o
        62          0          0          0          0         76   strlen.o
        12          4          0          0          0         68   sys_exit.o
        74          0          0          0          0         80   sys_stackheap_outer.o
        14          0          0          0          0         76   sys_wrch.o
        16          0          0          0          0         80   term_alloc.o
         2          0          0          0          0         68   use_no_semi.o
        26          0          0          0          0        116   fpinit.o

    ----------------------------------------------------------------------
      7610        306         12        164         96     127764   Library Totals
        34          4          1          0          0          0   (incl. Padding)

    ----------------------------------------------------------------------

      Code (inc. data)   RO Data    RW Data    ZI Data      Debug   Library Name

      5724        228         11        164          0     125148   RTX_V7MF.lib
      1826         74          0          0         96       2500   c_wu.l
        26          0          0          0          0        116   fz_wm.l

    ----------------------------------------------------------------------
      7610        306         12        164         96     127764   Library Totals

    ----------------------------------------------------------------------

==============================================================================


      Code (inc. data)   RO Data    RW Data    ZI Data      Debug   

     24092        384        904        176      36784     308305   Grand Totals
     24092        384        904        176      36784     308305   ELF Image Totals
     24092        384        904        176          0          0   ROM Totals

==============================================================================

    Total RO  Size (Code + RO Data)                24996 (  24.41kB)
    Total RW  Size (RW Data + ZI Data)             36960 (  36.09kB)
    Total ROM Size (Code + RO Data + RW Data)      25172 (  24.58kB)

==============================================================================

