Component: Arm Compiler for Embedded 6.21 Tool: armlink [5ec1fa00]

==============================================================================

Section Cross References

    initmain.o(.text.concatenate4Strings) refers to h1_alloc_threads.o(.text) for malloc
    initmain.o(.text.concatenate4Strings) refers to exit.o(.text) for exit
    initmain.o(.ARM.exidx.text.concatenate4Strings) refers to initmain.o(.text.concatenate4Strings) for [Anonymous Symbol]
    initmain.o(.ARM.exidx.text.protobuf_init) refers to initmain.o(.text.protobuf_init) for [Anonymous Symbol]
    initmain.o(.text.uart_init) refers to strlen.o(.text) for strlen
    initmain.o(.text.uart_init) refers to main.o(.bss.huart2) for huart2
    initmain.o(.text.uart_init) refers to stm32f7xx_hal_uart.o(.text.HAL_UART_Transmit_IT) for HAL_UART_Transmit_IT
    initmain.o(.ARM.exidx.text.uart_init) refers to initmain.o(.text.uart_init) for [Anonymous Symbol]
    initmain.o(.ARM.exidx.text.wifi_init) refers to initmain.o(.text.wifi_init) for [Anonymous Symbol]
    initmain.o(.ARM.exidx.text.receivingThread) refers to initmain.o(.text.receivingThread) for [Anonymous Symbol]
    initmain.o(.ARM.exidx.text.driveThread) refers to initmain.o(.text.driveThread) for [Anonymous Symbol]
    initmain.o(.ARM.exidx.text.atThread) refers to initmain.o(.text.atThread) for [Anonymous Symbol]
    initmain.o(.text.transmitThread) refers to initmain.o(.bss.dma_transfer_complete) for dma_transfer_complete
    initmain.o(.text.transmitThread) refers to main.o(.bss.huart2) for huart2
    initmain.o(.text.transmitThread) refers to initmain.o(.rodata.transmitThread.command) for transmitThread.command
    initmain.o(.text.transmitThread) refers to stm32f7xx_hal_uart.o(.text.HAL_UART_Transmit_DMA) for HAL_UART_Transmit_DMA
    initmain.o(.text.transmitThread) refers to rtx_delay.o(.text.osDelay) for osDelay
    initmain.o(.text.transmitThread) refers to initmain.o(.rodata.transmitThread.udpCommand) for transmitThread.udpCommand
    initmain.o(.text.transmitThread) refers to pb_encode.o(.text.pb_ostream_from_buffer) for pb_ostream_from_buffer
    initmain.o(.text.transmitThread) refers to ftbot.pb.o(.rodata.ftbot_RobotStatus_msg) for ftbot_RobotStatus_msg
    initmain.o(.text.transmitThread) refers to pb_encode.o(.text.pb_encode) for pb_encode
    initmain.o(.text.transmitThread) refers to initmain.o(.rodata.transmitThread.atCommand) for transmitThread.atCommand
    initmain.o(.ARM.exidx.text.transmitThread) refers to initmain.o(.text.transmitThread) for [Anonymous Symbol]
    initmain.o(.text.UART_SendCommand) refers to strlen.o(.text) for strlen
    initmain.o(.text.UART_SendCommand) refers to stm32f7xx_hal_uart.o(.text.HAL_UART_Transmit) for HAL_UART_Transmit
    initmain.o(.ARM.exidx.text.UART_SendCommand) refers to initmain.o(.text.UART_SendCommand) for [Anonymous Symbol]
    initmain.o(.text.UDP_OpenSocket) refers to initmain.o(.rodata.str1.1) for .L.str
    initmain.o(.text.UDP_OpenSocket) refers to sprintf.o(.text) for sprintf
    initmain.o(.text.UDP_OpenSocket) refers to initmain.o(.text.UART_SendCommand) for UART_SendCommand
    initmain.o(.ARM.exidx.text.UDP_OpenSocket) refers to initmain.o(.text.UDP_OpenSocket) for [Anonymous Symbol]
    initmain.o(.text.UART_SendCommand_DMA) refers to initmain.o(.bss.dma_transfer_complete) for dma_transfer_complete
    initmain.o(.text.UART_SendCommand_DMA) refers to stm32f7xx_hal_uart.o(.text.HAL_UART_Transmit_DMA) for HAL_UART_Transmit_DMA
    initmain.o(.text.UART_SendCommand_DMA) refers to rtx_delay.o(.text.osDelay) for osDelay
    initmain.o(.ARM.exidx.text.UART_SendCommand_DMA) refers to initmain.o(.text.UART_SendCommand_DMA) for [Anonymous Symbol]
    initmain.o(.text.UDP_OpenSocket_DMA) refers to initmain.o(.bss.dma_transfer_complete) for dma_transfer_complete
    initmain.o(.text.UDP_OpenSocket_DMA) refers to initmain.o(.rodata.UDP_OpenSocket_DMA.udpCommand) for UDP_OpenSocket_DMA.udpCommand
    initmain.o(.text.UDP_OpenSocket_DMA) refers to stm32f7xx_hal_uart.o(.text.HAL_UART_Transmit_DMA) for HAL_UART_Transmit_DMA
    initmain.o(.text.UDP_OpenSocket_DMA) refers to rtx_delay.o(.text.osDelay) for osDelay
    initmain.o(.ARM.exidx.text.UDP_OpenSocket_DMA) refers to initmain.o(.text.UDP_OpenSocket_DMA) for [Anonymous Symbol]
    initmain.o(.text.HAL_UART_TxCpltCallback) refers to initmain.o(.bss.dma_transfer_complete) for dma_transfer_complete
    initmain.o(.ARM.exidx.text.HAL_UART_TxCpltCallback) refers to initmain.o(.text.HAL_UART_TxCpltCallback) for [Anonymous Symbol]
    initmain.o(.text.mainThread) refers to initmain.o(.text.transmitThread) for transmitThread
    initmain.o(.text.mainThread) refers to rtx_thread.o(.text.osThreadNew) for osThreadNew
    initmain.o(.ARM.exidx.text.mainThread) refers to initmain.o(.text.mainThread) for [Anonymous Symbol]
    ftbot.pb.o(.rodata.ftbot_SetSpeedSteering_msg) refers to ftbot.pb.o(.rodata.ftbot_SetSpeedSteering_field_info) for ftbot_SetSpeedSteering_field_info
[...]
    [Anonymous Symbol]                       0x20018c20   Section        0  rtx_lib.o(.bss.os_kernel_is_active.os_kernel_active)
    FPCCR                                    0xe000ef34   Number         0  irq_armv7m.o ABSOLUTE

    Global Symbols

    Symbol Name                              Value     Ov Type        Size  Object(Section)

    BuildAttributes$$THM_ISAv4$E$P$D$K$B$S$7EM$VFPi5$EXTD16$VFPS$VFMA$PE$PLD8$A:L22UL41UL21$X:L11$S22US41US21$IEEE1$IW$~IW$USESV6$~STKCKD$USESV7$WCHAR32$ENUMINT$~SHL$OTIME$ROPI$IEEEJ$EBA8$UX$STANDARDLIB$REQ8$PRES8$EABIv2 0x00000000   Number         0  anon$$obj.o ABSOLUTE
    _printf_flags                            0x00000000   Number         0  printf_stubs.o ABSOLUTE
    _printf_return_value                     0x00000000   Number         0  printf_stubs.o ABSOLUTE
    _printf_sizespec                         0x00000000   Number         0  printf_stubs.o ABSOLUTE
    _printf_widthprec                        0x00000000   Number         0  printf_stubs.o ABSOLUTE
    .bss.os.evflags.cb$$Base                  - Undefined Weak Reference
    .bss.os.evflags.cb$$Limit                 - Undefined Weak Reference
    .bss.os.mempool.cb$$Base                  - Undefined Weak Reference
    .bss.os.mempool.cb$$Limit                 - Undefined Weak Reference
    .bss.os.mutex.cb$$Base                    - Undefined Weak Reference
    .bss.os.mutex.cb$$Limit                   - Undefined Weak Reference
    .bss.os.semaphore.cb$$Base                - Undefined Weak Reference
    .bss.os.semaphore.cb$$Limit               - Undefined Weak Reference
    .bss.os.timer.cb$$Base                    - Undefined Weak Reference
    .bss.os.timer.cb$$Limit                   - Undefined Weak Reference
    __ARM_exceptions_init                     - Undefined Weak Reference
    __alloca_initialize                       - Undefined Weak Reference
    __arm_preinit_                            - Undefined Weak Reference
    __arm_relocate_pie_                       - Undefined Weak Reference
    __cpp_initialize__aeabi_                  - Undefined Weak Reference
    __cxa_finalize                            - Undefined Weak Reference
    __sigvec_lookup                           - Undefined Weak Reference
    __user_heap_extent                        - Undefined Weak Reference
    _atexit_init                              - Undefined Weak Reference
    _call_atexit_fns                          - Undefined Weak Reference
    _clock_init                               - Undefined Weak Reference
    _fp_trap_init                             - Undefined Weak Reference
    _fp_trap_shutdown                         - Undefined Weak Reference
    _get_lc_collate                           - Undefined Weak Reference
    _get_lc_monetary                          - Undefined Weak Reference
    _get_lc_time                              - Undefined Weak Reference
    _getenv_init                              - Undefined Weak Reference
    _handle_redirection                       - Undefined Weak Reference
    _initio                                   - Undefined Weak Reference
    _printf_mbtowc                            - Undefined Weak Reference
    _printf_wc                                - Undefined Weak Reference
    _rand_init                                - Undefined Weak Reference
    _signal_finish                            - Undefined Weak Reference
    _signal_init                              - Undefined Weak Reference
    _terminateio                              - Undefined Weak Reference
    __Vectors_Size                           0x000001c8   Number         0  startup_stm32f746xx.o ABSOLUTE
    __Vectors                                0x08000000   Data           4  startup_stm32f746xx.o(RESET)
    __Vectors_End                            0x080001c8   Data           0  startup_stm32f746xx.o(RESET)
    __main                                   0x080001c9   Thumb Code     8  __main.o(!!!main)
    __scatterload                            0x080001d1   Thumb Code     0  __scatter.o(!!!scatter)
    __scatterload_rt2                        0x080001d1   Thumb Code    84  __scatter.o(!!!scatter)
    __scatterload_rt2_thumb_only             0x080001d1   Thumb Code     0  __scatter.o(!!!scatter)
    __scatterload_loop                       0x080001db   Thumb Code     0  __scatter.o(!!!scatter)
    __scatterload_copy                       0x0800022d   Thumb Code    26  __scatter_copy.o(!!handler_copy)
    __scatterload_null                       0x08000249   Thumb Code     2  __scatter.o(!!handler_null)
    __scatterload_zeroinit                   0x0800024d   Thumb Code    28  __scatter_zi.o(!!handler_zi)
    __rt_lib_init                            0x08000269   Thumb Code     0  libinit.o(.ARM.Collect$$libinit$$00000000)
    __rt_lib_init_fp_1                       0x0800026b   Thumb Code     0  libinit2.o(.ARM.Collect$$libinit$$00000001)
    __rt_lib_init_alloca_1                   0x0800026f   Thumb Code     0  libinit2.o(.ARM.Collect$$libinit$$00000030)
    __rt_lib_init_argv_1                     0x0800026f   Thumb Code     0  libinit2.o(.ARM.Collect$$libinit$$0000002E)
    __rt_lib_init_atexit_1                   0x0800026f   Thumb Code     0  libinit2.o(.ARM.Collect$$libinit$$0000001D)
    __rt_lib_init_clock_1                    0x0800026f   Thumb Code     0  libinit2.o(.ARM.Collect$$libinit$$00000023)
    __rt_lib_init_cpp_1                      0x0800026f   Thumb Code     0  libinit2.o(.ARM.Collect$$libinit$$00000034)
    __rt_lib_init_exceptions_1               0x0800026f   Thumb Code     0  libinit2.o(.ARM.Collect$$libinit$$00000032)
    __rt_lib_init_fp_trap_1                  0x0800026f   Thumb Code     0  libinit2.o(.ARM.Collect$$libinit$$00000021)
    __rt_lib_init_getenv_1                   0x0800026f   Thumb Code     0  libinit2.o(.ARM.Collect$$libinit$$00000025)
    __rt_lib_init_heap_1                     0x0800026f   Thumb Code     0  libinit2.o(.ARM.Collect$$libinit$$0000000C)
    __rt_lib_init_lc_collate_1               0x0800026f   Thumb Code     0  libinit2.o(.ARM.Collect$$libinit$$00000013)
    __rt_lib_init_lc_ctype_1                 0x0800026f   Thumb Code     0  libinit2.o(.ARM.Collect$$libinit$$00000015)
    __rt_lib_init_lc_monetary_1              0x0800026f   Thumb Code     0  libinit2.o(.ARM.Collect$$libinit$$00000017)
    __rt_lib_init_lc_numeric_1               0x0800026f   Thumb Code     0  libinit2.o(.ARM.Collect$$libinit$$00000019)
    __rt_lib_init_lc_time_1                  0x0800026f   Thumb Code     0  libinit2.o(.ARM.Collect$$libinit$$0000001B)
    __rt_lib_init_preinit_1                  0x0800026f   Thumb Code     0  libinit2.o(.ARM.Collect$$libinit$$00000006)
    __rt_lib_init_rand_1                     0x0800026f   Thumb Code     0  libinit2.o(.ARM.Collect$$libinit$$00000010)
    __rt_lib_init_relocate_pie_1             0x0800026f   Thumb Code     0  libinit2.o(.ARM.Collect$$libinit$$00000004)
    __rt_lib_init_return                     0x0800026f   Thumb Code     0  libinit2.o(.ARM.Collect$$libinit$$00000035)
    __rt_lib_init_signal_1                   0x0800026f   Thumb Code     0  libinit2.o(.ARM.Collect$$libinit$$0000001F)
    __rt_lib_init_stdio_1                    0x0800026f   Thumb Code     0  libinit2.o(.ARM.Collect$$libinit$$00000027)
    __rt_lib_init_user_alloc_1               0x0800026f   Thumb Code     0  libinit2.o(.ARM.Collect$$libinit$$0000000E)
    __rt_lib_shutdown                        0x08000271   Thumb Code     0  libshutdown.o(.ARM.Collect$$libshutdown$$00000000)
    __rt_lib_shutdown_cpp_1                  0x08000273   Thumb Code     0  libshutdown2.o(.ARM.Collect$$libshutdown$$00000002)
    __rt_lib_shutdown_fp_trap_1              0x08000273   Thumb Code     0  libshutdown2.o(.ARM.Collect$$libshutdown$$00000007)
    __rt_lib_shutdown_heap_1                 0x08000273   Thumb Code     0  libshutdown2.o(.ARM.Collect$$libshutdown$$0000000F)
    __rt_lib_shutdown_return                 0x08000273   Thumb Code     0  libshutdown2.o(.ARM.Collect$$libshutdown$$00000010)
    __rt_lib_shutdown_signal_1               0x08000273   Thumb Code     0  libshutdown2.o(.ARM.Collect$$libshutdown$$0000000A)
    __rt_lib_shutdown_stdio_1                0x08000273   Thumb Code     0  libshutdown2.o(.ARM.Collect$$libshutdown$$00000004)
    __rt_lib_shutdown_user_alloc_1           0x08000273   Thumb Code     0  libshutdown2.o(.ARM.Collect$$libshutdown$$0000000C)
    __rt_entry                               0x08000275   Thumb Code     0  __rtentry.o(.ARM.Collect$$rtentry$$00000000)
    __rt_entry_presh_1                       0x08000275   Thumb Code     0  __rtentry2.o(.ARM.Collect$$rtentry$$00000002)
    __rt_entry_sh                            0x08000275   Thumb Code     0  __rtentry4.o(.ARM.Collect$$rtentry$$00000004)
    __rt_entry_postsh_1                      0x0800027b   Thumb Code     0  __rtentry2.o(.ARM.Collect$$rtentry$$00000008)
    __rt_entry_li                            0x08000283   Thumb Code     0  __rtentry2.o(.ARM.Collect$$rtentry$$0000000A)
    __rt_entry_main                          0x08000287   Thumb Code     0  __rtentry2.o(.ARM.Collect$$rtentry$$0000000D)
    __rt_entry_postli_1                      0x08000287   Thumb Code     0  __rtentry2.o(.ARM.Collect$$rtentry$$0000000C)
    __rt_exit                                0x0800028f   Thumb Code     0  rtexit.o(.ARM.Collect$$rtexit$$00000000)
    __rt_exit_ls                             0x08000291   Thumb Code     0  rtexit2.o(.ARM.Collect$$rtexit$$00000003)
    __rt_exit_prels_1                        0x08000291   Thumb Code     0  rtexit2.o(.ARM.Collect$$rtexit$$00000002)
    __rt_exit_exit                           0x08000295   Thumb Code     0  rtexit2.o(.ARM.Collect$$rtexit$$00000004)
    Reset_Handler                            0x0800029d   Thumb Code     8  startup_stm32f746xx.o(.text)
    NMI_Handler                              0x080002a5   Thumb Code     2  startup_stm32f746xx.o(.text)
    HardFault_Handler                        0x080002a7   Thumb Code     2  startup_stm32f746xx.o(.text)
    MemManage_Handler                        0x080002a9   Thumb Code     2  startup_stm32f746xx.o(.text)
    BusFault_Handler                         0x080002ab   Thumb Code     2  startup_stm32f746xx.o(.text)
    UsageFault_Handler                       0x080002ad   Thumb Code     2  startup_stm32f746xx.o(.text)
    DebugMon_Handler                         0x080002b1   Thumb Code     2  startup_stm32f746xx.o(.text)
    ADC_IRQHandler                           0x080002b7   Thumb Code     0  startup_stm32f746xx.o(.text)
    CAN1_RX0_IRQHandler                      0x080002b7   Thumb Code     0  startup_stm32f746xx.o(.text)
    CAN1_RX1_IRQHandler                      0x080002b7   Thumb Code     0  startup_stm32f746xx.o(.text)
    CAN1_SCE_IRQHandler                      0x080002b7   Thumb Code     0  startup_stm32f746xx.o(.text)
    CAN1_TX_IRQHandler                       0x080002b7   Thumb Code     0  startup_stm32f746xx.o(.text)
    CAN2_RX0_IRQHandler                      0x080002b7   Thumb Code     0  startup_stm32f746xx.o(.text)
    CAN2_RX1_IRQHandler                      0x080002b7   Thumb Code     0  startup_stm32f746xx.o(.text)
    CAN2_SCE_IRQHandler                      0x080002b7   Thumb Code     0  startup_stm32f746xx.o(.text)
    CAN2_TX_IRQHandler                       0x080002b7   Thumb Code     0  startup_stm32f746xx.o(.text)
    CEC_IRQHandler                           0x080002b7   Thumb Code     0  startup_stm32f746xx.o(.text)
    DCMI_IRQHandler                          0x080002b7   Thumb Code     0  startup_stm32f746xx.o(.text)
    DMA1_Stream0_IRQHandler                  0x080002b7   Thumb Code     0  startup_stm32f746xx.o(.text)
    DMA1_Stream1_IRQHandler                  0x080002b7   Thumb Code     0  startup_stm32f746xx.o(.text)
    DMA1_Stream2_IRQHandler                  0x080002b7   Thumb Code     0  startup_stm32f746xx.o(.text)
    DMA1_Stream3_IRQHandler                  0x080002b7   Thumb Code     0  startup_stm32f746xx.o(.text)
    DMA1_Stream4_IRQHandler                  0x080002b7   Thumb Code     0  startup_stm32f746xx.o(.text)
    DMA1_Stream7_IRQHandler                  0x080002b7   Thumb Code     0  startup_stm32f746xx.o(.text)
    DMA2D_IRQHandler                         0x080002b7   Thumb Code     0  startup_stm32f746xx.o(.text)
    DMA2_Stream0_IRQHandler                  0x080002b7   Thumb Code     0  startup_stm32f746xx.o(.text)
    DMA2_Stream2_IRQHandler                  0x080002b7   Thumb Code     0  startup_stm32f746xx.o(.text)
    DMA2_Stream3_IRQHandler                  0x080002b7   Thumb Code     0  startup_stm32f746xx.o(.text)
    DMA2_Stream4_IRQHandler                  0x080002b7   Thumb Code     0  startup_stm32f746xx.o(.text)
    DMA2_Stream5_IRQHandler                  0x080002b7   Thumb Code     0  startup_stm32f746xx.o(.text)
    DMA2_Stream7_IRQHandler                  0x080002b7   Thumb Code     0  startup_stm32f746xx.o(.text)
    ETH_IRQHandler                           0x080002b7   Thumb Code     0  startup_stm32f746xx.o(.text)
    ETH_WKUP_IRQHandler                      0x080002b7   Thumb Code     0  startup_stm32f746xx.o(.text)
    EXTI0_IRQHandler                         0x080002b7   Thumb Code     0  startup_stm32f746xx.o(.text)
    EXTI15_10_IRQHandler                     0x080002b7   Thumb Code     0  startup_stm32f746xx.o(.text)
    EXTI1_IRQHandler                         0x080002b7   Thumb Code     0  startup_stm32f746xx.o(.text)
    EXTI2_IRQHandler                         0x080002b7   Thumb Code     0  startup_stm32f746xx.o(.text)
    EXTI3_IRQHandler                         0x080002b7   Thumb Code     0  startup_stm32f746xx.o(.text)
    EXTI4_IRQHandler                         0x080002b7   Thumb Code     0  startup_stm32f746xx.o(.text)
    EXTI9_5_IRQHandler                       0x080002b7   Thumb Code     0  startup_stm32f746xx.o(.text)
    FLASH_IRQHandler                         0x080002b7   Thumb Code     0  startup_stm32f746xx.o(.text)
    FMC_IRQHandler                           0x080002b7   Thumb Code     0  startup_stm32f746xx.o(.text)
    FPU_IRQHandler                           0x080002b7   Thumb Code     0  startup_stm32f746xx.o(.text)
    I2C1_ER_IRQHandler                       0x080002b7   Thumb Code     0  startup_stm32f746xx.o(.text)
    I2C1_EV_IRQHandler                       0x080002b7   Thumb Code     0  startup_stm32f746xx.o(.text)
    I2C2_ER_IRQHandler                       0x080002b7   Thumb Code     0  startup_stm32f746xx.o(.text)
    I2C2_EV_IRQHandler                       0x080002b7   Thumb Code     0  startup_stm32f746xx.o(.text)
    I2C3_ER_IRQHandler                       0x080002b7   Thumb Code     0  startup_stm32f746xx.o(.text)
    I2C3_EV_IRQHandler                       0x080002b7   Thumb Code     0  startup_stm32f746xx.o(.text)
    I2C4_ER_IRQHandler                       0x080002b7   Thumb Code     0  startup_stm32f746xx.o(.text)
    I2C4_EV_IRQHandler                       0x080002b7   Thumb Code     0  startup_stm32f746xx.o(.text)
    LPTIM1_IRQHandler                        0x080002b7   Thumb Code     0  startup_stm32f746xx.o(.text)
    LTDC_ER_IRQHandler                       0x080002b7   Thumb Code     0  startup_stm32f746xx.o(.text)
    LTDC_IRQHandler                          0x080002b7   Thumb Code     0  startup_stm32f746xx.o(.text)
    OTG_FS_IRQHandler                        0x080002b7   Thumb Code     0  startup_stm32f746xx.o(.text)
    OTG_FS_WKUP_IRQHandler                   0x080002b7   Thumb Code     0  startup_stm32f746xx.o(.text)
    OTG_HS_EP1_IN_IRQHandler                 0x080002b7   Thumb Code     0  startup_stm32f746xx.o(.text)
    OTG_HS_EP1_OUT_IRQHandler                0x080002b7   Thumb Code     0  startup_stm32f746xx.o(.text)
    OTG_HS_IRQHandler                        0x080002b7   Thumb Code     0  startup_stm32f746xx.o(.text)
    OTG_HS_WKUP_IRQHandler                   0x080002b7   Thumb Code     0  startup_stm32f746xx.o(.text)
    PVD_IRQHandler                           0x080002b7   Thumb Code     0  startup_stm32f746xx.o(.text)
    QUADSPI_IRQHandler                       0x080002b7   Thumb Code     0  startup_stm32f746xx.o(.text)
    RCC_IRQHandler                           0x080002b7   Thumb Code     0  startup_stm32f746xx.o(.text)
    RNG_IRQHandler                           0x080002b7   Thumb Code     0  startup_stm32f746xx.o(.text)
    RTC_Alarm_IRQHandler                     0x080002b7   Thumb Code     0  startup_stm32f746xx.o(.text)
    RTC_WKUP_IRQHandler                      0x080002b7   Thumb Code     0  startup_stm32f746xx.o(.text)
    SAI1_IRQHandler                          0x080002b7   Thumb Code     0  startup_stm32f746xx.o(.text)
    SAI2_IRQHandler                          0x080002b7   Thumb Code     0  startup_stm32f746xx.o(.text)
    SDMMC1_IRQHandler                        0x080002b7   Thumb Code     0  startup_stm32f746xx.o(.text)
    SPDIF_RX_IRQHandler                      0x080002b7   Thumb Code     0  startup_stm32f746xx.o(.text)
    SPI1_IRQHandler                          0x080002b7   Thumb Code     0  startup_stm32f746xx.o(.text)
    SPI2_IRQHandler                          0x080002b7   Thumb Code     0  startup_stm32f746xx.o(.text)
    SPI3_IRQHandler                          0x080002b7   Thumb Code     0  startup_stm32f746xx.o(.text)
    SPI4_IRQHandler                          0x080002b7   Thumb Code     0  startup_stm32f746xx.o(.text)
    SPI5_IRQHandler                          0x080002b7   Thumb Code     0  startup_stm32f746xx.o(.text)
    SPI6_IRQHandler                          0x080002b7   Thumb Code     0  startup_stm32f746xx.o(.text)
    TAMP_STAMP_IRQHandler                    0x080002b7   Thumb Code     0  startup_stm32f746xx.o(.text)
    TIM1_BRK_TIM9_IRQHandler                 0x080002b7   Thumb Code     0  startup_stm32f746xx.o(.text)
    TIM1_CC_IRQHandler                       0x080002b7   Thumb Code     0  startup_stm32f746xx.o(.text)
    TIM1_TRG_COM_TIM11_IRQHandler            0x080002b7   Thumb Code     0  startup_stm32f746xx.o(.text)
    TIM1_UP_TIM10_IRQHandler                 0x080002b7   Thumb Code     0  startup_stm32f746xx.o(.text)
    TIM2_IRQHandler                          0x080002b7   Thumb Code     0  startup_stm32f746xx.o(.text)
    TIM3_IRQHandler                          0x080002b7   Thumb Code     0  startup_stm32f746xx.o(.text)
    TIM4_IRQHandler                          0x080002b7   Thumb Code     0  startup_stm32f746xx.o(.text)
    TIM5_IRQHandler                          0x080002b7   Thumb Code     0  startup_stm32f746xx.o(.text)
    TIM7_IRQHandler                          0x080002b7   Thumb Code     0  startup_stm32f746xx.o(.text)
    TIM8_BRK_TIM12_IRQHandler                0x080002b7   Thumb Code     0  startup_stm32f746xx.o(.text)
    TIM8_CC_IRQHandler                       0x080002b7   Thumb Code     0  startup_stm32f746xx.o(.text)
    TIM8_TRG_COM_TIM14_IRQHandler            0x080002b7   Thumb Code     0  startup_stm32f746xx.o(.text)
    TIM8_UP_TIM13_IRQHandler                 0x080002b7   Thumb Code     0  startup_stm32f746xx.o(.text)
    UART4_IRQHandler                         0x080002b7   Thumb Code     0  startup_stm32f746xx.o(.text)
    UART5_IRQHandler                         0x080002b7   Thumb Code     0  startup_stm32f746xx.o(.text)
    UART7_IRQHandler                         0x080002b7   Thumb Code     0  startup_stm32f746xx.o(.text)
    UART8_IRQHandler                         0x080002b7   Thumb Code     0  startup_stm32f746xx.o(.text)
    USART1_IRQHandler                        0x080002b7   Thumb Code     0  startup_stm32f746xx.o(.text)
    USART3_IRQHandler                        0x080002b7   Thumb Code     0  startup_stm32f746xx.o(.text)
    WWDG_IRQHandler                          0x080002b7   Thumb Code     0  startup_stm32f746xx.o(.text)
    __user_initial_stackheap                 0x080002b9   Thumb Code     0  startup_stm32f746xx.o(.text)
    SVC_Handler                              0x080002dd   Thumb Code   152  irq_armv7m.o(.text)
    PendSV_Handler                           0x08000375   Thumb Code    16  irq_armv7m.o(.text)
    SysTick_Handler                          0x08000385   Thumb Code    16  irq_armv7m.o(.text)
    __aeabi_uldivmod                         0x080003a1   Thumb Code     0  lludivv7m.o(.text)
    _ll_udiv                                 0x080003a1   Thumb Code   240  lludivv7m.o(.text)
    exit                                     0x08000491   Thumb Code    18  exit.o(.text)
    __aeabi_memcpy                           0x080004a3   Thumb Code     0  rt_memcpy_v6.o(.text)
    __rt_memcpy                              0x080004a3   Thumb Code   138  rt_memcpy_v6.o(.text)
    _memcpy_lastbytes                        0x08000509   Thumb Code     0  rt_memcpy_v6.o(.text)
    __aeabi_memclr                           0x0800052d   Thumb Code     0  rt_memclr.o(.text)
    __rt_memclr                              0x0800052d   Thumb Code     0  rt_memclr.o(.text)
    _memset                                  0x08000531   Thumb Code    64  rt_memclr.o(.text)
    __aeabi_memclr4                          0x08000571   Thumb Code     0  rt_memclr_w.o(.text)
    __aeabi_memclr8                          0x08000571   Thumb Code     0  rt_memclr_w.o(.text)
    __rt_memclr_w                            0x08000571   Thumb Code     0  rt_memclr_w.o(.text)
    _memset_w                                0x08000575   Thumb Code    74  rt_memclr_w.o(.text)
    __use_two_region_memory                  0x080005bf   Thumb Code     2  heapauxi.o(.text)
    __rt_heap_escrow                         0x080005c1   Thumb Code     2  heapauxi.o(.text)
    __rt_heap_expand                         0x080005c3   Thumb Code     2  heapauxi.o(.text)
    __aeabi_memcpy4                          0x080005c5   Thumb Code     0  rt_memcpy_w.o(.text)
    __aeabi_memcpy8                          0x080005c5   Thumb Code     0  rt_memcpy_w.o(.text)
    __rt_memcpy_w                            0x080005c5   Thumb Code   100  rt_memcpy_w.o(.text)
    _memcpy_lastbytes_aligned                0x0800060d   Thumb Code     0  rt_memcpy_w.o(.text)
    __user_libspace                          0x08000629   Thumb Code     8  libspace.o(.text)
    __user_perproc_libspace                  0x08000629   Thumb Code     0  libspace.o(.text)
    _sys_exit                                0x08000631   Thumb Code     8  sys_exit.o(.text)
    __I$use$semihosting                      0x0800063d   Thumb Code     0  use_no_semi.o(.text)
    __use_no_semihosting_swi                 0x0800063d   Thumb Code     2  use_no_semi.o(.text)
    __semihosting_library_function           0x0800063f   Thumb Code     0  indicate_semi.o(.text)
    __user_setup_stackheap                   0x0800063f   Thumb Code    74  sys_stackheap_outer.o(.text)
    _fp_init                                 0x08000689   Thumb Code    22  rtx_lib.o(.text.$Sub$$_fp_init)
    DMA1_Stream5_IRQHandler                  0x08000821   Thumb Code    16  stm32f7xx_it.o(.text.DMA1_Stream5_IRQHandler)
    DMA1_Stream6_IRQHandler                  0x08000831   Thumb Code    16  stm32f7xx_it.o(.text.DMA1_Stream6_IRQHandler)
    DMA2_Stream1_IRQHandler                  0x08000841   Thumb Code    16  stm32f7xx_it.o(.text.DMA2_Stream1_IRQHandler)
    DMA2_Stream6_IRQHandler                  0x08000851   Thumb Code    16  stm32f7xx_it.o(.text.DMA2_Stream6_IRQHandler)
    Error_Handler                            0x080009e9   Thumb Code     6  main.o(.text.Error_Handler)
    HAL_ADC_ConfigChannel                    0x080009f1   Thumb Code   650  stm32f7xx_hal_adc.o(.text.HAL_ADC_ConfigChannel)
    HAL_ADC_Init                             0x08000c81   Thumb Code   152  stm32f7xx_hal_adc.o(.text.HAL_ADC_Init)
    HAL_ADC_MspInit                          0x08000d19   Thumb Code   126  stm32f7xx_hal_msp.o(.text.HAL_ADC_MspInit)
    HAL_DMA_Abort                            0x08000d99   Thumb Code   216  stm32f7xx_hal_dma.o(.text.HAL_DMA_Abort)
    HAL_DMA_Abort_IT                         0x08000e71   Thumb Code    58  stm32f7xx_hal_dma.o(.text.HAL_DMA_Abort_IT)
    HAL_DMA_IRQHandler                       0x08000eb1   Thumb Code   780  stm32f7xx_hal_dma.o(.text.HAL_DMA_IRQHandler)
    HAL_DMA_Init                             0x080011c1   Thumb Code   346  stm32f7xx_hal_dma.o(.text.HAL_DMA_Init)
    HAL_DMA_Start_IT                         0x08001321   Thumb Code   184  stm32f7xx_hal_dma.o(.text.HAL_DMA_Start_IT)
    HAL_GPIO_Init                            0x080013d9   Thumb Code  1004  stm32f7xx_hal_gpio.o(.text.HAL_GPIO_Init)
    HAL_GPIO_WritePin                        0x080017c9   Thumb Code    42  stm32f7xx_hal_gpio.o(.text.HAL_GPIO_WritePin)
    HAL_GetTick                              0x080017f9   Thumb Code    12  stm32f7xx_hal.o(.text.HAL_GetTick)
    HAL_IncTick                              0x08001809   Thumb Code    26  stm32f7xx_hal.o(.text.HAL_IncTick)
    HAL_Init                                 0x08001829   Thumb Code    38  stm32f7xx_hal.o(.text.HAL_Init)
    HAL_InitTick                             0x08001851   Thumb Code   224  stm32f7xx_hal_timebase_tim.o(.text.HAL_InitTick)
    HAL_MPU_ConfigRegion                     0x08001931   Thumb Code   158  stm32f7xx_hal_cortex.o(.text.HAL_MPU_ConfigRegion)
    HAL_MPU_Disable                          0x080019d1   Thumb Code    34  stm32f7xx_hal_cortex.o(.text.HAL_MPU_Disable)
    HAL_MPU_Enable                           0x080019f9   Thumb Code    48  stm32f7xx_hal_cortex.o(.text.HAL_MPU_Enable)
    HAL_MspInit                              0x08001a29   Thumb Code    66  stm32f7xx_hal_msp.o(.text.HAL_MspInit)
    HAL_NVIC_EnableIRQ                       0x08001a71   Thumb Code    16  stm32f7xx_hal_cortex.o(.text.HAL_NVIC_EnableIRQ)
    HAL_NVIC_SetPriority                     0x08001a81   Thumb Code    46  stm32f7xx_hal_cortex.o(.text.HAL_NVIC_SetPriority)
    HAL_NVIC_SetPriorityGrouping             0x08001ab1   Thumb Code    16  stm32f7xx_hal_cortex.o(.text.HAL_NVIC_SetPriorityGrouping)
    HAL_PWREx_EnableOverDrive                0x08001ac1   Thumb Code   190  stm32f7xx_hal_pwr_ex.o(.text.HAL_PWREx_EnableOverDrive)
    HAL_RCCEx_PeriphCLKConfig                0x08001b81   Thumb Code  2144  stm32f7xx_hal_rcc_ex.o(.text.HAL_RCCEx_PeriphCLKConfig)
    HAL_RCC_ClockConfig                      0x080023e1   Thumb Code   602  stm32f7xx_hal_rcc.o(.text.HAL_RCC_ClockConfig)
    HAL_RCC_GetClockConfig                   0x08002641   Thumb Code    84  stm32f7xx_hal_rcc.o(.text.HAL_RCC_GetClockConfig)
    HAL_RCC_GetHCLKFreq                      0x08002699   Thumb Code    12  stm32f7xx_hal_rcc.o(.text.HAL_RCC_GetHCLKFreq)
    HAL_RCC_GetPCLK1Freq                     0x080026a9   Thumb Code    34  stm32f7xx_hal_rcc.o(.text.HAL_RCC_GetPCLK1Freq)
    HAL_RCC_GetPCLK2Freq                     0x080026d1   Thumb Code    34  stm32f7xx_hal_rcc.o(.text.HAL_RCC_GetPCLK2Freq)
    HAL_RCC_GetSysClockFreq                  0x080026f9   Thumb Code   230  stm32f7xx_hal_rcc.o(.text.HAL_RCC_GetSysClockFreq)
    HAL_RCC_OscConfig                        0x080027e1   Thumb Code  1774  stm32f7xx_hal_rcc.o(.text.HAL_RCC_OscConfig)
    HAL_TIMEx_Break2Callback                 0x08002ed1   Thumb Code     8  stm32f7xx_hal_tim_ex.o(.text.HAL_TIMEx_Break2Callback)
    HAL_TIMEx_BreakCallback                  0x08002ed9   Thumb Code     8  stm32f7xx_hal_tim_ex.o(.text.HAL_TIMEx_BreakCallback)
    HAL_TIMEx_CommutCallback                 0x08002ee1   Thumb Code     8  stm32f7xx_hal_tim_ex.o(.text.HAL_TIMEx_CommutCallback)
    HAL_TIM_Base_Init                        0x08002ee9   Thumb Code   132  stm32f7xx_hal_tim.o(.text.HAL_TIM_Base_Init)
    HAL_TIM_Base_MspInit                     0x08002f71   Thumb Code     8  stm32f7xx_hal_tim.o(.text.HAL_TIM_Base_MspInit)
    HAL_TIM_Base_Start_IT                    0x08002f79   Thumb Code   250  stm32f7xx_hal_tim.o(.text.HAL_TIM_Base_Start_IT)
    HAL_TIM_IC_CaptureCallback               0x08003079   Thumb Code     8  stm32f7xx_hal_tim.o(.text.HAL_TIM_IC_CaptureCallback)
    HAL_TIM_IRQHandler                       0x08003081   Thumb Code   692  stm32f7xx_hal_tim.o(.text.HAL_TIM_IRQHandler)
    HAL_TIM_OC_DelayElapsedCallback          0x08003339   Thumb Code     8  stm32f7xx_hal_tim.o(.text.HAL_TIM_OC_DelayElapsedCallback)
    HAL_TIM_PWM_PulseFinishedCallback        0x08003341   Thumb Code     8  stm32f7xx_hal_tim.o(.text.HAL_TIM_PWM_PulseFinishedCallback)
    HAL_TIM_PeriodElapsedCallback            0x08003349   Thumb Code    34  main.o(.text.HAL_TIM_PeriodElapsedCallback)
    HAL_TIM_TriggerCallback                  0x08003371   Thumb Code     8  stm32f7xx_hal_tim.o(.text.HAL_TIM_TriggerCallback)
    HAL_UARTEx_RxEventCallback               0x08003379   Thumb Code    12  stm32f7xx_hal_uart.o(.text.HAL_UARTEx_RxEventCallback)
    HAL_UART_AbortCpltCallback               0x08003389   Thumb Code     8  stm32f7xx_hal_uart.o(.text.HAL_UART_AbortCpltCallback)
    HAL_UART_AbortReceiveCpltCallback        0x08003391   Thumb Code     8  stm32f7xx_hal_uart.o(.text.HAL_UART_AbortReceiveCpltCallback)
    HAL_UART_AbortTransmitCpltCallback       0x08003399   Thumb Code     8  stm32f7xx_hal_uart.o(.text.HAL_UART_AbortTransmitCpltCallback)
    HAL_UART_ErrorCallback                   0x080033a1   Thumb Code     8  stm32f7xx_hal_uart.o(.text.HAL_UART_ErrorCallback)
    HAL_UART_IRQHandler                      0x080033a9   Thumb Code  1214  stm32f7xx_hal_uart.o(.text.HAL_UART_IRQHandler)
    HAL_UART_Init                            0x08003869   Thumb Code   190  stm32f7xx_hal_uart.o(.text.HAL_UART_Init)
    HAL_UART_MspInit                         0x08003929   Thumb Code   724  stm32f7xx_hal_msp.o(.text.HAL_UART_MspInit)
    HAL_UART_RxCpltCallback                  0x08003c01   Thumb Code     8  stm32f7xx_hal_uart.o(.text.HAL_UART_RxCpltCallback)
    HAL_UART_RxHalfCpltCallback              0x08003c09   Thumb Code     8  stm32f7xx_hal_uart.o(.text.HAL_UART_RxHalfCpltCallback)
    HAL_UART_Transmit_DMA                    0x08003c11   Thumb Code   248  stm32f7xx_hal_uart.o(.text.HAL_UART_Transmit_DMA)
    HAL_UART_TxCpltCallback                  0x08003d09   Thumb Code    20  initmain.o(.text.HAL_UART_TxCpltCallback)
    HAL_UART_TxHalfCpltCallback              0x08003d21   Thumb Code     8  stm32f7xx_hal_uart.o(.text.HAL_UART_TxHalfCpltCallback)
    OS_Tick_AcknowledgeIRQ                   0x080040f1   Thumb Code    12  os_systick.o(.text.OS_Tick_AcknowledgeIRQ)
    OS_Tick_Enable                           0x08004101   Thumb Code    60  os_systick.o(.text.OS_Tick_Enable)
    OS_Tick_GetIRQn                          0x08004141   Thumb Code     6  os_systick.o(.text.OS_Tick_GetIRQn)
    OS_Tick_Setup                            0x08004149   Thumb Code   126  os_systick.o(.text.OS_Tick_Setup)
    SystemClock_Config                       0x08004201   Thumb Code   192  main.o(.text.SystemClock_Config)
    SystemInit                               0x080042c1   Thumb Code    18  system_stm32f7xx.o(.text.SystemInit)
    TIM6_DAC_IRQHandler                      0x080042d9   Thumb Code    16  stm32f7xx_it.o(.text.TIM6_DAC_IRQHandler)
    TIM_Base_SetConfig                       0x080042e9   Thumb Code   410  stm32f7xx_hal_tim.o(.text.TIM_Base_SetConfig)
    UART_AdvFeatureConfig                    0x08004531   Thumb Code   328  stm32f7xx_hal_uart.o(.text.UART_AdvFeatureConfig)
    UART_CheckIdleState                      0x08004679   Thumb Code   112  stm32f7xx_hal_uart.o(.text.UART_CheckIdleState)
    UART_InitCallbacksToDefault              0x08004941   Thumb Code   134  stm32f7xx_hal_uart.o(.text.UART_InitCallbacksToDefault)
    UART_SetConfig                           0x080049c9   Thumb Code  1242  stm32f7xx_hal_uart.o(.text.UART_SetConfig)
    UART_WaitOnFlagUntilTimeout              0x08004ea9   Thumb Code   356  stm32f7xx_hal_uart.o(.text.UART_WaitOnFlagUntilTimeout)
    USART2_IRQHandler                        0x08005011   Thumb Code    16  stm32f7xx_it.o(.text.USART2_IRQHandler)
    USART6_IRQHandler                        0x08005021   Thumb Code    16  stm32f7xx_it.o(.text.USART6_IRQHandler)
    _mutex_acquire                           0x080050f1   Thumb Code    32  rtx_lib.o(.text._mutex_acquire)
    _mutex_free                              0x08005111   Thumb Code    18  rtx_lib.o(.text._mutex_free)
    _mutex_initialize                        0x08005129   Thumb Code    50  rtx_lib.o(.text._mutex_initialize)
    _mutex_release                           0x08005161   Thumb Code    28  rtx_lib.o(.text._mutex_release)
    _platform_post_stackheap_init            0x08005181   Thumb Code     8  rtx_lib.o(.text._platform_post_stackheap_init)
    main                                     0x08005ae9   Thumb Code   284  main.o(.text.main)
    mainThread                               0x08005c09   Thumb Code    24  initmain.o(.text.mainThread)
    osDelay                                  0x08005c21   Thumb Code    32  rtx_delay.o(.text.osDelay)
    osKernelGetState                         0x08005c45   Thumb Code    40  rtx_kernel.o(.text.osKernelGetState)
    osKernelInitialize                       0x08005c75   Thumb Code    40  rtx_kernel.o(.text.osKernelInitialize)
    osKernelStart                            0x08005ca1   Thumb Code    32  rtx_kernel.o(.text.osKernelStart)
    osMessageQueueGet                        0x08005cc5   Thumb Code   108  rtx_msgqueue.o(.text.osMessageQueueGet)
    osMessageQueuePut                        0x08005d35   Thumb Code   124  rtx_msgqueue.o(.text.osMessageQueuePut)
    osMutexAcquire                           0x08005db5   Thumb Code    32  rtx_mutex.o(.text.osMutexAcquire)
    osMutexDelete                            0x08005dd9   Thumb Code    32  rtx_mutex.o(.text.osMutexDelete)
    osMutexNew                               0x08005dfd   Thumb Code    32  rtx_mutex.o(.text.osMutexNew)
    osMutexRelease                           0x08005e21   Thumb Code    32  rtx_mutex.o(.text.osMutexRelease)
    osRtxErrorNotify                         0x08005e49   Thumb Code    48  rtx_config.o(.text.osRtxErrorNotify)
    osRtxIdleThread                          0x08005e79   Thumb Code     8  rtx_config.o(.text.osRtxIdleThread)
    osRtxKernelBeforeInit                    0x08005e81   Thumb Code     2  rtx_kernel.o(.text.osRtxKernelBeforeInit)
    osRtxKernelErrorNotify                   0x08005e83   Thumb Code     4  rtx_kernel.o(.text.osRtxKernelErrorNotify)
    osRtxMemoryAlloc                         0x08005e87   Thumb Code   110  rtx_memory.o(.text.osRtxMemoryAlloc)
    osRtxMemoryFree                          0x08005ef5   Thumb Code    66  rtx_memory.o(.text.osRtxMemoryFree)
    osRtxMemoryInit                          0x08005f37   Thumb Code    54  rtx_memory.o(.text.osRtxMemoryInit)
    osRtxMemoryPoolAlloc                     0x08005f6d   Thumb Code    58  rtx_mempool.o(.text.osRtxMemoryPoolAlloc)
    osRtxMemoryPoolFree                      0x08005fa7   Thumb Code    74  rtx_mempool.o(.text.osRtxMemoryPoolFree)
    osRtxMemoryPoolInit                      0x08005ff1   Thumb Code    56  rtx_mempool.o(.text.osRtxMemoryPoolInit)
    osRtxMessageQueueTimerSetup              0x080060d5   Thumb Code    32  rtx_msgqueue.o(.text.osRtxMessageQueueTimerSetup)
    osRtxMutexOwnerRelease                   0x080060f9   Thumb Code    72  rtx_mutex.o(.text.osRtxMutexOwnerRelease)
    osRtxMutexOwnerRestore                   0x08006141   Thumb Code    74  rtx_mutex.o(.text.osRtxMutexOwnerRestore)
    osRtxPendSV_Handler                      0x0800618d   Thumb Code   124  rtx_system.o(.text.osRtxPendSV_Handler)
    osRtxPostProcess                         0x08006231   Thumb Code   108  rtx_system.o(.text.osRtxPostProcess)
    osRtxThreadBeforeFree                    0x080062a1   Thumb Code    16  rtx_lib.o(.text.osRtxThreadBeforeFree)
    osRtxThreadDelayRemove                   0x08006361   Thumb Code    60  rtx_thread.o(.text.osRtxThreadDelayRemove)
    osRtxThreadDelayTick                     0x0800639d   Thumb Code    76  rtx_thread.o(.text.osRtxThreadDelayTick)
    osRtxThreadDestroy                       0x080063e9   Thumb Code    32  rtx_thread.o(.text.osRtxThreadDestroy)
    osRtxThreadDispatch                      0x08006409   Thumb Code    84  rtx_thread.o(.text.osRtxThreadDispatch)
    osRtxThreadJoinWakeup                    0x080064b5   Thumb Code    30  rtx_thread.o(.text.osRtxThreadJoinWakeup)
    osRtxThreadListGet                       0x080064d3   Thumb Code    18  rtx_thread.o(.text.osRtxThreadListGet)
    osRtxThreadListPut                       0x080064e5   Thumb Code    44  rtx_thread.o(.text.osRtxThreadListPut)
    osRtxThreadListRemove                    0x08006511   Thumb Code    20  rtx_thread.o(.text.osRtxThreadListRemove)
    osRtxThreadListSort                      0x08006525   Thumb Code    38  rtx_thread.o(.text.osRtxThreadListSort)
    osRtxThreadReadyPut                      0x08006575   Thumb Code    16  rtx_thread.o(.text.osRtxThreadReadyPut)
    osRtxThreadRegPtr                        0x08006585   Thumb Code    20  rtx_thread.o(.text.osRtxThreadRegPtr)
    osRtxThreadStartup                       0x08006599   Thumb Code    48  rtx_thread.o(.text.osRtxThreadStartup)
    osRtxThreadSwitch                        0x080065d1   Thumb Code    28  rtx_thread.o(.text.osRtxThreadSwitch)
    osRtxThreadWaitEnter                     0x080065f1   Thumb Code    56  rtx_thread.o(.text.osRtxThreadWaitEnter)
    osRtxThreadWaitExit                      0x0800662d   Thumb Code    50  rtx_thread.o(.text.osRtxThreadWaitExit)
    osRtxTick_Handler                        0x08006661   Thumb Code   112  rtx_system.o(.text.osRtxTick_Handler)
    osRtxTimerSetup                          0x080066d5   Thumb Code    24  rtx_timer.o(.text.osRtxTimerSetup)
    osRtxTimerThread                         0x080066f5   Thumb Code    32  rtx_timer.o(.text.osRtxTimerThread)
    osThreadExit                             0x0800678d   Thumb Code     8  rtx_thread.o(.text.osThreadExit)
    osThreadNew                              0x08006799   Thumb Code    40  rtx_thread.o(.text.osThreadNew)
    pb_default_field_callback                0x08006a81   Thumb Code   116  pb_common.o(.text.pb_default_field_callback)
    pb_encode                                0x08006f49   Thumb Code   122  pb_encode.o(.text.pb_encode)
    pb_encode_fixed32                        0x08006fc9   Thumb Code    22  pb_encode.o(.text.pb_encode_fixed32)
    pb_encode_fixed64                        0x08006fe1   Thumb Code    22  pb_encode.o(.text.pb_encode_fixed64)
    pb_encode_string                         0x08006ff9   Thumb Code    56  pb_encode.o(.text.pb_encode_string)
    pb_encode_submessage                     0x08007031   Thumb Code   290  pb_encode.o(.text.pb_encode_submessage)
    pb_encode_svarint                        0x08007159   Thumb Code    94  pb_encode.o(.text.pb_encode_svarint)
    pb_encode_tag                            0x080071b9   Thumb Code    38  pb_encode.o(.text.pb_encode_tag)
    pb_encode_tag_for_field                  0x080071e1   Thumb Code   134  pb_encode.o(.text.pb_encode_tag_for_field)
    pb_encode_varint                         0x08007269   Thumb Code    78  pb_encode.o(.text.pb_encode_varint)
    pb_field_iter_begin                      0x080073a9   Thumb Code    40  pb_common.o(.text.pb_field_iter_begin)
    pb_field_iter_begin_const                0x080073d1   Thumb Code    38  pb_common.o(.text.pb_field_iter_begin_const)
    pb_field_iter_begin_extension            0x080073f9   Thumb Code    94  pb_common.o(.text.pb_field_iter_begin_extension)
    pb_field_iter_begin_extension_const      0x08007459   Thumb Code    30  pb_common.o(.text.pb_field_iter_begin_extension_const)
    pb_field_iter_next                       0x08007479   Thumb Code    32  pb_common.o(.text.pb_field_iter_next)
    pb_ostream_from_buffer                   0x08007499   Thumb Code    40  pb_encode.o(.text.pb_ostream_from_buffer)
    pb_write                                 0x080074c1   Thumb Code   184  pb_encode.o(.text.pb_write)
    transmitThread                           0x08007e89   Thumb Code   314  initmain.o(.text.transmitThread)
    $Super$$_fp_init                         0x08008011   Thumb Code    26  fpinit.o(x$fpl$fpinit)
    __fplib_config_fpu_vfp                   0x08008029   Thumb Code     0  fpinit.o(x$fpl$fpinit)
    __fplib_config_pureend_doubles           0x08008029   Thumb Code     0  fpinit.o(x$fpl$fpinit)
    osRtxConfig                              0x0800802c   Data         112  rtx_lib.o(.rodata)
    os_cb_sections                           0x0800809c   Data          56  rtx_lib.o(.rodata)
    AHBPrescTable                            0x080080d4   Data          16  system_stm32f7xx.o(.rodata.AHBPrescTable)
    APBPrescTable                            0x080080e4   Data           8  system_stm32f7xx.o(.rodata.APBPrescTable)
    ftbot_RobotStatus_field_info             0x080080f4   Data          16  ftbot.pb.o(.rodata.ftbot_RobotStatus_field_info)
    ftbot_RobotStatus_msg                    0x08008104   Data          24  ftbot.pb.o(.rodata.ftbot_RobotStatus_msg)
    ftbot_RobotStatus_submsg_info            0x0800811c   Data           4  ftbot.pb.o(.rodata.ftbot_RobotStatus_submsg_info)
    osRtxUserSVC                             0x08008120   Data           4  rtx_lib.o(.rodata.osRtxUserSVC)
    Region$$Table$$Base                      0x080082d4   Number         0  anon$$obj.o(Region$$Table)
    Region$$Table$$Limit                     0x08008304   Number         0  anon$$obj.o(Region$$Table)
    SystemCoreClock                          0x20010000   Data           4  system_stm32f7xx.o(.data.SystemCoreClock)
    osRtxInfo                                0x20010004   Data         164  rtx_kernel.o(.data.os)
    uwTickFreq                               0x200100a8   Data           4  stm32f7xx_hal.o(.data.uwTickFreq)
    uwTickPrio                               0x200100ac   Data           4  stm32f7xx_hal.o(.data.uwTickPrio)
    __libspace_start                         0x200100b0   Data          96  libspace.o(.bss)
    __temporary_stack_top$libspace           0x20010110   Data           0  libspace.o(.bss)
    dma_transfer_complete                    0x20010110   Data           1  initmain.o(.bss.dma_transfer_complete)
    hadc1                                    0x20010114   Data          72  main.o(.bss.hadc1)
    hdma_usart2_rx                           0x2001015c   Data         100  main.o(.bss.hdma_usart2_rx)
    hdma_usart2_tx                           0x200101c0   Data         100  main.o(.bss.hdma_usart2_tx)
    hdma_usart6_rx                           0x20010224   Data         100  main.o(.bss.hdma_usart6_rx)
    hdma_usart6_tx                           0x20010288   Data         100  main.o(.bss.hdma_usart6_tx)
    htim6                                    0x200102ec   Data         112  stm32f7xx_hal_timebase_tim.o(.bss.htim6)
    huart2                                   0x2001035c   Data         180  main.o(.bss.huart2)
    huart6                                   0x20010410   Data         180  main.o(.bss.huart6)
    .bss.os.msgqueue.cb$$Base                0x200186fc   Number         0  rtx_lib.o(.bss.os.msgqueue.cb)
    .bss.os.msgqueue.cb$$Limit               0x20018730   Number         0  rtx_lib.o(.bss.os.msgqueue.cb)
    .bss.os.thread.cb$$Base                  0x20018780   Number         0  rtx_lib.o(.bss.os.thread.cb)
    .bss.os.thread.cb$$Limit                 0x20018820   Number         0  rtx_lib.o(.bss.os.thread.cb)
    uwTick                                   0x20018c24   Data           4  stm32f7xx_hal.o(.bss.uwTick)



==============================================================================

Memory Map of the image

  Image Entry point : 0x080001c9

  Load Region LR_IROM1 (Base: 0x08000000, Size: 0x000083b8, Max: 0x00100000, ABSOLUTE)

    Execution Region ER_IROM1 (Exec base: 0x08000000, Load base: 0x08000000, Size: 0x00008304, Max: 0x00100000, ABSOLUTE)

    Exec Addr    Load Addr    Size         Type   Attr      Idx    E Section Name        Object

    0x08000000   0x08000000   0x000001c8   Data   RO         1478    RESET               startup_stm32f746xx.o
    0x080001c8   0x080001c8   0x00000008   Code   RO         2180  * !!!main             c_wu.l(__main.o)
    0x080001d0   0x080001d0   0x0000005c   Code   RO         2575    !!!scatter          c_wu.l(__scatter.o)
    0x0800022c   0x0800022c   0x0000001a   Code   RO         2579    !!handler_copy      c_wu.l(__scatter_copy.o)
    0x08000246   0x08000246   0x00000002   PAD
    0x08000248   0x08000248   0x00000002   Code   RO         2576    !!handler_null      c_wu.l(__scatter.o)
    0x0800024a   0x0800024a   0x00000002   PAD
    0x0800024c   0x0800024c   0x0000001c   Code   RO         2581    !!handler_zi        c_wu.l(__scatter_zi.o)
    0x08000268   0x08000268   0x00000002   Code   RO         2511    .ARM.Collect$$libinit$$00000000  c_wu.l(libinit.o)
    0x0800026a   0x0800026a   0x00000004   Code   RO         2317    .ARM.Collect$$libinit$$00000001  c_wu.l(libinit2.o)
    0x0800026e   0x0800026e   0x00000000   Code   RO         2320    .ARM.Collect$$libinit$$00000004  c_wu.l(libinit2.o)
    0x0800026e   0x0800026e   0x00000000   Code   RO         2322    .ARM.Collect$$libinit$$00000006  c_wu.l(libinit2.o)
    0x0800026e   0x0800026e   0x00000000   Code   RO         2325    .ARM.Collect$$libinit$$0000000C  c_wu.l(libinit2.o)
    0x0800026e   0x0800026e   0x00000000   Code   RO         2327    .ARM.Collect$$libinit$$0000000E  c_wu.l(libinit2.o)
    0x0800026e   0x0800026e   0x00000000   Code   RO         2329    .ARM.Collect$$libinit$$00000010  c_wu.l(libinit2.o)
    0x0800026e   0x0800026e   0x00000000   Code   RO         2332    .ARM.Collect$$libinit$$00000013  c_wu.l(libinit2.o)
    0x0800026e   0x0800026e   0x00000000   Code   RO         2334    .ARM.Collect$$libinit$$00000015  c_wu.l(libinit2.o)
    0x0800026e   0x0800026e   0x00000000   Code   RO         2336    .ARM.Collect$$libinit$$00000017  c_wu.l(libinit2.o)
    0x0800026e   0x0800026e   0x00000000   Code   RO         2338    .ARM.Collect$$libinit$$00000019  c_wu.l(libinit2.o)
    0x0800026e   0x0800026e   0x00000000   Code   RO         2340    .ARM.Collect$$libinit$$0000001B  c_wu.l(libinit2.o)
    0x0800026e   0x0800026e   0x00000000   Code   RO         2342    .ARM.Collect$$libinit$$0000001D  c_wu.l(libinit2.o)
    0x0800026e   0x0800026e   0x00000000   Code   RO         2344    .ARM.Collect$$libinit$$0000001F  c_wu.l(libinit2.o)
    0x0800026e   0x0800026e   0x00000000   Code   RO         2346    .ARM.Collect$$libinit$$00000021  c_wu.l(libinit2.o)
    0x0800026e   0x0800026e   0x00000000   Code   RO         2348    .ARM.Collect$$libinit$$00000023  c_wu.l(libinit2.o)
    0x0800026e   0x0800026e   0x00000000   Code   RO         2350    .ARM.Collect$$libinit$$00000025  c_wu.l(libinit2.o)
    0x0800026e   0x0800026e   0x00000000   Code   RO         2352    .ARM.Collect$$libinit$$00000027  c_wu.l(libinit2.o)
    0x0800026e   0x0800026e   0x00000000   Code   RO         2356    .ARM.Collect$$libinit$$0000002E  c_wu.l(libinit2.o)
    0x0800026e   0x0800026e   0x00000000   Code   RO         2358    .ARM.Collect$$libinit$$00000030  c_wu.l(libinit2.o)
    0x0800026e   0x0800026e   0x00000000   Code   RO         2360    .ARM.Collect$$libinit$$00000032  c_wu.l(libinit2.o)
    0x0800026e   0x0800026e   0x00000000   Code   RO         2362    .ARM.Collect$$libinit$$00000034  c_wu.l(libinit2.o)
    0x0800026e   0x0800026e   0x00000002   Code   RO         2363    .ARM.Collect$$libinit$$00000035  c_wu.l(libinit2.o)
    0x08000270   0x08000270   0x00000002   Code   RO         2512    .ARM.Collect$$libshutdown$$00000000  c_wu.l(libshutdown.o)
    0x08000272   0x08000272   0x00000000   Code   RO         2536    .ARM.Collect$$libshutdown$$00000002  c_wu.l(libshutdown2.o)
    0x08000272   0x08000272   0x00000000   Code   RO         2538    .ARM.Collect$$libshutdown$$00000004  c_wu.l(libshutdown2.o)
    0x08000272   0x08000272   0x00000000   Code   RO         2541    .ARM.Collect$$libshutdown$$00000007  c_wu.l(libshutdown2.o)
    0x08000272   0x08000272   0x00000000   Code   RO         2544    .ARM.Collect$$libshutdown$$0000000A  c_wu.l(libshutdown2.o)
    0x08000272   0x08000272   0x00000000   Code   RO         2546    .ARM.Collect$$libshutdown$$0000000C  c_wu.l(libshutdown2.o)
    0x08000272   0x08000272   0x00000000   Code   RO         2549    .ARM.Collect$$libshutdown$$0000000F  c_wu.l(libshutdown2.o)
    0x08000272   0x08000272   0x00000002   Code   RO         2550    .ARM.Collect$$libshutdown$$00000010  c_wu.l(libshutdown2.o)
    0x08000274   0x08000274   0x00000000   Code   RO         2184    .ARM.Collect$$rtentry$$00000000  c_wu.l(__rtentry.o)
    0x08000274   0x08000274   0x00000000   Code   RO         2380    .ARM.Collect$$rtentry$$00000002  c_wu.l(__rtentry2.o)
    0x08000274   0x08000274   0x00000006   Code   RO         2392    .ARM.Collect$$rtentry$$00000004  c_wu.l(__rtentry4.o)
    0x0800027a   0x0800027a   0x00000008   Code   RO         2381    .ARM.Collect$$rtentry$$00000008  c_wu.l(__rtentry2.o)
    0x08000282   0x08000282   0x00000004   Code   RO         2383    .ARM.Collect$$rtentry$$0000000A  c_wu.l(__rtentry2.o)
    0x08000286   0x08000286   0x00000000   Code   RO         2385    .ARM.Collect$$rtentry$$0000000C  c_wu.l(__rtentry2.o)
    0x08000286   0x08000286   0x00000008   Code   RO         2386    .ARM.Collect$$rtentry$$0000000D  c_wu.l(__rtentry2.o)
    0x0800028e   0x0800028e   0x00000002   Code   RO         2185    .ARM.Collect$$rtexit$$00000000  c_wu.l(rtexit.o)
    0x08000290   0x08000290   0x00000000   Code   RO         2395    .ARM.Collect$$rtexit$$00000002  c_wu.l(rtexit2.o)
    0x08000290   0x08000290   0x00000004   Code   RO         2396    .ARM.Collect$$rtexit$$00000003  c_wu.l(rtexit2.o)
    0x08000294   0x08000294   0x00000006   Code   RO         2397    .ARM.Collect$$rtexit$$00000004  c_wu.l(rtexit2.o)
    0x0800029a   0x0800029a   0x00000002   PAD
    0x0800029c   0x0800029c   0x00000040   Code   RO         1479    .text               startup_stm32f746xx.o
    0x080002dc   0x080002dc   0x000000c4   Code   RO         1595    .text               RTX_V7MF.lib(irq_armv7m.o)
    0x080003a0   0x080003a0   0x000000f0   Code   RO         2164    .text               c_wu.l(lludivv7m.o)
    0x08000490   0x08000490   0x00000012   Code   RO         2168    .text               c_wu.l(exit.o)
    0x080004a2   0x080004a2   0x0000008a   Code   RO         2172    .text               c_wu.l(rt_memcpy_v6.o)
    0x0800052c   0x0800052c   0x00000044   Code   RO         2174    .text               c_wu.l(rt_memclr.o)
    0x08000570   0x08000570   0x0000004e   Code   RO         2176    .text               c_wu.l(rt_memclr_w.o)
    0x080005be   0x080005be   0x00000006   Code   RO         2178    .text               c_wu.l(heapauxi.o)
    0x080005c4   0x080005c4   0x00000064   Code   RO         2313    .text               c_wu.l(rt_memcpy_w.o)
    0x08000628   0x08000628   0x00000008   Code   RO         2376    .text               c_wu.l(libspace.o)
    0x08000630   0x08000630   0x0000000c   Code   RO         2440    .text               c_wu.l(sys_exit.o)
    0x0800063c   0x0800063c   0x00000002   Code   RO         2444    .text               c_wu.l(use_no_semi.o)
    0x0800063e   0x0800063e   0x00000000   Code   RO         2446    .text               c_wu.l(indicate_semi.o)
    0x0800063e   0x0800063e   0x0000004a   Code   RO         2447    .text               c_wu.l(sys_stackheap_outer.o)
    0x08000688   0x08000688   0x00000016   Code   RO          294    .text.$Sub$$_fp_init  rtx_lib.o
    0x0800069e   0x0800069e   0x00000002   PAD
    0x080006a0   0x080006a0   0x00000180   Code   RO         1504    .text.ADC_Init      stm32f7xx_hal_adc.o
    0x08000820   0x08000820   0x00000010   Code   RO           90    .text.DMA1_Stream5_IRQHandler  stm32f7xx_it.o
    0x08000830   0x08000830   0x00000010   Code   RO           92    .text.DMA1_Stream6_IRQHandler  stm32f7xx_it.o
    0x08000840   0x08000840   0x00000010   Code   RO           98    .text.DMA2_Stream1_IRQHandler  stm32f7xx_it.o
    0x08000850   0x08000850   0x00000010   Code   RO          100    .text.DMA2_Stream6_IRQHandler  stm32f7xx_it.o
    0x08000860   0x08000860   0x00000056   Code   RO          514    .text.DMA_CalcBaseAndBitshift  stm32f7xx_hal_dma.o
    0x080008b6   0x080008b6   0x00000002   PAD
    0x080008b8   0x080008b8   0x000000de   Code   RO          512    .text.DMA_CheckFifoParam  stm32f7xx_hal_dma.o
    0x08000996   0x08000996   0x00000002   PAD
    0x08000998   0x08000998   0x00000050   Code   RO          520    .text.DMA_SetConfig  stm32f7xx_hal_dma.o
    0x080009e8   0x080009e8   0x00000006   Code   RO           71    .text.Error_Handler  main.o
    0x080009ee   0x080009ee   0x00000002   PAD
    0x080009f0   0x080009f0   0x0000028a   Code   RO         1544    .text.HAL_ADC_ConfigChannel  stm32f7xx_hal_adc.o
    0x08000c7a   0x08000c7a   0x00000006   PAD
    0x08000c80   0x08000c80   0x00000098   Code   RO         1500    .text.HAL_ADC_Init  stm32f7xx_hal_adc.o
    0x08000d18   0x08000d18   0x0000007e   Code   RO         1448    .text.HAL_ADC_MspInit  stm32f7xx_hal_msp.o
    0x08000d96   0x08000d96   0x00000002   PAD
    0x08000d98   0x08000d98   0x000000d8   Code   RO          524    .text.HAL_DMA_Abort  stm32f7xx_hal_dma.o
    0x08000e70   0x08000e70   0x0000003a   Code   RO          526    .text.HAL_DMA_Abort_IT  stm32f7xx_hal_dma.o
    0x08000eaa   0x08000eaa   0x00000006   PAD
    0x08000eb0   0x08000eb0   0x0000030c   Code   RO          530    .text.HAL_DMA_IRQHandler  stm32f7xx_hal_dma.o
    0x080011bc   0x080011bc   0x00000004   PAD
    0x080011c0   0x080011c0   0x0000015a   Code   RO          510    .text.HAL_DMA_Init  stm32f7xx_hal_dma.o
    0x0800131a   0x0800131a   0x00000006   PAD
    0x08001320   0x08001320   0x000000b8   Code   RO          522    .text.HAL_DMA_Start_IT  stm32f7xx_hal_dma.o
    0x080013d8   0x080013d8   0x000003ec   Code   RO          563    .text.HAL_GPIO_Init  stm32f7xx_hal_gpio.o
    0x080017c4   0x080017c4   0x00000004   PAD
    0x080017c8   0x080017c8   0x0000002a   Code   RO          569    .text.HAL_GPIO_WritePin  stm32f7xx_hal_gpio.o
    0x080017f2   0x080017f2   0x00000006   PAD
    0x080017f8   0x080017f8   0x0000000c   Code   RO          383    .text.HAL_GetTick   stm32f7xx_hal.o
    0x08001804   0x08001804   0x00000004   PAD
    0x08001808   0x08001808   0x0000001a   Code   RO          381    .text.HAL_IncTick   stm32f7xx_hal.o
    0x08001822   0x08001822   0x00000006   PAD
    0x08001828   0x08001828   0x00000026   Code   RO          371    .text.HAL_Init      stm32f7xx_hal.o
    0x0800184e   0x0800184e   0x00000002   PAD
    0x08001850   0x08001850   0x000000e0   Code   RO         1463    .text.HAL_InitTick  stm32f7xx_hal_timebase_tim.o
    0x08001930   0x08001930   0x0000009e   Code   RO          471    .text.HAL_MPU_ConfigRegion  stm32f7xx_hal_cortex.o
    0x080019ce   0x080019ce   0x00000002   PAD
    0x080019d0   0x080019d0   0x00000022   Code   RO          467    .text.HAL_MPU_Disable  stm32f7xx_hal_cortex.o
    0x080019f2   0x080019f2   0x00000006   PAD
    0x080019f8   0x080019f8   0x00000030   Code   RO          469    .text.HAL_MPU_Enable  stm32f7xx_hal_cortex.o
    0x08001a28   0x08001a28   0x00000042   Code   RO         1446    .text.HAL_MspInit   stm32f7xx_hal_msp.o
    0x08001a6a   0x08001a6a   0x00000006   PAD
    0x08001a70   0x08001a70   0x00000010   Code   RO          451    .text.HAL_NVIC_EnableIRQ  stm32f7xx_hal_cortex.o
    0x08001a80   0x08001a80   0x0000002e   Code   RO          443    .text.HAL_NVIC_SetPriority  stm32f7xx_hal_cortex.o
    0x08001aae   0x08001aae   0x00000002   PAD
    0x08001ab0   0x08001ab0   0x00000010   Code   RO          439    .text.HAL_NVIC_SetPriorityGrouping  stm32f7xx_hal_cortex.o
    0x08001ac0   0x08001ac0   0x000000be   Code   RO          643    .text.HAL_PWREx_EnableOverDrive  stm32f7xx_hal_pwr_ex.o
    0x08001b7e   0x08001b7e   0x00000002   PAD
    0x08001b80   0x08001b80   0x00000860   Code   RO          695    .text.HAL_RCCEx_PeriphCLKConfig  stm32f7xx_hal_rcc_ex.o
    0x080023e0   0x080023e0   0x0000025a   Code   RO          664    .text.HAL_RCC_ClockConfig  stm32f7xx_hal_rcc.o
    0x0800263a   0x0800263a   0x00000006   PAD
    0x08002640   0x08002640   0x00000054   Code   RO          682    .text.HAL_RCC_GetClockConfig  stm32f7xx_hal_rcc.o
    0x08002694   0x08002694   0x00000004   PAD
    0x08002698   0x08002698   0x0000000c   Code   RO          674    .text.HAL_RCC_GetHCLKFreq  stm32f7xx_hal_rcc.o
    0x080026a4   0x080026a4   0x00000004   PAD
    0x080026a8   0x080026a8   0x00000022   Code   RO          676    .text.HAL_RCC_GetPCLK1Freq  stm32f7xx_hal_rcc.o
    0x080026ca   0x080026ca   0x00000006   PAD
    0x080026d0   0x080026d0   0x00000022   Code   RO          678    .text.HAL_RCC_GetPCLK2Freq  stm32f7xx_hal_rcc.o
    0x080026f2   0x080026f2   0x00000006   PAD
    0x080026f8   0x080026f8   0x000000e6   Code   RO          666    .text.HAL_RCC_GetSysClockFreq  stm32f7xx_hal_rcc.o
    0x080027de   0x080027de   0x00000002   PAD
    0x080027e0   0x080027e0   0x000006ee   Code   RO          662    .text.HAL_RCC_OscConfig  stm32f7xx_hal_rcc.o
    0x08002ece   0x08002ece   0x00000002   PAD
    0x08002ed0   0x08002ed0   0x00000008   Code   RO         1047    .text.HAL_TIMEx_Break2Callback  stm32f7xx_hal_tim_ex.o
    0x08002ed8   0x08002ed8   0x00000008   Code   RO         1045    .text.HAL_TIMEx_BreakCallback  stm32f7xx_hal_tim_ex.o
    0x08002ee0   0x08002ee0   0x00000008   Code   RO         1041    .text.HAL_TIMEx_CommutCallback  stm32f7xx_hal_tim_ex.o
    0x08002ee8   0x08002ee8   0x00000084   Code   RO          716    .text.HAL_TIM_Base_Init  stm32f7xx_hal_tim.o
    0x08002f6c   0x08002f6c   0x00000004   PAD
    0x08002f70   0x08002f70   0x00000008   Code   RO          718    .text.HAL_TIM_Base_MspInit  stm32f7xx_hal_tim.o
    0x08002f78   0x08002f78   0x000000fa   Code   RO          730    .text.HAL_TIM_Base_Start_IT  stm32f7xx_hal_tim.o
    0x08003072   0x08003072   0x00000006   PAD
    0x08003078   0x08003078   0x00000008   Code   RO          852    .text.HAL_TIM_IC_CaptureCallback  stm32f7xx_hal_tim.o
    0x08003080   0x08003080   0x000002b4   Code   RO          850    .text.HAL_TIM_IRQHandler  stm32f7xx_hal_tim.o
    0x08003334   0x08003334   0x00000004   PAD
    0x08003338   0x08003338   0x00000008   Code   RO          854    .text.HAL_TIM_OC_DelayElapsedCallback  stm32f7xx_hal_tim.o
    0x08003340   0x08003340   0x00000008   Code   RO          856    .text.HAL_TIM_PWM_PulseFinishedCallback  stm32f7xx_hal_tim.o
    0x08003348   0x08003348   0x00000022   Code   RO           73    .text.HAL_TIM_PeriodElapsedCallback  main.o
    0x0800336a   0x0800336a   0x00000006   PAD
    0x08003370   0x08003370   0x00000008   Code   RO          860    .text.HAL_TIM_TriggerCallback  stm32f7xx_hal_tim.o
    0x08003378   0x08003378   0x0000000c   Code   RO         1106    .text.HAL_UARTEx_RxEventCallback  stm32f7xx_hal_uart.o
    0x08003384   0x08003384   0x00000004   PAD
    0x08003388   0x08003388   0x00000008   Code   RO         1096    .text.HAL_UART_AbortCpltCallback  stm32f7xx_hal_uart.o
    0x08003390   0x08003390   0x00000008   Code   RO         1100    .text.HAL_UART_AbortReceiveCpltCallback  stm32f7xx_hal_uart.o
    0x08003398   0x08003398   0x00000008   Code   RO         1098    .text.HAL_UART_AbortTransmitCpltCallback  stm32f7xx_hal_uart.o
    0x080033a0   0x080033a0   0x00000008   Code   RO         1094    .text.HAL_UART_ErrorCallback  stm32f7xx_hal_uart.o
    0x080033a8   0x080033a8   0x000004be   Code   RO         1166    .text.HAL_UART_IRQHandler  stm32f7xx_hal_uart.o
    0x08003866   0x08003866   0x00000002   PAD
    0x08003868   0x08003868   0x000000be   Code   RO         1060    .text.HAL_UART_Init  stm32f7xx_hal_uart.o
    0x08003926   0x08003926   0x00000002   PAD
    0x08003928   0x08003928   0x000002d4   Code   RO         1452    .text.HAL_UART_MspInit  stm32f7xx_hal_msp.o
    0x08003bfc   0x08003bfc   0x00000004   PAD
    0x08003c00   0x08003c00   0x00000008   Code   RO         1092    .text.HAL_UART_RxCpltCallback  stm32f7xx_hal_uart.o
    0x08003c08   0x08003c08   0x00000008   Code   RO         1090    .text.HAL_UART_RxHalfCpltCallback  stm32f7xx_hal_uart.o
    0x08003c10   0x08003c10   0x000000f8   Code   RO         1124    .text.HAL_UART_Transmit_DMA  stm32f7xx_hal_uart.o
    0x08003d08   0x08003d08   0x00000014   Code   RO           26    .text.HAL_UART_TxCpltCallback  initmain.o
    0x08003d1c   0x08003d1c   0x00000004   PAD
    0x08003d20   0x08003d20   0x00000008   Code   RO         1086    .text.HAL_UART_TxHalfCpltCallback  stm32f7xx_hal_uart.o
    0x08003d28   0x08003d28   0x00000016   Code   RO         1777    .text.IsIrqMasked   RTX_V7MF.lib(rtx_thread.o)
    0x08003d3e   0x08003d3e   0x00000002   PAD
    0x08003d40   0x08003d40   0x00000056   Code   RO           57    .text.MPU_Config    main.o
    0x08003d96   0x08003d96   0x00000002   PAD
    0x08003d98   0x08003d98   0x0000007c   Code   RO           69    .text.MX_ADC1_Init  main.o
    0x08003e14   0x08003e14   0x00000004   PAD
    0x08003e18   0x08003e18   0x0000008e   Code   RO           63    .text.MX_DMA_Init   main.o
    0x08003ea6   0x08003ea6   0x00000002   PAD
    0x08003ea8   0x08003ea8   0x000000d8   Code   RO           61    .text.MX_GPIO_Init  main.o
    0x08003f80   0x08003f80   0x00000044   Code   RO           67    .text.MX_USART2_UART_Init  main.o
    0x08003fc4   0x08003fc4   0x00000004   PAD
    0x08003fc8   0x08003fc8   0x00000002   Code   RO           65    .text.MX_USART6_UART_Init  main.o
    0x08003fca   0x08003fca   0x00000040   Code   RO         2073    .text.MessageQueueGet  RTX_V7MF.lib(rtx_msgqueue.o)
    0x0800400a   0x0800400a   0x00000058   Code   RO         2069    .text.MessageQueuePut  RTX_V7MF.lib(rtx_msgqueue.o)
    0x08004062   0x08004062   0x0000001c   Code   RO         2067    .text.MessageQueueRemove  RTX_V7MF.lib(rtx_msgqueue.o)
    0x0800407e   0x0800407e   0x00000002   PAD
    0x08004080   0x08004080   0x0000006c   Code   RO          449    .text.NVIC_EncodePriority  stm32f7xx_hal_cortex.o
    0x080040ec   0x080040ec   0x00000004   PAD
    0x080040f0   0x080040f0   0x0000000c   Code   RO          340    .text.OS_Tick_AcknowledgeIRQ  os_systick.o
    0x080040fc   0x080040fc   0x00000004   PAD
    0x08004100   0x08004100   0x0000003c   Code   RO          336    .text.OS_Tick_Enable  os_systick.o
    0x0800413c   0x0800413c   0x00000004   PAD
    0x08004140   0x08004140   0x00000006   Code   RO          342    .text.OS_Tick_GetIRQn  os_systick.o
    0x08004146   0x08004146   0x00000002   PAD
    0x08004148   0x08004148   0x0000007e   Code   RO          334    .text.OS_Tick_Setup  os_systick.o
    0x080041c6   0x080041c6   0x0000000c   Code   RO         1685    .text.OUTLINED_FUNCTION_0  RTX_V7MF.lib(rtx_kernel.o)
    0x080041d2   0x080041d2   0x00000010   Code   RO         1901    .text.OUTLINED_FUNCTION_0  RTX_V7MF.lib(rtx_thread.o)
    0x080041e2   0x080041e2   0x0000000c   Code   RO         2081    .text.OUTLINED_FUNCTION_0  RTX_V7MF.lib(rtx_msgqueue.o)
    0x080041ee   0x080041ee   0x00000006   Code   RO         1687    .text.OUTLINED_FUNCTION_1  RTX_V7MF.lib(rtx_kernel.o)
    0x080041f4   0x080041f4   0x00000006   Code   RO         2083    .text.OUTLINED_FUNCTION_1  RTX_V7MF.lib(rtx_msgqueue.o)
    0x080041fa   0x080041fa   0x00000006   PAD
    0x08004200   0x08004200   0x000000c0   Code   RO           59    .text.SystemClock_Config  main.o
    0x080042c0   0x080042c0   0x00000012   Code   RO         1486    .text.SystemInit    system_stm32f7xx.o
    0x080042d2   0x080042d2   0x00000006   PAD
    0x080042d8   0x080042d8   0x00000010   Code   RO           96    .text.TIM6_DAC_IRQHandler  stm32f7xx_it.o
    0x080042e8   0x080042e8   0x0000019a   Code   RO          720    .text.TIM_Base_SetConfig  stm32f7xx_hal_tim.o
    0x08004482   0x08004482   0x00000064   Code   RO         1853    .text.ThreadFlagsCheck  RTX_V7MF.lib(rtx_thread.o)
    0x080044e6   0x080044e6   0x00000002   PAD
    0x080044e8   0x080044e8   0x00000048   Code   RO         1943    .text.TimerInsert   RTX_V7MF.lib(rtx_timer.o)
    0x08004530   0x08004530   0x00000148   Code   RO         1068    .text.UART_AdvFeatureConfig  stm32f7xx_hal_uart.o
    0x08004678   0x08004678   0x00000070   Code   RO         1070    .text.UART_CheckIdleState  stm32f7xx_hal_uart.o
    0x080046e8   0x080046e8   0x00000026   Code   RO         1168    .text.UART_DMAAbortOnError  stm32f7xx_hal_uart.o
    0x0800470e   0x0800470e   0x00000002   PAD
    0x08004710   0x08004710   0x00000080   Code   RO         1130    .text.UART_DMAError  stm32f7xx_hal_uart.o
    0x08004790   0x08004790   0x0000007c   Code   RO         1126    .text.UART_DMATransmitCplt  stm32f7xx_hal_uart.o
    0x0800480c   0x0800480c   0x00000004   PAD
    0x08004810   0x08004810   0x00000018   Code   RO         1128    .text.UART_DMATxHalfCplt  stm32f7xx_hal_uart.o
    0x08004828   0x08004828   0x00000098   Code   RO         1144    .text.UART_EndRxTransfer  stm32f7xx_hal_uart.o
    0x080048c0   0x080048c0   0x00000044   Code   RO         1170    .text.UART_EndTransmit_IT  stm32f7xx_hal_uart.o
    0x08004904   0x08004904   0x00000004   PAD
    0x08004908   0x08004908   0x00000034   Code   RO         1142    .text.UART_EndTxTransfer  stm32f7xx_hal_uart.o
    0x0800493c   0x0800493c   0x00000004   PAD
    0x08004940   0x08004940   0x00000086   Code   RO         1062    .text.UART_InitCallbacksToDefault  stm32f7xx_hal_uart.o
    0x080049c6   0x080049c6   0x00000002   PAD
    0x080049c8   0x080049c8   0x000004da   Code   RO         1066    .text.UART_SetConfig  stm32f7xx_hal_uart.o
    0x08004ea2   0x08004ea2   0x00000006   PAD
    0x08004ea8   0x08004ea8   0x00000164   Code   RO         1110    .text.UART_WaitOnFlagUntilTimeout  stm32f7xx_hal_uart.o
    0x0800500c   0x0800500c   0x00000004   PAD
    0x08005010   0x08005010   0x00000010   Code   RO           94    .text.USART2_IRQHandler  stm32f7xx_it.o
    0x08005020   0x08005020   0x00000010   Code   RO          102    .text.USART6_IRQHandler  stm32f7xx_it.o
    0x08005030   0x08005030   0x0000002a   Code   RO          453    .text.__NVIC_EnableIRQ  stm32f7xx_hal_cortex.o
    0x0800505a   0x0800505a   0x00000006   PAD
    0x08005060   0x08005060   0x00000010   Code   RO          445    .text.__NVIC_GetPriorityGrouping  stm32f7xx_hal_cortex.o
    0x08005070   0x08005070   0x0000003a   Code   RO          447    .text.__NVIC_SetPriority  stm32f7xx_hal_cortex.o
    0x080050aa   0x080050aa   0x00000006   PAD
    0x080050b0   0x080050b0   0x0000003c   Code   RO          441    .text.__NVIC_SetPriorityGrouping  stm32f7xx_hal_cortex.o
    0x080050ec   0x080050ec   0x00000004   PAD
    0x080050f0   0x080050f0   0x00000020   Code   RO          306    .text._mutex_acquire  rtx_lib.o
    0x08005110   0x08005110   0x00000012   Code   RO          310    .text._mutex_free   rtx_lib.o
    0x08005122   0x08005122   0x00000006   PAD
    0x08005128   0x08005128   0x00000032   Code   RO          304    .text._mutex_initialize  rtx_lib.o
    0x0800515a   0x0800515a   0x00000006   PAD
    0x08005160   0x08005160   0x0000001c   Code   RO          308    .text._mutex_release  rtx_lib.o
    0x0800517c   0x0800517c   0x00000004   PAD
    0x08005180   0x08005180   0x00000008   Code   RO          292    .text._platform_post_stackheap_init  rtx_lib.o
    0x08005188   0x08005188   0x000000b2   Code   RO          119    .text.advance_iterator  pb_common.o
    0x0800523a   0x0800523a   0x00000006   PAD
    0x08005240   0x08005240   0x0000002a   Code   RO          225    .text.buf_write     pb_encode.o
    0x0800526a   0x0800526a   0x00000006   PAD
    0x08005270   0x08005270   0x00000054   Code   RO          257    .text.default_extension_encoder  pb_encode.o
    0x080052c4   0x080052c4   0x00000004   PAD
    0x080052c8   0x080052c8   0x000002e4   Code   RO          265    .text.encode_array  pb_encode.o
    0x080055ac   0x080055ac   0x00000004   PAD
    0x080055b0   0x080055b0   0x000000e2   Code   RO          267    .text.encode_basic_field  pb_encode.o
    0x08005692   0x08005692   0x00000006   PAD
    0x08005698   0x08005698   0x0000005e   Code   RO          263    .text.encode_callback_field  pb_encode.o
    0x080056f6   0x080056f6   0x00000002   PAD
    0x080056f8   0x080056f8   0x0000006a   Code   RO          231    .text.encode_extension_field  pb_encode.o
    0x08005762   0x08005762   0x00000006   PAD
    0x08005768   0x08005768   0x00000114   Code   RO          233    .text.encode_field  pb_encode.o
    0x0800587c   0x0800587c   0x00000004   PAD
    0x08005880   0x08005880   0x00000268   Code   RO          113    .text.load_descriptor_values  pb_common.o
    0x08005ae8   0x08005ae8   0x0000011c   Code   RO           55    .text.main          main.o
    0x08005c04   0x08005c04   0x00000004   PAD
    0x08005c08   0x08005c08   0x00000018   Code   RO           28    .text.mainThread    initmain.o
    0x08005c20   0x08005c20   0x00000024   Code   RO         1603    .text.osDelay       RTX_V7MF.lib(rtx_delay.o)
    0x08005c44   0x08005c44   0x00000030   Code   RO         1629    .text.osKernelGetState  RTX_V7MF.lib(rtx_kernel.o)
    0x08005c74   0x08005c74   0x0000002c   Code   RO         1623    .text.osKernelInitialize  RTX_V7MF.lib(rtx_kernel.o)
    0x08005ca0   0x08005ca0   0x00000024   Code   RO         1633    .text.osKernelStart  RTX_V7MF.lib(rtx_kernel.o)
    0x08005cc4   0x08005cc4   0x00000070   Code   RO         2043    .text.osMessageQueueGet  RTX_V7MF.lib(rtx_msgqueue.o)
    0x08005d34   0x08005d34   0x00000080   Code   RO         2041    .text.osMessageQueuePut  RTX_V7MF.lib(rtx_msgqueue.o)
    0x08005db4   0x08005db4   0x00000024   Code   RO         1709    .text.osMutexAcquire  RTX_V7MF.lib(rtx_mutex.o)
    0x08005dd8   0x08005dd8   0x00000024   Code   RO         1715    .text.osMutexDelete  RTX_V7MF.lib(rtx_mutex.o)
    0x08005dfc   0x08005dfc   0x00000024   Code   RO         1703    .text.osMutexNew    RTX_V7MF.lib(rtx_mutex.o)
    0x08005e20   0x08005e20   0x00000024   Code   RO         1711    .text.osMutexRelease  RTX_V7MF.lib(rtx_mutex.o)
    0x08005e44   0x08005e44   0x00000004   PAD
    0x08005e48   0x08005e48   0x00000030   Code   RO          362    .text.osRtxErrorNotify  rtx_config.o
    0x08005e78   0x08005e78   0x00000008   Code   RO          360    .text.osRtxIdleThread  rtx_config.o
    0x08005e80   0x08005e80   0x00000002   Code   RO         1619    .text.osRtxKernelBeforeInit  RTX_V7MF.lib(rtx_kernel.o)
    0x08005e82   0x08005e82   0x00000004   Code   RO         1621    .text.osRtxKernelErrorNotify  RTX_V7MF.lib(rtx_kernel.o)
    0x08005e86   0x08005e86   0x0000006e   Code   RO         1967    .text.osRtxMemoryAlloc  RTX_V7MF.lib(rtx_memory.o)
    0x08005ef4   0x08005ef4   0x00000042   Code   RO         1969    .text.osRtxMemoryFree  RTX_V7MF.lib(rtx_memory.o)
    0x08005f36   0x08005f36   0x00000036   Code   RO         1965    .text.osRtxMemoryInit  RTX_V7MF.lib(rtx_memory.o)
    0x08005f6c   0x08005f6c   0x0000003a   Code   RO         1981    .text.osRtxMemoryPoolAlloc  RTX_V7MF.lib(rtx_mempool.o)
    0x08005fa6   0x08005fa6   0x0000004a   Code   RO         1983    .text.osRtxMemoryPoolFree  RTX_V7MF.lib(rtx_mempool.o)
    0x08005ff0   0x08005ff0   0x00000038   Code   RO         1979    .text.osRtxMemoryPoolInit  RTX_V7MF.lib(rtx_mempool.o)
    0x08006028   0x08006028   0x000000aa   Code   RO         2065    .text.osRtxMessageQueuePostProcess  RTX_V7MF.lib(rtx_msgqueue.o)
    0x080060d2   0x080060d2   0x00000002   PAD
    0x080060d4   0x080060d4   0x00000024   Code   RO         2031    .text.osRtxMessageQueueTimerSetup  RTX_V7MF.lib(rtx_msgqueue.o)
    0x080060f8   0x080060f8   0x00000048   Code   RO         1699    .text.osRtxMutexOwnerRelease  RTX_V7MF.lib(rtx_mutex.o)
    0x08006140   0x08006140   0x0000004a   Code   RO         1701    .text.osRtxMutexOwnerRestore  RTX_V7MF.lib(rtx_mutex.o)
    0x0800618a   0x0800618a   0x00000002   PAD
    0x0800618c   0x0800618c   0x000000a4   Code   RO         2095    .text.osRtxPendSV_Handler  RTX_V7MF.lib(rtx_system.o)
    0x08006230   0x08006230   0x00000070   Code   RO         2097    .text.osRtxPostProcess  RTX_V7MF.lib(rtx_system.o)
    0x080062a0   0x080062a0   0x00000010   Code   RO          300    .text.osRtxThreadBeforeFree  rtx_lib.o
    0x080062b0   0x080062b0   0x00000034   Code   RO         1755    .text.osRtxThreadBlock  RTX_V7MF.lib(rtx_thread.o)
    0x080062e4   0x080062e4   0x0000007c   Code   RO         1761    .text.osRtxThreadDelayInsert  RTX_V7MF.lib(rtx_thread.o)
    0x08006360   0x08006360   0x0000003c   Code   RO         1745    .text.osRtxThreadDelayRemove  RTX_V7MF.lib(rtx_thread.o)
    0x0800639c   0x0800639c   0x0000004c   Code   RO         1747    .text.osRtxThreadDelayTick  RTX_V7MF.lib(rtx_thread.o)
    0x080063e8   0x080063e8   0x00000020   Code   RO         1765    .text.osRtxThreadDestroy  RTX_V7MF.lib(rtx_thread.o)
    0x08006408   0x08006408   0x00000054   Code   RO         1753    .text.osRtxThreadDispatch  RTX_V7MF.lib(rtx_thread.o)
    0x0800645c   0x0800645c   0x00000058   Code   RO         1767    .text.osRtxThreadFree  RTX_V7MF.lib(rtx_thread.o)
    0x080064b4   0x080064b4   0x0000001e   Code   RO         1763    .text.osRtxThreadJoinWakeup  RTX_V7MF.lib(rtx_thread.o)
    0x080064d2   0x080064d2   0x00000012   Code   RO         1737    .text.osRtxThreadListGet  RTX_V7MF.lib(rtx_thread.o)
    0x080064e4   0x080064e4   0x0000002c   Code   RO         1735    .text.osRtxThreadListPut  RTX_V7MF.lib(rtx_thread.o)
    0x08006510   0x08006510   0x00000014   Code   RO         1741    .text.osRtxThreadListRemove  RTX_V7MF.lib(rtx_thread.o)
    0x08006524   0x08006524   0x00000026   Code   RO         1739    .text.osRtxThreadListSort  RTX_V7MF.lib(rtx_thread.o)
    0x0800654a   0x0800654a   0x00000028   Code   RO         1851    .text.osRtxThreadPostProcess  RTX_V7MF.lib(rtx_thread.o)
    0x08006572   0x08006572   0x00000002   PAD
    0x08006574   0x08006574   0x00000010   Code   RO         1743    .text.osRtxThreadReadyPut  RTX_V7MF.lib(rtx_thread.o)
    0x08006584   0x08006584   0x00000014   Code   RO         1749    .text.osRtxThreadRegPtr  RTX_V7MF.lib(rtx_thread.o)
    0x08006598   0x08006598   0x00000038   Code   RO         1771    .text.osRtxThreadStartup  RTX_V7MF.lib(rtx_thread.o)
    0x080065d0   0x080065d0   0x00000020   Code   RO         1751    .text.osRtxThreadSwitch  RTX_V7MF.lib(rtx_thread.o)
    0x080065f0   0x080065f0   0x0000003c   Code   RO         1759    .text.osRtxThreadWaitEnter  RTX_V7MF.lib(rtx_thread.o)
    0x0800662c   0x0800662c   0x00000032   Code   RO         1757    .text.osRtxThreadWaitExit  RTX_V7MF.lib(rtx_thread.o)
    0x0800665e   0x0800665e   0x00000002   PAD
    0x08006660   0x08006660   0x00000074   Code   RO         2093    .text.osRtxTick_Handler  RTX_V7MF.lib(rtx_system.o)
    0x080066d4   0x080066d4   0x00000020   Code   RO         1923    .text.osRtxTimerSetup  RTX_V7MF.lib(rtx_timer.o)
    0x080066f4   0x080066f4   0x00000020   Code   RO         1927    .text.osRtxTimerThread  RTX_V7MF.lib(rtx_timer.o)
    0x08006714   0x08006714   0x00000070   Code   RO         1925    .text.osRtxTimerTick  RTX_V7MF.lib(rtx_timer.o)
    0x08006784   0x08006784   0x00000006   Code   RO         1849    .text.osThreadEntry  RTX_V7MF.lib(rtx_thread.o)
    0x0800678a   0x0800678a   0x00000002   PAD
    0x0800678c   0x0800678c   0x0000000c   Code   RO         1815    .text.osThreadExit  RTX_V7MF.lib(rtx_thread.o)
    0x08006798   0x08006798   0x0000002c   Code   RO         1775    .text.osThreadNew   RTX_V7MF.lib(rtx_thread.o)
    0x080067c4   0x080067c4   0x00000004   PAD
    0x080067c8   0x080067c8   0x00000036   Code   RO          298    .text.os_kernel_is_active  rtx_lib.o
    0x080067fe   0x080067fe   0x00000002   PAD
    0x08006800   0x08006800   0x0000026a   Code   RO          261    .text.pb_check_proto3_default_value  pb_encode.o
    0x08006a6a   0x08006a6a   0x00000006   PAD
    0x08006a70   0x08006a70   0x0000000e   Code   RO          127    .text.pb_const_cast  pb_common.o
    0x08006a7e   0x08006a7e   0x00000002   PAD
    0x08006a80   0x08006a80   0x00000074   Code   RO          131    .text.pb_default_field_callback  pb_common.o
    0x08006af4   0x08006af4   0x00000004   PAD
    0x08006af8   0x08006af8   0x00000020   Code   RO          273    .text.pb_enc_bool   pb_encode.o
    0x08006b18   0x08006b18   0x00000088   Code   RO          275    .text.pb_enc_bytes  pb_encode.o
    0x08006ba0   0x08006ba0   0x0000006e   Code   RO          271    .text.pb_enc_fixed  pb_encode.o
    0x08006c0e   0x08006c0e   0x00000002   PAD
    0x08006c10   0x08006c10   0x00000018   Code   RO          281    .text.pb_enc_fixed_length_bytes  pb_encode.o
    0x08006c28   0x08006c28   0x000000f6   Code   RO          277    .text.pb_enc_string  pb_encode.o
    0x08006d1e   0x08006d1e   0x00000002   PAD
    0x08006d20   0x08006d20   0x00000096   Code   RO          279    .text.pb_enc_submessage  pb_encode.o
    0x08006db6   0x08006db6   0x00000002   PAD
    0x08006db8   0x08006db8   0x0000018c   Code   RO          269    .text.pb_enc_varint  pb_encode.o
    0x08006f44   0x08006f44   0x00000004   PAD
    0x08006f48   0x08006f48   0x0000007a   Code   RO          229    .text.pb_encode     pb_encode.o
    0x08006fc2   0x08006fc2   0x00000006   PAD
    0x08006fc8   0x08006fc8   0x00000016   Code   RO          247    .text.pb_encode_fixed32  pb_encode.o
    0x08006fde   0x08006fde   0x00000002   PAD
    0x08006fe0   0x08006fe0   0x00000016   Code   RO          249    .text.pb_encode_fixed64  pb_encode.o
    0x08006ff6   0x08006ff6   0x00000002   PAD
    0x08006ff8   0x08006ff8   0x00000038   Code   RO          255    .text.pb_encode_string  pb_encode.o
    0x08007030   0x08007030   0x00000122   Code   RO          237    .text.pb_encode_submessage  pb_encode.o
    0x08007152   0x08007152   0x00000006   PAD
    0x08007158   0x08007158   0x0000005e   Code   RO          245    .text.pb_encode_svarint  pb_encode.o
    0x080071b6   0x080071b6   0x00000002   PAD
    0x080071b8   0x080071b8   0x00000026   Code   RO          251    .text.pb_encode_tag  pb_encode.o
    0x080071de   0x080071de   0x00000002   PAD
    0x080071e0   0x080071e0   0x00000086   Code   RO          253    .text.pb_encode_tag_for_field  pb_encode.o
    0x08007266   0x08007266   0x00000002   PAD
    0x08007268   0x08007268   0x0000004e   Code   RO          241    .text.pb_encode_varint  pb_encode.o
    0x080072b6   0x080072b6   0x00000002   PAD
    0x080072b8   0x080072b8   0x000000f0   Code   RO          243    .text.pb_encode_varint_32  pb_encode.o
    0x080073a8   0x080073a8   0x00000028   Code   RO          111    .text.pb_field_iter_begin  pb_common.o
    0x080073d0   0x080073d0   0x00000026   Code   RO          125    .text.pb_field_iter_begin_const  pb_common.o
    0x080073f6   0x080073f6   0x00000002   PAD
    0x080073f8   0x080073f8   0x0000005e   Code   RO          115    .text.pb_field_iter_begin_extension  pb_common.o
    0x08007456   0x08007456   0x00000002   PAD
    0x08007458   0x08007458   0x0000001e   Code   RO          129    .text.pb_field_iter_begin_extension_const  pb_common.o
    0x08007476   0x08007476   0x00000002   PAD
    0x08007478   0x08007478   0x00000020   Code   RO          117    .text.pb_field_iter_next  pb_common.o
    0x08007498   0x08007498   0x00000028   Code   RO          223    .text.pb_ostream_from_buffer  pb_encode.o
    0x080074c0   0x080074c0   0x000000b8   Code   RO          227    .text.pb_write      pb_encode.o
    0x08007578   0x08007578   0x00000040   Code   RO          259    .text.safe_read_bool  pb_encode.o
    0x080075b8   0x080075b8   0x00000016   Code   RO         1607    .text.svcRtxDelay   RTX_V7MF.lib(rtx_delay.o)
    0x080075ce   0x080075ce   0x00000002   PAD
    0x080075d0   0x080075d0   0x00000008   Code   RO         1631    .text.svcRtxKernelGetState  RTX_V7MF.lib(rtx_kernel.o)
    0x080075d8   0x080075d8   0x00000104   Code   RO         1669    .text.svcRtxKernelInitialize  RTX_V7MF.lib(rtx_kernel.o)
    0x080076dc   0x080076dc   0x00000074   Code   RO         1671    .text.svcRtxKernelStart  RTX_V7MF.lib(rtx_kernel.o)
    0x08007750   0x08007750   0x000000c8   Code   RO         2075    .text.svcRtxMessageQueueGet  RTX_V7MF.lib(rtx_msgqueue.o)
    0x08007818   0x08007818   0x00000120   Code   RO         2033    .text.svcRtxMessageQueueNew  RTX_V7MF.lib(rtx_msgqueue.o)
    0x08007938   0x08007938   0x000000a8   Code   RO         2071    .text.svcRtxMessageQueuePut  RTX_V7MF.lib(rtx_msgqueue.o)
    0x080079e0   0x080079e0   0x00000090   Code   RO         1719    .text.svcRtxMutexAcquire  RTX_V7MF.lib(rtx_mutex.o)
    0x08007a70   0x08007a70   0x000000b0   Code   RO         1725    .text.svcRtxMutexDelete  RTX_V7MF.lib(rtx_mutex.o)
    0x08007b20   0x08007b20   0x00000068   Code   RO         1717    .text.svcRtxMutexNew  RTX_V7MF.lib(rtx_mutex.o)
    0x08007b88   0x08007b88   0x000000b4   Code   RO         1721    .text.svcRtxMutexRelease  RTX_V7MF.lib(rtx_mutex.o)
    0x08007c3c   0x08007c3c   0x0000004c   Code   RO         1877    .text.svcRtxThreadExit  RTX_V7MF.lib(rtx_thread.o)
    0x08007c88   0x08007c88   0x000001fc   Code   RO         1773    .text.svcRtxThreadNew  RTX_V7MF.lib(rtx_thread.o)
    0x08007e84   0x08007e84   0x00000004   PAD
    0x08007e88   0x08007e88   0x0000013a   Code   RO           16    .text.transmitThread  initmain.o
    0x08007fc2   0x08007fc2   0x00000006   PAD
    0x08007fc8   0x08007fc8   0x00000048   Code   RO          302    .text.user_perthread_libspace_free  rtx_lib.o
    0x08008010   0x08008010   0x0000001a   Code   RO         2182    x$fpl$fpinit        fz_wm.l(fpinit.o)
    0x0800802a   0x0800802a   0x00000002   PAD
    0x0800802c   0x0800802c   0x00000070   Data   RO          316    .rodata             rtx_lib.o
    0x0800809c   0x0800809c   0x00000038   Data   RO          319    .rodata             rtx_lib.o
    0x080080d4   0x080080d4   0x00000010   Data   RO         1491    .rodata.AHBPrescTable  system_stm32f7xx.o
    0x080080e4   0x080080e4   0x00000008   Data   RO         1492    .rodata.APBPrescTable  system_stm32f7xx.o
    0x080080ec   0x080080ec   0x00000008   Data   RO          540    .rodata.DMA_CalcBaseAndBitshift.flagBitshiftOffset  stm32f7xx_hal_dma.o
    0x080080f4   0x080080f4   0x00000010   Data   RO           46    .rodata.ftbot_RobotStatus_field_info  ftbot.pb.o
    0x08008104   0x08008104   0x00000018   Data   RO           48    .rodata.ftbot_RobotStatus_msg  ftbot.pb.o
    0x0800811c   0x0800811c   0x00000004   Data   RO           47    .rodata.ftbot_RobotStatus_submsg_info  ftbot.pb.o
    0x08008120   0x08008120   0x00000004   Data   RO          318    .rodata.osRtxUserSVC  rtx_lib.o
    0x08008124   0x08008124   0x00000024   Data   RO          313    .rodata.os_idle_thread_attr  rtx_lib.o
    0x08008148   0x08008148   0x00000018   Data   RO          315    .rodata.os_timer_mq_attr  rtx_lib.o
    0x08008160   0x08008160   0x00000024   Data   RO          314    .rodata.os_timer_thread_attr  rtx_lib.o
    0x08008184   0x08008184   0x000000f9   Data   RO          283    .rodata.str1.1      pb_encode.o
    0x0800827d   0x0800827d   0x00000003   PAD
    0x08008280   0x08008280   0x0000000b   Data   RO         1689    .rodata.str1.4      RTX_V7MF.lib(rtx_kernel.o)
    0x0800828b   0x0800828b   0x00000010   Data   RO           34    .rodata.transmitThread.atCommand  initmain.o
    0x0800829b   0x0800829b   0x00000005   Data   RO           32    .rodata.transmitThread.command  initmain.o
    0x080082a0   0x080082a0   0x00000031   Data   RO           33    .rodata.transmitThread.udpCommand  initmain.o
    0x080082d1   0x080082d1   0x00000003   PAD
    0x080082d4   0x080082d4   0x00000030   Data   RO         2574    Region$$Table       anon$$obj.o


    Execution Region RW_DTCM (Exec base: 0x20000000, Load base: 0x08008304, Size: 0x00000600, Max: 0x00010000, ABSOLUTE)

    Exec Addr    Load Addr    Size         Type   Attr      Idx    E Section Name        Object

    0x20000000        -       0x00000200   Zero   RW         1477    HEAP                startup_stm32f746xx.o
    0x20000200        -       0x00000400   Zero   RW         1476    STACK               startup_stm32f746xx.o


    Execution Region RW_SRAM1 (Exec base: 0x20010000, Load base: 0x08008308, Size: 0x00008c28, Max: 0x00040000, ABSOLUTE)

    Exec Addr    Load Addr    Size         Type   Attr      Idx    E Section Name        Object

    0x20010000   0x08008308   0x00000004   Data   RW         1490    .data.SystemCoreClock  system_stm32f7xx.o
    0x20010004   0x0800830c   0x000000a4   Data   RW         1690    .data.os            RTX_V7MF.lib(rtx_kernel.o)
    0x200100a8   0x080083b0   0x00000004   Data   RW          430    .data.uwTickFreq    stm32f7xx_hal.o
    0x200100ac   0x080083b4   0x00000004   Data   RW          429    .data.uwTickPrio    stm32f7xx_hal.o
    0x200100b0        -       0x00000060   Zero   RW         2377    .bss                c_wu.l(libspace.o)
    0x20010110        -       0x00000001   Zero   RW           30    .bss.dma_transfer_complete  initmain.o
    0x20010111   0x080083b8   0x00000003   PAD
    0x20010114        -       0x00000048   Zero   RW           75    .bss.hadc1          main.o
    0x2001015c        -       0x00000064   Zero   RW           78    .bss.hdma_usart2_rx  main.o
    0x200101c0        -       0x00000064   Zero   RW           79    .bss.hdma_usart2_tx  main.o
    0x20010224        -       0x00000064   Zero   RW           80    .bss.hdma_usart6_rx  main.o
    0x20010288        -       0x00000064   Zero   RW           81    .bss.hdma_usart6_tx  main.o
    0x200102ec        -       0x00000070   Zero   RW         1469    .bss.htim6          stm32f7xx_hal_timebase_tim.o
    0x2001035c        -       0x000000b4   Zero   RW           76    .bss.huart2         main.o
    0x20010410        -       0x000000b4   Zero   RW           77    .bss.huart6         main.o
    0x200104c4   0x080083b8   0x00000004   PAD
    0x200104c8        -       0x00008040   Zero   RW          312    .bss.os             rtx_lib.o
    0x20018508        -       0x00000001   Zero   RW          352    .bss.os             os_systick.o
    0x20018509   0x080083b8   0x00000003   PAD
    0x2001850c        -       0x000001f0   Zero   RW          320    .bss.os.libspace    rtx_lib.o
    0x200186fc        -       0x00000034   Zero   RW          324    .bss.os.msgqueue.cb  rtx_lib.o
    0x20018730        -       0x00000050   Zero   RW          325    .bss.os.msgqueue.mem  rtx_lib.o
    0x20018780        -       0x000000a0   Zero   RW          321    .bss.os.thread.cb   rtx_lib.o
    0x20018820        -       0x00000200   Zero   RW          322    .bss.os.thread.idle.stack  rtx_lib.o
    0x20018a20        -       0x00000200   Zero   RW          323    .bss.os.thread.timer.stack  rtx_lib.o
    0x20018c20        -       0x00000001   Zero   RW          326    .bss.os_kernel_is_active.os_kernel_active  rtx_lib.o
    0x20018c21   0x080083b8   0x00000003   PAD
    0x20018c24        -       0x00000004   Zero   RW          431    .bss.uwTick         stm32f7xx_hal.o


==============================================================================

Image component sizes


      Code (inc. data)   RO Data    RW Data    ZI Data      Debug   Object Name

         0          0         44          0          0       1753   ftbot.pb.o
       358          0         70          0          1       7244   initmain.o
      1154          0          0          0        832      14963   main.o
       204          0          0          0          1       5575   os_systick.o
      1158          0          0          0          0       5745   pb_common.o
      4664         24        249          0          0      12110   pb_encode.o
        56          6          0          0          0        700   rtx_config.o
       300          0        268          0      34645       7995   rtx_lib.o
        64         26        456          0       1536        872   startup_stm32f746xx.o
        76          0          0          8          4       7892   stm32f7xx_hal.o
      1186          0          0          0          0      10137   stm32f7xx_hal_adc.o
       602          0          0          0          0      10564   stm32f7xx_hal_cortex.o
      1972          8          8          0          0       8652   stm32f7xx_hal_dma.o
      1046          0          0          0          0       5340   stm32f7xx_hal_gpio.o
       916          0          0          0          0      10865   stm32f7xx_hal_msp.o
       190          0          0          0          0       5852   stm32f7xx_hal_pwr_ex.o
      2770          0          0          0          0       8178   stm32f7xx_hal_rcc.o
      2144          0          0          0          0       7401   stm32f7xx_hal_rcc_ex.o
      1524          0          0          0          0      37096   stm32f7xx_hal_tim.o
        24          0          0          0          0      16116   stm32f7xx_hal_tim_ex.o
       224          0          0          0        112       7736   stm32f7xx_hal_timebase_tim.o
      4478         38          0          0          0      26136   stm32f7xx_hal_uart.o
       112          0          0          0          0       1019   stm32f7xx_it.o
        18          0         24          4          0       3333   system_stm32f7xx.o

    ----------------------------------------------------------------------
     25570        102       1173         12      37144     223274   Object Totals
         0          0         48          0          0          0   (incl. Generated)
       330          0          6          0         13          0   (incl. Padding)

    ----------------------------------------------------------------------

      Code (inc. data)   RO Data    RW Data    ZI Data      Debug   Library Member Name

       196         12          0          0          0        712   irq_armv7m.o
        58          4          0          0          0       3032   rtx_delay.o
       536         32         11        164          0      19332   rtx_kernel.o
       230          0          0          0          0       2808   rtx_memory.o
       188          0          0          0          0      16536   rtx_mempool.o
      1300         20          0          0          0      19223   rtx_msgqueue.o
       894         28          0          0          0      10977   rtx_mutex.o
       392         48          0          0          0       5563   rtx_system.o
      1724         56          0          0          0      38973   rtx_thread.o
       248         16          0          0          0      11024   rtx_timer.o
         8          0          0          0          0         68   __main.o
         0          0          0          0          0          0   __rtentry.o
        20          0          0          0          0          0   __rtentry2.o
         6          0          0          0          0          0   __rtentry4.o
        94          8          0          0          0          0   __scatter.o
        26          0          0          0          0          0   __scatter_copy.o
        28          0          0          0          0          0   __scatter_zi.o
        18          0          0          0          0         80   exit.o
         6          0          0          0          0        152   heapauxi.o
         0          0          0          0          0          0   indicate_semi.o
         2          0          0          0          0          0   libinit.o
         6          0          0          0          0          0   libinit2.o
         2          0          0          0          0          0   libshutdown.o
         2          0          0          0          0          0   libshutdown2.o
         8          4          0          0         96         68   libspace.o
       240          0          0          0          0        100   lludivv7m.o
        68          0          0          0          0         68   rt_memclr.o
        78          0          0          0          0         80   rt_memclr_w.o
       138          0          0          0          0         68   rt_memcpy_v6.o
       100          0          0          0          0         80   rt_memcpy_w.o
         2          0          0          0          0          0   rtexit.o
        10          0          0          0          0          0   rtexit2.o
        12          4          0          0          0         68   sys_exit.o
        74          0          0          0          0         80   sys_stackheap_outer.o
         2          0          0          0          0         68   use_no_semi.o
        26          0          0          0          0        116   fpinit.o

    ----------------------------------------------------------------------
      6786        244         11        164         96     129276   Library Totals
        44         12          0          0          0          0   (incl. Padding)

    ----------------------------------------------------------------------

      Code (inc. data)   RO Data    RW Data    ZI Data      Debug   Library Name

      5766        216         11        164          0     128180   RTX_V7MF.lib
       950         16          0          0         96        980   c_wu.l
        26          0          0          0          0        116   fz_wm.l

    ----------------------------------------------------------------------
      6786        244         11        164         96     129276   Library Totals

    ----------------------------------------------------------------------

==============================================================================


      Code (inc. data)   RO Data    RW Data    ZI Data      Debug   

     32356        346       1184        176      37240     351602   Grand Totals
     32356        346       1184        176      37240     351602   ELF Image Totals
     32356        346       1184        176          0          0   ROM Totals

==============================================================================

    Total RO  Size (Code + RO Data)                33540 (  32.75kB)
    Total RW  Size (RW Data + ZI Data)             37416 (  36.54kB)
    Total ROM Size (Code + RO Data + RW Data)      33716 (  32.93kB)

==============================================================================

