Component: Arm Compiler for Embedded 6.21 Tool: armlink [5ec1fa00]

==============================================================================

Section Cross References

    initmain.o(.text.concatenate4Strings) refers to h1_alloc_threads.o(.text) for malloc
    initmain.o(.text.concatenate4Strings) refers to exit.o(.text) for exit
    initmain.o(.ARM.exidx.text.concatenate4Strings) refers to initmain.o(.text.concatenate4Strings) for [Anonymous Symbol]
    initmain.o(.text.transmitThread) refers to rtx_semaphore.o(.text.osSemaphoreNew) for osSemaphoreNew
    initmain.o(.text.transmitThread) refers to initmain.o(.bss.uartTxSemaphore) for uartTxSemaphore
    initmain.o(.text.transmitThread) refers to rtx_semaphore.o(.text.osSemaphoreAcquire) for osSemaphoreAcquire
    initmain.o(.text.transmitThread) refers to main.o(.bss.huart2) for huart2
    initmain.o(.text.transmitThread) refers to initmain.o(.rodata.transmitThread.command) for transmitThread.command
    initmain.o(.text.transmitThread) refers to stm32f7xx_hal_uart.o(.text.HAL_UART_Transmit_DMA) for HAL_UART_Transmit_DMA
    initmain.o(.text.transmitThread) refers to initmain.o(.rodata.transmitThread.udpCommand) for transmitThread.udpCommand
    initmain.o(.text.transmitThread) refers to initmain.o(.bss.transmitThread.buffer_stream) for transmitThread.buffer_stream
    initmain.o(.text.transmitThread) refers to pb_encode.o(.text.pb_ostream_from_buffer) for pb_ostream_from_buffer
    initmain.o(.text.transmitThread) refers to ftbot.pb.o(.rodata.ftbot_RobotStatus_msg) for ftbot_RobotStatus_msg
    initmain.o(.text.transmitThread) refers to pb_encode.o(.text.pb_encode) for pb_encode
    initmain.o(.text.transmitThread) refers to initmain.o(.bss.buffer_transmit) for buffer_transmit
    initmain.o(.text.transmitThread) refers to initmain.o(.rodata.str1.1) for .L.str
    initmain.o(.text.transmitThread) refers to snprintf.o(.text) for snprintf
    initmain.o(.text.transmitThread) refers to rtx_delay.o(.text.osDelay) for osDelay
    initmain.o(.ARM.exidx.text.transmitThread) refers to initmain.o(.text.transmitThread) for [Anonymous Symbol]
    initmain.o(.text.HAL_UART_TxCpltCallback) refers to initmain.o(.bss.uartTxSemaphore) for uartTxSemaphore
    initmain.o(.text.HAL_UART_TxCpltCallback) refers to rtx_semaphore.o(.text.osSemaphoreRelease) for osSemaphoreRelease
    initmain.o(.ARM.exidx.text.HAL_UART_TxCpltCallback) refers to initmain.o(.text.HAL_UART_TxCpltCallback) for [Anonymous Symbol]
    initmain.o(.text.mainThread) refers to initmain.o(.text.transmitThread) for transmitThread
    initmain.o(.text.mainThread) refers to rtx_thread.o(.text.osThreadNew) for osThreadNew
    initmain.o(.ARM.exidx.text.mainThread) refers to initmain.o(.text.mainThread) for [Anonymous Symbol]
    ftbot.pb.o(.rodata.ftbot_SetSpeedSteering_msg) refers to ftbot.pb.o(.rodata.ftbot_SetSpeedSteering_field_info) for ftbot_SetSpeedSteering_field_info
    ftbot.pb.o(.rodata.ftbot_SetSpeedSteering_msg) refers to ftbot.pb.o(.rodata.ftbot_SetSpeedSteering_submsg_info) for ftbot_SetSpeedSteering_submsg_info
    ftbot.pb.o(.rodata.ftbot_RobotStatus_msg) refers to ftbot.pb.o(.rodata.ftbot_RobotStatus_field_info) for ftbot_RobotStatus_field_info
    ftbot.pb.o(.rodata.ftbot_RobotStatus_msg) refers to ftbot.pb.o(.rodata.ftbot_RobotStatus_submsg_info) for ftbot_RobotStatus_submsg_info
    main.o(.text.main) refers to main.o(.text.MPU_Config) for MPU_Config
    main.o(.text.main) refers to stm32f7xx_hal.o(.text.HAL_Init) for HAL_Init
    main.o(.text.main) refers to main.o(.text.SystemClock_Config) for SystemClock_Config
    main.o(.text.main) refers to main.o(.text.MX_GPIO_Init) for MX_GPIO_Init
    main.o(.text.main) refers to main.o(.text.MX_DMA_Init) for MX_DMA_Init
    main.o(.text.main) refers to main.o(.text.MX_USART6_UART_Init) for MX_USART6_UART_Init
    main.o(.text.main) refers to main.o(.text.MX_USART2_UART_Init) for MX_USART2_UART_Init
    main.o(.text.main) refers to main.o(.text.MX_ADC1_Init) for MX_ADC1_Init
    main.o(.text.main) refers to rtx_kernel.o(.text.osKernelInitialize) for osKernelInitialize
    main.o(.text.main) refers to initmain.o(.text.mainThread) for mainThread
    main.o(.text.main) refers to rtx_thread.o(.text.osThreadNew) for osThreadNew
    main.o(.text.main) refers to rtx_kernel.o(.text.osKernelStart) for osKernelStart
    main.o(.ARM.exidx.text.main) refers to main.o(.text.main) for [Anonymous Symbol]
    main.o(.text.MPU_Config) refers to stm32f7xx_hal_cortex.o(.text.HAL_MPU_Disable) for HAL_MPU_Disable
    main.o(.text.MPU_Config) refers to stm32f7xx_hal_cortex.o(.text.HAL_MPU_ConfigRegion) for HAL_MPU_ConfigRegion
    main.o(.text.MPU_Config) refers to stm32f7xx_hal_cortex.o(.text.HAL_MPU_Enable) for HAL_MPU_Enable
    main.o(.ARM.exidx.text.MPU_Config) refers to main.o(.text.MPU_Config) for [Anonymous Symbol]
    main.o(.text.SystemClock_Config) refers to rt_memclr_w.o(.text) for __aeabi_memclr4
[...]
    snprintf                                 0x0800053d   Thumb Code    58  snprintf.o(.text)
    exit                                     0x0800057d   Thumb Code    18  exit.o(.text)
    __aeabi_memcpy                           0x0800058f   Thumb Code     0  rt_memcpy_v6.o(.text)
    __rt_memcpy                              0x0800058f   Thumb Code   138  rt_memcpy_v6.o(.text)
    _memcpy_lastbytes                        0x080005f5   Thumb Code     0  rt_memcpy_v6.o(.text)
    __aeabi_memclr                           0x08000619   Thumb Code     0  rt_memclr.o(.text)
    __rt_memclr                              0x08000619   Thumb Code     0  rt_memclr.o(.text)
    _memset                                  0x0800061d   Thumb Code    64  rt_memclr.o(.text)
    __aeabi_memclr4                          0x0800065d   Thumb Code     0  rt_memclr_w.o(.text)
    __aeabi_memclr8                          0x0800065d   Thumb Code     0  rt_memclr_w.o(.text)
    __rt_memclr_w                            0x0800065d   Thumb Code     0  rt_memclr_w.o(.text)
    _memset_w                                0x08000661   Thumb Code    74  rt_memclr_w.o(.text)
    __use_two_region_memory                  0x080006ab   Thumb Code     2  heapauxi.o(.text)
    __rt_heap_escrow                         0x080006ad   Thumb Code     2  heapauxi.o(.text)
    __rt_heap_expand                         0x080006af   Thumb Code     2  heapauxi.o(.text)
    _printf_pre_padding                      0x080006b1   Thumb Code    44  _printf_pad.o(.text)
    _printf_post_padding                     0x080006dd   Thumb Code    34  _printf_pad.o(.text)
    _printf_truncate_signed                  0x080006ff   Thumb Code    18  _printf_truncate.o(.text)
    _printf_truncate_unsigned                0x08000711   Thumb Code    18  _printf_truncate.o(.text)
    _printf_str                              0x08000723   Thumb Code    82  _printf_str.o(.text)
    _printf_int_dec                          0x08000775   Thumb Code   104  _printf_dec.o(.text)
    _printf_charcount                        0x080007ed   Thumb Code    40  _printf_charcount.o(.text)
    _printf_char_common                      0x0800081f   Thumb Code    32  _printf_char_common.o(.text)
    _snputc                                  0x08000845   Thumb Code    16  _snputc.o(.text)
    _printf_wctomb                           0x08000855   Thumb Code   182  _printf_wctomb.o(.text)
    _printf_longlong_dec                     0x08000911   Thumb Code   108  _printf_longlong_dec.o(.text)
    _printf_longlong_oct                     0x0800098d   Thumb Code    68  _printf_oct_int_ll.o(.text)
    _printf_int_oct                          0x080009d1   Thumb Code    24  _printf_oct_int_ll.o(.text)
    _printf_ll_oct                           0x080009e9   Thumb Code    12  _printf_oct_int_ll.o(.text)
    _printf_longlong_hex                     0x080009fd   Thumb Code    86  _printf_hex_int_ll_ptr.o(.text)
    _printf_int_hex                          0x08000a53   Thumb Code    28  _printf_hex_int_ll_ptr.o(.text)
    _printf_ll_hex                           0x08000a6f   Thumb Code    12  _printf_hex_int_ll_ptr.o(.text)
    _printf_hex_ptr                          0x08000a7b   Thumb Code    18  _printf_hex_int_ll_ptr.o(.text)
    __printf                                 0x08000a91   Thumb Code   388  __printf_flags_ss_wp.o(.text)
    __aeabi_memcpy4                          0x08000c19   Thumb Code     0  rt_memcpy_w.o(.text)
    __aeabi_memcpy8                          0x08000c19   Thumb Code     0  rt_memcpy_w.o(.text)
    __rt_memcpy_w                            0x08000c19   Thumb Code   100  rt_memcpy_w.o(.text)
    _memcpy_lastbytes_aligned                0x08000c61   Thumb Code     0  rt_memcpy_w.o(.text)
    __user_libspace                          0x08000c7d   Thumb Code     8  libspace.o(.text)
    __user_perproc_libspace                  0x08000c7d   Thumb Code     0  libspace.o(.text)
    _ll_udiv10                               0x08000c85   Thumb Code   138  lludiv10.o(.text)
    _printf_int_common                       0x08000d0f   Thumb Code   178  _printf_intcommon.o(.text)
    _printf_fp_dec_real                      0x08000f71   Thumb Code   620  _printf_fp_dec.o(.text)
    _printf_fp_hex_real                      0x080011dd   Thumb Code   756  _printf_fp_hex.o(.text)
    _printf_cs_common                        0x080014d9   Thumb Code    20  _printf_char.o(.text)
    _printf_char                             0x080014ed   Thumb Code    16  _printf_char.o(.text)
    _printf_string                           0x080014fd   Thumb Code     8  _printf_char.o(.text)
    _printf_lcs_common                       0x08001505   Thumb Code    20  _printf_wchar.o(.text)
    _printf_wchar                            0x08001519   Thumb Code    16  _printf_wchar.o(.text)
    _printf_wstring                          0x08001529   Thumb Code     8  _printf_wchar.o(.text)
    _c32rtomb                                0x08001531   Thumb Code    72  _c32rtomb.o(.text)
    _wcrtomb                                 0x08001531   Thumb Code     0  _c32rtomb.o(.text)
    _sys_exit                                0x08001579   Thumb Code     8  sys_exit.o(.text)
    __I$use$semihosting                      0x08001585   Thumb Code     0  use_no_semi.o(.text)
    __use_no_semihosting_swi                 0x08001585   Thumb Code     2  use_no_semi.o(.text)
    __semihosting_library_function           0x08001587   Thumb Code     0  indicate_semi.o(.text)
    __user_setup_stackheap                   0x08001587   Thumb Code    74  sys_stackheap_outer.o(.text)
    __rt_ctype_table                         0x080015d1   Thumb Code    16  rt_ctype_table.o(.text)
    __rt_locale                              0x080015e1   Thumb Code    10  rt_locale_twolibspace.o(.text)
    _printf_fp_infnan                        0x080015ed   Thumb Code   112  _printf_fp_infnan.o(.text)
    _btod_etento                             0x0800166d   Thumb Code   224  bigflt0.o(.text)
    strcmp                                   0x08001751   Thumb Code   124  strcmpv7m_pel.o(.text)
    _fp_init                                 0x080017d1   Thumb Code    22  rtx_lib.o(.text.$Sub$$_fp_init)
    DMA1_Stream5_IRQHandler                  0x08001969   Thumb Code    16  stm32f7xx_it.o(.text.DMA1_Stream5_IRQHandler)
    DMA1_Stream6_IRQHandler                  0x08001979   Thumb Code    16  stm32f7xx_it.o(.text.DMA1_Stream6_IRQHandler)
    DMA2_Stream1_IRQHandler                  0x08001989   Thumb Code    16  stm32f7xx_it.o(.text.DMA2_Stream1_IRQHandler)
    DMA2_Stream6_IRQHandler                  0x08001999   Thumb Code    16  stm32f7xx_it.o(.text.DMA2_Stream6_IRQHandler)
    Error_Handler                            0x08001b31   Thumb Code     6  main.o(.text.Error_Handler)
    HAL_ADC_ConfigChannel                    0x08001b39   Thumb Code   650  stm32f7xx_hal_adc.o(.text.HAL_ADC_ConfigChannel)
    HAL_ADC_Init                             0x08001dc9   Thumb Code   152  stm32f7xx_hal_adc.o(.text.HAL_ADC_Init)
    HAL_ADC_MspInit                          0x08001e61   Thumb Code   126  stm32f7xx_hal_msp.o(.text.HAL_ADC_MspInit)
    HAL_DMA_Abort                            0x08001ee1   Thumb Code   216  stm32f7xx_hal_dma.o(.text.HAL_DMA_Abort)
    HAL_DMA_Abort_IT                         0x08001fb9   Thumb Code    58  stm32f7xx_hal_dma.o(.text.HAL_DMA_Abort_IT)
    HAL_DMA_IRQHandler                       0x08001ff9   Thumb Code   780  stm32f7xx_hal_dma.o(.text.HAL_DMA_IRQHandler)
    HAL_DMA_Init                             0x08002309   Thumb Code   346  stm32f7xx_hal_dma.o(.text.HAL_DMA_Init)
    HAL_DMA_Start_IT                         0x08002469   Thumb Code   184  stm32f7xx_hal_dma.o(.text.HAL_DMA_Start_IT)
    HAL_GPIO_Init                            0x08002521   Thumb Code  1004  stm32f7xx_hal_gpio.o(.text.HAL_GPIO_Init)
    HAL_GPIO_WritePin                        0x08002911   Thumb Code    42  stm32f7xx_hal_gpio.o(.text.HAL_GPIO_WritePin)
    HAL_GetTick                              0x08002941   Thumb Code    12  stm32f7xx_hal.o(.text.HAL_GetTick)
    HAL_IncTick                              0x08002951   Thumb Code    26  stm32f7xx_hal.o(.text.HAL_IncTick)
    HAL_Init                                 0x08002971   Thumb Code    38  stm32f7xx_hal.o(.text.HAL_Init)
    HAL_InitTick                             0x08002999   Thumb Code   224  stm32f7xx_hal_timebase_tim.o(.text.HAL_InitTick)
    HAL_MPU_ConfigRegion                     0x08002a79   Thumb Code   158  stm32f7xx_hal_cortex.o(.text.HAL_MPU_ConfigRegion)
    HAL_MPU_Disable                          0x08002b19   Thumb Code    34  stm32f7xx_hal_cortex.o(.text.HAL_MPU_Disable)
    HAL_MPU_Enable                           0x08002b41   Thumb Code    48  stm32f7xx_hal_cortex.o(.text.HAL_MPU_Enable)
    HAL_MspInit                              0x08002b71   Thumb Code    66  stm32f7xx_hal_msp.o(.text.HAL_MspInit)
    HAL_NVIC_EnableIRQ                       0x08002bb9   Thumb Code    16  stm32f7xx_hal_cortex.o(.text.HAL_NVIC_EnableIRQ)
    HAL_NVIC_SetPriority                     0x08002bc9   Thumb Code    46  stm32f7xx_hal_cortex.o(.text.HAL_NVIC_SetPriority)
    HAL_NVIC_SetPriorityGrouping             0x08002bf9   Thumb Code    16  stm32f7xx_hal_cortex.o(.text.HAL_NVIC_SetPriorityGrouping)
    HAL_PWREx_EnableOverDrive                0x08002c09   Thumb Code   190  stm32f7xx_hal_pwr_ex.o(.text.HAL_PWREx_EnableOverDrive)
    HAL_RCCEx_PeriphCLKConfig                0x08002cc9   Thumb Code  2144  stm32f7xx_hal_rcc_ex.o(.text.HAL_RCCEx_PeriphCLKConfig)
    HAL_RCC_ClockConfig                      0x08003529   Thumb Code   602  stm32f7xx_hal_rcc.o(.text.HAL_RCC_ClockConfig)
    HAL_RCC_GetClockConfig                   0x08003789   Thumb Code    84  stm32f7xx_hal_rcc.o(.text.HAL_RCC_GetClockConfig)
    HAL_RCC_GetHCLKFreq                      0x080037e1   Thumb Code    12  stm32f7xx_hal_rcc.o(.text.HAL_RCC_GetHCLKFreq)
    HAL_RCC_GetPCLK1Freq                     0x080037f1   Thumb Code    34  stm32f7xx_hal_rcc.o(.text.HAL_RCC_GetPCLK1Freq)
    HAL_RCC_GetPCLK2Freq                     0x08003819   Thumb Code    34  stm32f7xx_hal_rcc.o(.text.HAL_RCC_GetPCLK2Freq)
    HAL_RCC_GetSysClockFreq                  0x08003841   Thumb Code   230  stm32f7xx_hal_rcc.o(.text.HAL_RCC_GetSysClockFreq)
    HAL_RCC_OscConfig                        0x08003929   Thumb Code  1774  stm32f7xx_hal_rcc.o(.text.HAL_RCC_OscConfig)
    HAL_TIMEx_Break2Callback                 0x08004019   Thumb Code     8  stm32f7xx_hal_tim_ex.o(.text.HAL_TIMEx_Break2Callback)
    HAL_TIMEx_BreakCallback                  0x08004021   Thumb Code     8  stm32f7xx_hal_tim_ex.o(.text.HAL_TIMEx_BreakCallback)
    HAL_TIMEx_CommutCallback                 0x08004029   Thumb Code     8  stm32f7xx_hal_tim_ex.o(.text.HAL_TIMEx_CommutCallback)
    HAL_TIM_Base_Init                        0x08004031   Thumb Code   132  stm32f7xx_hal_tim.o(.text.HAL_TIM_Base_Init)
    HAL_TIM_Base_MspInit                     0x080040b9   Thumb Code     8  stm32f7xx_hal_tim.o(.text.HAL_TIM_Base_MspInit)
    HAL_TIM_Base_Start_IT                    0x080040c1   Thumb Code   250  stm32f7xx_hal_tim.o(.text.HAL_TIM_Base_Start_IT)
    HAL_TIM_IC_CaptureCallback               0x080041c1   Thumb Code     8  stm32f7xx_hal_tim.o(.text.HAL_TIM_IC_CaptureCallback)
    HAL_TIM_IRQHandler                       0x080041c9   Thumb Code   692  stm32f7xx_hal_tim.o(.text.HAL_TIM_IRQHandler)
    HAL_TIM_OC_DelayElapsedCallback          0x08004481   Thumb Code     8  stm32f7xx_hal_tim.o(.text.HAL_TIM_OC_DelayElapsedCallback)
    HAL_TIM_PWM_PulseFinishedCallback        0x08004489   Thumb Code     8  stm32f7xx_hal_tim.o(.text.HAL_TIM_PWM_PulseFinishedCallback)
    HAL_TIM_PeriodElapsedCallback            0x08004491   Thumb Code    34  main.o(.text.HAL_TIM_PeriodElapsedCallback)
    HAL_TIM_TriggerCallback                  0x080044b9   Thumb Code     8  stm32f7xx_hal_tim.o(.text.HAL_TIM_TriggerCallback)
    HAL_UARTEx_RxEventCallback               0x080044c1   Thumb Code    12  stm32f7xx_hal_uart.o(.text.HAL_UARTEx_RxEventCallback)
    HAL_UART_AbortCpltCallback               0x080044d1   Thumb Code     8  stm32f7xx_hal_uart.o(.text.HAL_UART_AbortCpltCallback)
    HAL_UART_AbortReceiveCpltCallback        0x080044d9   Thumb Code     8  stm32f7xx_hal_uart.o(.text.HAL_UART_AbortReceiveCpltCallback)
    HAL_UART_AbortTransmitCpltCallback       0x080044e1   Thumb Code     8  stm32f7xx_hal_uart.o(.text.HAL_UART_AbortTransmitCpltCallback)
    HAL_UART_ErrorCallback                   0x080044e9   Thumb Code     8  stm32f7xx_hal_uart.o(.text.HAL_UART_ErrorCallback)
    HAL_UART_IRQHandler                      0x080044f1   Thumb Code  1214  stm32f7xx_hal_uart.o(.text.HAL_UART_IRQHandler)
    HAL_UART_Init                            0x080049b1   Thumb Code   190  stm32f7xx_hal_uart.o(.text.HAL_UART_Init)
    HAL_UART_MspInit                         0x08004a71   Thumb Code   724  stm32f7xx_hal_msp.o(.text.HAL_UART_MspInit)
    HAL_UART_RxCpltCallback                  0x08004d49   Thumb Code     8  stm32f7xx_hal_uart.o(.text.HAL_UART_RxCpltCallback)
    HAL_UART_RxHalfCpltCallback              0x08004d51   Thumb Code     8  stm32f7xx_hal_uart.o(.text.HAL_UART_RxHalfCpltCallback)
    HAL_UART_Transmit_DMA                    0x08004d59   Thumb Code   248  stm32f7xx_hal_uart.o(.text.HAL_UART_Transmit_DMA)
    HAL_UART_TxCpltCallback                  0x08004e51   Thumb Code    24  initmain.o(.text.HAL_UART_TxCpltCallback)
    HAL_UART_TxHalfCpltCallback              0x08004e69   Thumb Code     8  stm32f7xx_hal_uart.o(.text.HAL_UART_TxHalfCpltCallback)
    OS_Tick_AcknowledgeIRQ                   0x08005239   Thumb Code    12  os_systick.o(.text.OS_Tick_AcknowledgeIRQ)
    OS_Tick_Enable                           0x08005249   Thumb Code    60  os_systick.o(.text.OS_Tick_Enable)
    OS_Tick_GetIRQn                          0x08005289   Thumb Code     6  os_systick.o(.text.OS_Tick_GetIRQn)
    OS_Tick_Setup                            0x08005291   Thumb Code   126  os_systick.o(.text.OS_Tick_Setup)
    SystemClock_Config                       0x08005349   Thumb Code   192  main.o(.text.SystemClock_Config)
    SystemInit                               0x08005409   Thumb Code    18  system_stm32f7xx.o(.text.SystemInit)
    TIM6_DAC_IRQHandler                      0x08005421   Thumb Code    16  stm32f7xx_it.o(.text.TIM6_DAC_IRQHandler)
    TIM_Base_SetConfig                       0x08005431   Thumb Code   410  stm32f7xx_hal_tim.o(.text.TIM_Base_SetConfig)
    UART_AdvFeatureConfig                    0x08005679   Thumb Code   328  stm32f7xx_hal_uart.o(.text.UART_AdvFeatureConfig)
    UART_CheckIdleState                      0x080057c1   Thumb Code   112  stm32f7xx_hal_uart.o(.text.UART_CheckIdleState)
    UART_InitCallbacksToDefault              0x08005a89   Thumb Code   134  stm32f7xx_hal_uart.o(.text.UART_InitCallbacksToDefault)
    UART_SetConfig                           0x08005b11   Thumb Code  1242  stm32f7xx_hal_uart.o(.text.UART_SetConfig)
    UART_WaitOnFlagUntilTimeout              0x08005ff1   Thumb Code   356  stm32f7xx_hal_uart.o(.text.UART_WaitOnFlagUntilTimeout)
    USART2_IRQHandler                        0x08006159   Thumb Code    16  stm32f7xx_it.o(.text.USART2_IRQHandler)
    USART6_IRQHandler                        0x08006169   Thumb Code    16  stm32f7xx_it.o(.text.USART6_IRQHandler)
    _mutex_acquire                           0x08006239   Thumb Code    32  rtx_lib.o(.text._mutex_acquire)
    _mutex_free                              0x08006259   Thumb Code    18  rtx_lib.o(.text._mutex_free)
    _mutex_initialize                        0x08006271   Thumb Code    50  rtx_lib.o(.text._mutex_initialize)
    _mutex_release                           0x080062a9   Thumb Code    28  rtx_lib.o(.text._mutex_release)
    _platform_post_stackheap_init            0x080062c9   Thumb Code     8  rtx_lib.o(.text._platform_post_stackheap_init)
    main                                     0x08006c31   Thumb Code   284  main.o(.text.main)
    mainThread                               0x08006d51   Thumb Code    24  initmain.o(.text.mainThread)
    osDelay                                  0x08006d69   Thumb Code    32  rtx_delay.o(.text.osDelay)
    osKernelGetState                         0x08006d8d   Thumb Code    40  rtx_kernel.o(.text.osKernelGetState)
    osKernelInitialize                       0x08006dbd   Thumb Code    40  rtx_kernel.o(.text.osKernelInitialize)
    osKernelStart                            0x08006de9   Thumb Code    32  rtx_kernel.o(.text.osKernelStart)
    osMessageQueueGet                        0x08006e0d   Thumb Code   108  rtx_msgqueue.o(.text.osMessageQueueGet)
    osMessageQueuePut                        0x08006e7d   Thumb Code   124  rtx_msgqueue.o(.text.osMessageQueuePut)
    osMutexAcquire                           0x08006efd   Thumb Code    32  rtx_mutex.o(.text.osMutexAcquire)
    osMutexDelete                            0x08006f21   Thumb Code    32  rtx_mutex.o(.text.osMutexDelete)
    osMutexNew                               0x08006f45   Thumb Code    32  rtx_mutex.o(.text.osMutexNew)
    osMutexRelease                           0x08006f69   Thumb Code    32  rtx_mutex.o(.text.osMutexRelease)
    osRtxErrorNotify                         0x08006f91   Thumb Code    48  rtx_config.o(.text.osRtxErrorNotify)
    osRtxIdleThread                          0x08006fc1   Thumb Code     8  rtx_config.o(.text.osRtxIdleThread)
    osRtxKernelBeforeInit                    0x08006fc9   Thumb Code     2  rtx_kernel.o(.text.osRtxKernelBeforeInit)
    osRtxKernelErrorNotify                   0x08006fcb   Thumb Code     4  rtx_kernel.o(.text.osRtxKernelErrorNotify)
    osRtxMemoryAlloc                         0x08006fcf   Thumb Code   110  rtx_memory.o(.text.osRtxMemoryAlloc)
    osRtxMemoryFree                          0x0800703d   Thumb Code    66  rtx_memory.o(.text.osRtxMemoryFree)
    osRtxMemoryInit                          0x0800707f   Thumb Code    54  rtx_memory.o(.text.osRtxMemoryInit)
    osRtxMemoryPoolAlloc                     0x080070b5   Thumb Code    58  rtx_mempool.o(.text.osRtxMemoryPoolAlloc)
    osRtxMemoryPoolFree                      0x080070ef   Thumb Code    74  rtx_mempool.o(.text.osRtxMemoryPoolFree)
    osRtxMemoryPoolInit                      0x08007139   Thumb Code    56  rtx_mempool.o(.text.osRtxMemoryPoolInit)
    osRtxMessageQueueTimerSetup              0x0800721d   Thumb Code    32  rtx_msgqueue.o(.text.osRtxMessageQueueTimerSetup)
    osRtxMutexOwnerRelease                   0x08007241   Thumb Code    72  rtx_mutex.o(.text.osRtxMutexOwnerRelease)
    osRtxMutexOwnerRestore                   0x08007289   Thumb Code    74  rtx_mutex.o(.text.osRtxMutexOwnerRestore)
    osRtxPendSV_Handler                      0x080072d5   Thumb Code   124  rtx_system.o(.text.osRtxPendSV_Handler)
    osRtxPostProcess                         0x08007379   Thumb Code   108  rtx_system.o(.text.osRtxPostProcess)
    osRtxThreadBeforeFree                    0x08007421   Thumb Code    16  rtx_lib.o(.text.osRtxThreadBeforeFree)
    osRtxThreadDelayRemove                   0x080074e1   Thumb Code    60  rtx_thread.o(.text.osRtxThreadDelayRemove)
    osRtxThreadDelayTick                     0x0800751d   Thumb Code    76  rtx_thread.o(.text.osRtxThreadDelayTick)
    osRtxThreadDestroy                       0x08007569   Thumb Code    32  rtx_thread.o(.text.osRtxThreadDestroy)
    osRtxThreadDispatch                      0x08007589   Thumb Code    84  rtx_thread.o(.text.osRtxThreadDispatch)
    osRtxThreadJoinWakeup                    0x08007635   Thumb Code    30  rtx_thread.o(.text.osRtxThreadJoinWakeup)
    osRtxThreadListGet                       0x08007653   Thumb Code    18  rtx_thread.o(.text.osRtxThreadListGet)
    osRtxThreadListPut                       0x08007665   Thumb Code    44  rtx_thread.o(.text.osRtxThreadListPut)
    osRtxThreadListRemove                    0x08007691   Thumb Code    20  rtx_thread.o(.text.osRtxThreadListRemove)
    osRtxThreadListSort                      0x080076a5   Thumb Code    38  rtx_thread.o(.text.osRtxThreadListSort)
    osRtxThreadReadyPut                      0x080076f5   Thumb Code    16  rtx_thread.o(.text.osRtxThreadReadyPut)
    osRtxThreadRegPtr                        0x08007705   Thumb Code    20  rtx_thread.o(.text.osRtxThreadRegPtr)
    osRtxThreadStartup                       0x08007719   Thumb Code    48  rtx_thread.o(.text.osRtxThreadStartup)
    osRtxThreadSwitch                        0x08007755   Thumb Code    28  rtx_thread.o(.text.osRtxThreadSwitch)
    osRtxThreadWaitEnter                     0x08007771   Thumb Code    56  rtx_thread.o(.text.osRtxThreadWaitEnter)
    osRtxThreadWaitExit                      0x080077ad   Thumb Code    50  rtx_thread.o(.text.osRtxThreadWaitExit)
    osRtxTick_Handler                        0x080077e1   Thumb Code   112  rtx_system.o(.text.osRtxTick_Handler)
    osRtxTimerSetup                          0x08007855   Thumb Code    24  rtx_timer.o(.text.osRtxTimerSetup)
    osRtxTimerThread                         0x08007875   Thumb Code    32  rtx_timer.o(.text.osRtxTimerThread)
    osSemaphoreAcquire                       0x08007905   Thumb Code    80  rtx_semaphore.o(.text.osSemaphoreAcquire)
    osSemaphoreNew                           0x08007959   Thumb Code    32  rtx_semaphore.o(.text.osSemaphoreNew)
    osSemaphoreRelease                       0x0800797d   Thumb Code    96  rtx_semaphore.o(.text.osSemaphoreRelease)
    osThreadExit                             0x080079e9   Thumb Code     8  rtx_thread.o(.text.osThreadExit)
    osThreadNew                              0x080079f5   Thumb Code    40  rtx_thread.o(.text.osThreadNew)
    pb_default_field_callback                0x08007cd9   Thumb Code   116  pb_common.o(.text.pb_default_field_callback)
    pb_encode                                0x080081a1   Thumb Code   122  pb_encode.o(.text.pb_encode)
    pb_encode_fixed32                        0x08008221   Thumb Code    22  pb_encode.o(.text.pb_encode_fixed32)
    pb_encode_fixed64                        0x08008239   Thumb Code    22  pb_encode.o(.text.pb_encode_fixed64)
    pb_encode_string                         0x08008251   Thumb Code    56  pb_encode.o(.text.pb_encode_string)
    pb_encode_submessage                     0x08008289   Thumb Code   290  pb_encode.o(.text.pb_encode_submessage)
    pb_encode_svarint                        0x080083b1   Thumb Code    94  pb_encode.o(.text.pb_encode_svarint)
    pb_encode_tag                            0x08008411   Thumb Code    38  pb_encode.o(.text.pb_encode_tag)
    pb_encode_tag_for_field                  0x08008439   Thumb Code   134  pb_encode.o(.text.pb_encode_tag_for_field)
    pb_encode_varint                         0x080084c1   Thumb Code    78  pb_encode.o(.text.pb_encode_varint)
    pb_field_iter_begin                      0x08008601   Thumb Code    40  pb_common.o(.text.pb_field_iter_begin)
    pb_field_iter_begin_const                0x08008629   Thumb Code    38  pb_common.o(.text.pb_field_iter_begin_const)
    pb_field_iter_begin_extension            0x08008651   Thumb Code    94  pb_common.o(.text.pb_field_iter_begin_extension)
    pb_field_iter_begin_extension_const      0x080086b1   Thumb Code    30  pb_common.o(.text.pb_field_iter_begin_extension_const)
    pb_field_iter_next                       0x080086d1   Thumb Code    32  pb_common.o(.text.pb_field_iter_next)
    pb_ostream_from_buffer                   0x080086f1   Thumb Code    40  pb_encode.o(.text.pb_ostream_from_buffer)
    pb_write                                 0x08008719   Thumb Code   184  pb_encode.o(.text.pb_write)
    transmitThread                           0x08009201   Thumb Code   602  initmain.o(.text.transmitThread)
    _btod_d2e                                0x080094a9   Thumb Code    62  btod.o(CL$$btod_d2e)
    _d2e_denorm_low                          0x080094e7   Thumb Code    70  btod.o(CL$$btod_d2e_denorm_low)
    _d2e_norm_op1                            0x0800952d   Thumb Code    96  btod.o(CL$$btod_d2e_norm_op1)
    __btod_div_common                        0x0800958d   Thumb Code   696  btod.o(CL$$btod_div_common)
    _e2e                                     0x080098c5   Thumb Code   220  btod.o(CL$$btod_e2e)
    _btod_ediv                               0x080099a1   Thumb Code    42  btod.o(CL$$btod_ediv)
    _btod_emul                               0x080099cb   Thumb Code    42  btod.o(CL$$btod_emul)
    __btod_mult_common                       0x080099f5   Thumb Code   580  btod.o(CL$$btod_mult_common)
    __ARM_fpclassify                         0x08009c39   Thumb Code    48  fpclassify.o(i.__ARM_fpclassify)
    _is_digit                                0x08009c69   Thumb Code    14  __printf_wp.o(i._is_digit)
    _get_lc_numeric                          0x08009c79   Thumb Code    44  lc_numeric_c.o(locale$$code)
    _get_lc_ctype                            0x08009ca5   Thumb Code    44  lc_ctype_c.o(locale$$code)
    $Super$$_fp_init                         0x08009cd1   Thumb Code    26  fpinit.o(x$fpl$fpinit)
    __fplib_config_fpu_vfp                   0x08009ce9   Thumb Code     0  fpinit.o(x$fpl$fpinit)
    __fplib_config_pureend_doubles           0x08009ce9   Thumb Code     0  fpinit.o(x$fpl$fpinit)
    _printf_fp_dec                           0x08009ceb   Thumb Code     4  printf1.o(x$fpl$printf1)
    _printf_fp_hex                           0x08009cef   Thumb Code     4  printf2.o(x$fpl$printf2)
    __I$use$fp                               0x08009cf2   Number         0  usenofp.o(x$fpl$usenofp)
    osRtxConfig                              0x08009df0   Data         112  rtx_lib.o(.rodata)
    os_cb_sections                           0x08009e60   Data          56  rtx_lib.o(.rodata)
    AHBPrescTable                            0x08009e98   Data          16  system_stm32f7xx.o(.rodata.AHBPrescTable)
    APBPrescTable                            0x08009ea8   Data           8  system_stm32f7xx.o(.rodata.APBPrescTable)
    ftbot_RobotStatus_field_info             0x08009eb8   Data          16  ftbot.pb.o(.rodata.ftbot_RobotStatus_field_info)
    ftbot_RobotStatus_msg                    0x08009ec8   Data          24  ftbot.pb.o(.rodata.ftbot_RobotStatus_msg)
    ftbot_RobotStatus_submsg_info            0x08009ee0   Data           4  ftbot.pb.o(.rodata.ftbot_RobotStatus_submsg_info)
    osRtxUserSVC                             0x08009ee4   Data           4  rtx_lib.o(.rodata.osRtxUserSVC)
    Region$$Table$$Base                      0x0800a098   Number         0  anon$$obj.o(Region$$Table)
    Region$$Table$$Limit                     0x0800a0c8   Number         0  anon$$obj.o(Region$$Table)
    __ctype                                  0x0800a0f1   Data           0  lc_ctype_c.o(locale$$data)
    SystemCoreClock                          0x20010000   Data           4  system_stm32f7xx.o(.data.SystemCoreClock)
    osRtxInfo                                0x20010004   Data         164  rtx_kernel.o(.data.os)
    uwTickFreq                               0x200100a8   Data           4  stm32f7xx_hal.o(.data.uwTickFreq)
    uwTickPrio                               0x200100ac   Data           4  stm32f7xx_hal.o(.data.uwTickPrio)
    __libspace_start                         0x200100c0   Data          96  libspace.o(.bss)
    __temporary_stack_top$libspace           0x20010120   Data           0  libspace.o(.bss)
    buffer_transmit                          0x20010120   Data         256  initmain.o(.bss.buffer_transmit)
    hadc1                                    0x20010220   Data          72  main.o(.bss.hadc1)
    hdma_usart2_rx                           0x20010268   Data         100  main.o(.bss.hdma_usart2_rx)
    hdma_usart2_tx                           0x200102cc   Data         100  main.o(.bss.hdma_usart2_tx)
    hdma_usart6_rx                           0x20010330   Data         100  main.o(.bss.hdma_usart6_rx)
    hdma_usart6_tx                           0x20010394   Data         100  main.o(.bss.hdma_usart6_tx)
    htim6                                    0x200103f8   Data         112  stm32f7xx_hal_timebase_tim.o(.bss.htim6)
    huart2                                   0x20010468   Data         180  main.o(.bss.huart2)
    huart6                                   0x2001051c   Data         180  main.o(.bss.huart6)
    .bss.os.msgqueue.cb$$Base                0x20018804   Number         0  rtx_lib.o(.bss.os.msgqueue.cb)
    .bss.os.msgqueue.cb$$Limit               0x20018838   Number         0  rtx_lib.o(.bss.os.msgqueue.cb)
    .bss.os.thread.cb$$Base                  0x20018888   Number         0  rtx_lib.o(.bss.os.thread.cb)
    .bss.os.thread.cb$$Limit                 0x20018928   Number         0  rtx_lib.o(.bss.os.thread.cb)
    uartTxSemaphore                          0x20018dac   Data           4  initmain.o(.bss.uartTxSemaphore)
    uwTick                                   0x20018db0   Data           4  stm32f7xx_hal.o(.bss.uwTick)



==============================================================================

Memory Map of the image

  Image Entry point : 0x080001c9

  Load Region LR_IROM1 (Base: 0x08000000, Size: 0x0000a2c0, Max: 0x00100000, ABSOLUTE)

    Execution Region ER_IROM1 (Exec base: 0x08000000, Load base: 0x08000000, Size: 0x0000a1f4, Max: 0x00100000, ABSOLUTE)

    Exec Addr    Load Addr    Size         Type   Attr      Idx    E Section Name        Object

    0x08000000   0x08000000   0x000001c8   Data   RO         1555    RESET               startup_stm32f746xx.o
    0x080001c8   0x080001c8   0x00000008   Code   RO         2193  * !!!main             c_wu.l(__main.o)
    0x080001d0   0x080001d0   0x0000005c   Code   RO         2588    !!!scatter          c_wu.l(__scatter.o)
    0x0800022c   0x0800022c   0x0000001a   Code   RO         2592    !!handler_copy      c_wu.l(__scatter_copy.o)
    0x08000246   0x08000246   0x00000002   PAD
    0x08000248   0x08000248   0x00000002   Code   RO         2589    !!handler_null      c_wu.l(__scatter.o)
    0x0800024a   0x0800024a   0x00000002   PAD
    0x0800024c   0x0800024c   0x0000001c   Code   RO         2594    !!handler_zi        c_wu.l(__scatter_zi.o)
    0x08000268   0x08000268   0x00000000   Code   RO         2316    .ARM.Collect$$_printf_percent$$00000000  c_wu.l(_printf_percent.o)
    0x08000268   0x08000268   0x00000006   Code   RO         2305    .ARM.Collect$$_printf_percent$$00000001  c_wu.l(_printf_n.o)
    0x0800026e   0x0800026e   0x00000006   Code   RO         2307    .ARM.Collect$$_printf_percent$$00000002  c_wu.l(_printf_p.o)
    0x08000274   0x08000274   0x00000006   Code   RO         2312    .ARM.Collect$$_printf_percent$$00000003  c_wu.l(_printf_f.o)
    0x0800027a   0x0800027a   0x00000006   Code   RO         2313    .ARM.Collect$$_printf_percent$$00000004  c_wu.l(_printf_e.o)
    0x08000280   0x08000280   0x00000006   Code   RO         2314    .ARM.Collect$$_printf_percent$$00000005  c_wu.l(_printf_g.o)
    0x08000286   0x08000286   0x00000006   Code   RO         2315    .ARM.Collect$$_printf_percent$$00000006  c_wu.l(_printf_a.o)
    0x0800028c   0x0800028c   0x0000000a   Code   RO         2320    .ARM.Collect$$_printf_percent$$00000007  c_wu.l(_printf_ll.o)
    0x08000296   0x08000296   0x00000006   Code   RO         2309    .ARM.Collect$$_printf_percent$$00000008  c_wu.l(_printf_i.o)
    0x0800029c   0x0800029c   0x00000006   Code   RO         2310    .ARM.Collect$$_printf_percent$$00000009  c_wu.l(_printf_d.o)
    0x080002a2   0x080002a2   0x00000006   Code   RO         2311    .ARM.Collect$$_printf_percent$$0000000A  c_wu.l(_printf_u.o)
    0x080002a8   0x080002a8   0x00000006   Code   RO         2308    .ARM.Collect$$_printf_percent$$0000000B  c_wu.l(_printf_o.o)
    0x080002ae   0x080002ae   0x00000006   Code   RO         2306    .ARM.Collect$$_printf_percent$$0000000C  c_wu.l(_printf_x.o)
    0x080002b4   0x080002b4   0x00000006   Code   RO         2317    .ARM.Collect$$_printf_percent$$0000000D  c_wu.l(_printf_lli.o)
    0x080002ba   0x080002ba   0x00000006   Code   RO         2318    .ARM.Collect$$_printf_percent$$0000000E  c_wu.l(_printf_lld.o)
    0x080002c0   0x080002c0   0x00000006   Code   RO         2319    .ARM.Collect$$_printf_percent$$0000000F  c_wu.l(_printf_llu.o)
    0x080002c6   0x080002c6   0x00000006   Code   RO         2324    .ARM.Collect$$_printf_percent$$00000010  c_wu.l(_printf_llo.o)
    0x080002cc   0x080002cc   0x00000006   Code   RO         2325    .ARM.Collect$$_printf_percent$$00000011  c_wu.l(_printf_llx.o)
    0x080002d2   0x080002d2   0x0000000a   Code   RO         2321    .ARM.Collect$$_printf_percent$$00000012  c_wu.l(_printf_l.o)
    0x080002dc   0x080002dc   0x00000006   Code   RO         2303    .ARM.Collect$$_printf_percent$$00000013  c_wu.l(_printf_c.o)
    0x080002e2   0x080002e2   0x00000006   Code   RO         2304    .ARM.Collect$$_printf_percent$$00000014  c_wu.l(_printf_s.o)
    0x080002e8   0x080002e8   0x00000006   Code   RO         2322    .ARM.Collect$$_printf_percent$$00000015  c_wu.l(_printf_lc.o)
    0x080002ee   0x080002ee   0x00000006   Code   RO         2323    .ARM.Collect$$_printf_percent$$00000016  c_wu.l(_printf_ls.o)
    0x080002f4   0x080002f4   0x00000004   Code   RO         2441    .ARM.Collect$$_printf_percent$$00000017  c_wu.l(_printf_percent_end.o)
    0x080002f8   0x080002f8   0x00000002   Code   RO         2524    .ARM.Collect$$libinit$$00000000  c_wu.l(libinit.o)
    0x080002fa   0x080002fa   0x00000004   Code   RO         2330    .ARM.Collect$$libinit$$00000001  c_wu.l(libinit2.o)
    0x080002fe   0x080002fe   0x00000000   Code   RO         2333    .ARM.Collect$$libinit$$00000004  c_wu.l(libinit2.o)
    0x080002fe   0x080002fe   0x00000000   Code   RO         2335    .ARM.Collect$$libinit$$00000006  c_wu.l(libinit2.o)
    0x080002fe   0x080002fe   0x00000000   Code   RO         2338    .ARM.Collect$$libinit$$0000000C  c_wu.l(libinit2.o)
    0x080002fe   0x080002fe   0x00000000   Code   RO         2340    .ARM.Collect$$libinit$$0000000E  c_wu.l(libinit2.o)
    0x080002fe   0x080002fe   0x00000000   Code   RO         2342    .ARM.Collect$$libinit$$00000010  c_wu.l(libinit2.o)
    0x080002fe   0x080002fe   0x00000006   Code   RO         2343    .ARM.Collect$$libinit$$00000011  c_wu.l(libinit2.o)
    0x08000304   0x08000304   0x00000000   Code   RO         2345    .ARM.Collect$$libinit$$00000013  c_wu.l(libinit2.o)
    0x08000304   0x08000304   0x0000000c   Code   RO         2346    .ARM.Collect$$libinit$$00000014  c_wu.l(libinit2.o)
    0x08000310   0x08000310   0x00000000   Code   RO         2347    .ARM.Collect$$libinit$$00000015  c_wu.l(libinit2.o)
    0x08000310   0x08000310   0x00000000   Code   RO         2349    .ARM.Collect$$libinit$$00000017  c_wu.l(libinit2.o)
    0x08000310   0x08000310   0x0000000a   Code   RO         2350    .ARM.Collect$$libinit$$00000018  c_wu.l(libinit2.o)
    0x0800031a   0x0800031a   0x00000000   Code   RO         2351    .ARM.Collect$$libinit$$00000019  c_wu.l(libinit2.o)
    0x0800031a   0x0800031a   0x00000000   Code   RO         2353    .ARM.Collect$$libinit$$0000001B  c_wu.l(libinit2.o)
    0x0800031a   0x0800031a   0x00000000   Code   RO         2355    .ARM.Collect$$libinit$$0000001D  c_wu.l(libinit2.o)
    0x0800031a   0x0800031a   0x00000000   Code   RO         2357    .ARM.Collect$$libinit$$0000001F  c_wu.l(libinit2.o)
    0x0800031a   0x0800031a   0x00000000   Code   RO         2359    .ARM.Collect$$libinit$$00000021  c_wu.l(libinit2.o)
    0x0800031a   0x0800031a   0x00000000   Code   RO         2361    .ARM.Collect$$libinit$$00000023  c_wu.l(libinit2.o)
    0x0800031a   0x0800031a   0x00000000   Code   RO         2363    .ARM.Collect$$libinit$$00000025  c_wu.l(libinit2.o)
    0x0800031a   0x0800031a   0x00000000   Code   RO         2365    .ARM.Collect$$libinit$$00000027  c_wu.l(libinit2.o)
    0x0800031a   0x0800031a   0x00000000   Code   RO         2369    .ARM.Collect$$libinit$$0000002E  c_wu.l(libinit2.o)
    0x0800031a   0x0800031a   0x00000000   Code   RO         2371    .ARM.Collect$$libinit$$00000030  c_wu.l(libinit2.o)
    0x0800031a   0x0800031a   0x00000000   Code   RO         2373    .ARM.Collect$$libinit$$00000032  c_wu.l(libinit2.o)
    0x0800031a   0x0800031a   0x00000000   Code   RO         2375    .ARM.Collect$$libinit$$00000034  c_wu.l(libinit2.o)
    0x0800031a   0x0800031a   0x00000002   Code   RO         2376    .ARM.Collect$$libinit$$00000035  c_wu.l(libinit2.o)
    0x0800031c   0x0800031c   0x00000002   Code   RO         2525    .ARM.Collect$$libshutdown$$00000000  c_wu.l(libshutdown.o)
    0x0800031e   0x0800031e   0x00000000   Code   RO         2549    .ARM.Collect$$libshutdown$$00000002  c_wu.l(libshutdown2.o)
    0x0800031e   0x0800031e   0x00000000   Code   RO         2551    .ARM.Collect$$libshutdown$$00000004  c_wu.l(libshutdown2.o)
    0x0800031e   0x0800031e   0x00000000   Code   RO         2554    .ARM.Collect$$libshutdown$$00000007  c_wu.l(libshutdown2.o)
    0x0800031e   0x0800031e   0x00000000   Code   RO         2557    .ARM.Collect$$libshutdown$$0000000A  c_wu.l(libshutdown2.o)
    0x0800031e   0x0800031e   0x00000000   Code   RO         2559    .ARM.Collect$$libshutdown$$0000000C  c_wu.l(libshutdown2.o)
    0x0800031e   0x0800031e   0x00000000   Code   RO         2562    .ARM.Collect$$libshutdown$$0000000F  c_wu.l(libshutdown2.o)
    0x0800031e   0x0800031e   0x00000002   Code   RO         2563    .ARM.Collect$$libshutdown$$00000010  c_wu.l(libshutdown2.o)
    0x08000320   0x08000320   0x00000000   Code   RO         2197    .ARM.Collect$$rtentry$$00000000  c_wu.l(__rtentry.o)
    0x08000320   0x08000320   0x00000000   Code   RO         2393    .ARM.Collect$$rtentry$$00000002  c_wu.l(__rtentry2.o)
    0x08000320   0x08000320   0x00000006   Code   RO         2405    .ARM.Collect$$rtentry$$00000004  c_wu.l(__rtentry4.o)
    0x08000326   0x08000326   0x00000008   Code   RO         2394    .ARM.Collect$$rtentry$$00000008  c_wu.l(__rtentry2.o)
    0x0800032e   0x0800032e   0x00000004   Code   RO         2396    .ARM.Collect$$rtentry$$0000000A  c_wu.l(__rtentry2.o)
    0x08000332   0x08000332   0x00000000   Code   RO         2398    .ARM.Collect$$rtentry$$0000000C  c_wu.l(__rtentry2.o)
    0x08000332   0x08000332   0x00000008   Code   RO         2399    .ARM.Collect$$rtentry$$0000000D  c_wu.l(__rtentry2.o)
    0x0800033a   0x0800033a   0x00000002   Code   RO         2198    .ARM.Collect$$rtexit$$00000000  c_wu.l(rtexit.o)
    0x0800033c   0x0800033c   0x00000000   Code   RO         2408    .ARM.Collect$$rtexit$$00000002  c_wu.l(rtexit2.o)
    0x0800033c   0x0800033c   0x00000004   Code   RO         2409    .ARM.Collect$$rtexit$$00000003  c_wu.l(rtexit2.o)
    0x08000340   0x08000340   0x00000006   Code   RO         2410    .ARM.Collect$$rtexit$$00000004  c_wu.l(rtexit2.o)
    0x08000346   0x08000346   0x00000002   PAD
    0x08000348   0x08000348   0x00000040   Code   RO         1556    .text               startup_stm32f746xx.o
    0x08000388   0x08000388   0x000000c4   Code   RO         1576    .text               RTX_V7MF.lib(irq_armv7m.o)
    0x0800044c   0x0800044c   0x000000f0   Code   RO         2179    .text               c_wu.l(lludivv7m.o)
    0x0800053c   0x0800053c   0x00000040   Code   RO         2181    .text               c_wu.l(snprintf.o)
    0x0800057c   0x0800057c   0x00000012   Code   RO         2183    .text               c_wu.l(exit.o)
    0x0800058e   0x0800058e   0x0000008a   Code   RO         2185    .text               c_wu.l(rt_memcpy_v6.o)
    0x08000618   0x08000618   0x00000044   Code   RO         2187    .text               c_wu.l(rt_memclr.o)
    0x0800065c   0x0800065c   0x0000004e   Code   RO         2189    .text               c_wu.l(rt_memclr_w.o)
    0x080006aa   0x080006aa   0x00000006   Code   RO         2191    .text               c_wu.l(heapauxi.o)
    0x080006b0   0x080006b0   0x0000004e   Code   RO         2237    .text               c_wu.l(_printf_pad.o)
    0x080006fe   0x080006fe   0x00000024   Code   RO         2239    .text               c_wu.l(_printf_truncate.o)
    0x08000722   0x08000722   0x00000052   Code   RO         2241    .text               c_wu.l(_printf_str.o)
    0x08000774   0x08000774   0x00000078   Code   RO         2243    .text               c_wu.l(_printf_dec.o)
    0x080007ec   0x080007ec   0x00000028   Code   RO         2245    .text               c_wu.l(_printf_charcount.o)
    0x08000814   0x08000814   0x00000030   Code   RO         2247    .text               c_wu.l(_printf_char_common.o)
    0x08000844   0x08000844   0x00000010   Code   RO         2249    .text               c_wu.l(_snputc.o)
    0x08000854   0x08000854   0x000000bc   Code   RO         2251    .text               c_wu.l(_printf_wctomb.o)
    0x08000910   0x08000910   0x0000007c   Code   RO         2254    .text               c_wu.l(_printf_longlong_dec.o)
    0x0800098c   0x0800098c   0x00000070   Code   RO         2260    .text               c_wu.l(_printf_oct_int_ll.o)
    0x080009fc   0x080009fc   0x00000094   Code   RO         2280    .text               c_wu.l(_printf_hex_int_ll_ptr.o)
    0x08000a90   0x08000a90   0x00000188   Code   RO         2300    .text               c_wu.l(__printf_flags_ss_wp.o)
    0x08000c18   0x08000c18   0x00000064   Code   RO         2326    .text               c_wu.l(rt_memcpy_w.o)
    0x08000c7c   0x08000c7c   0x00000008   Code   RO         2389    .text               c_wu.l(libspace.o)
    0x08000c84   0x08000c84   0x0000008a   Code   RO         2424    .text               c_wu.l(lludiv10.o)
    0x08000d0e   0x08000d0e   0x000000b2   Code   RO         2426    .text               c_wu.l(_printf_intcommon.o)
    0x08000dc0   0x08000dc0   0x0000041c   Code   RO         2428    .text               c_wu.l(_printf_fp_dec.o)
    0x080011dc   0x080011dc   0x000002fc   Code   RO         2432    .text               c_wu.l(_printf_fp_hex.o)
    0x080014d8   0x080014d8   0x0000002c   Code   RO         2437    .text               c_wu.l(_printf_char.o)
    0x08001504   0x08001504   0x0000002c   Code   RO         2439    .text               c_wu.l(_printf_wchar.o)
    0x08001530   0x08001530   0x00000048   Code   RO         2442    .text               c_wu.l(_c32rtomb.o)
    0x08001578   0x08001578   0x0000000c   Code   RO         2453    .text               c_wu.l(sys_exit.o)
    0x08001584   0x08001584   0x00000002   Code   RO         2457    .text               c_wu.l(use_no_semi.o)
    0x08001586   0x08001586   0x00000000   Code   RO         2459    .text               c_wu.l(indicate_semi.o)
    0x08001586   0x08001586   0x0000004a   Code   RO         2460    .text               c_wu.l(sys_stackheap_outer.o)
    0x080015d0   0x080015d0   0x00000010   Code   RO         2462    .text               c_wu.l(rt_ctype_table.o)
    0x080015e0   0x080015e0   0x0000000a   Code   RO         2471    .text               c_wu.l(rt_locale_twolibspace.o)
    0x080015ea   0x080015ea   0x00000002   PAD
    0x080015ec   0x080015ec   0x00000080   Code   RO         2475    .text               c_wu.l(_printf_fp_infnan.o)
    0x0800166c   0x0800166c   0x000000e4   Code   RO         2477    .text               c_wu.l(bigflt0.o)
    0x08001750   0x08001750   0x0000007c   Code   RO         2546    .text               c_wu.l(strcmpv7m_pel.o)
    0x080017cc   0x080017cc   0x00000004   PAD
    0x080017d0   0x080017d0   0x00000016   Code   RO          275    .text.$Sub$$_fp_init  rtx_lib.o
    0x080017e6   0x080017e6   0x00000002   PAD
    0x080017e8   0x080017e8   0x00000180   Code   RO          424    .text.ADC_Init      stm32f7xx_hal_adc.o
    0x08001968   0x08001968   0x00000010   Code   RO           71    .text.DMA1_Stream5_IRQHandler  stm32f7xx_it.o
    0x08001978   0x08001978   0x00000010   Code   RO           73    .text.DMA1_Stream6_IRQHandler  stm32f7xx_it.o
    0x08001988   0x08001988   0x00000010   Code   RO           79    .text.DMA2_Stream1_IRQHandler  stm32f7xx_it.o
    0x08001998   0x08001998   0x00000010   Code   RO           81    .text.DMA2_Stream6_IRQHandler  stm32f7xx_it.o
    0x080019a8   0x080019a8   0x00000056   Code   RO          591    .text.DMA_CalcBaseAndBitshift  stm32f7xx_hal_dma.o
    0x080019fe   0x080019fe   0x00000002   PAD
    0x08001a00   0x08001a00   0x000000de   Code   RO          589    .text.DMA_CheckFifoParam  stm32f7xx_hal_dma.o
    0x08001ade   0x08001ade   0x00000002   PAD
    0x08001ae0   0x08001ae0   0x00000050   Code   RO          597    .text.DMA_SetConfig  stm32f7xx_hal_dma.o
    0x08001b30   0x08001b30   0x00000006   Code   RO           52    .text.Error_Handler  main.o
    0x08001b36   0x08001b36   0x00000002   PAD
    0x08001b38   0x08001b38   0x0000028a   Code   RO          464    .text.HAL_ADC_ConfigChannel  stm32f7xx_hal_adc.o
    0x08001dc2   0x08001dc2   0x00000006   PAD
    0x08001dc8   0x08001dc8   0x00000098   Code   RO          420    .text.HAL_ADC_Init  stm32f7xx_hal_adc.o
    0x08001e60   0x08001e60   0x0000007e   Code   RO         1525    .text.HAL_ADC_MspInit  stm32f7xx_hal_msp.o
    0x08001ede   0x08001ede   0x00000002   PAD
    0x08001ee0   0x08001ee0   0x000000d8   Code   RO          601    .text.HAL_DMA_Abort  stm32f7xx_hal_dma.o
    0x08001fb8   0x08001fb8   0x0000003a   Code   RO          603    .text.HAL_DMA_Abort_IT  stm32f7xx_hal_dma.o
    0x08001ff2   0x08001ff2   0x00000006   PAD
    0x08001ff8   0x08001ff8   0x0000030c   Code   RO          607    .text.HAL_DMA_IRQHandler  stm32f7xx_hal_dma.o
    0x08002304   0x08002304   0x00000004   PAD
    0x08002308   0x08002308   0x0000015a   Code   RO          587    .text.HAL_DMA_Init  stm32f7xx_hal_dma.o
    0x08002462   0x08002462   0x00000006   PAD
    0x08002468   0x08002468   0x000000b8   Code   RO          599    .text.HAL_DMA_Start_IT  stm32f7xx_hal_dma.o
    0x08002520   0x08002520   0x000003ec   Code   RO          640    .text.HAL_GPIO_Init  stm32f7xx_hal_gpio.o
    0x0800290c   0x0800290c   0x00000004   PAD
    0x08002910   0x08002910   0x0000002a   Code   RO          646    .text.HAL_GPIO_WritePin  stm32f7xx_hal_gpio.o
    0x0800293a   0x0800293a   0x00000006   PAD
    0x08002940   0x08002940   0x0000000c   Code   RO          364    .text.HAL_GetTick   stm32f7xx_hal.o
    0x0800294c   0x0800294c   0x00000004   PAD
    0x08002950   0x08002950   0x0000001a   Code   RO          362    .text.HAL_IncTick   stm32f7xx_hal.o
    0x0800296a   0x0800296a   0x00000006   PAD
    0x08002970   0x08002970   0x00000026   Code   RO          352    .text.HAL_Init      stm32f7xx_hal.o
    0x08002996   0x08002996   0x00000002   PAD
    0x08002998   0x08002998   0x000000e0   Code   RO         1540    .text.HAL_InitTick  stm32f7xx_hal_timebase_tim.o
    0x08002a78   0x08002a78   0x0000009e   Code   RO          548    .text.HAL_MPU_ConfigRegion  stm32f7xx_hal_cortex.o
    0x08002b16   0x08002b16   0x00000002   PAD
    0x08002b18   0x08002b18   0x00000022   Code   RO          544    .text.HAL_MPU_Disable  stm32f7xx_hal_cortex.o
    0x08002b3a   0x08002b3a   0x00000006   PAD
    0x08002b40   0x08002b40   0x00000030   Code   RO          546    .text.HAL_MPU_Enable  stm32f7xx_hal_cortex.o
    0x08002b70   0x08002b70   0x00000042   Code   RO         1523    .text.HAL_MspInit   stm32f7xx_hal_msp.o
    0x08002bb2   0x08002bb2   0x00000006   PAD
    0x08002bb8   0x08002bb8   0x00000010   Code   RO          528    .text.HAL_NVIC_EnableIRQ  stm32f7xx_hal_cortex.o
    0x08002bc8   0x08002bc8   0x0000002e   Code   RO          520    .text.HAL_NVIC_SetPriority  stm32f7xx_hal_cortex.o
    0x08002bf6   0x08002bf6   0x00000002   PAD
    0x08002bf8   0x08002bf8   0x00000010   Code   RO          516    .text.HAL_NVIC_SetPriorityGrouping  stm32f7xx_hal_cortex.o
    0x08002c08   0x08002c08   0x000000be   Code   RO          720    .text.HAL_PWREx_EnableOverDrive  stm32f7xx_hal_pwr_ex.o
    0x08002cc6   0x08002cc6   0x00000002   PAD
    0x08002cc8   0x08002cc8   0x00000860   Code   RO          772    .text.HAL_RCCEx_PeriphCLKConfig  stm32f7xx_hal_rcc_ex.o
    0x08003528   0x08003528   0x0000025a   Code   RO          741    .text.HAL_RCC_ClockConfig  stm32f7xx_hal_rcc.o
    0x08003782   0x08003782   0x00000006   PAD
    0x08003788   0x08003788   0x00000054   Code   RO          759    .text.HAL_RCC_GetClockConfig  stm32f7xx_hal_rcc.o
    0x080037dc   0x080037dc   0x00000004   PAD
    0x080037e0   0x080037e0   0x0000000c   Code   RO          751    .text.HAL_RCC_GetHCLKFreq  stm32f7xx_hal_rcc.o
    0x080037ec   0x080037ec   0x00000004   PAD
    0x080037f0   0x080037f0   0x00000022   Code   RO          753    .text.HAL_RCC_GetPCLK1Freq  stm32f7xx_hal_rcc.o
    0x08003812   0x08003812   0x00000006   PAD
    0x08003818   0x08003818   0x00000022   Code   RO          755    .text.HAL_RCC_GetPCLK2Freq  stm32f7xx_hal_rcc.o
    0x0800383a   0x0800383a   0x00000006   PAD
    0x08003840   0x08003840   0x000000e6   Code   RO          743    .text.HAL_RCC_GetSysClockFreq  stm32f7xx_hal_rcc.o
    0x08003926   0x08003926   0x00000002   PAD
    0x08003928   0x08003928   0x000006ee   Code   RO          739    .text.HAL_RCC_OscConfig  stm32f7xx_hal_rcc.o
    0x08004016   0x08004016   0x00000002   PAD
    0x08004018   0x08004018   0x00000008   Code   RO         1124    .text.HAL_TIMEx_Break2Callback  stm32f7xx_hal_tim_ex.o
    0x08004020   0x08004020   0x00000008   Code   RO         1122    .text.HAL_TIMEx_BreakCallback  stm32f7xx_hal_tim_ex.o
    0x08004028   0x08004028   0x00000008   Code   RO         1118    .text.HAL_TIMEx_CommutCallback  stm32f7xx_hal_tim_ex.o
    0x08004030   0x08004030   0x00000084   Code   RO          793    .text.HAL_TIM_Base_Init  stm32f7xx_hal_tim.o
    0x080040b4   0x080040b4   0x00000004   PAD
    0x080040b8   0x080040b8   0x00000008   Code   RO          795    .text.HAL_TIM_Base_MspInit  stm32f7xx_hal_tim.o
    0x080040c0   0x080040c0   0x000000fa   Code   RO          807    .text.HAL_TIM_Base_Start_IT  stm32f7xx_hal_tim.o
    0x080041ba   0x080041ba   0x00000006   PAD
    0x080041c0   0x080041c0   0x00000008   Code   RO          929    .text.HAL_TIM_IC_CaptureCallback  stm32f7xx_hal_tim.o
    0x080041c8   0x080041c8   0x000002b4   Code   RO          927    .text.HAL_TIM_IRQHandler  stm32f7xx_hal_tim.o
    0x0800447c   0x0800447c   0x00000004   PAD
    0x08004480   0x08004480   0x00000008   Code   RO          931    .text.HAL_TIM_OC_DelayElapsedCallback  stm32f7xx_hal_tim.o
    0x08004488   0x08004488   0x00000008   Code   RO          933    .text.HAL_TIM_PWM_PulseFinishedCallback  stm32f7xx_hal_tim.o
    0x08004490   0x08004490   0x00000022   Code   RO           54    .text.HAL_TIM_PeriodElapsedCallback  main.o
    0x080044b2   0x080044b2   0x00000006   PAD
    0x080044b8   0x080044b8   0x00000008   Code   RO          937    .text.HAL_TIM_TriggerCallback  stm32f7xx_hal_tim.o
    0x080044c0   0x080044c0   0x0000000c   Code   RO         1183    .text.HAL_UARTEx_RxEventCallback  stm32f7xx_hal_uart.o
    0x080044cc   0x080044cc   0x00000004   PAD
    0x080044d0   0x080044d0   0x00000008   Code   RO         1173    .text.HAL_UART_AbortCpltCallback  stm32f7xx_hal_uart.o
    0x080044d8   0x080044d8   0x00000008   Code   RO         1177    .text.HAL_UART_AbortReceiveCpltCallback  stm32f7xx_hal_uart.o
    0x080044e0   0x080044e0   0x00000008   Code   RO         1175    .text.HAL_UART_AbortTransmitCpltCallback  stm32f7xx_hal_uart.o
    0x080044e8   0x080044e8   0x00000008   Code   RO         1171    .text.HAL_UART_ErrorCallback  stm32f7xx_hal_uart.o
    0x080044f0   0x080044f0   0x000004be   Code   RO         1243    .text.HAL_UART_IRQHandler  stm32f7xx_hal_uart.o
    0x080049ae   0x080049ae   0x00000002   PAD
    0x080049b0   0x080049b0   0x000000be   Code   RO         1137    .text.HAL_UART_Init  stm32f7xx_hal_uart.o
    0x08004a6e   0x08004a6e   0x00000002   PAD
    0x08004a70   0x08004a70   0x000002d4   Code   RO         1529    .text.HAL_UART_MspInit  stm32f7xx_hal_msp.o
    0x08004d44   0x08004d44   0x00000004   PAD
    0x08004d48   0x08004d48   0x00000008   Code   RO         1169    .text.HAL_UART_RxCpltCallback  stm32f7xx_hal_uart.o
    0x08004d50   0x08004d50   0x00000008   Code   RO         1167    .text.HAL_UART_RxHalfCpltCallback  stm32f7xx_hal_uart.o
    0x08004d58   0x08004d58   0x000000f8   Code   RO         1201    .text.HAL_UART_Transmit_DMA  stm32f7xx_hal_uart.o
    0x08004e50   0x08004e50   0x00000018   Code   RO            6    .text.HAL_UART_TxCpltCallback  initmain.o
    0x08004e68   0x08004e68   0x00000008   Code   RO         1163    .text.HAL_UART_TxHalfCpltCallback  stm32f7xx_hal_uart.o
    0x08004e70   0x08004e70   0x00000016   Code   RO         1792    .text.IsIrqMasked   RTX_V7MF.lib(rtx_thread.o)
    0x08004e86   0x08004e86   0x00000002   PAD
    0x08004e88   0x08004e88   0x00000056   Code   RO           38    .text.MPU_Config    main.o
    0x08004ede   0x08004ede   0x00000002   PAD
    0x08004ee0   0x08004ee0   0x0000007c   Code   RO           50    .text.MX_ADC1_Init  main.o
    0x08004f5c   0x08004f5c   0x00000004   PAD
    0x08004f60   0x08004f60   0x0000008e   Code   RO           44    .text.MX_DMA_Init   main.o
    0x08004fee   0x08004fee   0x00000002   PAD
    0x08004ff0   0x08004ff0   0x000000d8   Code   RO           42    .text.MX_GPIO_Init  main.o
    0x080050c8   0x080050c8   0x00000044   Code   RO           48    .text.MX_USART2_UART_Init  main.o
    0x0800510c   0x0800510c   0x00000004   PAD
    0x08005110   0x08005110   0x00000002   Code   RO           46    .text.MX_USART6_UART_Init  main.o
    0x08005112   0x08005112   0x00000040   Code   RO         2088    .text.MessageQueueGet  RTX_V7MF.lib(rtx_msgqueue.o)
    0x08005152   0x08005152   0x00000058   Code   RO         2084    .text.MessageQueuePut  RTX_V7MF.lib(rtx_msgqueue.o)
    0x080051aa   0x080051aa   0x0000001c   Code   RO         2082    .text.MessageQueueRemove  RTX_V7MF.lib(rtx_msgqueue.o)
    0x080051c6   0x080051c6   0x00000002   PAD
    0x080051c8   0x080051c8   0x0000006c   Code   RO          526    .text.NVIC_EncodePriority  stm32f7xx_hal_cortex.o
    0x08005234   0x08005234   0x00000004   PAD
    0x08005238   0x08005238   0x0000000c   Code   RO          321    .text.OS_Tick_AcknowledgeIRQ  os_systick.o
    0x08005244   0x08005244   0x00000004   PAD
    0x08005248   0x08005248   0x0000003c   Code   RO          317    .text.OS_Tick_Enable  os_systick.o
    0x08005284   0x08005284   0x00000004   PAD
    0x08005288   0x08005288   0x00000006   Code   RO          323    .text.OS_Tick_GetIRQn  os_systick.o
    0x0800528e   0x0800528e   0x00000002   PAD
    0x08005290   0x08005290   0x0000007e   Code   RO          315    .text.OS_Tick_Setup  os_systick.o
    0x0800530e   0x0800530e   0x0000000c   Code   RO         1666    .text.OUTLINED_FUNCTION_0  RTX_V7MF.lib(rtx_kernel.o)
    0x0800531a   0x0800531a   0x00000010   Code   RO         1916    .text.OUTLINED_FUNCTION_0  RTX_V7MF.lib(rtx_thread.o)
    0x0800532a   0x0800532a   0x0000000c   Code   RO         2096    .text.OUTLINED_FUNCTION_0  RTX_V7MF.lib(rtx_msgqueue.o)
    0x08005336   0x08005336   0x00000006   Code   RO         1668    .text.OUTLINED_FUNCTION_1  RTX_V7MF.lib(rtx_kernel.o)
    0x0800533c   0x0800533c   0x00000006   Code   RO         2098    .text.OUTLINED_FUNCTION_1  RTX_V7MF.lib(rtx_msgqueue.o)
    0x08005342   0x08005342   0x00000006   PAD
    0x08005348   0x08005348   0x000000c0   Code   RO           40    .text.SystemClock_Config  main.o
    0x08005408   0x08005408   0x00000012   Code   RO         1563    .text.SystemInit    system_stm32f7xx.o
    0x0800541a   0x0800541a   0x00000006   PAD
    0x08005420   0x08005420   0x00000010   Code   RO           77    .text.TIM6_DAC_IRQHandler  stm32f7xx_it.o
    0x08005430   0x08005430   0x0000019a   Code   RO          797    .text.TIM_Base_SetConfig  stm32f7xx_hal_tim.o
    0x080055ca   0x080055ca   0x00000064   Code   RO         1868    .text.ThreadFlagsCheck  RTX_V7MF.lib(rtx_thread.o)
    0x0800562e   0x0800562e   0x00000002   PAD
    0x08005630   0x08005630   0x00000048   Code   RO         1958    .text.TimerInsert   RTX_V7MF.lib(rtx_timer.o)
    0x08005678   0x08005678   0x00000148   Code   RO         1145    .text.UART_AdvFeatureConfig  stm32f7xx_hal_uart.o
    0x080057c0   0x080057c0   0x00000070   Code   RO         1147    .text.UART_CheckIdleState  stm32f7xx_hal_uart.o
    0x08005830   0x08005830   0x00000026   Code   RO         1245    .text.UART_DMAAbortOnError  stm32f7xx_hal_uart.o
    0x08005856   0x08005856   0x00000002   PAD
    0x08005858   0x08005858   0x00000080   Code   RO         1207    .text.UART_DMAError  stm32f7xx_hal_uart.o
    0x080058d8   0x080058d8   0x0000007c   Code   RO         1203    .text.UART_DMATransmitCplt  stm32f7xx_hal_uart.o
    0x08005954   0x08005954   0x00000004   PAD
    0x08005958   0x08005958   0x00000018   Code   RO         1205    .text.UART_DMATxHalfCplt  stm32f7xx_hal_uart.o
    0x08005970   0x08005970   0x00000098   Code   RO         1221    .text.UART_EndRxTransfer  stm32f7xx_hal_uart.o
    0x08005a08   0x08005a08   0x00000044   Code   RO         1247    .text.UART_EndTransmit_IT  stm32f7xx_hal_uart.o
    0x08005a4c   0x08005a4c   0x00000004   PAD
    0x08005a50   0x08005a50   0x00000034   Code   RO         1219    .text.UART_EndTxTransfer  stm32f7xx_hal_uart.o
    0x08005a84   0x08005a84   0x00000004   PAD
    0x08005a88   0x08005a88   0x00000086   Code   RO         1139    .text.UART_InitCallbacksToDefault  stm32f7xx_hal_uart.o
    0x08005b0e   0x08005b0e   0x00000002   PAD
    0x08005b10   0x08005b10   0x000004da   Code   RO         1143    .text.UART_SetConfig  stm32f7xx_hal_uart.o
    0x08005fea   0x08005fea   0x00000006   PAD
    0x08005ff0   0x08005ff0   0x00000164   Code   RO         1187    .text.UART_WaitOnFlagUntilTimeout  stm32f7xx_hal_uart.o
    0x08006154   0x08006154   0x00000004   PAD
    0x08006158   0x08006158   0x00000010   Code   RO           75    .text.USART2_IRQHandler  stm32f7xx_it.o
    0x08006168   0x08006168   0x00000010   Code   RO           83    .text.USART6_IRQHandler  stm32f7xx_it.o
    0x08006178   0x08006178   0x0000002a   Code   RO          530    .text.__NVIC_EnableIRQ  stm32f7xx_hal_cortex.o
    0x080061a2   0x080061a2   0x00000006   PAD
    0x080061a8   0x080061a8   0x00000010   Code   RO          522    .text.__NVIC_GetPriorityGrouping  stm32f7xx_hal_cortex.o
    0x080061b8   0x080061b8   0x0000003a   Code   RO          524    .text.__NVIC_SetPriority  stm32f7xx_hal_cortex.o
    0x080061f2   0x080061f2   0x00000006   PAD
    0x080061f8   0x080061f8   0x0000003c   Code   RO          518    .text.__NVIC_SetPriorityGrouping  stm32f7xx_hal_cortex.o
    0x08006234   0x08006234   0x00000004   PAD
    0x08006238   0x08006238   0x00000020   Code   RO          287    .text._mutex_acquire  rtx_lib.o
    0x08006258   0x08006258   0x00000012   Code   RO          291    .text._mutex_free   rtx_lib.o
    0x0800626a   0x0800626a   0x00000006   PAD
    0x08006270   0x08006270   0x00000032   Code   RO          285    .text._mutex_initialize  rtx_lib.o
    0x080062a2   0x080062a2   0x00000006   PAD
    0x080062a8   0x080062a8   0x0000001c   Code   RO          289    .text._mutex_release  rtx_lib.o
    0x080062c4   0x080062c4   0x00000004   PAD
    0x080062c8   0x080062c8   0x00000008   Code   RO          273    .text._platform_post_stackheap_init  rtx_lib.o
    0x080062d0   0x080062d0   0x000000b2   Code   RO          100    .text.advance_iterator  pb_common.o
    0x08006382   0x08006382   0x00000006   PAD
    0x08006388   0x08006388   0x0000002a   Code   RO          206    .text.buf_write     pb_encode.o
    0x080063b2   0x080063b2   0x00000006   PAD
    0x080063b8   0x080063b8   0x00000054   Code   RO          238    .text.default_extension_encoder  pb_encode.o
    0x0800640c   0x0800640c   0x00000004   PAD
    0x08006410   0x08006410   0x000002e4   Code   RO          246    .text.encode_array  pb_encode.o
    0x080066f4   0x080066f4   0x00000004   PAD
    0x080066f8   0x080066f8   0x000000e2   Code   RO          248    .text.encode_basic_field  pb_encode.o
    0x080067da   0x080067da   0x00000006   PAD
    0x080067e0   0x080067e0   0x0000005e   Code   RO          244    .text.encode_callback_field  pb_encode.o
    0x0800683e   0x0800683e   0x00000002   PAD
    0x08006840   0x08006840   0x0000006a   Code   RO          212    .text.encode_extension_field  pb_encode.o
    0x080068aa   0x080068aa   0x00000006   PAD
    0x080068b0   0x080068b0   0x00000114   Code   RO          214    .text.encode_field  pb_encode.o
    0x080069c4   0x080069c4   0x00000004   PAD
    0x080069c8   0x080069c8   0x00000268   Code   RO           94    .text.load_descriptor_values  pb_common.o
    0x08006c30   0x08006c30   0x0000011c   Code   RO           36    .text.main          main.o
    0x08006d4c   0x08006d4c   0x00000004   PAD
    0x08006d50   0x08006d50   0x00000018   Code   RO            8    .text.mainThread    initmain.o
    0x08006d68   0x08006d68   0x00000024   Code   RO         1584    .text.osDelay       RTX_V7MF.lib(rtx_delay.o)
    0x08006d8c   0x08006d8c   0x00000030   Code   RO         1610    .text.osKernelGetState  RTX_V7MF.lib(rtx_kernel.o)
    0x08006dbc   0x08006dbc   0x0000002c   Code   RO         1604    .text.osKernelInitialize  RTX_V7MF.lib(rtx_kernel.o)
    0x08006de8   0x08006de8   0x00000024   Code   RO         1614    .text.osKernelStart  RTX_V7MF.lib(rtx_kernel.o)
    0x08006e0c   0x08006e0c   0x00000070   Code   RO         2058    .text.osMessageQueueGet  RTX_V7MF.lib(rtx_msgqueue.o)
    0x08006e7c   0x08006e7c   0x00000080   Code   RO         2056    .text.osMessageQueuePut  RTX_V7MF.lib(rtx_msgqueue.o)
    0x08006efc   0x08006efc   0x00000024   Code   RO         1690    .text.osMutexAcquire  RTX_V7MF.lib(rtx_mutex.o)
    0x08006f20   0x08006f20   0x00000024   Code   RO         1696    .text.osMutexDelete  RTX_V7MF.lib(rtx_mutex.o)
    0x08006f44   0x08006f44   0x00000024   Code   RO         1684    .text.osMutexNew    RTX_V7MF.lib(rtx_mutex.o)
    0x08006f68   0x08006f68   0x00000024   Code   RO         1692    .text.osMutexRelease  RTX_V7MF.lib(rtx_mutex.o)
    0x08006f8c   0x08006f8c   0x00000004   PAD
    0x08006f90   0x08006f90   0x00000030   Code   RO          343    .text.osRtxErrorNotify  rtx_config.o
    0x08006fc0   0x08006fc0   0x00000008   Code   RO          341    .text.osRtxIdleThread  rtx_config.o
    0x08006fc8   0x08006fc8   0x00000002   Code   RO         1600    .text.osRtxKernelBeforeInit  RTX_V7MF.lib(rtx_kernel.o)
    0x08006fca   0x08006fca   0x00000004   Code   RO         1602    .text.osRtxKernelErrorNotify  RTX_V7MF.lib(rtx_kernel.o)
    0x08006fce   0x08006fce   0x0000006e   Code   RO         1982    .text.osRtxMemoryAlloc  RTX_V7MF.lib(rtx_memory.o)
    0x0800703c   0x0800703c   0x00000042   Code   RO         1984    .text.osRtxMemoryFree  RTX_V7MF.lib(rtx_memory.o)
    0x0800707e   0x0800707e   0x00000036   Code   RO         1980    .text.osRtxMemoryInit  RTX_V7MF.lib(rtx_memory.o)
    0x080070b4   0x080070b4   0x0000003a   Code   RO         1996    .text.osRtxMemoryPoolAlloc  RTX_V7MF.lib(rtx_mempool.o)
    0x080070ee   0x080070ee   0x0000004a   Code   RO         1998    .text.osRtxMemoryPoolFree  RTX_V7MF.lib(rtx_mempool.o)
    0x08007138   0x08007138   0x00000038   Code   RO         1994    .text.osRtxMemoryPoolInit  RTX_V7MF.lib(rtx_mempool.o)
    0x08007170   0x08007170   0x000000aa   Code   RO         2080    .text.osRtxMessageQueuePostProcess  RTX_V7MF.lib(rtx_msgqueue.o)
    0x0800721a   0x0800721a   0x00000002   PAD
    0x0800721c   0x0800721c   0x00000024   Code   RO         2046    .text.osRtxMessageQueueTimerSetup  RTX_V7MF.lib(rtx_msgqueue.o)
    0x08007240   0x08007240   0x00000048   Code   RO         1680    .text.osRtxMutexOwnerRelease  RTX_V7MF.lib(rtx_mutex.o)
    0x08007288   0x08007288   0x0000004a   Code   RO         1682    .text.osRtxMutexOwnerRestore  RTX_V7MF.lib(rtx_mutex.o)
    0x080072d2   0x080072d2   0x00000002   PAD
    0x080072d4   0x080072d4   0x000000a4   Code   RO         2110    .text.osRtxPendSV_Handler  RTX_V7MF.lib(rtx_system.o)
    0x08007378   0x08007378   0x00000070   Code   RO         2112    .text.osRtxPostProcess  RTX_V7MF.lib(rtx_system.o)
    0x080073e8   0x080073e8   0x00000036   Code   RO         1734    .text.osRtxSemaphorePostProcess  RTX_V7MF.lib(rtx_semaphore.o)
    0x0800741e   0x0800741e   0x00000002   PAD
    0x08007420   0x08007420   0x00000010   Code   RO          281    .text.osRtxThreadBeforeFree  rtx_lib.o
    0x08007430   0x08007430   0x00000034   Code   RO         1770    .text.osRtxThreadBlock  RTX_V7MF.lib(rtx_thread.o)
    0x08007464   0x08007464   0x0000007c   Code   RO         1776    .text.osRtxThreadDelayInsert  RTX_V7MF.lib(rtx_thread.o)
    0x080074e0   0x080074e0   0x0000003c   Code   RO         1760    .text.osRtxThreadDelayRemove  RTX_V7MF.lib(rtx_thread.o)
    0x0800751c   0x0800751c   0x0000004c   Code   RO         1762    .text.osRtxThreadDelayTick  RTX_V7MF.lib(rtx_thread.o)
    0x08007568   0x08007568   0x00000020   Code   RO         1780    .text.osRtxThreadDestroy  RTX_V7MF.lib(rtx_thread.o)
    0x08007588   0x08007588   0x00000058   Code   RO         1768    .text.osRtxThreadDispatch  RTX_V7MF.lib(rtx_thread.o)
    0x080075e0   0x080075e0   0x00000054   Code   RO         1782    .text.osRtxThreadFree  RTX_V7MF.lib(rtx_thread.o)
    0x08007634   0x08007634   0x0000001e   Code   RO         1778    .text.osRtxThreadJoinWakeup  RTX_V7MF.lib(rtx_thread.o)
    0x08007652   0x08007652   0x00000012   Code   RO         1752    .text.osRtxThreadListGet  RTX_V7MF.lib(rtx_thread.o)
    0x08007664   0x08007664   0x0000002c   Code   RO         1750    .text.osRtxThreadListPut  RTX_V7MF.lib(rtx_thread.o)
    0x08007690   0x08007690   0x00000014   Code   RO         1756    .text.osRtxThreadListRemove  RTX_V7MF.lib(rtx_thread.o)
    0x080076a4   0x080076a4   0x00000026   Code   RO         1754    .text.osRtxThreadListSort  RTX_V7MF.lib(rtx_thread.o)
    0x080076ca   0x080076ca   0x00000028   Code   RO         1866    .text.osRtxThreadPostProcess  RTX_V7MF.lib(rtx_thread.o)
    0x080076f2   0x080076f2   0x00000002   PAD
    0x080076f4   0x080076f4   0x00000010   Code   RO         1758    .text.osRtxThreadReadyPut  RTX_V7MF.lib(rtx_thread.o)
    0x08007704   0x08007704   0x00000014   Code   RO         1764    .text.osRtxThreadRegPtr  RTX_V7MF.lib(rtx_thread.o)
    0x08007718   0x08007718   0x0000003c   Code   RO         1786    .text.osRtxThreadStartup  RTX_V7MF.lib(rtx_thread.o)
    0x08007754   0x08007754   0x0000001c   Code   RO         1766    .text.osRtxThreadSwitch  RTX_V7MF.lib(rtx_thread.o)
    0x08007770   0x08007770   0x0000003c   Code   RO         1774    .text.osRtxThreadWaitEnter  RTX_V7MF.lib(rtx_thread.o)
    0x080077ac   0x080077ac   0x00000032   Code   RO         1772    .text.osRtxThreadWaitExit  RTX_V7MF.lib(rtx_thread.o)
    0x080077de   0x080077de   0x00000002   PAD
    0x080077e0   0x080077e0   0x00000074   Code   RO         2108    .text.osRtxTick_Handler  RTX_V7MF.lib(rtx_system.o)
    0x08007854   0x08007854   0x00000020   Code   RO         1938    .text.osRtxTimerSetup  RTX_V7MF.lib(rtx_timer.o)
    0x08007874   0x08007874   0x00000020   Code   RO         1942    .text.osRtxTimerThread  RTX_V7MF.lib(rtx_timer.o)
    0x08007894   0x08007894   0x00000070   Code   RO         1940    .text.osRtxTimerTick  RTX_V7MF.lib(rtx_timer.o)
    0x08007904   0x08007904   0x00000054   Code   RO         1722    .text.osSemaphoreAcquire  RTX_V7MF.lib(rtx_semaphore.o)
    0x08007958   0x08007958   0x00000024   Code   RO         1716    .text.osSemaphoreNew  RTX_V7MF.lib(rtx_semaphore.o)
    0x0800797c   0x0800797c   0x00000064   Code   RO         1724    .text.osSemaphoreRelease  RTX_V7MF.lib(rtx_semaphore.o)
    0x080079e0   0x080079e0   0x00000006   Code   RO         1864    .text.osThreadEntry  RTX_V7MF.lib(rtx_thread.o)
    0x080079e6   0x080079e6   0x00000002   PAD
    0x080079e8   0x080079e8   0x0000000c   Code   RO         1830    .text.osThreadExit  RTX_V7MF.lib(rtx_thread.o)
    0x080079f4   0x080079f4   0x0000002c   Code   RO         1790    .text.osThreadNew   RTX_V7MF.lib(rtx_thread.o)
    0x08007a20   0x08007a20   0x00000036   Code   RO          279    .text.os_kernel_is_active  rtx_lib.o
    0x08007a56   0x08007a56   0x00000002   PAD
    0x08007a58   0x08007a58   0x0000026a   Code   RO          242    .text.pb_check_proto3_default_value  pb_encode.o
    0x08007cc2   0x08007cc2   0x00000006   PAD
    0x08007cc8   0x08007cc8   0x0000000e   Code   RO          108    .text.pb_const_cast  pb_common.o
    0x08007cd6   0x08007cd6   0x00000002   PAD
    0x08007cd8   0x08007cd8   0x00000074   Code   RO          112    .text.pb_default_field_callback  pb_common.o
    0x08007d4c   0x08007d4c   0x00000004   PAD
    0x08007d50   0x08007d50   0x00000020   Code   RO          254    .text.pb_enc_bool   pb_encode.o
    0x08007d70   0x08007d70   0x00000088   Code   RO          256    .text.pb_enc_bytes  pb_encode.o
    0x08007df8   0x08007df8   0x0000006e   Code   RO          252    .text.pb_enc_fixed  pb_encode.o
    0x08007e66   0x08007e66   0x00000002   PAD
    0x08007e68   0x08007e68   0x00000018   Code   RO          262    .text.pb_enc_fixed_length_bytes  pb_encode.o
    0x08007e80   0x08007e80   0x000000f6   Code   RO          258    .text.pb_enc_string  pb_encode.o
    0x08007f76   0x08007f76   0x00000002   PAD
    0x08007f78   0x08007f78   0x00000096   Code   RO          260    .text.pb_enc_submessage  pb_encode.o
    0x0800800e   0x0800800e   0x00000002   PAD
    0x08008010   0x08008010   0x0000018c   Code   RO          250    .text.pb_enc_varint  pb_encode.o
    0x0800819c   0x0800819c   0x00000004   PAD
    0x080081a0   0x080081a0   0x0000007a   Code   RO          210    .text.pb_encode     pb_encode.o
    0x0800821a   0x0800821a   0x00000006   PAD
    0x08008220   0x08008220   0x00000016   Code   RO          228    .text.pb_encode_fixed32  pb_encode.o
    0x08008236   0x08008236   0x00000002   PAD
    0x08008238   0x08008238   0x00000016   Code   RO          230    .text.pb_encode_fixed64  pb_encode.o
    0x0800824e   0x0800824e   0x00000002   PAD
    0x08008250   0x08008250   0x00000038   Code   RO          236    .text.pb_encode_string  pb_encode.o
    0x08008288   0x08008288   0x00000122   Code   RO          218    .text.pb_encode_submessage  pb_encode.o
    0x080083aa   0x080083aa   0x00000006   PAD
    0x080083b0   0x080083b0   0x0000005e   Code   RO          226    .text.pb_encode_svarint  pb_encode.o
    0x0800840e   0x0800840e   0x00000002   PAD
    0x08008410   0x08008410   0x00000026   Code   RO          232    .text.pb_encode_tag  pb_encode.o
    0x08008436   0x08008436   0x00000002   PAD
    0x08008438   0x08008438   0x00000086   Code   RO          234    .text.pb_encode_tag_for_field  pb_encode.o
    0x080084be   0x080084be   0x00000002   PAD
    0x080084c0   0x080084c0   0x0000004e   Code   RO          222    .text.pb_encode_varint  pb_encode.o
    0x0800850e   0x0800850e   0x00000002   PAD
    0x08008510   0x08008510   0x000000f0   Code   RO          224    .text.pb_encode_varint_32  pb_encode.o
    0x08008600   0x08008600   0x00000028   Code   RO           92    .text.pb_field_iter_begin  pb_common.o
    0x08008628   0x08008628   0x00000026   Code   RO          106    .text.pb_field_iter_begin_const  pb_common.o
    0x0800864e   0x0800864e   0x00000002   PAD
    0x08008650   0x08008650   0x0000005e   Code   RO           96    .text.pb_field_iter_begin_extension  pb_common.o
    0x080086ae   0x080086ae   0x00000002   PAD
    0x080086b0   0x080086b0   0x0000001e   Code   RO          110    .text.pb_field_iter_begin_extension_const  pb_common.o
    0x080086ce   0x080086ce   0x00000002   PAD
    0x080086d0   0x080086d0   0x00000020   Code   RO           98    .text.pb_field_iter_next  pb_common.o
    0x080086f0   0x080086f0   0x00000028   Code   RO          204    .text.pb_ostream_from_buffer  pb_encode.o
    0x08008718   0x08008718   0x000000b8   Code   RO          208    .text.pb_write      pb_encode.o
    0x080087d0   0x080087d0   0x00000040   Code   RO          240    .text.safe_read_bool  pb_encode.o
    0x08008810   0x08008810   0x00000016   Code   RO         1588    .text.svcRtxDelay   RTX_V7MF.lib(rtx_delay.o)
    0x08008826   0x08008826   0x00000002   PAD
    0x08008828   0x08008828   0x00000008   Code   RO         1612    .text.svcRtxKernelGetState  RTX_V7MF.lib(rtx_kernel.o)
    0x08008830   0x08008830   0x00000104   Code   RO         1650    .text.svcRtxKernelInitialize  RTX_V7MF.lib(rtx_kernel.o)
    0x08008934   0x08008934   0x00000074   Code   RO         1652    .text.svcRtxKernelStart  RTX_V7MF.lib(rtx_kernel.o)
    0x080089a8   0x080089a8   0x000000c8   Code   RO         2090    .text.svcRtxMessageQueueGet  RTX_V7MF.lib(rtx_msgqueue.o)
    0x08008a70   0x08008a70   0x00000120   Code   RO         2048    .text.svcRtxMessageQueueNew  RTX_V7MF.lib(rtx_msgqueue.o)
    0x08008b90   0x08008b90   0x000000a8   Code   RO         2086    .text.svcRtxMessageQueuePut  RTX_V7MF.lib(rtx_msgqueue.o)
    0x08008c38   0x08008c38   0x00000090   Code   RO         1700    .text.svcRtxMutexAcquire  RTX_V7MF.lib(rtx_mutex.o)
    0x08008cc8   0x08008cc8   0x000000b0   Code   RO         1706    .text.svcRtxMutexDelete  RTX_V7MF.lib(rtx_mutex.o)
    0x08008d78   0x08008d78   0x00000068   Code   RO         1698    .text.svcRtxMutexNew  RTX_V7MF.lib(rtx_mutex.o)
    0x08008de0   0x08008de0   0x000000b4   Code   RO         1702    .text.svcRtxMutexRelease  RTX_V7MF.lib(rtx_mutex.o)
    0x08008e94   0x08008e94   0x00000054   Code   RO         1736    .text.svcRtxSemaphoreAcquire  RTX_V7MF.lib(rtx_semaphore.o)
    0x08008ee8   0x08008ee8   0x0000007c   Code   RO         1732    .text.svcRtxSemaphoreNew  RTX_V7MF.lib(rtx_semaphore.o)
    0x08008f64   0x08008f64   0x00000054   Code   RO         1738    .text.svcRtxSemaphoreRelease  RTX_V7MF.lib(rtx_semaphore.o)
    0x08008fb8   0x08008fb8   0x0000004c   Code   RO         1892    .text.svcRtxThreadExit  RTX_V7MF.lib(rtx_thread.o)
    0x08009004   0x08009004   0x000001fc   Code   RO         1788    .text.svcRtxThreadNew  RTX_V7MF.lib(rtx_thread.o)
    0x08009200   0x08009200   0x0000025a   Code   RO            4    .text.transmitThread  initmain.o
    0x0800945a   0x0800945a   0x00000006   PAD
    0x08009460   0x08009460   0x00000048   Code   RO          283    .text.user_perthread_libspace_free  rtx_lib.o
    0x080094a8   0x080094a8   0x0000003e   Code   RO         2480    CL$$btod_d2e        c_wu.l(btod.o)
    0x080094e6   0x080094e6   0x00000046   Code   RO         2482    CL$$btod_d2e_denorm_low  c_wu.l(btod.o)
    0x0800952c   0x0800952c   0x00000060   Code   RO         2481    CL$$btod_d2e_norm_op1  c_wu.l(btod.o)
    0x0800958c   0x0800958c   0x00000338   Code   RO         2490    CL$$btod_div_common  c_wu.l(btod.o)
    0x080098c4   0x080098c4   0x000000dc   Code   RO         2487    CL$$btod_e2e        c_wu.l(btod.o)
    0x080099a0   0x080099a0   0x0000002a   Code   RO         2484    CL$$btod_ediv       c_wu.l(btod.o)
    0x080099ca   0x080099ca   0x0000002a   Code   RO         2483    CL$$btod_emul       c_wu.l(btod.o)
    0x080099f4   0x080099f4   0x00000244   Code   RO         2489    CL$$btod_mult_common  c_wu.l(btod.o)
    0x08009c38   0x08009c38   0x00000030   Code   RO         2529    i.__ARM_fpclassify  m_wm.l(fpclassify.o)
    0x08009c68   0x08009c68   0x0000000e   Code   RO         2293    i._is_digit         c_wu.l(__printf_wp.o)
    0x08009c76   0x08009c76   0x00000002   PAD
    0x08009c78   0x08009c78   0x0000002c   Code   RO         2505    locale$$code        c_wu.l(lc_numeric_c.o)
    0x08009ca4   0x08009ca4   0x0000002c   Code   RO         2538    locale$$code        c_wu.l(lc_ctype_c.o)
    0x08009cd0   0x08009cd0   0x0000001a   Code   RO         2195    x$fpl$fpinit        fz_wm.l(fpinit.o)
    0x08009cea   0x08009cea   0x00000004   Code   RO         2377    x$fpl$printf1       fz_wm.l(printf1.o)
    0x08009cee   0x08009cee   0x00000004   Code   RO         2379    x$fpl$printf2       fz_wm.l(printf2.o)
    0x08009cf2   0x08009cf2   0x00000000   Code   RO         2528    x$fpl$usenofp       fz_wm.l(usenofp.o)
    0x08009cf2   0x08009cf2   0x00000002   PAD
    0x08009cf4   0x08009cf4   0x00000008   Data   RO         2252    .constdata          c_wu.l(_printf_wctomb.o)
    0x08009cfc   0x08009cfc   0x00000028   Data   RO         2281    .constdata          c_wu.l(_printf_hex_int_ll_ptr.o)
    0x08009d24   0x08009d24   0x00000011   Data   RO         2301    .constdata          c_wu.l(__printf_flags_ss_wp.o)
    0x08009d35   0x08009d35   0x00000026   Data   RO         2433    .constdata          c_wu.l(_printf_fp_hex.o)
    0x08009d5b   0x08009d5b   0x00000001   PAD
    0x08009d5c   0x08009d5c   0x00000094   Data   RO         2478    .constdata          c_wu.l(bigflt0.o)
    0x08009df0   0x08009df0   0x00000070   Data   RO          297    .rodata             rtx_lib.o
    0x08009e60   0x08009e60   0x00000038   Data   RO          300    .rodata             rtx_lib.o
    0x08009e98   0x08009e98   0x00000010   Data   RO         1568    .rodata.AHBPrescTable  system_stm32f7xx.o
    0x08009ea8   0x08009ea8   0x00000008   Data   RO         1569    .rodata.APBPrescTable  system_stm32f7xx.o
    0x08009eb0   0x08009eb0   0x00000008   Data   RO          617    .rodata.DMA_CalcBaseAndBitshift.flagBitshiftOffset  stm32f7xx_hal_dma.o
    0x08009eb8   0x08009eb8   0x00000010   Data   RO           26    .rodata.ftbot_RobotStatus_field_info  ftbot.pb.o
    0x08009ec8   0x08009ec8   0x00000018   Data   RO           28    .rodata.ftbot_RobotStatus_msg  ftbot.pb.o
    0x08009ee0   0x08009ee0   0x00000004   Data   RO           27    .rodata.ftbot_RobotStatus_submsg_info  ftbot.pb.o
    0x08009ee4   0x08009ee4   0x00000004   Data   RO          299    .rodata.osRtxUserSVC  rtx_lib.o
    0x08009ee8   0x08009ee8   0x00000024   Data   RO          294    .rodata.os_idle_thread_attr  rtx_lib.o
    0x08009f0c   0x08009f0c   0x00000018   Data   RO          296    .rodata.os_timer_mq_attr  rtx_lib.o
    0x08009f24   0x08009f24   0x00000024   Data   RO          295    .rodata.os_timer_thread_attr  rtx_lib.o
    0x08009f48   0x08009f48   0x00000010   Data   RO           15    .rodata.str1.1      initmain.o
    0x08009f58   0x08009f58   0x000000f9   Data   RO          264    .rodata.str1.1      pb_encode.o
    0x0800a051   0x0800a051   0x00000003   PAD
    0x0800a054   0x0800a054   0x0000000b   Data   RO         1670    .rodata.str1.4      RTX_V7MF.lib(rtx_kernel.o)
    0x0800a05f   0x0800a05f   0x00000005   Data   RO           12    .rodata.transmitThread.command  initmain.o
    0x0800a064   0x0800a064   0x00000031   Data   RO           13    .rodata.transmitThread.udpCommand  initmain.o
    0x0800a095   0x0800a095   0x00000003   PAD
    0x0800a098   0x0800a098   0x00000030   Data   RO         2587    Region$$Table       anon$$obj.o
    0x0800a0c8   0x0800a0c8   0x0000001c   Data   RO         2504    locale$$data        c_wu.l(lc_numeric_c.o)
    0x0800a0e4   0x0800a0e4   0x00000110   Data   RO         2537    locale$$data        c_wu.l(lc_ctype_c.o)


    Execution Region RW_DTCM (Exec base: 0x20000000, Load base: 0x0800a1f4, Size: 0x00000600, Max: 0x00010000, ABSOLUTE)

    Exec Addr    Load Addr    Size         Type   Attr      Idx    E Section Name        Object

    0x20000000        -       0x00000200   Zero   RW         1554    HEAP                startup_stm32f746xx.o
    0x20000200        -       0x00000400   Zero   RW         1553    STACK               startup_stm32f746xx.o


    Execution Region RW_SRAM1 (Exec base: 0x20010000, Load base: 0x0800a200, Size: 0x00008db4, Max: 0x00040000, ABSOLUTE)

    Exec Addr    Load Addr    Size         Type   Attr      Idx    E Section Name        Object

    0x20010000   0x0800a200   0x00000004   Data   RW         1567    .data.SystemCoreClock  system_stm32f7xx.o
    0x20010004   0x0800a204   0x000000a4   Data   RW         1671    .data.os            RTX_V7MF.lib(rtx_kernel.o)
    0x200100a8   0x0800a2a8   0x00000004   Data   RW          411    .data.uwTickFreq    stm32f7xx_hal.o
    0x200100ac   0x0800a2ac   0x00000004   Data   RW          410    .data.uwTickPrio    stm32f7xx_hal.o
    0x200100b0   0x0800a2b0   0x00000010   PAD
    0x200100c0        -       0x00000060   Zero   RW         2390    .bss                c_wu.l(libspace.o)
    0x20010120        -       0x00000100   Zero   RW           14    .bss.buffer_transmit  initmain.o
    0x20010220        -       0x00000048   Zero   RW           56    .bss.hadc1          main.o
    0x20010268        -       0x00000064   Zero   RW           59    .bss.hdma_usart2_rx  main.o
    0x200102cc        -       0x00000064   Zero   RW           60    .bss.hdma_usart2_tx  main.o
    0x20010330        -       0x00000064   Zero   RW           61    .bss.hdma_usart6_rx  main.o
    0x20010394        -       0x00000064   Zero   RW           62    .bss.hdma_usart6_tx  main.o
    0x200103f8        -       0x00000070   Zero   RW         1546    .bss.htim6          stm32f7xx_hal_timebase_tim.o
    0x20010468        -       0x000000b4   Zero   RW           57    .bss.huart2         main.o
    0x2001051c        -       0x000000b4   Zero   RW           58    .bss.huart6         main.o
    0x200105d0        -       0x00008040   Zero   RW          293    .bss.os             rtx_lib.o
    0x20018610        -       0x00000001   Zero   RW          333    .bss.os             os_systick.o
    0x20018611   0x0800a2b0   0x00000003   PAD
    0x20018614        -       0x000001f0   Zero   RW          301    .bss.os.libspace    rtx_lib.o
    0x20018804        -       0x00000034   Zero   RW          305    .bss.os.msgqueue.cb  rtx_lib.o
    0x20018838        -       0x00000050   Zero   RW          306    .bss.os.msgqueue.mem  rtx_lib.o
    0x20018888        -       0x000000a0   Zero   RW          302    .bss.os.thread.cb   rtx_lib.o
    0x20018928        -       0x00000200   Zero   RW          303    .bss.os.thread.idle.stack  rtx_lib.o
    0x20018b28        -       0x00000200   Zero   RW          304    .bss.os.thread.timer.stack  rtx_lib.o
    0x20018d28        -       0x00000001   Zero   RW          307    .bss.os_kernel_is_active.os_kernel_active  rtx_lib.o
    0x20018d29        -       0x00000080   Zero   RW           10    .bss.transmitThread.buffer_stream  initmain.o
    0x20018da9   0x0800a2b0   0x00000003   PAD
    0x20018dac        -       0x00000004   Zero   RW           11    .bss.uartTxSemaphore  initmain.o
    0x20018db0        -       0x00000004   Zero   RW          412    .bss.uwTick         stm32f7xx_hal.o


==============================================================================

Image component sizes


      Code (inc. data)   RO Data    RW Data    ZI Data      Debug   Object Name

         0          0         44          0          0       1753   ftbot.pb.o
       650          0         70          0        388       8352   initmain.o
      1154          0          0          0        832      14963   main.o
       204          0          0          0          1       5575   os_systick.o
      1158          0          0          0          0       5745   pb_common.o
      4664         24        249          0          0      12110   pb_encode.o
        56          6          0          0          0        700   rtx_config.o
       300          0        268          0      34645       7995   rtx_lib.o
        64         26        456          0       1536        872   startup_stm32f746xx.o
        76          0          0          8          4       7892   stm32f7xx_hal.o
      1186          0          0          0          0      10137   stm32f7xx_hal_adc.o
       602          0          0          0          0      10564   stm32f7xx_hal_cortex.o
      1972          8          8          0          0       8652   stm32f7xx_hal_dma.o
      1046          0          0          0          0       5340   stm32f7xx_hal_gpio.o
       916          0          0          0          0      10865   stm32f7xx_hal_msp.o
       190          0          0          0          0       5852   stm32f7xx_hal_pwr_ex.o
      2770          0          0          0          0       8178   stm32f7xx_hal_rcc.o
      2144          0          0          0          0       7401   stm32f7xx_hal_rcc_ex.o
      1524          0          0          0          0      37096   stm32f7xx_hal_tim.o
        24          0          0          0          0      16116   stm32f7xx_hal_tim_ex.o
       224          0          0          0        112       7736   stm32f7xx_hal_timebase_tim.o
      4478         38          0          0          0      26136   stm32f7xx_hal_uart.o
       112          0          0          0          0       1019   stm32f7xx_it.o
        18          0         24          4          0       3333   system_stm32f7xx.o

    ----------------------------------------------------------------------
     25858        102       1173         12      37540     224382   Object Totals
         0          0         48          0          0          0   (incl. Generated)
       326          0          6          0         22          0   (incl. Padding)

    ----------------------------------------------------------------------

      Code (inc. data)   RO Data    RW Data    ZI Data      Debug   Library Member Name

       196         12          0          0          0        712   irq_armv7m.o
        58          4          0          0          0       3032   rtx_delay.o
       536         32         11        164          0      19332   rtx_kernel.o
       230          0          0          0          0       2808   rtx_memory.o
       188          0          0          0          0      16536   rtx_mempool.o
      1300         20          0          0          0      19223   rtx_msgqueue.o
       894         28          0          0          0      10977   rtx_mutex.o
       566         20          0          0          0      11359   rtx_semaphore.o
       392         48          0          0          0       5563   rtx_system.o
      1724         56          0          0          0      38973   rtx_thread.o
       248         16          0          0          0      11024   rtx_timer.o
         8          0          0          0          0         68   __main.o
       392          4         17          0          0         92   __printf_flags_ss_wp.o
        14          0          0          0          0         68   __printf_wp.o
         0          0          0          0          0          0   __rtentry.o
        20          0          0          0          0          0   __rtentry2.o
         6          0          0          0          0          0   __rtentry4.o
        94          8          0          0          0          0   __scatter.o
        26          0          0          0          0          0   __scatter_copy.o
        28          0          0          0          0          0   __scatter_zi.o
        72          0          0          0          0         96   _c32rtomb.o
         6          0          0          0          0          0   _printf_a.o
         6          0          0          0          0          0   _printf_c.o
        44          0          0          0          0        108   _printf_char.o
        48          6          0          0          0         96   _printf_char_common.o
        40          0          0          0          0         68   _printf_charcount.o
         6          0          0          0          0          0   _printf_d.o
       120         16          0          0          0         92   _printf_dec.o
         6          0          0          0          0          0   _printf_e.o
         6          0          0          0          0          0   _printf_f.o
      1052          0          0          0          0        148   _printf_fp_dec.o
       764          8         38          0          0        100   _printf_fp_hex.o
       128         16          0          0          0         84   _printf_fp_infnan.o
         6          0          0          0          0          0   _printf_g.o
       148          4         40          0          0        160   _printf_hex_int_ll_ptr.o
         6          0          0          0          0          0   _printf_i.o
       178          0          0          0          0         88   _printf_intcommon.o
        10          0          0          0          0          0   _printf_l.o
         6          0          0          0          0          0   _printf_lc.o
        10          0          0          0          0          0   _printf_ll.o
         6          0          0          0          0          0   _printf_lld.o
         6          0          0          0          0          0   _printf_lli.o
         6          0          0          0          0          0   _printf_llo.o
         6          0          0          0          0          0   _printf_llu.o
         6          0          0          0          0          0   _printf_llx.o
       124         16          0          0          0         92   _printf_longlong_dec.o
         6          0          0          0          0          0   _printf_ls.o
         6          0          0          0          0          0   _printf_n.o
         6          0          0          0          0          0   _printf_o.o
       112          8          0          0          0        124   _printf_oct_int_ll.o
         6          0          0          0          0          0   _printf_p.o
        78          0          0          0          0        108   _printf_pad.o
         0          0          0          0          0          0   _printf_percent.o
         4          0          0          0          0          0   _printf_percent_end.o
         6          0          0          0          0          0   _printf_s.o
        82          0          0          0          0         80   _printf_str.o
        36          0          0          0          0         84   _printf_truncate.o
         6          0          0          0          0          0   _printf_u.o
        44          0          0          0          0        108   _printf_wchar.o
       188          6          8          0          0         92   _printf_wctomb.o
         6          0          0          0          0          0   _printf_x.o
        16          0          0          0          0         68   _snputc.o
       228          4        148          0          0         96   bigflt0.o
      1936        128          0          0          0        668   btod.o
        18          0          0          0          0         80   exit.o
         6          0          0          0          0        152   heapauxi.o
         0          0          0          0          0          0   indicate_semi.o
        44         10        272          0          0         76   lc_ctype_c.o
        44         10         28          0          0         76   lc_numeric_c.o
         2          0          0          0          0          0   libinit.o
        34          0          0          0          0          0   libinit2.o
         2          0          0          0          0          0   libshutdown.o
         2          0          0          0          0          0   libshutdown2.o
         8          4          0          0         96         68   libspace.o
       138          0          0          0          0         80   lludiv10.o
       240          0          0          0          0        100   lludivv7m.o
        16          4          0          0          0         76   rt_ctype_table.o
        10          0          0          0          0         76   rt_locale_twolibspace.o
        68          0          0          0          0         68   rt_memclr.o
        78          0          0          0          0         80   rt_memclr_w.o
       138          0          0          0          0         68   rt_memcpy_v6.o
       100          0          0          0          0         80   rt_memcpy_w.o
         2          0          0          0          0          0   rtexit.o
        10          0          0          0          0          0   rtexit2.o
        64          6          0          0          0         84   snprintf.o
       124          0          0          0          0         88   strcmpv7m_pel.o
        12          4          0          0          0         68   sys_exit.o
        74          0          0          0          0         80   sys_stackheap_outer.o
         2          0          0          0          0         68   use_no_semi.o
        26          0          0          0          0        116   fpinit.o
         4          0          0          0          0        116   printf1.o
         4          0          0          0          0        116   printf2.o
         0          0          0          0          0          0   usenofp.o
        48          0          0          0          0        124   fpclassify.o

    ----------------------------------------------------------------------
     13866        502        563        164         96     144267   Library Totals
        46          4          1          0          0          0   (incl. Padding)

    ----------------------------------------------------------------------

      Code (inc. data)   RO Data    RW Data    ZI Data      Debug   Library Name

      6332        236         11        164          0     139539   RTX_V7MF.lib
      7406        262        551          0         96       4256   c_wu.l
        34          0          0          0          0        348   fz_wm.l
        48          0          0          0          0        124   m_wm.l

    ----------------------------------------------------------------------
     13866        502        563        164         96     144267   Library Totals

    ----------------------------------------------------------------------

==============================================================================


      Code (inc. data)   RO Data    RW Data    ZI Data      Debug   

     39724        604       1736        176      37636     365609   Grand Totals
     39724        604       1736        176      37636     365609   ELF Image Totals
     39724        604       1736        176          0          0   ROM Totals

==============================================================================

    Total RO  Size (Code + RO Data)                41460 (  40.49kB)
    Total RW  Size (RW Data + ZI Data)             37812 (  36.93kB)
    Total ROM Size (Code + RO Data + RW Data)      41636 (  40.66kB)

==============================================================================

