Component: Arm Compiler for Embedded 6.21 Tool: armlink [5ec1fa00]

==============================================================================

Section Cross References

    main.o(.text.main) refers to stm32f7xx_hal.o(.text.HAL_Init) for HAL_Init
    main.o(.text.main) refers to main.o(.text.SystemClock_Config) for SystemClock_Config
    main.o(.text.main) refers to main.o(.text.MX_GPIO_Init) for MX_GPIO_Init
    main.o(.text.main) refers to main.o(.text.MX_DMA_Init) for MX_DMA_Init
    main.o(.text.main) refers to main.o(.text.MX_USART6_UART_Init) for MX_USART6_UART_Init
    main.o(.text.main) refers to rtx_kernel.o(.text.osKernelInitialize) for osKernelInitialize
    main.o(.text.main) refers to rtx_thread.o(.text.osThreadNew) for osThreadNew
    main.o(.text.main) refers to rtx_kernel.o(.text.osKernelStart) for osKernelStart
    main.o(.ARM.exidx.text.main) refers to main.o(.text.main) for [Anonymous Symbol]
    main.o(.text.SystemClock_Config) refers to rt_memclr_w.o(.text) for __aeabi_memclr4
    main.o(.text.SystemClock_Config) refers to stm32f7xx_hal_rcc.o(.text.HAL_RCC_OscConfig) for HAL_RCC_OscConfig
    main.o(.text.SystemClock_Config) refers to main.o(.text.Error_Handler) for Error_Handler
    main.o(.text.SystemClock_Config) refers to stm32f7xx_hal_pwr_ex.o(.text.HAL_PWREx_EnableOverDrive) for HAL_PWREx_EnableOverDrive
    main.o(.text.SystemClock_Config) refers to stm32f7xx_hal_rcc.o(.text.HAL_RCC_ClockConfig) for HAL_RCC_ClockConfig
    main.o(.ARM.exidx.text.SystemClock_Config) refers to main.o(.text.SystemClock_Config) for [Anonymous Symbol]
    main.o(.text.MX_GPIO_Init) refers to stm32f7xx_hal_gpio.o(.text.HAL_GPIO_WritePin) for HAL_GPIO_WritePin
    main.o(.text.MX_GPIO_Init) refers to stm32f7xx_hal_gpio.o(.text.HAL_GPIO_Init) for HAL_GPIO_Init
    main.o(.ARM.exidx.text.MX_GPIO_Init) refers to main.o(.text.MX_GPIO_Init) for [Anonymous Symbol]
    main.o(.text.MX_DMA_Init) refers to stm32f7xx_hal_cortex.o(.text.HAL_NVIC_SetPriority) for HAL_NVIC_SetPriority
    main.o(.text.MX_DMA_Init) refers to stm32f7xx_hal_cortex.o(.text.HAL_NVIC_EnableIRQ) for HAL_NVIC_EnableIRQ
    main.o(.ARM.exidx.text.MX_DMA_Init) refers to main.o(.text.MX_DMA_Init) for [Anonymous Symbol]
    main.o(.text.MX_USART6_UART_Init) refers to main.o(.bss.huart6) for huart6
    main.o(.text.MX_USART6_UART_Init) refers to stm32f7xx_hal_uart.o(.text.HAL_UART_Init) for HAL_UART_Init
    main.o(.text.MX_USART6_UART_Init) refers to main.o(.text.Error_Handler) for Error_Handler
    main.o(.ARM.exidx.text.MX_USART6_UART_Init) refers to main.o(.text.MX_USART6_UART_Init) for [Anonymous Symbol]
    main.o(.ARM.exidx.text.Error_Handler) refers to main.o(.text.Error_Handler) for [Anonymous Symbol]
    main.o(.text.HAL_TIM_PeriodElapsedCallback) refers to stm32f7xx_hal.o(.text.HAL_IncTick) for HAL_IncTick
    main.o(.ARM.exidx.text.HAL_TIM_PeriodElapsedCallback) refers to main.o(.text.HAL_TIM_PeriodElapsedCallback) for [Anonymous Symbol]
    stm32f7xx_it.o(.text.TIM6_DAC_IRQHandler) refers to stm32f7xx_hal_timebase_tim.o(.bss.htim6) for htim6
    stm32f7xx_it.o(.text.TIM6_DAC_IRQHandler) refers to stm32f7xx_hal_tim.o(.text.HAL_TIM_IRQHandler) for HAL_TIM_IRQHandler
    stm32f7xx_it.o(.ARM.exidx.text.TIM6_DAC_IRQHandler) refers to stm32f7xx_it.o(.text.TIM6_DAC_IRQHandler) for [Anonymous Symbol]
    stm32f7xx_it.o(.text.DMA2_Stream1_IRQHandler) refers to main.o(.bss.hdma_usart6_rx) for hdma_usart6_rx
    stm32f7xx_it.o(.text.DMA2_Stream1_IRQHandler) refers to stm32f7xx_hal_dma.o(.text.HAL_DMA_IRQHandler) for HAL_DMA_IRQHandler
    stm32f7xx_it.o(.ARM.exidx.text.DMA2_Stream1_IRQHandler) refers to stm32f7xx_it.o(.text.DMA2_Stream1_IRQHandler) for [Anonymous Symbol]
    stm32f7xx_it.o(.text.DMA2_Stream6_IRQHandler) refers to main.o(.bss.hdma_usart6_tx) for hdma_usart6_tx
    stm32f7xx_it.o(.text.DMA2_Stream6_IRQHandler) refers to stm32f7xx_hal_dma.o(.text.HAL_DMA_IRQHandler) for HAL_DMA_IRQHandler
    stm32f7xx_it.o(.ARM.exidx.text.DMA2_Stream6_IRQHandler) refers to stm32f7xx_it.o(.text.DMA2_Stream6_IRQHandler) for [Anonymous Symbol]
    rtx_lib.o(.text._platform_post_stackheap_init) refers to rtx_kernel.o(.text.osKernelInitialize) for osKernelInitialize
    rtx_lib.o(.ARM.exidx.text._platform_post_stackheap_init) refers to rtx_lib.o(.text._platform_post_stackheap_init) for [Anonymous Symbol]
    rtx_lib.o(.text.$Sub$$_fp_init) refers to fpinit.o(x$fpl$fpinit) for $Super$$_fp_init
    rtx_lib.o(.ARM.exidx.text.$Sub$$_fp_init) refers to rtx_lib.o(.text.$Sub$$_fp_init) for [Anonymous Symbol]
    rtx_lib.o(.text.__user_perthread_libspace) refers to rtx_lib.o(.text.os_kernel_is_active) for os_kernel_is_active
    rtx_lib.o(.text.__user_perthread_libspace) refers to rtx_thread.o(.text.osThreadGetId) for osThreadGetId
    rtx_lib.o(.text.__user_perthread_libspace) refers to rtx_lib.o(.bss.os.libspace) for os_libspace_id
[...]
    Removing stm32f7xx_hal_cortex.o(.ARM.exidx.text.HAL_NVIC_GetPriorityGrouping), (8 bytes).
    Removing stm32f7xx_hal_cortex.o(.text.HAL_NVIC_GetPriority), (32 bytes).
    Removing stm32f7xx_hal_cortex.o(.ARM.exidx.text.HAL_NVIC_GetPriority), (8 bytes).
    Removing stm32f7xx_hal_cortex.o(.text.NVIC_DecodePriority), (118 bytes).
    Removing stm32f7xx_hal_cortex.o(.ARM.exidx.text.NVIC_DecodePriority), (8 bytes).
    Removing stm32f7xx_hal_cortex.o(.text.__NVIC_GetPriority), (58 bytes).
    Removing stm32f7xx_hal_cortex.o(.ARM.exidx.text.__NVIC_GetPriority), (8 bytes).
    Removing stm32f7xx_hal_cortex.o(.text.HAL_NVIC_SetPendingIRQ), (16 bytes).
    Removing stm32f7xx_hal_cortex.o(.ARM.exidx.text.HAL_NVIC_SetPendingIRQ), (8 bytes).
    Removing stm32f7xx_hal_cortex.o(.text.__NVIC_SetPendingIRQ), (42 bytes).
    Removing stm32f7xx_hal_cortex.o(.ARM.exidx.text.__NVIC_SetPendingIRQ), (8 bytes).
    Removing stm32f7xx_hal_cortex.o(.text.HAL_NVIC_GetPendingIRQ), (16 bytes).
    Removing stm32f7xx_hal_cortex.o(.ARM.exidx.text.HAL_NVIC_GetPendingIRQ), (8 bytes).
    Removing stm32f7xx_hal_cortex.o(.text.__NVIC_GetPendingIRQ), (56 bytes).
    Removing stm32f7xx_hal_cortex.o(.ARM.exidx.text.__NVIC_GetPendingIRQ), (8 bytes).
    Removing stm32f7xx_hal_cortex.o(.text.HAL_NVIC_ClearPendingIRQ), (16 bytes).
    Removing stm32f7xx_hal_cortex.o(.ARM.exidx.text.HAL_NVIC_ClearPendingIRQ), (8 bytes).
    Removing stm32f7xx_hal_cortex.o(.text.__NVIC_ClearPendingIRQ), (42 bytes).
    Removing stm32f7xx_hal_cortex.o(.ARM.exidx.text.__NVIC_ClearPendingIRQ), (8 bytes).
    Removing stm32f7xx_hal_cortex.o(.text.HAL_NVIC_GetActive), (16 bytes).
    Removing stm32f7xx_hal_cortex.o(.ARM.exidx.text.HAL_NVIC_GetActive), (8 bytes).
    Removing stm32f7xx_hal_cortex.o(.text.__NVIC_GetActive), (56 bytes).
    Removing stm32f7xx_hal_cortex.o(.ARM.exidx.text.__NVIC_GetActive), (8 bytes).
    Removing stm32f7xx_hal_cortex.o(.text.HAL_SYSTICK_CLKSourceConfig), (52 bytes).
    Removing stm32f7xx_hal_cortex.o(.ARM.exidx.text.HAL_SYSTICK_CLKSourceConfig), (8 bytes).
    Removing stm32f7xx_hal_cortex.o(.text.HAL_SYSTICK_IRQHandler), (8 bytes).
    Removing stm32f7xx_hal_cortex.o(.ARM.exidx.text.HAL_SYSTICK_IRQHandler), (8 bytes).
    Removing stm32f7xx_hal_cortex.o(.text.HAL_SYSTICK_Callback), (2 bytes).
    Removing stm32f7xx_hal_cortex.o(.ARM.exidx.text.HAL_SYSTICK_Callback), (8 bytes).
    Removing stm32f7xx_hal_dma.o(.text), (0 bytes).
    Removing stm32f7xx_hal_dma.o(.ARM.exidx.text.HAL_DMA_Init), (8 bytes).
    Removing stm32f7xx_hal_dma.o(.ARM.exidx.text.DMA_CheckFifoParam), (8 bytes).
    Removing stm32f7xx_hal_dma.o(.ARM.exidx.text.DMA_CalcBaseAndBitshift), (8 bytes).
    Removing stm32f7xx_hal_dma.o(.text.HAL_DMA_DeInit), (166 bytes).
    Removing stm32f7xx_hal_dma.o(.ARM.exidx.text.HAL_DMA_DeInit), (8 bytes).
    Removing stm32f7xx_hal_dma.o(.text.HAL_DMA_Start), (120 bytes).
    Removing stm32f7xx_hal_dma.o(.ARM.exidx.text.HAL_DMA_Start), (8 bytes).
    Removing stm32f7xx_hal_dma.o(.text.DMA_SetConfig), (80 bytes).
    Removing stm32f7xx_hal_dma.o(.ARM.exidx.text.DMA_SetConfig), (8 bytes).
    Removing stm32f7xx_hal_dma.o(.text.HAL_DMA_Start_IT), (184 bytes).
    Removing stm32f7xx_hal_dma.o(.ARM.exidx.text.HAL_DMA_Start_IT), (8 bytes).
    Removing stm32f7xx_hal_dma.o(.text.HAL_DMA_Abort), (216 bytes).
    Removing stm32f7xx_hal_dma.o(.ARM.exidx.text.HAL_DMA_Abort), (8 bytes).
    Removing stm32f7xx_hal_dma.o(.text.HAL_DMA_Abort_IT), (58 bytes).
    Removing stm32f7xx_hal_dma.o(.ARM.exidx.text.HAL_DMA_Abort_IT), (8 bytes).
    Removing stm32f7xx_hal_dma.o(.text.HAL_DMA_PollForTransfer), (468 bytes).
    Removing stm32f7xx_hal_dma.o(.ARM.exidx.text.HAL_DMA_PollForTransfer), (8 bytes).
    Removing stm32f7xx_hal_dma.o(.ARM.exidx.text.HAL_DMA_IRQHandler), (8 bytes).
    Removing stm32f7xx_hal_dma.o(.text.HAL_DMA_RegisterCallback), (154 bytes).
    Removing stm32f7xx_hal_dma.o(.ARM.exidx.text.HAL_DMA_RegisterCallback), (8 bytes).
    Removing stm32f7xx_hal_dma.o(.text.HAL_DMA_UnRegisterCallback), (182 bytes).
    Removing stm32f7xx_hal_dma.o(.ARM.exidx.text.HAL_DMA_UnRegisterCallback), (8 bytes).
    Removing stm32f7xx_hal_dma.o(.text.HAL_DMA_GetState), (12 bytes).
    Removing stm32f7xx_hal_dma.o(.ARM.exidx.text.HAL_DMA_GetState), (8 bytes).
    Removing stm32f7xx_hal_dma.o(.text.HAL_DMA_GetError), (12 bytes).
    Removing stm32f7xx_hal_dma.o(.ARM.exidx.text.HAL_DMA_GetError), (8 bytes).
    Removing stm32f7xx_hal_dma_ex.o(.text), (0 bytes).
    Removing stm32f7xx_hal_dma_ex.o(.text.HAL_DMAEx_MultiBufferStart), (154 bytes).
    Removing stm32f7xx_hal_dma_ex.o(.ARM.exidx.text.HAL_DMAEx_MultiBufferStart), (8 bytes).
    Removing stm32f7xx_hal_dma_ex.o(.text.DMA_MultiBufferSetConfig), (68 bytes).
    Removing stm32f7xx_hal_dma_ex.o(.ARM.exidx.text.DMA_MultiBufferSetConfig), (8 bytes).
    Removing stm32f7xx_hal_dma_ex.o(.text.HAL_DMAEx_MultiBufferStart_IT), (8180 bytes).
    Removing stm32f7xx_hal_dma_ex.o(.ARM.exidx.text.HAL_DMAEx_MultiBufferStart_IT), (8 bytes).
    Removing stm32f7xx_hal_dma_ex.o(.text.HAL_DMAEx_ChangeMemory), (40 bytes).
    Removing stm32f7xx_hal_dma_ex.o(.ARM.exidx.text.HAL_DMAEx_ChangeMemory), (8 bytes).
    Removing stm32f7xx_hal_gpio.o(.text), (0 bytes).
    Removing stm32f7xx_hal_gpio.o(.ARM.exidx.text.HAL_GPIO_Init), (8 bytes).
    Removing stm32f7xx_hal_gpio.o(.text.HAL_GPIO_DeInit), (604 bytes).
    Removing stm32f7xx_hal_gpio.o(.ARM.exidx.text.HAL_GPIO_DeInit), (8 bytes).
    Removing stm32f7xx_hal_gpio.o(.text.HAL_GPIO_ReadPin), (40 bytes).
    Removing stm32f7xx_hal_gpio.o(.ARM.exidx.text.HAL_GPIO_ReadPin), (8 bytes).
    Removing stm32f7xx_hal_gpio.o(.ARM.exidx.text.HAL_GPIO_WritePin), (8 bytes).
    Removing stm32f7xx_hal_gpio.o(.text.HAL_GPIO_TogglePin), (38 bytes).
    Removing stm32f7xx_hal_gpio.o(.ARM.exidx.text.HAL_GPIO_TogglePin), (8 bytes).
    Removing stm32f7xx_hal_gpio.o(.text.HAL_GPIO_LockPin), (80 bytes).
    Removing stm32f7xx_hal_gpio.o(.ARM.exidx.text.HAL_GPIO_LockPin), (8 bytes).
    Removing stm32f7xx_hal_gpio.o(.text.HAL_GPIO_EXTI_IRQHandler), (56 bytes).
    Removing stm32f7xx_hal_gpio.o(.ARM.exidx.text.HAL_GPIO_EXTI_IRQHandler), (8 bytes).
    Removing stm32f7xx_hal_gpio.o(.text.HAL_GPIO_EXTI_Callback), (10 bytes).
    Removing stm32f7xx_hal_gpio.o(.ARM.exidx.text.HAL_GPIO_EXTI_Callback), (8 bytes).
    Removing stm32f7xx_hal_pwr.o(.text), (0 bytes).
    Removing stm32f7xx_hal_pwr.o(.text.HAL_PWR_DeInit), (26 bytes).
    Removing stm32f7xx_hal_pwr.o(.ARM.exidx.text.HAL_PWR_DeInit), (8 bytes).
    Removing stm32f7xx_hal_pwr.o(.text.HAL_PWR_EnableBkUpAccess), (18 bytes).
    Removing stm32f7xx_hal_pwr.o(.ARM.exidx.text.HAL_PWR_EnableBkUpAccess), (8 bytes).
    Removing stm32f7xx_hal_pwr.o(.text.HAL_PWR_DisableBkUpAccess), (18 bytes).
    Removing stm32f7xx_hal_pwr.o(.ARM.exidx.text.HAL_PWR_DisableBkUpAccess), (8 bytes).
    Removing stm32f7xx_hal_pwr.o(.text.HAL_PWR_ConfigPVD), (210 bytes).
    Removing stm32f7xx_hal_pwr.o(.ARM.exidx.text.HAL_PWR_ConfigPVD), (8 bytes).
    Removing stm32f7xx_hal_pwr.o(.text.HAL_PWR_EnablePVD), (18 bytes).
    Removing stm32f7xx_hal_pwr.o(.ARM.exidx.text.HAL_PWR_EnablePVD), (8 bytes).
    Removing stm32f7xx_hal_pwr.o(.text.HAL_PWR_DisablePVD), (18 bytes).
    Removing stm32f7xx_hal_pwr.o(.ARM.exidx.text.HAL_PWR_DisablePVD), (8 bytes).
    Removing stm32f7xx_hal_pwr.o(.text.HAL_PWR_EnableWakeUpPin), (56 bytes).
    Removing stm32f7xx_hal_pwr.o(.ARM.exidx.text.HAL_PWR_EnableWakeUpPin), (8 bytes).
    Removing stm32f7xx_hal_pwr.o(.text.HAL_PWR_DisableWakeUpPin), (24 bytes).
    Removing stm32f7xx_hal_pwr.o(.ARM.exidx.text.HAL_PWR_DisableWakeUpPin), (8 bytes).
    Removing stm32f7xx_hal_pwr.o(.text.HAL_PWR_EnterSLEEPMode), (58 bytes).
    Removing stm32f7xx_hal_pwr.o(.ARM.exidx.text.HAL_PWR_EnterSLEEPMode), (8 bytes).
    Removing stm32f7xx_hal_pwr.o(.text.HAL_PWR_EnterSTOPMode), (110 bytes).
    Removing stm32f7xx_hal_pwr.o(.ARM.exidx.text.HAL_PWR_EnterSTOPMode), (8 bytes).
    Removing stm32f7xx_hal_pwr.o(.text.HAL_PWR_EnterSTANDBYMode), (36 bytes).
    Removing stm32f7xx_hal_pwr.o(.ARM.exidx.text.HAL_PWR_EnterSTANDBYMode), (8 bytes).
    Removing stm32f7xx_hal_pwr.o(.text.HAL_PWR_PVD_IRQHandler), (42 bytes).
    Removing stm32f7xx_hal_pwr.o(.ARM.exidx.text.HAL_PWR_PVD_IRQHandler), (8 bytes).
    Removing stm32f7xx_hal_pwr.o(.text.HAL_PWR_PVDCallback), (2 bytes).
    Removing stm32f7xx_hal_pwr.o(.ARM.exidx.text.HAL_PWR_PVDCallback), (8 bytes).
    Removing stm32f7xx_hal_pwr.o(.text.HAL_PWR_EnableSleepOnExit), (18 bytes).
    Removing stm32f7xx_hal_pwr.o(.ARM.exidx.text.HAL_PWR_EnableSleepOnExit), (8 bytes).
    Removing stm32f7xx_hal_pwr.o(.text.HAL_PWR_DisableSleepOnExit), (18 bytes).
    Removing stm32f7xx_hal_pwr.o(.ARM.exidx.text.HAL_PWR_DisableSleepOnExit), (8 bytes).
    Removing stm32f7xx_hal_pwr.o(.text.HAL_PWR_EnableSEVOnPend), (18 bytes).
    Removing stm32f7xx_hal_pwr.o(.ARM.exidx.text.HAL_PWR_EnableSEVOnPend), (8 bytes).
    Removing stm32f7xx_hal_pwr.o(.text.HAL_PWR_DisableSEVOnPend), (18 bytes).
    Removing stm32f7xx_hal_pwr.o(.ARM.exidx.text.HAL_PWR_DisableSEVOnPend), (8 bytes).
    Removing stm32f7xx_hal_pwr_ex.o(.text), (0 bytes).
    Removing stm32f7xx_hal_pwr_ex.o(.text.HAL_PWREx_EnableBkUpReg), (100 bytes).
    Removing stm32f7xx_hal_pwr_ex.o(.ARM.exidx.text.HAL_PWREx_EnableBkUpReg), (8 bytes).
    Removing stm32f7xx_hal_pwr_ex.o(.text.HAL_PWREx_DisableBkUpReg), (100 bytes).
    Removing stm32f7xx_hal_pwr_ex.o(.ARM.exidx.text.HAL_PWREx_DisableBkUpReg), (8 bytes).
    Removing stm32f7xx_hal_pwr_ex.o(.text.HAL_PWREx_EnableFlashPowerDown), (18 bytes).
    Removing stm32f7xx_hal_pwr_ex.o(.ARM.exidx.text.HAL_PWREx_EnableFlashPowerDown), (8 bytes).
    Removing stm32f7xx_hal_pwr_ex.o(.text.HAL_PWREx_DisableFlashPowerDown), (18 bytes).
    Removing stm32f7xx_hal_pwr_ex.o(.ARM.exidx.text.HAL_PWREx_DisableFlashPowerDown), (8 bytes).
    Removing stm32f7xx_hal_pwr_ex.o(.text.HAL_PWREx_EnableMainRegulatorLowVoltage), (18 bytes).
    Removing stm32f7xx_hal_pwr_ex.o(.ARM.exidx.text.HAL_PWREx_EnableMainRegulatorLowVoltage), (8 bytes).
    Removing stm32f7xx_hal_pwr_ex.o(.text.HAL_PWREx_DisableMainRegulatorLowVoltage), (18 bytes).
    Removing stm32f7xx_hal_pwr_ex.o(.ARM.exidx.text.HAL_PWREx_DisableMainRegulatorLowVoltage), (8 bytes).
    Removing stm32f7xx_hal_pwr_ex.o(.text.HAL_PWREx_EnableLowRegulatorLowVoltage), (18 bytes).
    Removing stm32f7xx_hal_pwr_ex.o(.ARM.exidx.text.HAL_PWREx_EnableLowRegulatorLowVoltage), (8 bytes).
    Removing stm32f7xx_hal_pwr_ex.o(.text.HAL_PWREx_DisableLowRegulatorLowVoltage), (18 bytes).
    Removing stm32f7xx_hal_pwr_ex.o(.ARM.exidx.text.HAL_PWREx_DisableLowRegulatorLowVoltage), (8 bytes).
    Removing stm32f7xx_hal_pwr_ex.o(.ARM.exidx.text.HAL_PWREx_EnableOverDrive), (8 bytes).
    Removing stm32f7xx_hal_pwr_ex.o(.text.HAL_PWREx_DisableOverDrive), (182 bytes).
    Removing stm32f7xx_hal_pwr_ex.o(.ARM.exidx.text.HAL_PWREx_DisableOverDrive), (8 bytes).
    Removing stm32f7xx_hal_pwr_ex.o(.text.HAL_PWREx_EnterUnderDriveSTOPMode), (234 bytes).
    Removing stm32f7xx_hal_pwr_ex.o(.ARM.exidx.text.HAL_PWREx_EnterUnderDriveSTOPMode), (8 bytes).
    Removing stm32f7xx_hal_pwr_ex.o(.text.HAL_PWREx_GetVoltageRange), (16 bytes).
    Removing stm32f7xx_hal_pwr_ex.o(.ARM.exidx.text.HAL_PWREx_GetVoltageRange), (8 bytes).
    Removing stm32f7xx_hal_pwr_ex.o(.text.HAL_PWREx_ControlVoltageScaling), (310 bytes).
    Removing stm32f7xx_hal_pwr_ex.o(.ARM.exidx.text.HAL_PWREx_ControlVoltageScaling), (8 bytes).
    Removing stm32f7xx_hal_rcc.o(.text), (0 bytes).
    Removing stm32f7xx_hal_rcc.o(.text.HAL_RCC_DeInit), (552 bytes).
    Removing stm32f7xx_hal_rcc.o(.ARM.exidx.text.HAL_RCC_DeInit), (8 bytes).
    Removing stm32f7xx_hal_rcc.o(.ARM.exidx.text.HAL_RCC_OscConfig), (8 bytes).
    Removing stm32f7xx_hal_rcc.o(.ARM.exidx.text.HAL_RCC_ClockConfig), (8 bytes).
    Removing stm32f7xx_hal_rcc.o(.ARM.exidx.text.HAL_RCC_GetSysClockFreq), (8 bytes).
    Removing stm32f7xx_hal_rcc.o(.text.HAL_RCC_MCOConfig), (200 bytes).
    Removing stm32f7xx_hal_rcc.o(.ARM.exidx.text.HAL_RCC_MCOConfig), (8 bytes).
    Removing stm32f7xx_hal_rcc.o(.text.HAL_RCC_EnableCSS), (18 bytes).
    Removing stm32f7xx_hal_rcc.o(.ARM.exidx.text.HAL_RCC_EnableCSS), (8 bytes).
    Removing stm32f7xx_hal_rcc.o(.text.HAL_RCC_DisableCSS), (18 bytes).
    Removing stm32f7xx_hal_rcc.o(.ARM.exidx.text.HAL_RCC_DisableCSS), (8 bytes).
    Removing stm32f7xx_hal_rcc.o(.ARM.exidx.text.HAL_RCC_GetHCLKFreq), (8 bytes).
    Removing stm32f7xx_hal_rcc.o(.ARM.exidx.text.HAL_RCC_GetPCLK1Freq), (8 bytes).
    Removing stm32f7xx_hal_rcc.o(.ARM.exidx.text.HAL_RCC_GetPCLK2Freq), (8 bytes).
    Removing stm32f7xx_hal_rcc.o(.text.HAL_RCC_GetOscConfig), (320 bytes).
    Removing stm32f7xx_hal_rcc.o(.ARM.exidx.text.HAL_RCC_GetOscConfig), (8 bytes).
    Removing stm32f7xx_hal_rcc.o(.ARM.exidx.text.HAL_RCC_GetClockConfig), (8 bytes).
    Removing stm32f7xx_hal_rcc.o(.text.HAL_RCC_NMI_IRQHandler), (40 bytes).
    Removing stm32f7xx_hal_rcc.o(.ARM.exidx.text.HAL_RCC_NMI_IRQHandler), (8 bytes).
    Removing stm32f7xx_hal_rcc.o(.text.HAL_RCC_CSSCallback), (2 bytes).
    Removing stm32f7xx_hal_rcc.o(.ARM.exidx.text.HAL_RCC_CSSCallback), (8 bytes).
    Removing stm32f7xx_hal_rcc_ex.o(.text), (0 bytes).
    Removing stm32f7xx_hal_rcc_ex.o(.ARM.exidx.text.HAL_RCCEx_PeriphCLKConfig), (8 bytes).
    Removing stm32f7xx_hal_rcc_ex.o(.text.HAL_RCCEx_GetPeriphCLKConfig), (486 bytes).
    Removing stm32f7xx_hal_rcc_ex.o(.ARM.exidx.text.HAL_RCCEx_GetPeriphCLKConfig), (8 bytes).
    Removing stm32f7xx_hal_rcc_ex.o(.text.HAL_RCCEx_GetPeriphCLKFreq), (752 bytes).
    Removing stm32f7xx_hal_rcc_ex.o(.ARM.exidx.text.HAL_RCCEx_GetPeriphCLKFreq), (8 bytes).
    Removing stm32f7xx_hal_rcc_ex.o(.text.HAL_RCCEx_EnablePLLI2S), (192 bytes).
    Removing stm32f7xx_hal_rcc_ex.o(.ARM.exidx.text.HAL_RCCEx_EnablePLLI2S), (8 bytes).
    Removing stm32f7xx_hal_rcc_ex.o(.text.HAL_RCCEx_DisablePLLI2S), (80 bytes).
    Removing stm32f7xx_hal_rcc_ex.o(.ARM.exidx.text.HAL_RCCEx_DisablePLLI2S), (8 bytes).
    Removing stm32f7xx_hal_rcc_ex.o(.text.HAL_RCCEx_EnablePLLSAI), (192 bytes).
    Removing stm32f7xx_hal_rcc_ex.o(.ARM.exidx.text.HAL_RCCEx_EnablePLLSAI), (8 bytes).
    Removing stm32f7xx_hal_rcc_ex.o(.text.HAL_RCCEx_DisablePLLSAI), (86 bytes).
    Removing stm32f7xx_hal_rcc_ex.o(.ARM.exidx.text.HAL_RCCEx_DisablePLLSAI), (8 bytes).
    Removing stm32f7xx_hal_tim.o(.text), (0 bytes).
    Removing stm32f7xx_hal_tim.o(.ARM.exidx.text.HAL_TIM_Base_Init), (8 bytes).
    Removing stm32f7xx_hal_tim.o(.ARM.exidx.text.HAL_TIM_Base_MspInit), (8 bytes).
    Removing stm32f7xx_hal_tim.o(.ARM.exidx.text.TIM_Base_SetConfig), (8 bytes).
    Removing stm32f7xx_hal_tim.o(.text.HAL_TIM_Base_DeInit), (150 bytes).
    Removing stm32f7xx_hal_tim.o(.ARM.exidx.text.HAL_TIM_Base_DeInit), (8 bytes).
    Removing stm32f7xx_hal_tim.o(.text.HAL_TIM_Base_MspDeInit), (8 bytes).
    Removing stm32f7xx_hal_tim.o(.ARM.exidx.text.HAL_TIM_Base_MspDeInit), (8 bytes).
    Removing stm32f7xx_hal_tim.o(.text.HAL_TIM_Base_Start), (238 bytes).
    Removing stm32f7xx_hal_tim.o(.ARM.exidx.text.HAL_TIM_Base_Start), (8 bytes).
    Removing stm32f7xx_hal_tim.o(.text.HAL_TIM_Base_Stop), (68 bytes).
    Removing stm32f7xx_hal_tim.o(.ARM.exidx.text.HAL_TIM_Base_Stop), (8 bytes).
    Removing stm32f7xx_hal_tim.o(.ARM.exidx.text.HAL_TIM_Base_Start_IT), (8 bytes).
    Removing stm32f7xx_hal_tim.o(.text.HAL_TIM_Base_Stop_IT), (80 bytes).
    Removing stm32f7xx_hal_tim.o(.ARM.exidx.text.HAL_TIM_Base_Stop_IT), (8 bytes).
    Removing stm32f7xx_hal_tim.o(.text.HAL_TIM_Base_Start_DMA), (370 bytes).
    Removing stm32f7xx_hal_tim.o(.ARM.exidx.text.HAL_TIM_Base_Start_DMA), (8 bytes).
    Removing stm32f7xx_hal_tim.o(.text.TIM_DMAPeriodElapsedCplt), (40 bytes).
    Removing stm32f7xx_hal_tim.o(.ARM.exidx.text.TIM_DMAPeriodElapsedCplt), (8 bytes).
    Removing stm32f7xx_hal_tim.o(.text.TIM_DMAPeriodElapsedHalfCplt), (22 bytes).
    Removing stm32f7xx_hal_tim.o(.ARM.exidx.text.TIM_DMAPeriodElapsedHalfCplt), (8 bytes).
    Removing stm32f7xx_hal_tim.o(.text.TIM_DMAError), (144 bytes).
    Removing stm32f7xx_hal_tim.o(.ARM.exidx.text.TIM_DMAError), (8 bytes).
    Removing stm32f7xx_hal_tim.o(.text.HAL_TIM_Base_Stop_DMA), (90 bytes).
    Removing stm32f7xx_hal_tim.o(.ARM.exidx.text.HAL_TIM_Base_Stop_DMA), (8 bytes).
    Removing stm32f7xx_hal_tim.o(.text.HAL_TIM_OC_Init), (132 bytes).
    Removing stm32f7xx_hal_tim.o(.ARM.exidx.text.HAL_TIM_OC_Init), (8 bytes).
    Removing stm32f7xx_hal_tim.o(.text.HAL_TIM_OC_MspInit), (8 bytes).
    Removing stm32f7xx_hal_tim.o(.ARM.exidx.text.HAL_TIM_OC_MspInit), (8 bytes).
    Removing stm32f7xx_hal_tim.o(.text.HAL_TIM_OC_DeInit), (150 bytes).
    Removing stm32f7xx_hal_tim.o(.ARM.exidx.text.HAL_TIM_OC_DeInit), (8 bytes).
    Removing stm32f7xx_hal_tim.o(.text.HAL_TIM_OC_MspDeInit), (8 bytes).
    Removing stm32f7xx_hal_tim.o(.ARM.exidx.text.HAL_TIM_OC_MspDeInit), (8 bytes).
    Removing stm32f7xx_hal_tim.o(.text.HAL_TIM_OC_Start), (542 bytes).
    Removing stm32f7xx_hal_tim.o(.ARM.exidx.text.HAL_TIM_OC_Start), (8 bytes).
    Removing stm32f7xx_hal_tim.o(.text.TIM_CCxChannelCmd), (54 bytes).
    Removing stm32f7xx_hal_tim.o(.ARM.exidx.text.TIM_CCxChannelCmd), (8 bytes).
    Removing stm32f7xx_hal_tim.o(.text.HAL_TIM_OC_Stop), (302 bytes).
    Removing stm32f7xx_hal_tim.o(.ARM.exidx.text.HAL_TIM_OC_Stop), (8 bytes).
    Removing stm32f7xx_hal_tim.o(.text.HAL_TIM_OC_Start_IT), (648 bytes).
    Removing stm32f7xx_hal_tim.o(.ARM.exidx.text.HAL_TIM_OC_Start_IT), (8 bytes).
    Removing stm32f7xx_hal_tim.o(.text.HAL_TIM_OC_Stop_IT), (408 bytes).
    Removing stm32f7xx_hal_tim.o(.ARM.exidx.text.HAL_TIM_OC_Stop_IT), (8 bytes).
    Removing stm32f7xx_hal_tim.o(.text.HAL_TIM_OC_Start_DMA), (1086 bytes).
    Removing stm32f7xx_hal_tim.o(.ARM.exidx.text.HAL_TIM_OC_Start_DMA), (8 bytes).
    Removing stm32f7xx_hal_tim.o(.text.TIM_DMADelayPulseCplt), (180 bytes).
    Removing stm32f7xx_hal_tim.o(.ARM.exidx.text.TIM_DMADelayPulseCplt), (8 bytes).
    Removing stm32f7xx_hal_tim.o(.text.TIM_DMADelayPulseHalfCplt), (116 bytes).
    Removing stm32f7xx_hal_tim.o(.ARM.exidx.text.TIM_DMADelayPulseHalfCplt), (8 bytes).
    Removing stm32f7xx_hal_tim.o(.text.HAL_TIM_OC_Stop_DMA), (440 bytes).
    Removing stm32f7xx_hal_tim.o(.ARM.exidx.text.HAL_TIM_OC_Stop_DMA), (8 bytes).
    Removing stm32f7xx_hal_tim.o(.text.HAL_TIM_PWM_Init), (132 bytes).
    Removing stm32f7xx_hal_tim.o(.ARM.exidx.text.HAL_TIM_PWM_Init), (8 bytes).
    Removing stm32f7xx_hal_tim.o(.text.HAL_TIM_PWM_MspInit), (8 bytes).
    Removing stm32f7xx_hal_tim.o(.ARM.exidx.text.HAL_TIM_PWM_MspInit), (8 bytes).
    Removing stm32f7xx_hal_tim.o(.text.HAL_TIM_PWM_DeInit), (150 bytes).
    Removing stm32f7xx_hal_tim.o(.ARM.exidx.text.HAL_TIM_PWM_DeInit), (8 bytes).
    Removing stm32f7xx_hal_tim.o(.text.HAL_TIM_PWM_MspDeInit), (8 bytes).
    Removing stm32f7xx_hal_tim.o(.ARM.exidx.text.HAL_TIM_PWM_MspDeInit), (8 bytes).
    Removing stm32f7xx_hal_tim.o(.text.HAL_TIM_PWM_Start), (542 bytes).
    Removing stm32f7xx_hal_tim.o(.ARM.exidx.text.HAL_TIM_PWM_Start), (8 bytes).
    Removing stm32f7xx_hal_tim.o(.text.HAL_TIM_PWM_Stop), (302 bytes).
    Removing stm32f7xx_hal_tim.o(.ARM.exidx.text.HAL_TIM_PWM_Stop), (8 bytes).
    Removing stm32f7xx_hal_tim.o(.text.HAL_TIM_PWM_Start_IT), (648 bytes).
    Removing stm32f7xx_hal_tim.o(.ARM.exidx.text.HAL_TIM_PWM_Start_IT), (8 bytes).
    Removing stm32f7xx_hal_tim.o(.text.HAL_TIM_PWM_Stop_IT), (408 bytes).
    Removing stm32f7xx_hal_tim.o(.ARM.exidx.text.HAL_TIM_PWM_Stop_IT), (8 bytes).
    Removing stm32f7xx_hal_tim.o(.text.HAL_TIM_PWM_Start_DMA), (1086 bytes).
    Removing stm32f7xx_hal_tim.o(.ARM.exidx.text.HAL_TIM_PWM_Start_DMA), (8 bytes).
    Removing stm32f7xx_hal_tim.o(.text.HAL_TIM_PWM_Stop_DMA), (440 bytes).
    Removing stm32f7xx_hal_tim.o(.ARM.exidx.text.HAL_TIM_PWM_Stop_DMA), (8 bytes).
    Removing stm32f7xx_hal_tim.o(.text.HAL_TIM_IC_Init), (132 bytes).
    Removing stm32f7xx_hal_tim.o(.ARM.exidx.text.HAL_TIM_IC_Init), (8 bytes).
    Removing stm32f7xx_hal_tim.o(.text.HAL_TIM_IC_MspInit), (8 bytes).
    Removing stm32f7xx_hal_tim.o(.ARM.exidx.text.HAL_TIM_IC_MspInit), (8 bytes).
    Removing stm32f7xx_hal_tim.o(.text.HAL_TIM_IC_DeInit), (150 bytes).
    Removing stm32f7xx_hal_tim.o(.ARM.exidx.text.HAL_TIM_IC_DeInit), (8 bytes).
    Removing stm32f7xx_hal_tim.o(.text.HAL_TIM_IC_MspDeInit), (8 bytes).
    Removing stm32f7xx_hal_tim.o(.ARM.exidx.text.HAL_TIM_IC_MspDeInit), (8 bytes).
    Removing stm32f7xx_hal_tim.o(.text.HAL_TIM_IC_Start), (626 bytes).
    Removing stm32f7xx_hal_tim.o(.ARM.exidx.text.HAL_TIM_IC_Start), (8 bytes).
    Removing stm32f7xx_hal_tim.o(.text.HAL_TIM_IC_Stop), (266 bytes).
    Removing stm32f7xx_hal_tim.o(.ARM.exidx.text.HAL_TIM_IC_Stop), (8 bytes).
    Removing stm32f7xx_hal_tim.o(.text.HAL_TIM_IC_Start_IT), (730 bytes).
    Removing stm32f7xx_hal_tim.o(.ARM.exidx.text.HAL_TIM_IC_Start_IT), (8 bytes).
    Removing stm32f7xx_hal_tim.o(.text.HAL_TIM_IC_Stop_IT), (372 bytes).
    Removing stm32f7xx_hal_tim.o(.ARM.exidx.text.HAL_TIM_IC_Stop_IT), (8 bytes).
    Removing stm32f7xx_hal_tim.o(.text.HAL_TIM_IC_Start_DMA), (1056 bytes).
    Removing stm32f7xx_hal_tim.o(.ARM.exidx.text.HAL_TIM_IC_Start_DMA), (8 bytes).
    Removing stm32f7xx_hal_tim.o(.text.TIM_DMACaptureCplt), (196 bytes).
    Removing stm32f7xx_hal_tim.o(.ARM.exidx.text.TIM_DMACaptureCplt), (8 bytes).
    Removing stm32f7xx_hal_tim.o(.text.TIM_DMACaptureHalfCplt), (116 bytes).
    Removing stm32f7xx_hal_tim.o(.ARM.exidx.text.TIM_DMACaptureHalfCplt), (8 bytes).
    Removing stm32f7xx_hal_tim.o(.text.HAL_TIM_IC_Stop_DMA), (400 bytes).
    Removing stm32f7xx_hal_tim.o(.ARM.exidx.text.HAL_TIM_IC_Stop_DMA), (8 bytes).
    Removing stm32f7xx_hal_tim.o(.text.HAL_TIM_OnePulse_Init), (120 bytes).
    Removing stm32f7xx_hal_tim.o(.ARM.exidx.text.HAL_TIM_OnePulse_Init), (8 bytes).
    Removing stm32f7xx_hal_tim.o(.text.HAL_TIM_OnePulse_MspInit), (8 bytes).
    Removing stm32f7xx_hal_tim.o(.ARM.exidx.text.HAL_TIM_OnePulse_MspInit), (8 bytes).
    Removing stm32f7xx_hal_tim.o(.text.HAL_TIM_OnePulse_DeInit), (112 bytes).
    Removing stm32f7xx_hal_tim.o(.ARM.exidx.text.HAL_TIM_OnePulse_DeInit), (8 bytes).
    Removing stm32f7xx_hal_tim.o(.text.HAL_TIM_OnePulse_MspDeInit), (8 bytes).
    Removing stm32f7xx_hal_tim.o(.ARM.exidx.text.HAL_TIM_OnePulse_MspDeInit), (8 bytes).
    Removing stm32f7xx_hal_tim.o(.text.HAL_TIM_OnePulse_Start), (192 bytes).
    Removing stm32f7xx_hal_tim.o(.ARM.exidx.text.HAL_TIM_OnePulse_Start), (8 bytes).
    Removing stm32f7xx_hal_tim.o(.text.HAL_TIM_OnePulse_Stop), (216 bytes).
    Removing stm32f7xx_hal_tim.o(.ARM.exidx.text.HAL_TIM_OnePulse_Stop), (8 bytes).
    Removing stm32f7xx_hal_tim.o(.text.HAL_TIM_OnePulse_Start_IT), (216 bytes).
    Removing stm32f7xx_hal_tim.o(.ARM.exidx.text.HAL_TIM_OnePulse_Start_IT), (8 bytes).
    Removing stm32f7xx_hal_tim.o(.text.HAL_TIM_OnePulse_Stop_IT), (240 bytes).
    Removing stm32f7xx_hal_tim.o(.ARM.exidx.text.HAL_TIM_OnePulse_Stop_IT), (8 bytes).
    Removing stm32f7xx_hal_tim.o(.text.HAL_TIM_Encoder_Init), (284 bytes).
    Removing stm32f7xx_hal_tim.o(.ARM.exidx.text.HAL_TIM_Encoder_Init), (8 bytes).
    Removing stm32f7xx_hal_tim.o(.text.HAL_TIM_Encoder_MspInit), (8 bytes).
    Removing stm32f7xx_hal_tim.o(.ARM.exidx.text.HAL_TIM_Encoder_MspInit), (8 bytes).
    Removing stm32f7xx_hal_tim.o(.text.HAL_TIM_Encoder_DeInit), (112 bytes).
    Removing stm32f7xx_hal_tim.o(.ARM.exidx.text.HAL_TIM_Encoder_DeInit), (8 bytes).
    Removing stm32f7xx_hal_tim.o(.text.HAL_TIM_Encoder_MspDeInit), (8 bytes).
    Removing stm32f7xx_hal_tim.o(.ARM.exidx.text.HAL_TIM_Encoder_MspDeInit), (8 bytes).
    Removing stm32f7xx_hal_tim.o(.text.HAL_TIM_Encoder_Start), (276 bytes).
    Removing stm32f7xx_hal_tim.o(.ARM.exidx.text.HAL_TIM_Encoder_Start), (8 bytes).
    Removing stm32f7xx_hal_tim.o(.text.HAL_TIM_Encoder_Stop), (362 bytes).
    Removing stm32f7xx_hal_tim.o(.ARM.exidx.text.HAL_TIM_Encoder_Stop), (8 bytes).
    Removing stm32f7xx_hal_tim.o(.text.HAL_TIM_Encoder_Start_IT), (324 bytes).
    Removing stm32f7xx_hal_tim.o(.ARM.exidx.text.HAL_TIM_Encoder_Start_IT), (8 bytes).
    Removing stm32f7xx_hal_tim.o(.text.HAL_TIM_Encoder_Stop_IT), (410 bytes).
    Removing stm32f7xx_hal_tim.o(.ARM.exidx.text.HAL_TIM_Encoder_Stop_IT), (8 bytes).
    Removing stm32f7xx_hal_tim.o(.text.HAL_TIM_Encoder_Start_DMA), (802 bytes).
    Removing stm32f7xx_hal_tim.o(.ARM.exidx.text.HAL_TIM_Encoder_Start_DMA), (8 bytes).
    Removing stm32f7xx_hal_tim.o(.text.HAL_TIM_Encoder_Stop_DMA), (442 bytes).
    Removing stm32f7xx_hal_tim.o(.ARM.exidx.text.HAL_TIM_Encoder_Stop_DMA), (8 bytes).
    Removing stm32f7xx_hal_tim.o(.ARM.exidx.text.HAL_TIM_IRQHandler), (8 bytes).
    Removing stm32f7xx_hal_tim.o(.ARM.exidx.text.HAL_TIM_IC_CaptureCallback), (8 bytes).
    Removing stm32f7xx_hal_tim.o(.ARM.exidx.text.HAL_TIM_OC_DelayElapsedCallback), (8 bytes).
    Removing stm32f7xx_hal_tim.o(.ARM.exidx.text.HAL_TIM_PWM_PulseFinishedCallback), (8 bytes).
    Removing stm32f7xx_hal_tim.o(.text.HAL_TIM_PeriodElapsedCallback), (8 bytes).
    Removing stm32f7xx_hal_tim.o(.ARM.exidx.text.HAL_TIM_PeriodElapsedCallback), (8 bytes).
    Removing stm32f7xx_hal_tim.o(.ARM.exidx.text.HAL_TIM_TriggerCallback), (8 bytes).
    Removing stm32f7xx_hal_tim.o(.text.HAL_TIM_OC_ConfigChannel), (178 bytes).
    Removing stm32f7xx_hal_tim.o(.ARM.exidx.text.HAL_TIM_OC_ConfigChannel), (8 bytes).
    Removing stm32f7xx_hal_tim.o(.text.TIM_OC1_SetConfig), (240 bytes).
    Removing stm32f7xx_hal_tim.o(.ARM.exidx.text.TIM_OC1_SetConfig), (8 bytes).
    Removing stm32f7xx_hal_tim.o(.text.TIM_OC2_SetConfig), (250 bytes).
    Removing stm32f7xx_hal_tim.o(.ARM.exidx.text.TIM_OC2_SetConfig), (8 bytes).
    Removing stm32f7xx_hal_tim.o(.text.TIM_OC3_SetConfig), (248 bytes).
    Removing stm32f7xx_hal_tim.o(.ARM.exidx.text.TIM_OC3_SetConfig), (8 bytes).
    Removing stm32f7xx_hal_tim.o(.text.TIM_OC4_SetConfig), (170 bytes).
    Removing stm32f7xx_hal_tim.o(.ARM.exidx.text.TIM_OC4_SetConfig), (8 bytes).
    Removing stm32f7xx_hal_tim.o(.text.TIM_OC5_SetConfig), (160 bytes).
    Removing stm32f7xx_hal_tim.o(.ARM.exidx.text.TIM_OC5_SetConfig), (8 bytes).
    Removing stm32f7xx_hal_tim.o(.text.TIM_OC6_SetConfig), (162 bytes).
    Removing stm32f7xx_hal_tim.o(.ARM.exidx.text.TIM_OC6_SetConfig), (8 bytes).
    Removing stm32f7xx_hal_tim.o(.text.HAL_TIM_IC_ConfigChannel), (286 bytes).
    Removing stm32f7xx_hal_tim.o(.ARM.exidx.text.HAL_TIM_IC_ConfigChannel), (8 bytes).
    Removing stm32f7xx_hal_tim.o(.text.TIM_TI1_SetConfig), (278 bytes).
    Removing stm32f7xx_hal_tim.o(.ARM.exidx.text.TIM_TI1_SetConfig), (8 bytes).
    Removing stm32f7xx_hal_tim.o(.text.TIM_TI2_SetConfig), (108 bytes).
    Removing stm32f7xx_hal_tim.o(.ARM.exidx.text.TIM_TI2_SetConfig), (8 bytes).
    Removing stm32f7xx_hal_tim.o(.text.TIM_TI3_SetConfig), (106 bytes).
    Removing stm32f7xx_hal_tim.o(.ARM.exidx.text.TIM_TI3_SetConfig), (8 bytes).
    Removing stm32f7xx_hal_tim.o(.text.TIM_TI4_SetConfig), (108 bytes).
    Removing stm32f7xx_hal_tim.o(.ARM.exidx.text.TIM_TI4_SetConfig), (8 bytes).
    Removing stm32f7xx_hal_tim.o(.text.HAL_TIM_PWM_ConfigChannel), (414 bytes).
    Removing stm32f7xx_hal_tim.o(.ARM.exidx.text.HAL_TIM_PWM_ConfigChannel), (8 bytes).
    Removing stm32f7xx_hal_tim.o(.text.HAL_TIM_OnePulse_ConfigChannel), (378 bytes).
    Removing stm32f7xx_hal_tim.o(.ARM.exidx.text.HAL_TIM_OnePulse_ConfigChannel), (8 bytes).
    Removing stm32f7xx_hal_tim.o(.text.HAL_TIM_DMABurst_WriteStart), (58 bytes).
    Removing stm32f7xx_hal_tim.o(.ARM.exidx.text.HAL_TIM_DMABurst_WriteStart), (8 bytes).
    Removing stm32f7xx_hal_tim.o(.text.HAL_TIM_DMABurst_MultiWriteStart), (700 bytes).
    Removing stm32f7xx_hal_tim.o(.ARM.exidx.text.HAL_TIM_DMABurst_MultiWriteStart), (8 bytes).
    Removing stm32f7xx_hal_tim.o(.text.TIM_DMATriggerCplt), (40 bytes).
    Removing stm32f7xx_hal_tim.o(.ARM.exidx.text.TIM_DMATriggerCplt), (8 bytes).
    Removing stm32f7xx_hal_tim.o(.text.TIM_DMATriggerHalfCplt), (22 bytes).
    Removing stm32f7xx_hal_tim.o(.ARM.exidx.text.TIM_DMATriggerHalfCplt), (8 bytes).
    Removing stm32f7xx_hal_tim.o(.text.HAL_TIM_DMABurst_WriteStop), (192 bytes).
    Removing stm32f7xx_hal_tim.o(.ARM.exidx.text.HAL_TIM_DMABurst_WriteStop), (8 bytes).
    Removing stm32f7xx_hal_tim.o(.text.HAL_TIM_DMABurst_ReadStart), (58 bytes).
    Removing stm32f7xx_hal_tim.o(.ARM.exidx.text.HAL_TIM_DMABurst_ReadStart), (8 bytes).
    Removing stm32f7xx_hal_tim.o(.text.HAL_TIM_DMABurst_MultiReadStart), (700 bytes).
    Removing stm32f7xx_hal_tim.o(.ARM.exidx.text.HAL_TIM_DMABurst_MultiReadStart), (8 bytes).
    Removing stm32f7xx_hal_tim.o(.text.HAL_TIM_DMABurst_ReadStop), (192 bytes).
    Removing stm32f7xx_hal_tim.o(.ARM.exidx.text.HAL_TIM_DMABurst_ReadStop), (8 bytes).
    Removing stm32f7xx_hal_tim.o(.text.HAL_TIM_GenerateEvent), (76 bytes).
    Removing stm32f7xx_hal_tim.o(.ARM.exidx.text.HAL_TIM_GenerateEvent), (8 bytes).
    Removing stm32f7xx_hal_tim.o(.text.HAL_TIM_ConfigOCrefClear), (442 bytes).
    Removing stm32f7xx_hal_tim.o(.ARM.exidx.text.HAL_TIM_ConfigOCrefClear), (8 bytes).
    Removing stm32f7xx_hal_tim.o(.text.TIM_ETR_SetConfig), (52 bytes).
    Removing stm32f7xx_hal_tim.o(.ARM.exidx.text.TIM_ETR_SetConfig), (8 bytes).
    Removing stm32f7xx_hal_tim.o(.text.HAL_TIM_ConfigClockSource), (372 bytes).
    Removing stm32f7xx_hal_tim.o(.ARM.exidx.text.HAL_TIM_ConfigClockSource), (8 bytes).
    Removing stm32f7xx_hal_tim.o(.text.TIM_TI1_ConfigInputStage), (80 bytes).
    Removing stm32f7xx_hal_tim.o(.ARM.exidx.text.TIM_TI1_ConfigInputStage), (8 bytes).
    Removing stm32f7xx_hal_tim.o(.text.TIM_ITRx_SetConfig), (42 bytes).
    Removing stm32f7xx_hal_tim.o(.ARM.exidx.text.TIM_ITRx_SetConfig), (8 bytes).
    Removing stm32f7xx_hal_tim.o(.text.TIM_TI2_ConfigInputStage), (82 bytes).
    Removing stm32f7xx_hal_tim.o(.ARM.exidx.text.TIM_TI2_ConfigInputStage), (8 bytes).
    Removing stm32f7xx_hal_tim.o(.text.HAL_TIM_ConfigTI1Input), (44 bytes).
    Removing stm32f7xx_hal_tim.o(.ARM.exidx.text.HAL_TIM_ConfigTI1Input), (8 bytes).
    Removing stm32f7xx_hal_tim.o(.text.HAL_TIM_SlaveConfigSynchro), (128 bytes).
    Removing stm32f7xx_hal_tim.o(.ARM.exidx.text.HAL_TIM_SlaveConfigSynchro), (8 bytes).
    Removing stm32f7xx_hal_tim.o(.text.TIM_SlaveTimer_SetConfig), (290 bytes).
    Removing stm32f7xx_hal_tim.o(.ARM.exidx.text.TIM_SlaveTimer_SetConfig), (8 bytes).
    Removing stm32f7xx_hal_tim.o(.text.HAL_TIM_SlaveConfigSynchro_IT), (128 bytes).
    Removing stm32f7xx_hal_tim.o(.ARM.exidx.text.HAL_TIM_SlaveConfigSynchro_IT), (8 bytes).
    Removing stm32f7xx_hal_tim.o(.text.HAL_TIM_ReadCapturedValue), (86 bytes).
    Removing stm32f7xx_hal_tim.o(.ARM.exidx.text.HAL_TIM_ReadCapturedValue), (8 bytes).
    Removing stm32f7xx_hal_tim.o(.text.HAL_TIM_PeriodElapsedHalfCpltCallback), (8 bytes).
    Removing stm32f7xx_hal_tim.o(.ARM.exidx.text.HAL_TIM_PeriodElapsedHalfCpltCallback), (8 bytes).
    Removing stm32f7xx_hal_tim.o(.text.HAL_TIM_IC_CaptureHalfCpltCallback), (8 bytes).
    Removing stm32f7xx_hal_tim.o(.ARM.exidx.text.HAL_TIM_IC_CaptureHalfCpltCallback), (8 bytes).
    Removing stm32f7xx_hal_tim.o(.text.HAL_TIM_PWM_PulseFinishedHalfCpltCallback), (8 bytes).
    Removing stm32f7xx_hal_tim.o(.ARM.exidx.text.HAL_TIM_PWM_PulseFinishedHalfCpltCallback), (8 bytes).
    Removing stm32f7xx_hal_tim.o(.text.HAL_TIM_TriggerHalfCpltCallback), (8 bytes).
    Removing stm32f7xx_hal_tim.o(.ARM.exidx.text.HAL_TIM_TriggerHalfCpltCallback), (8 bytes).
    Removing stm32f7xx_hal_tim.o(.text.HAL_TIM_ErrorCallback), (8 bytes).
    Removing stm32f7xx_hal_tim.o(.ARM.exidx.text.HAL_TIM_ErrorCallback), (8 bytes).
    Removing stm32f7xx_hal_tim.o(.text.HAL_TIM_Base_GetState), (12 bytes).
    Removing stm32f7xx_hal_tim.o(.ARM.exidx.text.HAL_TIM_Base_GetState), (8 bytes).
    Removing stm32f7xx_hal_tim.o(.text.HAL_TIM_OC_GetState), (12 bytes).
    Removing stm32f7xx_hal_tim.o(.ARM.exidx.text.HAL_TIM_OC_GetState), (8 bytes).
    Removing stm32f7xx_hal_tim.o(.text.HAL_TIM_PWM_GetState), (12 bytes).
    Removing stm32f7xx_hal_tim.o(.ARM.exidx.text.HAL_TIM_PWM_GetState), (8 bytes).
    Removing stm32f7xx_hal_tim.o(.text.HAL_TIM_IC_GetState), (12 bytes).
    Removing stm32f7xx_hal_tim.o(.ARM.exidx.text.HAL_TIM_IC_GetState), (8 bytes).
    Removing stm32f7xx_hal_tim.o(.text.HAL_TIM_OnePulse_GetState), (12 bytes).
    Removing stm32f7xx_hal_tim.o(.ARM.exidx.text.HAL_TIM_OnePulse_GetState), (8 bytes).
    Removing stm32f7xx_hal_tim.o(.text.HAL_TIM_Encoder_GetState), (12 bytes).
    Removing stm32f7xx_hal_tim.o(.ARM.exidx.text.HAL_TIM_Encoder_GetState), (8 bytes).
    Removing stm32f7xx_hal_tim.o(.text.HAL_TIM_GetActiveChannel), (12 bytes).
    Removing stm32f7xx_hal_tim.o(.ARM.exidx.text.HAL_TIM_GetActiveChannel), (8 bytes).
    Removing stm32f7xx_hal_tim.o(.text.HAL_TIM_GetChannelState), (126 bytes).
    Removing stm32f7xx_hal_tim.o(.ARM.exidx.text.HAL_TIM_GetChannelState), (8 bytes).
    Removing stm32f7xx_hal_tim.o(.text.HAL_TIM_DMABurstState), (12 bytes).
    Removing stm32f7xx_hal_tim.o(.ARM.exidx.text.HAL_TIM_DMABurstState), (8 bytes).
    Removing stm32f7xx_hal_tim_ex.o(.text), (0 bytes).
    Removing stm32f7xx_hal_tim_ex.o(.text.HAL_TIMEx_HallSensor_Init), (262 bytes).
    Removing stm32f7xx_hal_tim_ex.o(.ARM.exidx.text.HAL_TIMEx_HallSensor_Init), (8 bytes).
    Removing stm32f7xx_hal_tim_ex.o(.text.HAL_TIMEx_HallSensor_MspInit), (8 bytes).
    Removing stm32f7xx_hal_tim_ex.o(.ARM.exidx.text.HAL_TIMEx_HallSensor_MspInit), (8 bytes).
    Removing stm32f7xx_hal_tim_ex.o(.text.HAL_TIMEx_HallSensor_DeInit), (112 bytes).
    Removing stm32f7xx_hal_tim_ex.o(.ARM.exidx.text.HAL_TIMEx_HallSensor_DeInit), (8 bytes).
    Removing stm32f7xx_hal_tim_ex.o(.text.HAL_TIMEx_HallSensor_MspDeInit), (8 bytes).
    Removing stm32f7xx_hal_tim_ex.o(.ARM.exidx.text.HAL_TIMEx_HallSensor_MspDeInit), (8 bytes).
    Removing stm32f7xx_hal_tim_ex.o(.text.HAL_TIMEx_HallSensor_Start), (310 bytes).
    Removing stm32f7xx_hal_tim_ex.o(.ARM.exidx.text.HAL_TIMEx_HallSensor_Start), (8 bytes).
    Removing stm32f7xx_hal_tim_ex.o(.text.HAL_TIMEx_HallSensor_Stop), (94 bytes).
    Removing stm32f7xx_hal_tim_ex.o(.ARM.exidx.text.HAL_TIMEx_HallSensor_Stop), (8 bytes).
    Removing stm32f7xx_hal_tim_ex.o(.text.HAL_TIMEx_HallSensor_Start_IT), (322 bytes).
    Removing stm32f7xx_hal_tim_ex.o(.ARM.exidx.text.HAL_TIMEx_HallSensor_Start_IT), (8 bytes).
    Removing stm32f7xx_hal_tim_ex.o(.text.HAL_TIMEx_HallSensor_Stop_IT), (106 bytes).
    Removing stm32f7xx_hal_tim_ex.o(.ARM.exidx.text.HAL_TIMEx_HallSensor_Stop_IT), (8 bytes).
    Removing stm32f7xx_hal_tim_ex.o(.text.HAL_TIMEx_HallSensor_Start_DMA), (410 bytes).
    Removing stm32f7xx_hal_tim_ex.o(.ARM.exidx.text.HAL_TIMEx_HallSensor_Start_DMA), (8 bytes).
    Removing stm32f7xx_hal_tim_ex.o(.text.HAL_TIMEx_HallSensor_Stop_DMA), (106 bytes).
    Removing stm32f7xx_hal_tim_ex.o(.ARM.exidx.text.HAL_TIMEx_HallSensor_Stop_DMA), (8 bytes).
    Removing stm32f7xx_hal_tim_ex.o(.text.HAL_TIMEx_OCN_Start), (394 bytes).
    Removing stm32f7xx_hal_tim_ex.o(.ARM.exidx.text.HAL_TIMEx_OCN_Start), (8 bytes).
    Removing stm32f7xx_hal_tim_ex.o(.text.TIM_CCxNChannelCmd), (54 bytes).
    Removing stm32f7xx_hal_tim_ex.o(.ARM.exidx.text.TIM_CCxNChannelCmd), (8 bytes).
    Removing stm32f7xx_hal_tim_ex.o(.text.HAL_TIMEx_OCN_Stop), (200 bytes).
    Removing stm32f7xx_hal_tim_ex.o(.ARM.exidx.text.HAL_TIMEx_OCN_Stop), (8 bytes).
    Removing stm32f7xx_hal_tim_ex.o(.text.HAL_TIMEx_OCN_Start_IT), (492 bytes).
    Removing stm32f7xx_hal_tim_ex.o(.ARM.exidx.text.HAL_TIMEx_OCN_Start_IT), (8 bytes).
    Removing stm32f7xx_hal_tim_ex.o(.text.HAL_TIMEx_OCN_Stop_IT), (322 bytes).
    Removing stm32f7xx_hal_tim_ex.o(.ARM.exidx.text.HAL_TIMEx_OCN_Stop_IT), (8 bytes).
    Removing stm32f7xx_hal_tim_ex.o(.text.HAL_TIMEx_OCN_Start_DMA), (802 bytes).
    Removing stm32f7xx_hal_tim_ex.o(.ARM.exidx.text.HAL_TIMEx_OCN_Start_DMA), (8 bytes).
    Removing stm32f7xx_hal_tim_ex.o(.text.TIM_DMADelayPulseNCplt), (180 bytes).
    Removing stm32f7xx_hal_tim_ex.o(.ARM.exidx.text.TIM_DMADelayPulseNCplt), (8 bytes).
    Removing stm32f7xx_hal_tim_ex.o(.text.TIM_DMAErrorCCxN), (110 bytes).
    Removing stm32f7xx_hal_tim_ex.o(.ARM.exidx.text.TIM_DMAErrorCCxN), (8 bytes).
    Removing stm32f7xx_hal_tim_ex.o(.text.HAL_TIMEx_OCN_Stop_DMA), (310 bytes).
    Removing stm32f7xx_hal_tim_ex.o(.ARM.exidx.text.HAL_TIMEx_OCN_Stop_DMA), (8 bytes).
    Removing stm32f7xx_hal_tim_ex.o(.text.HAL_TIMEx_PWMN_Start), (394 bytes).
    Removing stm32f7xx_hal_tim_ex.o(.ARM.exidx.text.HAL_TIMEx_PWMN_Start), (8 bytes).
    Removing stm32f7xx_hal_tim_ex.o(.text.HAL_TIMEx_PWMN_Stop), (200 bytes).
    Removing stm32f7xx_hal_tim_ex.o(.ARM.exidx.text.HAL_TIMEx_PWMN_Stop), (8 bytes).
    Removing stm32f7xx_hal_tim_ex.o(.text.HAL_TIMEx_PWMN_Start_IT), (492 bytes).
    Removing stm32f7xx_hal_tim_ex.o(.ARM.exidx.text.HAL_TIMEx_PWMN_Start_IT), (8 bytes).
    Removing stm32f7xx_hal_tim_ex.o(.text.HAL_TIMEx_PWMN_Stop_IT), (322 bytes).
    Removing stm32f7xx_hal_tim_ex.o(.ARM.exidx.text.HAL_TIMEx_PWMN_Stop_IT), (8 bytes).
    Removing stm32f7xx_hal_tim_ex.o(.text.HAL_TIMEx_PWMN_Start_DMA), (802 bytes).
    Removing stm32f7xx_hal_tim_ex.o(.ARM.exidx.text.HAL_TIMEx_PWMN_Start_DMA), (8 bytes).
    Removing stm32f7xx_hal_tim_ex.o(.text.HAL_TIMEx_PWMN_Stop_DMA), (310 bytes).
    Removing stm32f7xx_hal_tim_ex.o(.ARM.exidx.text.HAL_TIMEx_PWMN_Stop_DMA), (8 bytes).
    Removing stm32f7xx_hal_tim_ex.o(.text.HAL_TIMEx_OnePulseN_Start), (148 bytes).
    Removing stm32f7xx_hal_tim_ex.o(.ARM.exidx.text.HAL_TIMEx_OnePulseN_Start), (8 bytes).
    Removing stm32f7xx_hal_tim_ex.o(.text.HAL_TIMEx_OnePulseN_Stop), (174 bytes).
    Removing stm32f7xx_hal_tim_ex.o(.ARM.exidx.text.HAL_TIMEx_OnePulseN_Stop), (8 bytes).
    Removing stm32f7xx_hal_tim_ex.o(.text.HAL_TIMEx_OnePulseN_Start_IT), (172 bytes).
    Removing stm32f7xx_hal_tim_ex.o(.ARM.exidx.text.HAL_TIMEx_OnePulseN_Start_IT), (8 bytes).
    Removing stm32f7xx_hal_tim_ex.o(.text.HAL_TIMEx_OnePulseN_Stop_IT), (198 bytes).
    Removing stm32f7xx_hal_tim_ex.o(.ARM.exidx.text.HAL_TIMEx_OnePulseN_Stop_IT), (8 bytes).
    Removing stm32f7xx_hal_tim_ex.o(.text.HAL_TIMEx_ConfigCommutEvent), (174 bytes).
    Removing stm32f7xx_hal_tim_ex.o(.ARM.exidx.text.HAL_TIMEx_ConfigCommutEvent), (8 bytes).
    Removing stm32f7xx_hal_tim_ex.o(.text.HAL_TIMEx_ConfigCommutEvent_IT), (174 bytes).
    Removing stm32f7xx_hal_tim_ex.o(.ARM.exidx.text.HAL_TIMEx_ConfigCommutEvent_IT), (8 bytes).
    Removing stm32f7xx_hal_tim_ex.o(.text.HAL_TIMEx_ConfigCommutEvent_DMA), (216 bytes).
    Removing stm32f7xx_hal_tim_ex.o(.ARM.exidx.text.HAL_TIMEx_ConfigCommutEvent_DMA), (8 bytes).
    Removing stm32f7xx_hal_tim_ex.o(.text.TIMEx_DMACommutationCplt), (28 bytes).
    Removing stm32f7xx_hal_tim_ex.o(.ARM.exidx.text.TIMEx_DMACommutationCplt), (8 bytes).
    Removing stm32f7xx_hal_tim_ex.o(.text.TIMEx_DMACommutationHalfCplt), (28 bytes).
    Removing stm32f7xx_hal_tim_ex.o(.ARM.exidx.text.TIMEx_DMACommutationHalfCplt), (8 bytes).
    Removing stm32f7xx_hal_tim_ex.o(.text.HAL_TIMEx_MasterConfigSynchronization), (328 bytes).
    Removing stm32f7xx_hal_tim_ex.o(.ARM.exidx.text.HAL_TIMEx_MasterConfigSynchronization), (8 bytes).
    Removing stm32f7xx_hal_tim_ex.o(.text.HAL_TIMEx_ConfigBreakDeadTime), (262 bytes).
    Removing stm32f7xx_hal_tim_ex.o(.ARM.exidx.text.HAL_TIMEx_ConfigBreakDeadTime), (8 bytes).
    Removing stm32f7xx_hal_tim_ex.o(.text.HAL_TIMEx_RemapConfig), (70 bytes).
    Removing stm32f7xx_hal_tim_ex.o(.ARM.exidx.text.HAL_TIMEx_RemapConfig), (8 bytes).
    Removing stm32f7xx_hal_tim_ex.o(.text.HAL_TIMEx_GroupChannel5), (92 bytes).
    Removing stm32f7xx_hal_tim_ex.o(.ARM.exidx.text.HAL_TIMEx_GroupChannel5), (8 bytes).
    Removing stm32f7xx_hal_tim_ex.o(.ARM.exidx.text.HAL_TIMEx_CommutCallback), (8 bytes).
    Removing stm32f7xx_hal_tim_ex.o(.text.HAL_TIMEx_CommutHalfCpltCallback), (8 bytes).
    Removing stm32f7xx_hal_tim_ex.o(.ARM.exidx.text.HAL_TIMEx_CommutHalfCpltCallback), (8 bytes).
    Removing stm32f7xx_hal_tim_ex.o(.ARM.exidx.text.HAL_TIMEx_BreakCallback), (8 bytes).
    Removing stm32f7xx_hal_tim_ex.o(.ARM.exidx.text.HAL_TIMEx_Break2Callback), (8 bytes).
    Removing stm32f7xx_hal_tim_ex.o(.text.HAL_TIMEx_HallSensor_GetState), (12 bytes).
    Removing stm32f7xx_hal_tim_ex.o(.ARM.exidx.text.HAL_TIMEx_HallSensor_GetState), (8 bytes).
    Removing stm32f7xx_hal_tim_ex.o(.text.HAL_TIMEx_GetChannelNState), (82 bytes).
    Removing stm32f7xx_hal_tim_ex.o(.ARM.exidx.text.HAL_TIMEx_GetChannelNState), (8 bytes).
    Removing stm32f7xx_hal_uart.o(.text), (0 bytes).
    Removing stm32f7xx_hal_uart.o(.ARM.exidx.text.HAL_UART_Init), (8 bytes).
    Removing stm32f7xx_hal_uart.o(.ARM.exidx.text.UART_InitCallbacksToDefault), (8 bytes).
    Removing stm32f7xx_hal_uart.o(.text.HAL_UART_MspInit), (8 bytes).
    Removing stm32f7xx_hal_uart.o(.ARM.exidx.text.HAL_UART_MspInit), (8 bytes).
    Removing stm32f7xx_hal_uart.o(.ARM.exidx.text.UART_SetConfig), (8 bytes).
    Removing stm32f7xx_hal_uart.o(.ARM.exidx.text.UART_AdvFeatureConfig), (8 bytes).
    Removing stm32f7xx_hal_uart.o(.ARM.exidx.text.UART_CheckIdleState), (8 bytes).
    Removing stm32f7xx_hal_uart.o(.text.HAL_HalfDuplex_Init), (190 bytes).
    Removing stm32f7xx_hal_uart.o(.ARM.exidx.text.HAL_HalfDuplex_Init), (8 bytes).
    Removing stm32f7xx_hal_uart.o(.text.HAL_LIN_Init), (244 bytes).
    Removing stm32f7xx_hal_uart.o(.ARM.exidx.text.HAL_LIN_Init), (8 bytes).
    Removing stm32f7xx_hal_uart.o(.text.HAL_MultiProcessor_Init), (240 bytes).
    Removing stm32f7xx_hal_uart.o(.ARM.exidx.text.HAL_MultiProcessor_Init), (8 bytes).
    Removing stm32f7xx_hal_uart.o(.text.HAL_UART_DeInit), (138 bytes).
    Removing stm32f7xx_hal_uart.o(.ARM.exidx.text.HAL_UART_DeInit), (8 bytes).
    Removing stm32f7xx_hal_uart.o(.text.HAL_UART_MspDeInit), (8 bytes).
    Removing stm32f7xx_hal_uart.o(.ARM.exidx.text.HAL_UART_MspDeInit), (8 bytes).
    Removing stm32f7xx_hal_uart.o(.text.HAL_UART_RegisterCallback), (338 bytes).
    Removing stm32f7xx_hal_uart.o(.ARM.exidx.text.HAL_UART_RegisterCallback), (8 bytes).
    Removing stm32f7xx_hal_uart.o(.text.HAL_UART_UnRegisterCallback), (384 bytes).
    Removing stm32f7xx_hal_uart.o(.ARM.exidx.text.HAL_UART_UnRegisterCallback), (8 bytes).
    Removing stm32f7xx_hal_uart.o(.ARM.exidx.text.HAL_UART_TxHalfCpltCallback), (8 bytes).
    Removing stm32f7xx_hal_uart.o(.ARM.exidx.text.HAL_UART_TxCpltCallback), (8 bytes).
    Removing stm32f7xx_hal_uart.o(.ARM.exidx.text.HAL_UART_RxHalfCpltCallback), (8 bytes).
    Removing stm32f7xx_hal_uart.o(.ARM.exidx.text.HAL_UART_RxCpltCallback), (8 bytes).
    Removing stm32f7xx_hal_uart.o(.ARM.exidx.text.HAL_UART_ErrorCallback), (8 bytes).
    Removing stm32f7xx_hal_uart.o(.ARM.exidx.text.HAL_UART_AbortCpltCallback), (8 bytes).
    Removing stm32f7xx_hal_uart.o(.ARM.exidx.text.HAL_UART_AbortTransmitCpltCallback), (8 bytes).
    Removing stm32f7xx_hal_uart.o(.ARM.exidx.text.HAL_UART_AbortReceiveCpltCallback), (8 bytes).
    Removing stm32f7xx_hal_uart.o(.text.HAL_UART_RegisterRxEventCallback), (126 bytes).
    Removing stm32f7xx_hal_uart.o(.ARM.exidx.text.HAL_UART_RegisterRxEventCallback), (8 bytes).
    Removing stm32f7xx_hal_uart.o(.text.HAL_UART_UnRegisterRxEventCallback), (104 bytes).
    Removing stm32f7xx_hal_uart.o(.ARM.exidx.text.HAL_UART_UnRegisterRxEventCallback), (8 bytes).
    Removing stm32f7xx_hal_uart.o(.ARM.exidx.text.HAL_UARTEx_RxEventCallback), (8 bytes).
    Removing stm32f7xx_hal_uart.o(.text.HAL_UART_Transmit), (276 bytes).
    Removing stm32f7xx_hal_uart.o(.ARM.exidx.text.HAL_UART_Transmit), (8 bytes).
    Removing stm32f7xx_hal_uart.o(.ARM.exidx.text.UART_WaitOnFlagUntilTimeout), (8 bytes).
    Removing stm32f7xx_hal_uart.o(.text.HAL_UART_Receive), (420 bytes).
    Removing stm32f7xx_hal_uart.o(.ARM.exidx.text.HAL_UART_Receive), (8 bytes).
    Removing stm32f7xx_hal_uart.o(.text.HAL_UART_Transmit_IT), (188 bytes).
    Removing stm32f7xx_hal_uart.o(.ARM.exidx.text.HAL_UART_Transmit_IT), (8 bytes).
    Removing stm32f7xx_hal_uart.o(.text.UART_TxISR_16BIT), (150 bytes).
    Removing stm32f7xx_hal_uart.o(.ARM.exidx.text.UART_TxISR_16BIT), (8 bytes).
    Removing stm32f7xx_hal_uart.o(.text.UART_TxISR_8BIT), (140 bytes).
    Removing stm32f7xx_hal_uart.o(.ARM.exidx.text.UART_TxISR_8BIT), (8 bytes).
    Removing stm32f7xx_hal_uart.o(.text.HAL_UART_Receive_IT), (132 bytes).
    Removing stm32f7xx_hal_uart.o(.ARM.exidx.text.HAL_UART_Receive_IT), (8 bytes).
    Removing stm32f7xx_hal_uart.o(.text.UART_Start_Receive_IT), (380 bytes).
    Removing stm32f7xx_hal_uart.o(.ARM.exidx.text.UART_Start_Receive_IT), (8 bytes).
    Removing stm32f7xx_hal_uart.o(.text.HAL_UART_Transmit_DMA), (248 bytes).
    Removing stm32f7xx_hal_uart.o(.ARM.exidx.text.HAL_UART_Transmit_DMA), (8 bytes).
    Removing stm32f7xx_hal_uart.o(.text.UART_DMATransmitCplt), (124 bytes).
    Removing stm32f7xx_hal_uart.o(.ARM.exidx.text.UART_DMATransmitCplt), (8 bytes).
    Removing stm32f7xx_hal_uart.o(.text.UART_DMATxHalfCplt), (24 bytes).
    Removing stm32f7xx_hal_uart.o(.ARM.exidx.text.UART_DMATxHalfCplt), (8 bytes).
    Removing stm32f7xx_hal_uart.o(.text.UART_DMAError), (128 bytes).
    Removing stm32f7xx_hal_uart.o(.ARM.exidx.text.UART_DMAError), (8 bytes).
    Removing stm32f7xx_hal_uart.o(.text.HAL_UART_Receive_DMA), (132 bytes).
    Removing stm32f7xx_hal_uart.o(.ARM.exidx.text.HAL_UART_Receive_DMA), (8 bytes).
    Removing stm32f7xx_hal_uart.o(.text.UART_Start_Receive_DMA), (284 bytes).
    Removing stm32f7xx_hal_uart.o(.ARM.exidx.text.UART_Start_Receive_DMA), (8 bytes).
    Removing stm32f7xx_hal_uart.o(.text.HAL_UART_DMAPause), (224 bytes).
    Removing stm32f7xx_hal_uart.o(.ARM.exidx.text.HAL_UART_DMAPause), (8 bytes).
    Removing stm32f7xx_hal_uart.o(.text.HAL_UART_DMAResume), (206 bytes).
    Removing stm32f7xx_hal_uart.o(.ARM.exidx.text.HAL_UART_DMAResume), (8 bytes).
    Removing stm32f7xx_hal_uart.o(.text.HAL_UART_DMAStop), (272 bytes).
    Removing stm32f7xx_hal_uart.o(.ARM.exidx.text.HAL_UART_DMAStop), (8 bytes).
    Removing stm32f7xx_hal_uart.o(.text.UART_EndTxTransfer), (52 bytes).
    Removing stm32f7xx_hal_uart.o(.ARM.exidx.text.UART_EndTxTransfer), (8 bytes).
    Removing stm32f7xx_hal_uart.o(.text.UART_EndRxTransfer), (152 bytes).
    Removing stm32f7xx_hal_uart.o(.ARM.exidx.text.UART_EndRxTransfer), (8 bytes).
    Removing stm32f7xx_hal_uart.o(.text.HAL_UART_Abort), (426 bytes).
    Removing stm32f7xx_hal_uart.o(.ARM.exidx.text.HAL_UART_Abort), (8 bytes).
    Removing stm32f7xx_hal_uart.o(.text.HAL_UART_AbortTransmit), (182 bytes).
    Removing stm32f7xx_hal_uart.o(.ARM.exidx.text.HAL_UART_AbortTransmit), (8 bytes).
    Removing stm32f7xx_hal_uart.o(.text.HAL_UART_AbortReceive), (296 bytes).
    Removing stm32f7xx_hal_uart.o(.ARM.exidx.text.HAL_UART_AbortReceive), (8 bytes).
    Removing stm32f7xx_hal_uart.o(.text.HAL_UART_Abort_IT), (512 bytes).
    Removing stm32f7xx_hal_uart.o(.ARM.exidx.text.HAL_UART_Abort_IT), (8 bytes).
    Removing stm32f7xx_hal_uart.o(.text.UART_DMATxAbortCallback), (100 bytes).
    Removing stm32f7xx_hal_uart.o(.ARM.exidx.text.UART_DMATxAbortCallback), (8 bytes).
    Removing stm32f7xx_hal_uart.o(.text.UART_DMARxAbortCallback), (112 bytes).
    Removing stm32f7xx_hal_uart.o(.ARM.exidx.text.UART_DMARxAbortCallback), (8 bytes).
    Removing stm32f7xx_hal_uart.o(.text.HAL_UART_AbortTransmit_IT), (206 bytes).
    Removing stm32f7xx_hal_uart.o(.ARM.exidx.text.HAL_UART_AbortTransmit_IT), (8 bytes).
    Removing stm32f7xx_hal_uart.o(.text.UART_DMATxOnlyAbortCallback), (38 bytes).
    Removing stm32f7xx_hal_uart.o(.ARM.exidx.text.UART_DMATxOnlyAbortCallback), (8 bytes).
    Removing stm32f7xx_hal_uart.o(.text.HAL_UART_AbortReceive_IT), (334 bytes).
    Removing stm32f7xx_hal_uart.o(.ARM.exidx.text.HAL_UART_AbortReceive_IT), (8 bytes).
    Removing stm32f7xx_hal_uart.o(.text.UART_DMARxOnlyAbortCallback), (64 bytes).
    Removing stm32f7xx_hal_uart.o(.ARM.exidx.text.UART_DMARxOnlyAbortCallback), (8 bytes).
    Removing stm32f7xx_hal_uart.o(.text.HAL_UART_IRQHandler), (1214 bytes).
    Removing stm32f7xx_hal_uart.o(.ARM.exidx.text.HAL_UART_IRQHandler), (8 bytes).
    Removing stm32f7xx_hal_uart.o(.text.UART_DMAAbortOnError), (38 bytes).
    Removing stm32f7xx_hal_uart.o(.ARM.exidx.text.UART_DMAAbortOnError), (8 bytes).
    Removing stm32f7xx_hal_uart.o(.text.UART_EndTransmit_IT), (68 bytes).
    Removing stm32f7xx_hal_uart.o(.ARM.exidx.text.UART_EndTransmit_IT), (8 bytes).
    Removing stm32f7xx_hal_uart.o(.text.HAL_UART_ReceiverTimeout_Config), (30 bytes).
    Removing stm32f7xx_hal_uart.o(.ARM.exidx.text.HAL_UART_ReceiverTimeout_Config), (8 bytes).
    Removing stm32f7xx_hal_uart.o(.text.HAL_UART_EnableReceiverTimeout), (94 bytes).
    Removing stm32f7xx_hal_uart.o(.ARM.exidx.text.HAL_UART_EnableReceiverTimeout), (8 bytes).
    Removing stm32f7xx_hal_uart.o(.text.HAL_UART_DisableReceiverTimeout), (94 bytes).
    Removing stm32f7xx_hal_uart.o(.ARM.exidx.text.HAL_UART_DisableReceiverTimeout), (8 bytes).
    Removing stm32f7xx_hal_uart.o(.text.HAL_MultiProcessor_EnableMuteMode), (100 bytes).
    Removing stm32f7xx_hal_uart.o(.ARM.exidx.text.HAL_MultiProcessor_EnableMuteMode), (8 bytes).
    Removing stm32f7xx_hal_uart.o(.text.HAL_MultiProcessor_DisableMuteMode), (100 bytes).
    Removing stm32f7xx_hal_uart.o(.ARM.exidx.text.HAL_MultiProcessor_DisableMuteMode), (8 bytes).
    Removing stm32f7xx_hal_uart.o(.text.HAL_MultiProcessor_EnterMuteMode), (20 bytes).
    Removing stm32f7xx_hal_uart.o(.ARM.exidx.text.HAL_MultiProcessor_EnterMuteMode), (8 bytes).
    Removing stm32f7xx_hal_uart.o(.text.HAL_HalfDuplex_EnableTransmitter), (142 bytes).
    Removing stm32f7xx_hal_uart.o(.ARM.exidx.text.HAL_HalfDuplex_EnableTransmitter), (8 bytes).
    Removing stm32f7xx_hal_uart.o(.text.HAL_HalfDuplex_EnableReceiver), (142 bytes).
    Removing stm32f7xx_hal_uart.o(.ARM.exidx.text.HAL_HalfDuplex_EnableReceiver), (8 bytes).
    Removing stm32f7xx_hal_uart.o(.text.HAL_LIN_SendBreak), (78 bytes).
    Removing stm32f7xx_hal_uart.o(.ARM.exidx.text.HAL_LIN_SendBreak), (8 bytes).
    Removing stm32f7xx_hal_uart.o(.text.HAL_UART_GetState), (28 bytes).
    Removing stm32f7xx_hal_uart.o(.ARM.exidx.text.HAL_UART_GetState), (8 bytes).
    Removing stm32f7xx_hal_uart.o(.text.HAL_UART_GetError), (14 bytes).
    Removing stm32f7xx_hal_uart.o(.ARM.exidx.text.HAL_UART_GetError), (8 bytes).
    Removing stm32f7xx_hal_uart.o(.text.UART_RxISR_16BIT), (316 bytes).
    Removing stm32f7xx_hal_uart.o(.ARM.exidx.text.UART_RxISR_16BIT), (8 bytes).
    Removing stm32f7xx_hal_uart.o(.text.UART_RxISR_8BIT), (312 bytes).
    Removing stm32f7xx_hal_uart.o(.ARM.exidx.text.UART_RxISR_8BIT), (8 bytes).
    Removing stm32f7xx_hal_uart.o(.text.UART_DMAReceiveCplt), (250 bytes).
    Removing stm32f7xx_hal_uart.o(.ARM.exidx.text.UART_DMAReceiveCplt), (8 bytes).
    Removing stm32f7xx_hal_uart.o(.text.UART_DMARxHalfCplt), (58 bytes).
    Removing stm32f7xx_hal_uart.o(.ARM.exidx.text.UART_DMARxHalfCplt), (8 bytes).
    Removing stm32f7xx_hal_uart_ex.o(.text), (0 bytes).
    Removing stm32f7xx_hal_uart_ex.o(.text.HAL_RS485Ex_Init), (228 bytes).
    Removing stm32f7xx_hal_uart_ex.o(.ARM.exidx.text.HAL_RS485Ex_Init), (8 bytes).
    Removing stm32f7xx_hal_uart_ex.o(.text.HAL_MultiProcessorEx_AddressLength_Set), (86 bytes).
    Removing stm32f7xx_hal_uart_ex.o(.ARM.exidx.text.HAL_MultiProcessorEx_AddressLength_Set), (8 bytes).
    Removing stm32f7xx_hal_uart_ex.o(.text.HAL_UARTEx_ReceiveToIdle), (548 bytes).
    Removing stm32f7xx_hal_uart_ex.o(.ARM.exidx.text.HAL_UARTEx_ReceiveToIdle), (8 bytes).
    Removing stm32f7xx_hal_uart_ex.o(.text.HAL_UARTEx_ReceiveToIdle_IT), (160 bytes).
    Removing stm32f7xx_hal_uart_ex.o(.ARM.exidx.text.HAL_UARTEx_ReceiveToIdle_IT), (8 bytes).
    Removing stm32f7xx_hal_uart_ex.o(.text.HAL_UARTEx_ReceiveToIdle_DMA), (160 bytes).
    Removing stm32f7xx_hal_uart_ex.o(.ARM.exidx.text.HAL_UARTEx_ReceiveToIdle_DMA), (8 bytes).
    Removing stm32f7xx_hal_uart_ex.o(.text.HAL_UARTEx_GetRxEventType), (12 bytes).
    Removing stm32f7xx_hal_uart_ex.o(.ARM.exidx.text.HAL_UARTEx_GetRxEventType), (8 bytes).
    Removing stm32f7xx_ll_pwr.o(.text), (0 bytes).
    Removing stm32f7xx_ll_pwr.o(.text.LL_PWR_DeInit), (38 bytes).
    Removing stm32f7xx_ll_pwr.o(.ARM.exidx.text.LL_PWR_DeInit), (8 bytes).
    Removing stm32f7xx_ll_pwr.o(.text.LL_APB1_GRP1_ForceReset), (24 bytes).
    Removing stm32f7xx_ll_pwr.o(.ARM.exidx.text.LL_APB1_GRP1_ForceReset), (8 bytes).
    Removing stm32f7xx_ll_pwr.o(.text.LL_APB1_GRP1_ReleaseReset), (24 bytes).
    Removing stm32f7xx_ll_pwr.o(.ARM.exidx.text.LL_APB1_GRP1_ReleaseReset), (8 bytes).
    Removing stm32f7xx_ll_rcc.o(.text), (0 bytes).
    Removing stm32f7xx_ll_rcc.o(.text.LL_RCC_DeInit), (206 bytes).
    Removing stm32f7xx_ll_rcc.o(.ARM.exidx.text.LL_RCC_DeInit), (8 bytes).
    Removing stm32f7xx_ll_rcc.o(.text.LL_RCC_HSI_Enable), (18 bytes).
    Removing stm32f7xx_ll_rcc.o(.ARM.exidx.text.LL_RCC_HSI_Enable), (8 bytes).
    Removing stm32f7xx_ll_rcc.o(.text.LL_RCC_HSI_IsReady), (16 bytes).
    Removing stm32f7xx_ll_rcc.o(.ARM.exidx.text.LL_RCC_HSI_IsReady), (8 bytes).
    Removing stm32f7xx_ll_rcc.o(.text.LL_RCC_HSI_SetCalibTrimming), (30 bytes).
    Removing stm32f7xx_ll_rcc.o(.ARM.exidx.text.LL_RCC_HSI_SetCalibTrimming), (8 bytes).
    Removing stm32f7xx_ll_rcc.o(.text.LL_RCC_PLL_IsReady), (16 bytes).
    Removing stm32f7xx_ll_rcc.o(.ARM.exidx.text.LL_RCC_PLL_IsReady), (8 bytes).
    Removing stm32f7xx_ll_rcc.o(.text.LL_RCC_PLLI2S_IsReady), (16 bytes).
    Removing stm32f7xx_ll_rcc.o(.ARM.exidx.text.LL_RCC_PLLI2S_IsReady), (8 bytes).
    Removing stm32f7xx_ll_rcc.o(.text.LL_RCC_PLLSAI_IsReady), (16 bytes).
    Removing stm32f7xx_ll_rcc.o(.ARM.exidx.text.LL_RCC_PLLSAI_IsReady), (8 bytes).
    Removing stm32f7xx_ll_rcc.o(.text.LL_RCC_GetSystemClocksFreq), (54 bytes).
    Removing stm32f7xx_ll_rcc.o(.ARM.exidx.text.LL_RCC_GetSystemClocksFreq), (8 bytes).
    Removing stm32f7xx_ll_rcc.o(.text.RCC_GetSystemClockFreq), (86 bytes).
    Removing stm32f7xx_ll_rcc.o(.ARM.exidx.text.RCC_GetSystemClockFreq), (8 bytes).
    Removing stm32f7xx_ll_rcc.o(.text.RCC_GetHCLKClockFreq), (38 bytes).
    Removing stm32f7xx_ll_rcc.o(.ARM.exidx.text.RCC_GetHCLKClockFreq), (8 bytes).
    Removing stm32f7xx_ll_rcc.o(.text.RCC_GetPCLK1ClockFreq), (36 bytes).
    Removing stm32f7xx_ll_rcc.o(.ARM.exidx.text.RCC_GetPCLK1ClockFreq), (8 bytes).
    Removing stm32f7xx_ll_rcc.o(.text.RCC_GetPCLK2ClockFreq), (36 bytes).
    Removing stm32f7xx_ll_rcc.o(.ARM.exidx.text.RCC_GetPCLK2ClockFreq), (8 bytes).
    Removing stm32f7xx_ll_rcc.o(.text.LL_RCC_GetUSARTClockFreq), (510 bytes).
    Removing stm32f7xx_ll_rcc.o(.ARM.exidx.text.LL_RCC_GetUSARTClockFreq), (8 bytes).
    Removing stm32f7xx_ll_rcc.o(.text.LL_RCC_GetUSARTClockSource), (26 bytes).
    Removing stm32f7xx_ll_rcc.o(.ARM.exidx.text.LL_RCC_GetUSARTClockSource), (8 bytes).
    Removing stm32f7xx_ll_rcc.o(.text.LL_RCC_LSE_IsReady), (16 bytes).
    Removing stm32f7xx_ll_rcc.o(.ARM.exidx.text.LL_RCC_LSE_IsReady), (8 bytes).
    Removing stm32f7xx_ll_rcc.o(.text.LL_RCC_GetUARTClockFreq), (568 bytes).
    Removing stm32f7xx_ll_rcc.o(.ARM.exidx.text.LL_RCC_GetUARTClockFreq), (8 bytes).
    Removing stm32f7xx_ll_rcc.o(.text.LL_RCC_GetUARTClockSource), (26 bytes).
    Removing stm32f7xx_ll_rcc.o(.ARM.exidx.text.LL_RCC_GetUARTClockSource), (8 bytes).
    Removing stm32f7xx_ll_rcc.o(.text.LL_RCC_GetI2CClockFreq), (446 bytes).
    Removing stm32f7xx_ll_rcc.o(.ARM.exidx.text.LL_RCC_GetI2CClockFreq), (8 bytes).
    Removing stm32f7xx_ll_rcc.o(.text.LL_RCC_GetI2CClockSource), (26 bytes).
    Removing stm32f7xx_ll_rcc.o(.ARM.exidx.text.LL_RCC_GetI2CClockSource), (8 bytes).
    Removing stm32f7xx_ll_rcc.o(.text.LL_RCC_GetI2SClockFreq), (84 bytes).
    Removing stm32f7xx_ll_rcc.o(.ARM.exidx.text.LL_RCC_GetI2SClockFreq), (8 bytes).
    Removing stm32f7xx_ll_rcc.o(.text.LL_RCC_GetI2SClockSource), (22 bytes).
    Removing stm32f7xx_ll_rcc.o(.ARM.exidx.text.LL_RCC_GetI2SClockSource), (8 bytes).
    Removing stm32f7xx_ll_rcc.o(.text.RCC_PLLI2S_GetFreqDomain_I2S), (108 bytes).
    Removing stm32f7xx_ll_rcc.o(.ARM.exidx.text.RCC_PLLI2S_GetFreqDomain_I2S), (8 bytes).
    Removing stm32f7xx_ll_rcc.o(.text.LL_RCC_GetLPTIMClockFreq), (148 bytes).
    Removing stm32f7xx_ll_rcc.o(.ARM.exidx.text.LL_RCC_GetLPTIMClockFreq), (8 bytes).
    Removing stm32f7xx_ll_rcc.o(.text.LL_RCC_GetLPTIMClockSource), (22 bytes).
    Removing stm32f7xx_ll_rcc.o(.ARM.exidx.text.LL_RCC_GetLPTIMClockSource), (8 bytes).
    Removing stm32f7xx_ll_rcc.o(.text.LL_RCC_LSI_IsReady), (16 bytes).
    Removing stm32f7xx_ll_rcc.o(.ARM.exidx.text.LL_RCC_LSI_IsReady), (8 bytes).
    Removing stm32f7xx_ll_rcc.o(.text.LL_RCC_GetSAIClockFreq), (226 bytes).
    Removing stm32f7xx_ll_rcc.o(.ARM.exidx.text.LL_RCC_GetSAIClockFreq), (8 bytes).
    Removing stm32f7xx_ll_rcc.o(.text.LL_RCC_GetSAIClockSource), (26 bytes).
    Removing stm32f7xx_ll_rcc.o(.ARM.exidx.text.LL_RCC_GetSAIClockSource), (8 bytes).
    Removing stm32f7xx_ll_rcc.o(.text.RCC_PLLSAI_GetFreqDomain_SAI), (134 bytes).
    Removing stm32f7xx_ll_rcc.o(.ARM.exidx.text.RCC_PLLSAI_GetFreqDomain_SAI), (8 bytes).
    Removing stm32f7xx_ll_rcc.o(.text.RCC_PLLI2S_GetFreqDomain_SAI), (130 bytes).
    Removing stm32f7xx_ll_rcc.o(.ARM.exidx.text.RCC_PLLI2S_GetFreqDomain_SAI), (8 bytes).
    Removing stm32f7xx_ll_rcc.o(.text.LL_RCC_GetSDMMCClockFreq), (132 bytes).
    Removing stm32f7xx_ll_rcc.o(.ARM.exidx.text.LL_RCC_GetSDMMCClockFreq), (8 bytes).
    Removing stm32f7xx_ll_rcc.o(.text.LL_RCC_GetSDMMCClockSource), (26 bytes).
    Removing stm32f7xx_ll_rcc.o(.ARM.exidx.text.LL_RCC_GetSDMMCClockSource), (8 bytes).
    Removing stm32f7xx_ll_rcc.o(.text.LL_RCC_GetCK48MClockSource), (22 bytes).
    Removing stm32f7xx_ll_rcc.o(.ARM.exidx.text.LL_RCC_GetCK48MClockSource), (8 bytes).
    Removing stm32f7xx_ll_rcc.o(.text.RCC_PLL_GetFreqDomain_48M), (118 bytes).
    Removing stm32f7xx_ll_rcc.o(.ARM.exidx.text.RCC_PLL_GetFreqDomain_48M), (8 bytes).
    Removing stm32f7xx_ll_rcc.o(.text.RCC_PLLSAI_GetFreqDomain_48M), (124 bytes).
    Removing stm32f7xx_ll_rcc.o(.ARM.exidx.text.RCC_PLLSAI_GetFreqDomain_48M), (8 bytes).
    Removing stm32f7xx_ll_rcc.o(.text.LL_RCC_GetRNGClockFreq), (78 bytes).
    Removing stm32f7xx_ll_rcc.o(.ARM.exidx.text.LL_RCC_GetRNGClockFreq), (8 bytes).
    Removing stm32f7xx_ll_rcc.o(.text.LL_RCC_GetRNGClockSource), (22 bytes).
    Removing stm32f7xx_ll_rcc.o(.ARM.exidx.text.LL_RCC_GetRNGClockSource), (8 bytes).
    Removing stm32f7xx_ll_rcc.o(.text.LL_RCC_GetCECClockFreq), (78 bytes).
    Removing stm32f7xx_ll_rcc.o(.ARM.exidx.text.LL_RCC_GetCECClockFreq), (8 bytes).
    Removing stm32f7xx_ll_rcc.o(.text.LL_RCC_GetCECClockSource), (22 bytes).
    Removing stm32f7xx_ll_rcc.o(.ARM.exidx.text.LL_RCC_GetCECClockSource), (8 bytes).
    Removing stm32f7xx_ll_rcc.o(.text.LL_RCC_GetUSBClockFreq), (78 bytes).
    Removing stm32f7xx_ll_rcc.o(.ARM.exidx.text.LL_RCC_GetUSBClockFreq), (8 bytes).
    Removing stm32f7xx_ll_rcc.o(.text.LL_RCC_GetUSBClockSource), (22 bytes).
    Removing stm32f7xx_ll_rcc.o(.ARM.exidx.text.LL_RCC_GetUSBClockSource), (8 bytes).
    Removing stm32f7xx_ll_rcc.o(.text.LL_RCC_GetLTDCClockFreq), (32 bytes).
    Removing stm32f7xx_ll_rcc.o(.ARM.exidx.text.LL_RCC_GetLTDCClockFreq), (8 bytes).
    Removing stm32f7xx_ll_rcc.o(.text.RCC_PLLSAI_GetFreqDomain_LTDC), (140 bytes).
    Removing stm32f7xx_ll_rcc.o(.ARM.exidx.text.RCC_PLLSAI_GetFreqDomain_LTDC), (8 bytes).
    Removing stm32f7xx_ll_rcc.o(.text.LL_RCC_GetSPDIFRXClockFreq), (32 bytes).
    Removing stm32f7xx_ll_rcc.o(.ARM.exidx.text.LL_RCC_GetSPDIFRXClockFreq), (8 bytes).
    Removing stm32f7xx_ll_rcc.o(.text.RCC_PLLI2S_GetFreqDomain_SPDIFRX), (124 bytes).
    Removing stm32f7xx_ll_rcc.o(.ARM.exidx.text.RCC_PLLI2S_GetFreqDomain_SPDIFRX), (8 bytes).
    Removing stm32f7xx_ll_rcc.o(.text.LL_RCC_GetSysClkSource), (16 bytes).
    Removing stm32f7xx_ll_rcc.o(.ARM.exidx.text.LL_RCC_GetSysClkSource), (8 bytes).
    Removing stm32f7xx_ll_rcc.o(.text.RCC_PLL_GetFreqDomain_SYS), (124 bytes).
    Removing stm32f7xx_ll_rcc.o(.ARM.exidx.text.RCC_PLL_GetFreqDomain_SYS), (8 bytes).
    Removing stm32f7xx_ll_rcc.o(.text.LL_RCC_GetAHBPrescaler), (16 bytes).
    Removing stm32f7xx_ll_rcc.o(.ARM.exidx.text.LL_RCC_GetAHBPrescaler), (8 bytes).
    Removing stm32f7xx_ll_rcc.o(.text.LL_RCC_GetAPB1Prescaler), (16 bytes).
    Removing stm32f7xx_ll_rcc.o(.ARM.exidx.text.LL_RCC_GetAPB1Prescaler), (8 bytes).
    Removing stm32f7xx_ll_rcc.o(.text.LL_RCC_GetAPB2Prescaler), (16 bytes).
    Removing stm32f7xx_ll_rcc.o(.ARM.exidx.text.LL_RCC_GetAPB2Prescaler), (8 bytes).
    Removing stm32f7xx_ll_rcc.o(.text.LL_RCC_PLL_GetMainSource), (16 bytes).
    Removing stm32f7xx_ll_rcc.o(.ARM.exidx.text.LL_RCC_PLL_GetMainSource), (8 bytes).
    Removing stm32f7xx_ll_rcc.o(.text.LL_RCC_PLL_GetDivider), (16 bytes).
    Removing stm32f7xx_ll_rcc.o(.ARM.exidx.text.LL_RCC_PLL_GetDivider), (8 bytes).
    Removing stm32f7xx_ll_rcc.o(.text.LL_RCC_PLL_GetN), (16 bytes).
    Removing stm32f7xx_ll_rcc.o(.ARM.exidx.text.LL_RCC_PLL_GetN), (8 bytes).
    Removing stm32f7xx_ll_rcc.o(.text.LL_RCC_PLL_GetP), (16 bytes).
    Removing stm32f7xx_ll_rcc.o(.ARM.exidx.text.LL_RCC_PLL_GetP), (8 bytes).
    Removing stm32f7xx_ll_rcc.o(.text.LL_RCC_PLL_GetQ), (16 bytes).
    Removing stm32f7xx_ll_rcc.o(.ARM.exidx.text.LL_RCC_PLL_GetQ), (8 bytes).
    Removing stm32f7xx_ll_rcc.o(.text.LL_RCC_PLLSAI_GetN), (16 bytes).
    Removing stm32f7xx_ll_rcc.o(.ARM.exidx.text.LL_RCC_PLLSAI_GetN), (8 bytes).
    Removing stm32f7xx_ll_rcc.o(.text.LL_RCC_PLLSAI_GetQ), (16 bytes).
    Removing stm32f7xx_ll_rcc.o(.ARM.exidx.text.LL_RCC_PLLSAI_GetQ), (8 bytes).
    Removing stm32f7xx_ll_rcc.o(.text.LL_RCC_PLLSAI_GetDIVQ), (16 bytes).
    Removing stm32f7xx_ll_rcc.o(.ARM.exidx.text.LL_RCC_PLLSAI_GetDIVQ), (8 bytes).
    Removing stm32f7xx_ll_rcc.o(.text.LL_RCC_PLLSAI_GetP), (16 bytes).
    Removing stm32f7xx_ll_rcc.o(.ARM.exidx.text.LL_RCC_PLLSAI_GetP), (8 bytes).
    Removing stm32f7xx_ll_rcc.o(.text.LL_RCC_PLLSAI_GetR), (16 bytes).
    Removing stm32f7xx_ll_rcc.o(.ARM.exidx.text.LL_RCC_PLLSAI_GetR), (8 bytes).
    Removing stm32f7xx_ll_rcc.o(.text.LL_RCC_PLLSAI_GetDIVR), (16 bytes).
    Removing stm32f7xx_ll_rcc.o(.ARM.exidx.text.LL_RCC_PLLSAI_GetDIVR), (8 bytes).
    Removing stm32f7xx_ll_rcc.o(.text.LL_RCC_PLLI2S_GetN), (16 bytes).
    Removing stm32f7xx_ll_rcc.o(.ARM.exidx.text.LL_RCC_PLLI2S_GetN), (8 bytes).
    Removing stm32f7xx_ll_rcc.o(.text.LL_RCC_PLLI2S_GetQ), (16 bytes).
    Removing stm32f7xx_ll_rcc.o(.ARM.exidx.text.LL_RCC_PLLI2S_GetQ), (8 bytes).
    Removing stm32f7xx_ll_rcc.o(.text.LL_RCC_PLLI2S_GetDIVQ), (16 bytes).
    Removing stm32f7xx_ll_rcc.o(.ARM.exidx.text.LL_RCC_PLLI2S_GetDIVQ), (8 bytes).
    Removing stm32f7xx_ll_rcc.o(.text.LL_RCC_PLLI2S_GetP), (16 bytes).
    Removing stm32f7xx_ll_rcc.o(.ARM.exidx.text.LL_RCC_PLLI2S_GetP), (8 bytes).
    Removing stm32f7xx_ll_rcc.o(.text.LL_RCC_PLLI2S_GetR), (16 bytes).
    Removing stm32f7xx_ll_rcc.o(.ARM.exidx.text.LL_RCC_PLLI2S_GetR), (8 bytes).
    Removing stm32f7xx_ll_rcc.o(.rodata.aRCC_PLLSAIDIVRPrescTable), (4 bytes).
    Removing stm32f7xx_ll_utils.o(.text), (0 bytes).
    Removing stm32f7xx_ll_utils.o(.text.LL_Init1msTick), (20 bytes).
    Removing stm32f7xx_ll_utils.o(.ARM.exidx.text.LL_Init1msTick), (8 bytes).
    Removing stm32f7xx_ll_utils.o(.text.LL_InitTick), (54 bytes).
    Removing stm32f7xx_ll_utils.o(.ARM.exidx.text.LL_InitTick), (8 bytes).
    Removing stm32f7xx_ll_utils.o(.text.LL_mDelay), (74 bytes).
    Removing stm32f7xx_ll_utils.o(.ARM.exidx.text.LL_mDelay), (8 bytes).
    Removing stm32f7xx_ll_utils.o(.text.LL_SetSystemCoreClock), (20 bytes).
    Removing stm32f7xx_ll_utils.o(.ARM.exidx.text.LL_SetSystemCoreClock), (8 bytes).
    Removing stm32f7xx_ll_utils.o(.text.LL_SetFlashLatency), (556 bytes).
    Removing stm32f7xx_ll_utils.o(.ARM.exidx.text.LL_SetFlashLatency), (8 bytes).
    Removing stm32f7xx_ll_utils.o(.text.LL_PWR_GetRegulVoltageScaling), (16 bytes).
    Removing stm32f7xx_ll_utils.o(.ARM.exidx.text.LL_PWR_GetRegulVoltageScaling), (8 bytes).
    Removing stm32f7xx_ll_utils.o(.text.LL_PWR_IsEnabledOverDriveMode), (16 bytes).
    Removing stm32f7xx_ll_utils.o(.ARM.exidx.text.LL_PWR_IsEnabledOverDriveMode), (8 bytes).
    Removing stm32f7xx_ll_utils.o(.text.LL_FLASH_SetLatency), (28 bytes).
    Removing stm32f7xx_ll_utils.o(.ARM.exidx.text.LL_FLASH_SetLatency), (8 bytes).
    Removing stm32f7xx_ll_utils.o(.text.LL_FLASH_GetLatency), (16 bytes).
    Removing stm32f7xx_ll_utils.o(.ARM.exidx.text.LL_FLASH_GetLatency), (8 bytes).
    Removing stm32f7xx_ll_utils.o(.text.LL_PLL_ConfigSystemClock_HSI), (106 bytes).
    Removing stm32f7xx_ll_utils.o(.ARM.exidx.text.LL_PLL_ConfigSystemClock_HSI), (8 bytes).
    Removing stm32f7xx_ll_utils.o(.text.UTILS_PLL_IsBusy), (56 bytes).
    Removing stm32f7xx_ll_utils.o(.ARM.exidx.text.UTILS_PLL_IsBusy), (8 bytes).
    Removing stm32f7xx_ll_utils.o(.text.UTILS_GetPLLOutputFrequency), (66 bytes).
    Removing stm32f7xx_ll_utils.o(.ARM.exidx.text.UTILS_GetPLLOutputFrequency), (8 bytes).
    Removing stm32f7xx_ll_utils.o(.text.LL_RCC_HSI_IsReady), (16 bytes).
    Removing stm32f7xx_ll_utils.o(.ARM.exidx.text.LL_RCC_HSI_IsReady), (8 bytes).
    Removing stm32f7xx_ll_utils.o(.text.LL_RCC_HSI_Enable), (18 bytes).
    Removing stm32f7xx_ll_utils.o(.ARM.exidx.text.LL_RCC_HSI_Enable), (8 bytes).
    Removing stm32f7xx_ll_utils.o(.text.LL_RCC_PLL_ConfigDomain_SYS), (54 bytes).
    Removing stm32f7xx_ll_utils.o(.ARM.exidx.text.LL_RCC_PLL_ConfigDomain_SYS), (8 bytes).
    Removing stm32f7xx_ll_utils.o(.text.UTILS_EnablePLLAndSwitchSystem), (182 bytes).
    Removing stm32f7xx_ll_utils.o(.ARM.exidx.text.UTILS_EnablePLLAndSwitchSystem), (8 bytes).
    Removing stm32f7xx_ll_utils.o(.text.LL_PLL_ConfigSystemClock_HSE), (126 bytes).
    Removing stm32f7xx_ll_utils.o(.ARM.exidx.text.LL_PLL_ConfigSystemClock_HSE), (8 bytes).
    Removing stm32f7xx_ll_utils.o(.text.LL_RCC_HSE_IsReady), (16 bytes).
    Removing stm32f7xx_ll_utils.o(.ARM.exidx.text.LL_RCC_HSE_IsReady), (8 bytes).
    Removing stm32f7xx_ll_utils.o(.text.LL_RCC_HSE_EnableBypass), (18 bytes).
    Removing stm32f7xx_ll_utils.o(.ARM.exidx.text.LL_RCC_HSE_EnableBypass), (8 bytes).
    Removing stm32f7xx_ll_utils.o(.text.LL_RCC_HSE_DisableBypass), (18 bytes).
    Removing stm32f7xx_ll_utils.o(.ARM.exidx.text.LL_RCC_HSE_DisableBypass), (8 bytes).
    Removing stm32f7xx_ll_utils.o(.text.LL_RCC_HSE_Enable), (18 bytes).
    Removing stm32f7xx_ll_utils.o(.ARM.exidx.text.LL_RCC_HSE_Enable), (8 bytes).
    Removing stm32f7xx_ll_utils.o(.text.LL_RCC_PLL_IsReady), (16 bytes).
    Removing stm32f7xx_ll_utils.o(.ARM.exidx.text.LL_RCC_PLL_IsReady), (8 bytes).
    Removing stm32f7xx_ll_utils.o(.text.LL_RCC_PLLSAI_IsReady), (16 bytes).
    Removing stm32f7xx_ll_utils.o(.ARM.exidx.text.LL_RCC_PLLSAI_IsReady), (8 bytes).
    Removing stm32f7xx_ll_utils.o(.text.LL_RCC_PLLI2S_IsReady), (16 bytes).
    Removing stm32f7xx_ll_utils.o(.ARM.exidx.text.LL_RCC_PLLI2S_IsReady), (8 bytes).
    Removing stm32f7xx_ll_utils.o(.text.LL_RCC_PLL_Enable), (18 bytes).
    Removing stm32f7xx_ll_utils.o(.ARM.exidx.text.LL_RCC_PLL_Enable), (8 bytes).
    Removing stm32f7xx_ll_utils.o(.text.LL_RCC_SetAHBPrescaler), (28 bytes).
    Removing stm32f7xx_ll_utils.o(.ARM.exidx.text.LL_RCC_SetAHBPrescaler), (8 bytes).
    Removing stm32f7xx_ll_utils.o(.text.LL_RCC_SetSysClkSource), (28 bytes).
    Removing stm32f7xx_ll_utils.o(.ARM.exidx.text.LL_RCC_SetSysClkSource), (8 bytes).
    Removing stm32f7xx_ll_utils.o(.text.LL_RCC_GetSysClkSource), (16 bytes).
    Removing stm32f7xx_ll_utils.o(.ARM.exidx.text.LL_RCC_GetSysClkSource), (8 bytes).
    Removing stm32f7xx_ll_utils.o(.text.LL_RCC_SetAPB1Prescaler), (28 bytes).
    Removing stm32f7xx_ll_utils.o(.ARM.exidx.text.LL_RCC_SetAPB1Prescaler), (8 bytes).
    Removing stm32f7xx_ll_utils.o(.text.LL_RCC_SetAPB2Prescaler), (28 bytes).
    Removing stm32f7xx_ll_utils.o(.ARM.exidx.text.LL_RCC_SetAPB2Prescaler), (8 bytes).
    Removing stm32f7xx_hal_msp.o(.text), (0 bytes).
    Removing stm32f7xx_hal_msp.o(.ARM.exidx.text.HAL_MspInit), (8 bytes).
    Removing stm32f7xx_hal_msp.o(.ARM.exidx.text.HAL_UART_MspInit), (8 bytes).
    Removing stm32f7xx_hal_msp.o(.text.HAL_UART_MspDeInit), (76 bytes).
    Removing stm32f7xx_hal_msp.o(.ARM.exidx.text.HAL_UART_MspDeInit), (8 bytes).
    Removing stm32f7xx_hal_timebase_tim.o(.text), (0 bytes).
    Removing stm32f7xx_hal_timebase_tim.o(.ARM.exidx.text.HAL_InitTick), (8 bytes).
    Removing stm32f7xx_hal_timebase_tim.o(.text.HAL_SuspendTick), (20 bytes).
    Removing stm32f7xx_hal_timebase_tim.o(.ARM.exidx.text.HAL_SuspendTick), (8 bytes).
    Removing stm32f7xx_hal_timebase_tim.o(.text.HAL_ResumeTick), (20 bytes).
    Removing stm32f7xx_hal_timebase_tim.o(.ARM.exidx.text.HAL_ResumeTick), (8 bytes).
    Removing system_stm32f7xx.o(.text), (0 bytes).
    Removing system_stm32f7xx.o(.ARM.exidx.text.SystemInit), (8 bytes).
    Removing system_stm32f7xx.o(.text.SystemCoreClockUpdate), (302 bytes).
    Removing system_stm32f7xx.o(.ARM.exidx.text.SystemCoreClockUpdate), (8 bytes).
    Removing irq_armv7m.o(.rodata), (1 bytes).
    Removing irq_armv7m.o(.ARM.exidx), (24 bytes).
    Removing rtx_kernel.o(.text), (0 bytes).
    Removing rtx_kernel.o(.ARM.exidx.text.osRtxKernelBeforeInit), (8 bytes).
    Removing rtx_kernel.o(.ARM.exidx.text.osRtxKernelErrorNotify), (8 bytes).
    Removing rtx_kernel.o(.ARM.exidx.text.osKernelInitialize), (8 bytes).
    Removing rtx_kernel.o(.text.osKernelGetInfo), (48 bytes).
    Removing rtx_kernel.o(.ARM.exidx.text.osKernelGetInfo), (8 bytes).
    Removing rtx_kernel.o(.text.svcRtxKernelGetInfo), (48 bytes).
    Removing rtx_kernel.o(.ARM.exidx.text.svcRtxKernelGetInfo), (8 bytes).
    Removing rtx_kernel.o(.ARM.exidx.text.osKernelGetState), (8 bytes).
    Removing rtx_kernel.o(.ARM.exidx.text.svcRtxKernelGetState), (8 bytes).
    Removing rtx_kernel.o(.ARM.exidx.text.osKernelStart), (8 bytes).
    Removing rtx_kernel.o(.text.osKernelLock), (36 bytes).
    Removing rtx_kernel.o(.ARM.exidx.text.osKernelLock), (8 bytes).
    Removing rtx_kernel.o(.text.osKernelUnlock), (36 bytes).
    Removing rtx_kernel.o(.ARM.exidx.text.osKernelUnlock), (8 bytes).
    Removing rtx_kernel.o(.text.osKernelRestoreLock), (84 bytes).
    Removing rtx_kernel.o(.ARM.exidx.text.osKernelRestoreLock), (8 bytes).
    Removing rtx_kernel.o(.text.svcRtxKernelRestoreLock), (40 bytes).
    Removing rtx_kernel.o(.ARM.exidx.text.svcRtxKernelRestoreLock), (8 bytes).
    Removing rtx_kernel.o(.text.osKernelSuspend), (36 bytes).
    Removing rtx_kernel.o(.ARM.exidx.text.osKernelSuspend), (8 bytes).
    Removing rtx_kernel.o(.text.osKernelResume), (36 bytes).
    Removing rtx_kernel.o(.ARM.exidx.text.osKernelResume), (8 bytes).
    Removing rtx_kernel.o(.text.osKernelProtect), (36 bytes).
    Removing rtx_kernel.o(.ARM.exidx.text.osKernelProtect), (8 bytes).
    Removing rtx_kernel.o(.text.osKernelDestroyClass), (60 bytes).
    Removing rtx_kernel.o(.ARM.exidx.text.osKernelDestroyClass), (8 bytes).
    Removing rtx_kernel.o(.text.svcRtxKernelDestroyClass), (6 bytes).
    Removing rtx_kernel.o(.ARM.exidx.text.svcRtxKernelDestroyClass), (8 bytes).
    Removing rtx_kernel.o(.text.osKernelGetTickCount), (40 bytes).
    Removing rtx_kernel.o(.ARM.exidx.text.osKernelGetTickCount), (8 bytes).
    Removing rtx_kernel.o(.text.svcRtxKernelGetTickCount), (12 bytes).
    Removing rtx_kernel.o(.ARM.exidx.text.svcRtxKernelGetTickCount), (8 bytes).
    Removing rtx_kernel.o(.text.osKernelGetTickFreq), (40 bytes).
    Removing rtx_kernel.o(.ARM.exidx.text.osKernelGetTickFreq), (8 bytes).
    Removing rtx_kernel.o(.text.svcRtxKernelGetTickFreq), (12 bytes).
    Removing rtx_kernel.o(.ARM.exidx.text.svcRtxKernelGetTickFreq), (8 bytes).
    Removing rtx_kernel.o(.text.osKernelGetSysTimerCount), (36 bytes).
    Removing rtx_kernel.o(.ARM.exidx.text.osKernelGetSysTimerCount), (8 bytes).
    Removing rtx_kernel.o(.text.svcRtxKernelGetSysTimerCount), (40 bytes).
    Removing rtx_kernel.o(.ARM.exidx.text.svcRtxKernelGetSysTimerCount), (8 bytes).
    Removing rtx_kernel.o(.text.osKernelGetSysTimerFreq), (36 bytes).
    Removing rtx_kernel.o(.ARM.exidx.text.osKernelGetSysTimerFreq), (8 bytes).
    Removing rtx_kernel.o(.text.svcRtxKernelGetSysTimerFreq), (4 bytes).
    Removing rtx_kernel.o(.ARM.exidx.text.svcRtxKernelGetSysTimerFreq), (8 bytes).
    Removing rtx_kernel.o(.ARM.exidx.text.svcRtxKernelInitialize), (8 bytes).
    Removing rtx_kernel.o(.ARM.exidx.text.svcRtxKernelStart), (8 bytes).
    Removing rtx_kernel.o(.text.svcRtxKernelLock), (32 bytes).
    Removing rtx_kernel.o(.ARM.exidx.text.svcRtxKernelLock), (8 bytes).
    Removing rtx_kernel.o(.text.svcRtxKernelUnlock), (32 bytes).
    Removing rtx_kernel.o(.ARM.exidx.text.svcRtxKernelUnlock), (8 bytes).
    Removing rtx_kernel.o(.text.svcRtxKernelSuspend), (64 bytes).
    Removing rtx_kernel.o(.ARM.exidx.text.svcRtxKernelSuspend), (8 bytes).
    Removing rtx_kernel.o(.text.GetKernelSleepTime), (32 bytes).
    Removing rtx_kernel.o(.ARM.exidx.text.GetKernelSleepTime), (8 bytes).
    Removing rtx_kernel.o(.text.svcRtxKernelResume), (124 bytes).
    Removing rtx_kernel.o(.ARM.exidx.text.svcRtxKernelResume), (8 bytes).
    Removing rtx_kernel.o(.text.svcRtxKernelProtect), (6 bytes).
    Removing rtx_kernel.o(.ARM.exidx.text.svcRtxKernelProtect), (8 bytes).
    Removing rtx_kernel.o(.ARM.exidx.text.OUTLINED_FUNCTION_0), (8 bytes).
    Removing rtx_kernel.o(.ARM.exidx.text.OUTLINED_FUNCTION_1), (8 bytes).
    Removing rtx_mutex.o(.text), (0 bytes).
    Removing rtx_mutex.o(.ARM.exidx.text.osRtxMutexOwnerRelease), (8 bytes).
    Removing rtx_mutex.o(.ARM.exidx.text.osRtxMutexOwnerRestore), (8 bytes).
    Removing rtx_mutex.o(.ARM.exidx.text.osMutexNew), (8 bytes).
    Removing rtx_mutex.o(.text.osMutexGetName), (48 bytes).
    Removing rtx_mutex.o(.ARM.exidx.text.osMutexGetName), (8 bytes).
    Removing rtx_mutex.o(.text.svcRtxMutexGetName), (16 bytes).
    Removing rtx_mutex.o(.ARM.exidx.text.svcRtxMutexGetName), (8 bytes).
    Removing rtx_mutex.o(.ARM.exidx.text.osMutexAcquire), (8 bytes).
    Removing rtx_mutex.o(.ARM.exidx.text.osMutexRelease), (8 bytes).
    Removing rtx_mutex.o(.text.osMutexGetOwner), (36 bytes).
    Removing rtx_mutex.o(.ARM.exidx.text.osMutexGetOwner), (8 bytes).
    Removing rtx_mutex.o(.ARM.exidx.text.osMutexDelete), (8 bytes).
    Removing rtx_mutex.o(.ARM.exidx.text.svcRtxMutexNew), (8 bytes).
    Removing rtx_mutex.o(.ARM.exidx.text.svcRtxMutexAcquire), (8 bytes).
    Removing rtx_mutex.o(.ARM.exidx.text.svcRtxMutexRelease), (8 bytes).
    Removing rtx_mutex.o(.text.svcRtxMutexGetOwner), (20 bytes).
    Removing rtx_mutex.o(.ARM.exidx.text.svcRtxMutexGetOwner), (8 bytes).
    Removing rtx_mutex.o(.ARM.exidx.text.svcRtxMutexDelete), (8 bytes).
    Removing rtx_thread.o(.text), (0 bytes).
    Removing rtx_thread.o(.ARM.exidx.text.osRtxThreadListPut), (8 bytes).
    Removing rtx_thread.o(.ARM.exidx.text.osRtxThreadListGet), (8 bytes).
    Removing rtx_thread.o(.ARM.exidx.text.osRtxThreadListSort), (8 bytes).
    Removing rtx_thread.o(.ARM.exidx.text.osRtxThreadListRemove), (8 bytes).
    Removing rtx_thread.o(.ARM.exidx.text.osRtxThreadReadyPut), (8 bytes).
    Removing rtx_thread.o(.ARM.exidx.text.osRtxThreadDelayRemove), (8 bytes).
    Removing rtx_thread.o(.ARM.exidx.text.osRtxThreadDelayTick), (8 bytes).
    Removing rtx_thread.o(.ARM.exidx.text.osRtxThreadRegPtr), (8 bytes).
    Removing rtx_thread.o(.ARM.exidx.text.osRtxThreadSwitch), (8 bytes).
    Removing rtx_thread.o(.ARM.exidx.text.osRtxThreadDispatch), (8 bytes).
    Removing rtx_thread.o(.ARM.exidx.text.osRtxThreadBlock), (8 bytes).
    Removing rtx_thread.o(.ARM.exidx.text.osRtxThreadWaitExit), (8 bytes).
    Removing rtx_thread.o(.ARM.exidx.text.osRtxThreadWaitEnter), (8 bytes).
    Removing rtx_thread.o(.ARM.exidx.text.osRtxThreadDelayInsert), (8 bytes).
    Removing rtx_thread.o(.ARM.exidx.text.osRtxThreadJoinWakeup), (8 bytes).
    Removing rtx_thread.o(.ARM.exidx.text.osRtxThreadDestroy), (8 bytes).
    Removing rtx_thread.o(.ARM.exidx.text.osRtxThreadFree), (8 bytes).
    Removing rtx_thread.o(.text.osRtxThreadBeforeFree), (2 bytes).
    Removing rtx_thread.o(.ARM.exidx.text.osRtxThreadBeforeFree), (8 bytes).
    Removing rtx_thread.o(.ARM.exidx.text.osRtxThreadStartup), (8 bytes).
    Removing rtx_thread.o(.ARM.exidx.text.svcRtxThreadNew), (8 bytes).
    Removing rtx_thread.o(.ARM.exidx.text.osThreadNew), (8 bytes).
    Removing rtx_thread.o(.ARM.exidx.text.IsIrqMasked), (8 bytes).
    Removing rtx_thread.o(.text.osThreadGetName), (48 bytes).
    Removing rtx_thread.o(.ARM.exidx.text.osThreadGetName), (8 bytes).
    Removing rtx_thread.o(.text.svcRtxThreadGetName), (16 bytes).
    Removing rtx_thread.o(.ARM.exidx.text.svcRtxThreadGetName), (8 bytes).
    Removing rtx_thread.o(.text.osThreadGetClass), (36 bytes).
    Removing rtx_thread.o(.ARM.exidx.text.osThreadGetClass), (8 bytes).
    Removing rtx_thread.o(.text.svcRtxThreadGetClass), (4 bytes).
    Removing rtx_thread.o(.ARM.exidx.text.svcRtxThreadGetClass), (8 bytes).
    Removing rtx_thread.o(.text.osThreadGetZone), (36 bytes).
    Removing rtx_thread.o(.ARM.exidx.text.osThreadGetZone), (8 bytes).
    Removing rtx_thread.o(.text.svcRtxThreadGetZone), (4 bytes).
    Removing rtx_thread.o(.ARM.exidx.text.svcRtxThreadGetZone), (8 bytes).
    Removing rtx_thread.o(.text.osThreadGetId), (36 bytes).
    Removing rtx_thread.o(.ARM.exidx.text.osThreadGetId), (8 bytes).
    Removing rtx_thread.o(.text.svcRtxThreadGetId), (12 bytes).
    Removing rtx_thread.o(.ARM.exidx.text.svcRtxThreadGetId), (8 bytes).
    Removing rtx_thread.o(.text.osThreadGetState), (36 bytes).
    Removing rtx_thread.o(.ARM.exidx.text.osThreadGetState), (8 bytes).
    Removing rtx_thread.o(.text.osThreadGetStackSize), (36 bytes).
    Removing rtx_thread.o(.ARM.exidx.text.osThreadGetStackSize), (8 bytes).
    Removing rtx_thread.o(.text.osThreadGetStackSpace), (36 bytes).
    Removing rtx_thread.o(.ARM.exidx.text.osThreadGetStackSpace), (8 bytes).
    Removing rtx_thread.o(.text.osThreadSetPriority), (40 bytes).
    Removing rtx_thread.o(.ARM.exidx.text.osThreadSetPriority), (8 bytes).
    Removing rtx_thread.o(.text.osThreadGetPriority), (36 bytes).
    Removing rtx_thread.o(.ARM.exidx.text.osThreadGetPriority), (8 bytes).
    Removing rtx_thread.o(.text.osThreadYield), (32 bytes).
    Removing rtx_thread.o(.ARM.exidx.text.osThreadYield), (8 bytes).
    Removing rtx_thread.o(.text.osThreadSuspend), (36 bytes).
    Removing rtx_thread.o(.ARM.exidx.text.osThreadSuspend), (8 bytes).
    Removing rtx_thread.o(.text.osThreadResume), (36 bytes).
    Removing rtx_thread.o(.ARM.exidx.text.osThreadResume), (8 bytes).
    Removing rtx_thread.o(.text.osThreadDetach), (36 bytes).
    Removing rtx_thread.o(.ARM.exidx.text.osThreadDetach), (8 bytes).
    Removing rtx_thread.o(.text.osThreadJoin), (36 bytes).
    Removing rtx_thread.o(.ARM.exidx.text.osThreadJoin), (8 bytes).
    Removing rtx_thread.o(.ARM.exidx.text.osThreadExit), (8 bytes).
    Removing rtx_thread.o(.text.osThreadTerminate), (36 bytes).
    Removing rtx_thread.o(.ARM.exidx.text.osThreadTerminate), (8 bytes).
    Removing rtx_thread.o(.text.osThreadFeedWatchdog), (36 bytes).
    Removing rtx_thread.o(.ARM.exidx.text.osThreadFeedWatchdog), (8 bytes).
    Removing rtx_thread.o(.text.osThreadProtectPrivileged), (32 bytes).
    Removing rtx_thread.o(.ARM.exidx.text.osThreadProtectPrivileged), (8 bytes).
    Removing rtx_thread.o(.text.osThreadSuspendClass), (64 bytes).
    Removing rtx_thread.o(.ARM.exidx.text.osThreadSuspendClass), (8 bytes).
    Removing rtx_thread.o(.text.svcRtxThreadSuspendClass), (4 bytes).
    Removing rtx_thread.o(.ARM.exidx.text.svcRtxThreadSuspendClass), (8 bytes).
    Removing rtx_thread.o(.text.osThreadResumeClass), (64 bytes).
    Removing rtx_thread.o(.ARM.exidx.text.osThreadResumeClass), (8 bytes).
    Removing rtx_thread.o(.text.svcRtxThreadResumeClass), (4 bytes).
    Removing rtx_thread.o(.ARM.exidx.text.svcRtxThreadResumeClass), (8 bytes).
    Removing rtx_thread.o(.text.osThreadTerminateZone), (72 bytes).
    Removing rtx_thread.o(.ARM.exidx.text.osThreadTerminateZone), (8 bytes).
    Removing rtx_thread.o(.text.osThreadSetAffinityMask), (40 bytes).
    Removing rtx_thread.o(.ARM.exidx.text.osThreadSetAffinityMask), (8 bytes).
    Removing rtx_thread.o(.text.osThreadGetAffinityMask), (36 bytes).
    Removing rtx_thread.o(.ARM.exidx.text.osThreadGetAffinityMask), (8 bytes).
    Removing rtx_thread.o(.text.osThreadGetCount), (32 bytes).
    Removing rtx_thread.o(.ARM.exidx.text.osThreadGetCount), (8 bytes).
    Removing rtx_thread.o(.text.osThreadEnumerate), (40 bytes).
    Removing rtx_thread.o(.ARM.exidx.text.osThreadEnumerate), (8 bytes).
    Removing rtx_thread.o(.text.osThreadFlagsSet), (92 bytes).
    Removing rtx_thread.o(.ARM.exidx.text.osThreadFlagsSet), (8 bytes).
    Removing rtx_thread.o(.text.osThreadFlagsClear), (36 bytes).
    Removing rtx_thread.o(.ARM.exidx.text.osThreadFlagsClear), (8 bytes).
    Removing rtx_thread.o(.text.osThreadFlagsGet), (32 bytes).
    Removing rtx_thread.o(.ARM.exidx.text.osThreadFlagsGet), (8 bytes).
    Removing rtx_thread.o(.text.osThreadFlagsWait), (44 bytes).
    Removing rtx_thread.o(.ARM.exidx.text.osThreadFlagsWait), (8 bytes).
    Removing rtx_thread.o(.ARM.exidx.text.osThreadEntry), (8 bytes).
    Removing rtx_thread.o(.ARM.exidx.text.osRtxThreadPostProcess), (8 bytes).
    Removing rtx_thread.o(.ARM.exidx.text.ThreadFlagsCheck), (8 bytes).
    Removing rtx_thread.o(.text.svcRtxThreadGetState), (20 bytes).
    Removing rtx_thread.o(.ARM.exidx.text.svcRtxThreadGetState), (8 bytes).
    Removing rtx_thread.o(.text.svcRtxThreadGetStackSize), (16 bytes).
    Removing rtx_thread.o(.ARM.exidx.text.svcRtxThreadGetStackSize), (8 bytes).
    Removing rtx_thread.o(.text.svcRtxThreadGetStackSpace), (60 bytes).
    Removing rtx_thread.o(.ARM.exidx.text.svcRtxThreadGetStackSpace), (8 bytes).
    Removing rtx_thread.o(.text.svcRtxThreadSetPriority), (72 bytes).
    Removing rtx_thread.o(.ARM.exidx.text.svcRtxThreadSetPriority), (8 bytes).
    Removing rtx_thread.o(.text.svcRtxThreadGetPriority), (24 bytes).
    Removing rtx_thread.o(.ARM.exidx.text.svcRtxThreadGetPriority), (8 bytes).
    Removing rtx_thread.o(.text.svcRtxThreadYield), (56 bytes).
    Removing rtx_thread.o(.ARM.exidx.text.svcRtxThreadYield), (8 bytes).
    Removing rtx_thread.o(.text.svcRtxThreadSuspend), (112 bytes).
    Removing rtx_thread.o(.ARM.exidx.text.svcRtxThreadSuspend), (8 bytes).
    Removing rtx_thread.o(.text.svcRtxThreadResume), (44 bytes).
    Removing rtx_thread.o(.ARM.exidx.text.svcRtxThreadResume), (8 bytes).
    Removing rtx_thread.o(.text.svcRtxThreadDetach), (56 bytes).
    Removing rtx_thread.o(.ARM.exidx.text.svcRtxThreadDetach), (8 bytes).
    Removing rtx_thread.o(.text.osRtxThreadListUnlink), (32 bytes).
    Removing rtx_thread.o(.ARM.exidx.text.osRtxThreadListUnlink), (8 bytes).
    Removing rtx_thread.o(.text.svcRtxThreadJoin), (84 bytes).
    Removing rtx_thread.o(.ARM.exidx.text.svcRtxThreadJoin), (8 bytes).
    Removing rtx_thread.o(.ARM.exidx.text.svcRtxThreadExit), (8 bytes).
    Removing rtx_thread.o(.text.svcRtxThreadTerminate), (136 bytes).
    Removing rtx_thread.o(.ARM.exidx.text.svcRtxThreadTerminate), (8 bytes).
    Removing rtx_thread.o(.text.svcRtxThreadFeedWatchdog), (4 bytes).
    Removing rtx_thread.o(.ARM.exidx.text.svcRtxThreadFeedWatchdog), (8 bytes).
    Removing rtx_thread.o(.text.svcRtxThreadProtectPrivileged), (4 bytes).
    Removing rtx_thread.o(.ARM.exidx.text.svcRtxThreadProtectPrivileged), (8 bytes).
    Removing rtx_thread.o(.text.svcRtxThreadSetAffinityMask), (4 bytes).
    Removing rtx_thread.o(.ARM.exidx.text.svcRtxThreadSetAffinityMask), (8 bytes).
    Removing rtx_thread.o(.text.svcRtxThreadGetAffinityMask), (4 bytes).
    Removing rtx_thread.o(.ARM.exidx.text.svcRtxThreadGetAffinityMask), (8 bytes).
    Removing rtx_thread.o(.text.svcRtxThreadGetCount), (52 bytes).
    Removing rtx_thread.o(.ARM.exidx.text.svcRtxThreadGetCount), (8 bytes).
    Removing rtx_thread.o(.text.svcRtxThreadEnumerate), (92 bytes).
    Removing rtx_thread.o(.ARM.exidx.text.svcRtxThreadEnumerate), (8 bytes).
    Removing rtx_thread.o(.text.svcRtxThreadFlagsSet), (102 bytes).
    Removing rtx_thread.o(.ARM.exidx.text.svcRtxThreadFlagsSet), (8 bytes).
    Removing rtx_thread.o(.text.svcRtxThreadFlagsClear), (48 bytes).
    Removing rtx_thread.o(.ARM.exidx.text.svcRtxThreadFlagsClear), (8 bytes).
    Removing rtx_thread.o(.text.svcRtxThreadFlagsGet), (20 bytes).
    Removing rtx_thread.o(.ARM.exidx.text.svcRtxThreadFlagsGet), (8 bytes).
    Removing rtx_thread.o(.text.svcRtxThreadFlagsWait), (76 bytes).
    Removing rtx_thread.o(.ARM.exidx.text.svcRtxThreadFlagsWait), (8 bytes).
    Removing rtx_thread.o(.ARM.exidx.text.OUTLINED_FUNCTION_0), (8 bytes).
    Removing rtx_thread.o(.text.OUTLINED_FUNCTION_1), (6 bytes).
    Removing rtx_thread.o(.ARM.exidx.text.OUTLINED_FUNCTION_1), (8 bytes).
    Removing rtx_thread.o(.text.OUTLINED_FUNCTION_2), (6 bytes).
    Removing rtx_thread.o(.ARM.exidx.text.OUTLINED_FUNCTION_2), (8 bytes).
    Removing rtx_thread.o(.text.OUTLINED_FUNCTION_3), (6 bytes).
    Removing rtx_thread.o(.ARM.exidx.text.OUTLINED_FUNCTION_3), (8 bytes).
    Removing rtx_thread.o(.text.OUTLINED_FUNCTION_4), (20 bytes).
    Removing rtx_thread.o(.ARM.exidx.text.OUTLINED_FUNCTION_4), (8 bytes).
    Removing rtx_thread.o(.text.OUTLINED_FUNCTION_5), (6 bytes).
    Removing rtx_thread.o(.ARM.exidx.text.OUTLINED_FUNCTION_5), (8 bytes).
    Removing rtx_thread.o(.text.OUTLINED_FUNCTION_6), (8 bytes).
    Removing rtx_thread.o(.ARM.exidx.text.OUTLINED_FUNCTION_6), (8 bytes).
    Removing rtx_timer.o(.text), (0 bytes).
    Removing rtx_timer.o(.ARM.exidx.text.osRtxTimerSetup), (8 bytes).
    Removing rtx_timer.o(.ARM.exidx.text.osRtxTimerTick), (8 bytes).
    Removing rtx_timer.o(.ARM.exidx.text.osRtxTimerThread), (8 bytes).
    Removing rtx_timer.o(.text.osTimerNew), (36 bytes).
    Removing rtx_timer.o(.ARM.exidx.text.osTimerNew), (8 bytes).
    Removing rtx_timer.o(.text.osTimerGetName), (48 bytes).
    Removing rtx_timer.o(.ARM.exidx.text.osTimerGetName), (8 bytes).
    Removing rtx_timer.o(.text.svcRtxTimerGetName), (16 bytes).
    Removing rtx_timer.o(.ARM.exidx.text.svcRtxTimerGetName), (8 bytes).
    Removing rtx_timer.o(.text.osTimerStart), (36 bytes).
    Removing rtx_timer.o(.ARM.exidx.text.osTimerStart), (8 bytes).
    Removing rtx_timer.o(.text.osTimerStop), (36 bytes).
    Removing rtx_timer.o(.ARM.exidx.text.osTimerStop), (8 bytes).
    Removing rtx_timer.o(.text.osTimerIsRunning), (36 bytes).
    Removing rtx_timer.o(.ARM.exidx.text.osTimerIsRunning), (8 bytes).
    Removing rtx_timer.o(.text.osTimerDelete), (36 bytes).
    Removing rtx_timer.o(.ARM.exidx.text.osTimerDelete), (8 bytes).
    Removing rtx_timer.o(.ARM.exidx.text.TimerInsert), (8 bytes).
    Removing rtx_timer.o(.text.svcRtxTimerNew), (124 bytes).
    Removing rtx_timer.o(.ARM.exidx.text.svcRtxTimerNew), (8 bytes).
    Removing rtx_timer.o(.text.svcRtxTimerStart), (72 bytes).
    Removing rtx_timer.o(.ARM.exidx.text.svcRtxTimerStart), (8 bytes).
    Removing rtx_timer.o(.text.TimerRemove), (40 bytes).
    Removing rtx_timer.o(.ARM.exidx.text.TimerRemove), (8 bytes).
    Removing rtx_timer.o(.text.svcRtxTimerStop), (40 bytes).
    Removing rtx_timer.o(.ARM.exidx.text.svcRtxTimerStop), (8 bytes).
    Removing rtx_timer.o(.text.svcRtxTimerIsRunning), (24 bytes).
    Removing rtx_timer.o(.ARM.exidx.text.svcRtxTimerIsRunning), (8 bytes).
    Removing rtx_timer.o(.text.svcRtxTimerDelete), (76 bytes).
    Removing rtx_timer.o(.ARM.exidx.text.svcRtxTimerDelete), (8 bytes).
    Removing rtx_memory.o(.text), (0 bytes).
    Removing rtx_memory.o(.ARM.exidx.text.osRtxMemoryInit), (8 bytes).
    Removing rtx_memory.o(.ARM.exidx.text.osRtxMemoryAlloc), (8 bytes).
    Removing rtx_memory.o(.ARM.exidx.text.osRtxMemoryFree), (8 bytes).
    Removing rtx_mempool.o(.text), (0 bytes).
    Removing rtx_mempool.o(.ARM.exidx.text.osRtxMemoryPoolInit), (8 bytes).
    Removing rtx_mempool.o(.ARM.exidx.text.osRtxMemoryPoolAlloc), (8 bytes).
    Removing rtx_mempool.o(.ARM.exidx.text.osRtxMemoryPoolFree), (8 bytes).
    Removing rtx_mempool.o(.text.osMemoryPoolNew), (36 bytes).
    Removing rtx_mempool.o(.ARM.exidx.text.osMemoryPoolNew), (8 bytes).
    Removing rtx_mempool.o(.text.osMemoryPoolGetName), (48 bytes).
    Removing rtx_mempool.o(.ARM.exidx.text.osMemoryPoolGetName), (8 bytes).
    Removing rtx_mempool.o(.text.svcRtxMemoryPoolGetName), (16 bytes).
    Removing rtx_mempool.o(.ARM.exidx.text.svcRtxMemoryPoolGetName), (8 bytes).
    Removing rtx_mempool.o(.text.osMemoryPoolAlloc), (104 bytes).
    Removing rtx_mempool.o(.ARM.exidx.text.osMemoryPoolAlloc), (8 bytes).
    Removing rtx_mempool.o(.text.osMemoryPoolFree), (72 bytes).
    Removing rtx_mempool.o(.ARM.exidx.text.osMemoryPoolFree), (8 bytes).
    Removing rtx_mempool.o(.text.osMemoryPoolGetCapacity), (48 bytes).
    Removing rtx_mempool.o(.ARM.exidx.text.osMemoryPoolGetCapacity), (8 bytes).
    Removing rtx_mempool.o(.text.svcRtxMemoryPoolGetCapacity), (16 bytes).
    Removing rtx_mempool.o(.ARM.exidx.text.svcRtxMemoryPoolGetCapacity), (8 bytes).
    Removing rtx_mempool.o(.text.osMemoryPoolGetBlockSize), (48 bytes).
    Removing rtx_mempool.o(.ARM.exidx.text.osMemoryPoolGetBlockSize), (8 bytes).
    Removing rtx_mempool.o(.text.svcRtxMemoryPoolGetBlockSize), (16 bytes).
    Removing rtx_mempool.o(.ARM.exidx.text.svcRtxMemoryPoolGetBlockSize), (8 bytes).
    Removing rtx_mempool.o(.text.osMemoryPoolGetCount), (48 bytes).
    Removing rtx_mempool.o(.ARM.exidx.text.osMemoryPoolGetCount), (8 bytes).
    Removing rtx_mempool.o(.text.svcRtxMemoryPoolGetCount), (16 bytes).
    Removing rtx_mempool.o(.ARM.exidx.text.svcRtxMemoryPoolGetCount), (8 bytes).
    Removing rtx_mempool.o(.text.osMemoryPoolGetSpace), (36 bytes).
    Removing rtx_mempool.o(.ARM.exidx.text.osMemoryPoolGetSpace), (8 bytes).
    Removing rtx_mempool.o(.text.svcRtxMemoryPoolGetSpace), (20 bytes).
    Removing rtx_mempool.o(.ARM.exidx.text.svcRtxMemoryPoolGetSpace), (8 bytes).
    Removing rtx_mempool.o(.text.osMemoryPoolDelete), (36 bytes).
    Removing rtx_mempool.o(.ARM.exidx.text.osMemoryPoolDelete), (8 bytes).
    Removing rtx_mempool.o(.text.svcRtxMemoryPoolNew), (316 bytes).
    Removing rtx_mempool.o(.ARM.exidx.text.svcRtxMemoryPoolNew), (8 bytes).
    Removing rtx_mempool.o(.text.osRtxMemoryPoolPostProcess), (72 bytes).
    Removing rtx_mempool.o(.ARM.exidx.text.osRtxMemoryPoolPostProcess), (8 bytes).
    Removing rtx_mempool.o(.text.svcRtxMemoryPoolAlloc), (92 bytes).
    Removing rtx_mempool.o(.ARM.exidx.text.svcRtxMemoryPoolAlloc), (8 bytes).
    Removing rtx_mempool.o(.text.svcRtxMemoryPoolFree), (100 bytes).
    Removing rtx_mempool.o(.ARM.exidx.text.svcRtxMemoryPoolFree), (8 bytes).
    Removing rtx_mempool.o(.text.svcRtxMemoryPoolDelete), (108 bytes).
    Removing rtx_mempool.o(.ARM.exidx.text.svcRtxMemoryPoolDelete), (8 bytes).
    Removing rtx_msgqueue.o(.text), (0 bytes).
    Removing rtx_msgqueue.o(.ARM.exidx.text.osRtxMessageQueueTimerSetup), (8 bytes).
    Removing rtx_msgqueue.o(.ARM.exidx.text.svcRtxMessageQueueNew), (8 bytes).
    Removing rtx_msgqueue.o(.text.osMessageQueueNew), (36 bytes).
    Removing rtx_msgqueue.o(.ARM.exidx.text.osMessageQueueNew), (8 bytes).
    Removing rtx_msgqueue.o(.text.osMessageQueueGetName), (48 bytes).
    Removing rtx_msgqueue.o(.ARM.exidx.text.osMessageQueueGetName), (8 bytes).
    Removing rtx_msgqueue.o(.text.svcRtxMessageQueueGetName), (16 bytes).
    Removing rtx_msgqueue.o(.ARM.exidx.text.svcRtxMessageQueueGetName), (8 bytes).
    Removing rtx_msgqueue.o(.ARM.exidx.text.osMessageQueuePut), (8 bytes).
    Removing rtx_msgqueue.o(.ARM.exidx.text.osMessageQueueGet), (8 bytes).
    Removing rtx_msgqueue.o(.text.osMessageQueueGetCapacity), (48 bytes).
    Removing rtx_msgqueue.o(.ARM.exidx.text.osMessageQueueGetCapacity), (8 bytes).
    Removing rtx_msgqueue.o(.text.svcRtxMessageQueueGetCapacity), (16 bytes).
    Removing rtx_msgqueue.o(.ARM.exidx.text.svcRtxMessageQueueGetCapacity), (8 bytes).
    Removing rtx_msgqueue.o(.text.osMessageQueueGetMsgSize), (48 bytes).
    Removing rtx_msgqueue.o(.ARM.exidx.text.osMessageQueueGetMsgSize), (8 bytes).
    Removing rtx_msgqueue.o(.text.svcRtxMessageQueueGetMsgSize), (16 bytes).
    Removing rtx_msgqueue.o(.ARM.exidx.text.svcRtxMessageQueueGetMsgSize), (8 bytes).
    Removing rtx_msgqueue.o(.text.osMessageQueueGetCount), (48 bytes).
    Removing rtx_msgqueue.o(.ARM.exidx.text.osMessageQueueGetCount), (8 bytes).
    Removing rtx_msgqueue.o(.text.svcRtxMessageQueueGetCount), (16 bytes).
    Removing rtx_msgqueue.o(.ARM.exidx.text.svcRtxMessageQueueGetCount), (8 bytes).
    Removing rtx_msgqueue.o(.text.osMessageQueueGetSpace), (36 bytes).
    Removing rtx_msgqueue.o(.ARM.exidx.text.osMessageQueueGetSpace), (8 bytes).
    Removing rtx_msgqueue.o(.text.svcRtxMessageQueueGetSpace), (20 bytes).
    Removing rtx_msgqueue.o(.ARM.exidx.text.svcRtxMessageQueueGetSpace), (8 bytes).
    Removing rtx_msgqueue.o(.text.osMessageQueueReset), (36 bytes).
    Removing rtx_msgqueue.o(.ARM.exidx.text.osMessageQueueReset), (8 bytes).
    Removing rtx_msgqueue.o(.text.osMessageQueueDelete), (36 bytes).
    Removing rtx_msgqueue.o(.ARM.exidx.text.osMessageQueueDelete), (8 bytes).
    Removing rtx_msgqueue.o(.ARM.exidx.text.osRtxMessageQueuePostProcess), (8 bytes).
    Removing rtx_msgqueue.o(.ARM.exidx.text.MessageQueueRemove), (8 bytes).
    Removing rtx_msgqueue.o(.ARM.exidx.text.MessageQueuePut), (8 bytes).
    Removing rtx_msgqueue.o(.ARM.exidx.text.svcRtxMessageQueuePut), (8 bytes).
    Removing rtx_msgqueue.o(.ARM.exidx.text.MessageQueueGet), (8 bytes).
    Removing rtx_msgqueue.o(.ARM.exidx.text.svcRtxMessageQueueGet), (8 bytes).
    Removing rtx_msgqueue.o(.text.svcRtxMessageQueueReset), (166 bytes).
    Removing rtx_msgqueue.o(.ARM.exidx.text.svcRtxMessageQueueReset), (8 bytes).
    Removing rtx_msgqueue.o(.text.svcRtxMessageQueueDelete), (108 bytes).
    Removing rtx_msgqueue.o(.ARM.exidx.text.svcRtxMessageQueueDelete), (8 bytes).
    Removing rtx_msgqueue.o(.ARM.exidx.text.OUTLINED_FUNCTION_0), (8 bytes).
    Removing rtx_msgqueue.o(.ARM.exidx.text.OUTLINED_FUNCTION_1), (8 bytes).
    Removing rtx_system.o(.text), (0 bytes).
    Removing rtx_system.o(.ARM.exidx.text.osRtxTick_Handler), (8 bytes).
    Removing rtx_system.o(.ARM.exidx.text.osRtxPendSV_Handler), (8 bytes).
    Removing rtx_system.o(.ARM.exidx.text.osRtxPostProcess), (8 bytes).

1342 unused section(s) (total 81781 bytes) removed from the image.
