Component: Arm Compiler for Embedded 6.21 Tool: armlink [5ec1fa00]

==============================================================================

Section Cross References

    initmain.o(.text.mainThread) refers to initmain.o(.rodata.str1.1) for .L.str
    initmain.o(.text.mainThread) refers to printf.o(.text) for printf
    initmain.o(.ARM.exidx.text.mainThread) refers to initmain.o(.text.mainThread) for [Anonymous Symbol]
    main.o(.text.main) refers to stm32f7xx_hal.o(.text.HAL_Init) for HAL_Init
    main.o(.text.main) refers to main.o(.text.SystemClock_Config) for SystemClock_Config
    main.o(.text.main) refers to main.o(.text.MX_GPIO_Init) for MX_GPIO_Init
    main.o(.text.main) refers to main.o(.text.MX_DMA_Init) for MX_DMA_Init
    main.o(.text.main) refers to main.o(.text.MX_USART6_UART_Init) for MX_USART6_UART_Init
    main.o(.text.main) refers to rtx_kernel.o(.text.osKernelInitialize) for osKernelInitialize
    main.o(.text.main) refers to initmain.o(.text.mainThread) for mainThread
    main.o(.text.main) refers to rtx_thread.o(.text.osThreadNew) for osThreadNew
    main.o(.text.main) refers to rtx_kernel.o(.text.osKernelStart) for osKernelStart
    main.o(.ARM.exidx.text.main) refers to main.o(.text.main) for [Anonymous Symbol]
    main.o(.text.SystemClock_Config) refers to rt_memclr_w.o(.text) for __aeabi_memclr4
    main.o(.text.SystemClock_Config) refers to stm32f7xx_hal_rcc.o(.text.HAL_RCC_OscConfig) for HAL_RCC_OscConfig
    main.o(.text.SystemClock_Config) refers to main.o(.text.Error_Handler) for Error_Handler
    main.o(.text.SystemClock_Config) refers to stm32f7xx_hal_pwr_ex.o(.text.HAL_PWREx_EnableOverDrive) for HAL_PWREx_EnableOverDrive
    main.o(.text.SystemClock_Config) refers to stm32f7xx_hal_rcc.o(.text.HAL_RCC_ClockConfig) for HAL_RCC_ClockConfig
    main.o(.ARM.exidx.text.SystemClock_Config) refers to main.o(.text.SystemClock_Config) for [Anonymous Symbol]
    main.o(.text.MX_GPIO_Init) refers to stm32f7xx_hal_gpio.o(.text.HAL_GPIO_WritePin) for HAL_GPIO_WritePin
    main.o(.text.MX_GPIO_Init) refers to stm32f7xx_hal_gpio.o(.text.HAL_GPIO_Init) for HAL_GPIO_Init
    main.o(.ARM.exidx.text.MX_GPIO_Init) refers to main.o(.text.MX_GPIO_Init) for [Anonymous Symbol]
    main.o(.text.MX_DMA_Init) refers to stm32f7xx_hal_cortex.o(.text.HAL_NVIC_SetPriority) for HAL_NVIC_SetPriority
    main.o(.text.MX_DMA_Init) refers to stm32f7xx_hal_cortex.o(.text.HAL_NVIC_EnableIRQ) for HAL_NVIC_EnableIRQ
    main.o(.ARM.exidx.text.MX_DMA_Init) refers to main.o(.text.MX_DMA_Init) for [Anonymous Symbol]
    main.o(.text.MX_USART6_UART_Init) refers to main.o(.bss.huart6) for huart6
    main.o(.text.MX_USART6_UART_Init) refers to stm32f7xx_hal_uart.o(.text.HAL_UART_Init) for HAL_UART_Init
    main.o(.text.MX_USART6_UART_Init) refers to main.o(.text.Error_Handler) for Error_Handler
    main.o(.ARM.exidx.text.MX_USART6_UART_Init) refers to main.o(.text.MX_USART6_UART_Init) for [Anonymous Symbol]
    main.o(.ARM.exidx.text.Error_Handler) refers to main.o(.text.Error_Handler) for [Anonymous Symbol]
    main.o(.text.HAL_TIM_PeriodElapsedCallback) refers to stm32f7xx_hal.o(.text.HAL_IncTick) for HAL_IncTick
    main.o(.ARM.exidx.text.HAL_TIM_PeriodElapsedCallback) refers to main.o(.text.HAL_TIM_PeriodElapsedCallback) for [Anonymous Symbol]
    stm32f7xx_it.o(.text.TIM6_DAC_IRQHandler) refers to stm32f7xx_hal_timebase_tim.o(.bss.htim6) for htim6
    stm32f7xx_it.o(.text.TIM6_DAC_IRQHandler) refers to stm32f7xx_hal_tim.o(.text.HAL_TIM_IRQHandler) for HAL_TIM_IRQHandler
    stm32f7xx_it.o(.ARM.exidx.text.TIM6_DAC_IRQHandler) refers to stm32f7xx_it.o(.text.TIM6_DAC_IRQHandler) for [Anonymous Symbol]
    stm32f7xx_it.o(.text.DMA2_Stream1_IRQHandler) refers to main.o(.bss.hdma_usart6_rx) for hdma_usart6_rx
    stm32f7xx_it.o(.text.DMA2_Stream1_IRQHandler) refers to stm32f7xx_hal_dma.o(.text.HAL_DMA_IRQHandler) for HAL_DMA_IRQHandler
    stm32f7xx_it.o(.ARM.exidx.text.DMA2_Stream1_IRQHandler) refers to stm32f7xx_it.o(.text.DMA2_Stream1_IRQHandler) for [Anonymous Symbol]
    stm32f7xx_it.o(.text.DMA2_Stream6_IRQHandler) refers to main.o(.bss.hdma_usart6_tx) for hdma_usart6_tx
    stm32f7xx_it.o(.text.DMA2_Stream6_IRQHandler) refers to stm32f7xx_hal_dma.o(.text.HAL_DMA_IRQHandler) for HAL_DMA_IRQHandler
    stm32f7xx_it.o(.ARM.exidx.text.DMA2_Stream6_IRQHandler) refers to stm32f7xx_it.o(.text.DMA2_Stream6_IRQHandler) for [Anonymous Symbol]
    rtx_lib.o(.text._platform_post_stackheap_init) refers to rtx_kernel.o(.text.osKernelInitialize) for osKernelInitialize
    rtx_lib.o(.ARM.exidx.text._platform_post_stackheap_init) refers to rtx_lib.o(.text._platform_post_stackheap_init) for [Anonymous Symbol]
    rtx_lib.o(.text.$Sub$$_fp_init) refers to fpinit.o(x$fpl$fpinit) for $Super$$_fp_init
    rtx_lib.o(.ARM.exidx.text.$Sub$$_fp_init) refers to rtx_lib.o(.text.$Sub$$_fp_init) for [Anonymous Symbol]
    rtx_lib.o(.text.__user_perthread_libspace) refers to rtx_lib.o(.text.os_kernel_is_active) for os_kernel_is_active
[...]
    TIM1_UP_TIM10_IRQHandler                 0x08000377   Thumb Code     0  startup_stm32f746xx.o(.text)
    TIM2_IRQHandler                          0x08000377   Thumb Code     0  startup_stm32f746xx.o(.text)
    TIM3_IRQHandler                          0x08000377   Thumb Code     0  startup_stm32f746xx.o(.text)
    TIM4_IRQHandler                          0x08000377   Thumb Code     0  startup_stm32f746xx.o(.text)
    TIM5_IRQHandler                          0x08000377   Thumb Code     0  startup_stm32f746xx.o(.text)
    TIM7_IRQHandler                          0x08000377   Thumb Code     0  startup_stm32f746xx.o(.text)
    TIM8_BRK_TIM12_IRQHandler                0x08000377   Thumb Code     0  startup_stm32f746xx.o(.text)
    TIM8_CC_IRQHandler                       0x08000377   Thumb Code     0  startup_stm32f746xx.o(.text)
    TIM8_TRG_COM_TIM14_IRQHandler            0x08000377   Thumb Code     0  startup_stm32f746xx.o(.text)
    TIM8_UP_TIM13_IRQHandler                 0x08000377   Thumb Code     0  startup_stm32f746xx.o(.text)
    UART4_IRQHandler                         0x08000377   Thumb Code     0  startup_stm32f746xx.o(.text)
    UART5_IRQHandler                         0x08000377   Thumb Code     0  startup_stm32f746xx.o(.text)
    UART7_IRQHandler                         0x08000377   Thumb Code     0  startup_stm32f746xx.o(.text)
    UART8_IRQHandler                         0x08000377   Thumb Code     0  startup_stm32f746xx.o(.text)
    USART1_IRQHandler                        0x08000377   Thumb Code     0  startup_stm32f746xx.o(.text)
    USART2_IRQHandler                        0x08000377   Thumb Code     0  startup_stm32f746xx.o(.text)
    USART3_IRQHandler                        0x08000377   Thumb Code     0  startup_stm32f746xx.o(.text)
    USART6_IRQHandler                        0x08000377   Thumb Code     0  startup_stm32f746xx.o(.text)
    WWDG_IRQHandler                          0x08000377   Thumb Code     0  startup_stm32f746xx.o(.text)
    __user_initial_stackheap                 0x08000379   Thumb Code     0  startup_stm32f746xx.o(.text)
    SVC_Handler                              0x0800039d   Thumb Code   152  irq_armv7m.o(.text)
    PendSV_Handler                           0x08000435   Thumb Code    16  irq_armv7m.o(.text)
    SysTick_Handler                          0x08000445   Thumb Code    16  irq_armv7m.o(.text)
    __aeabi_uldivmod                         0x08000461   Thumb Code     0  lludivv7m.o(.text)
    _ll_udiv                                 0x08000461   Thumb Code   240  lludivv7m.o(.text)
    printf                                   0x08000551   Thumb Code    20  printf.o(.text)
    __aeabi_memcpy                           0x08000569   Thumb Code     0  rt_memcpy_v6.o(.text)
    __rt_memcpy                              0x08000569   Thumb Code   138  rt_memcpy_v6.o(.text)
    _memcpy_lastbytes                        0x080005cf   Thumb Code     0  rt_memcpy_v6.o(.text)
    __aeabi_memclr                           0x080005f3   Thumb Code     0  rt_memclr.o(.text)
    __rt_memclr                              0x080005f3   Thumb Code     0  rt_memclr.o(.text)
    _memset                                  0x080005f7   Thumb Code    64  rt_memclr.o(.text)
    __aeabi_memclr4                          0x08000637   Thumb Code     0  rt_memclr_w.o(.text)
    __aeabi_memclr8                          0x08000637   Thumb Code     0  rt_memclr_w.o(.text)
    __rt_memclr_w                            0x08000637   Thumb Code     0  rt_memclr_w.o(.text)
    _memset_w                                0x0800063b   Thumb Code    74  rt_memclr_w.o(.text)
    __use_two_region_memory                  0x08000685   Thumb Code     2  heapauxi.o(.text)
    __rt_heap_escrow                         0x08000687   Thumb Code     2  heapauxi.o(.text)
    __rt_heap_expand                         0x08000689   Thumb Code     2  heapauxi.o(.text)
    _printf_pre_padding                      0x0800068b   Thumb Code    44  _printf_pad.o(.text)
    _printf_post_padding                     0x080006b7   Thumb Code    34  _printf_pad.o(.text)
    _printf_truncate_signed                  0x080006d9   Thumb Code    18  _printf_truncate.o(.text)
    _printf_truncate_unsigned                0x080006eb   Thumb Code    18  _printf_truncate.o(.text)
    _printf_str                              0x080006fd   Thumb Code    82  _printf_str.o(.text)
    _printf_int_dec                          0x08000751   Thumb Code   104  _printf_dec.o(.text)
    _printf_charcount                        0x080007c9   Thumb Code    40  _printf_charcount.o(.text)
    _printf_wctomb                           0x080007f1   Thumb Code   182  _printf_wctomb.o(.text)
    _printf_longlong_dec                     0x080008ad   Thumb Code   108  _printf_longlong_dec.o(.text)
    _printf_longlong_oct                     0x08000929   Thumb Code    68  _printf_oct_int_ll.o(.text)
    _printf_int_oct                          0x0800096d   Thumb Code    24  _printf_oct_int_ll.o(.text)
    _printf_ll_oct                           0x08000985   Thumb Code    12  _printf_oct_int_ll.o(.text)
    _printf_longlong_hex                     0x08000999   Thumb Code    86  _printf_hex_int_ll_ptr.o(.text)
    _printf_int_hex                          0x080009ef   Thumb Code    28  _printf_hex_int_ll_ptr.o(.text)
    _printf_ll_hex                           0x08000a0b   Thumb Code    12  _printf_hex_int_ll_ptr.o(.text)
    _printf_hex_ptr                          0x08000a17   Thumb Code    18  _printf_hex_int_ll_ptr.o(.text)
    __printf                                 0x08000a2d   Thumb Code   388  __printf_flags_ss_wp.o(.text)
    __aeabi_memcpy4                          0x08000bb5   Thumb Code     0  rt_memcpy_w.o(.text)
    __aeabi_memcpy8                          0x08000bb5   Thumb Code     0  rt_memcpy_w.o(.text)
    __rt_memcpy_w                            0x08000bb5   Thumb Code   100  rt_memcpy_w.o(.text)
    _memcpy_lastbytes_aligned                0x08000bfd   Thumb Code     0  rt_memcpy_w.o(.text)
    _ll_udiv10                               0x08000c19   Thumb Code   138  lludiv10.o(.text)
    _printf_int_common                       0x08000ca3   Thumb Code   178  _printf_intcommon.o(.text)
    _printf_fp_dec_real                      0x08000f05   Thumb Code   620  _printf_fp_dec.o(.text)
    _printf_fp_hex_real                      0x08001171   Thumb Code   756  _printf_fp_hex.o(.text)
    _printf_char_common                      0x08001477   Thumb Code    32  _printf_char_common.o(.text)
    _printf_cs_common                        0x0800149d   Thumb Code    20  _printf_char.o(.text)
    _printf_char                             0x080014b1   Thumb Code    16  _printf_char.o(.text)
    _printf_string                           0x080014c1   Thumb Code     8  _printf_char.o(.text)
    _printf_lcs_common                       0x080014c9   Thumb Code    20  _printf_wchar.o(.text)
    _printf_wchar                            0x080014dd   Thumb Code    16  _printf_wchar.o(.text)
    _printf_wstring                          0x080014ed   Thumb Code     8  _printf_wchar.o(.text)
    _initio                                  0x080014f5   Thumb Code   240  initio_locked.o(.text)
    _terminateio                             0x080015e5   Thumb Code   168  initio_locked.o(.text)
    _c32rtomb                                0x080016bd   Thumb Code    72  _c32rtomb.o(.text)
    _wcrtomb                                 0x080016bd   Thumb Code     0  _c32rtomb.o(.text)
    __user_setup_stackheap                   0x08001705   Thumb Code    74  sys_stackheap_outer.o(.text)
    __rt_ctype_table                         0x08001751   Thumb Code    16  rt_ctype_table.o(.text)
    __rt_locale                              0x08001761   Thumb Code    10  rt_locale_twolibspace.o(.text)
    free_internal$concurrent                 0x0800176b   Thumb Code    98  h1_free_threads.o(.text)
    free                                     0x080017cd   Thumb Code    20  h1_free_threads.o(.text)
    _printf_fp_infnan                        0x080017e1   Thumb Code   112  _printf_fp_infnan.o(.text)
    _btod_etento                             0x08001861   Thumb Code   224  bigflt0.o(.text)
    __flsbuf                                 0x08001945   Thumb Code   482  flsbuf.o(.text)
    __flsbuf_byte                            0x08001945   Thumb Code     0  flsbuf.o(.text)
    __flsbuf_wide                            0x08001945   Thumb Code     0  flsbuf.o(.text)
    _fclose_internal                         0x08001b27   Thumb Code    76  fclose.o(.text)
    fclose                                   0x08001b27   Thumb Code     0  fclose.o(.text)
    setvbuf                                  0x08001b73   Thumb Code   104  setvbuf_locked.o(.text)
    freopen                                  0x08001c91   Thumb Code    42  fopen_locked.o(.text)
    _fopen$locked                            0x08001cbb   Thumb Code   100  fopen_locked.o(.text)
    exit                                     0x08001d29   Thumb Code    18  exit.o(.text)
    __rt_SIGRTRED                            0x08001d3b   Thumb Code    14  defsig_rtred_outer.o(.text)
    _sys_open                                0x08001d49   Thumb Code    20  sys_io.o(.text)
    _sys_close                               0x08001d5d   Thumb Code    12  sys_io.o(.text)
    _sys_write                               0x08001d69   Thumb Code    16  sys_io.o(.text)
    _sys_read                                0x08001d79   Thumb Code    14  sys_io.o(.text)
    _sys_istty                               0x08001d87   Thumb Code    12  sys_io.o(.text)
    _sys_seek                                0x08001d93   Thumb Code    14  sys_io.o(.text)
    _sys_ensure                              0x08001da1   Thumb Code     2  sys_io.o(.text)
    _sys_flen                                0x08001da3   Thumb Code    12  sys_io.o(.text)
    __user_libspace                          0x08001db1   Thumb Code     8  libspace.o(.text)
    __user_perproc_libspace                  0x08001db1   Thumb Code     0  libspace.o(.text)
    __rt_heap_descriptor                     0x08001db9   Thumb Code    10  rt_heap_descriptor_twolibspace.o(.text)
    __use_no_heap                            0x08001dc3   Thumb Code     2  hguard.o(.text)
    __heap$guard                             0x08001dc5   Thumb Code     2  hguard.o(.text)
    _terminate_user_alloc                    0x08001dc7   Thumb Code     2  init_alloc.o(.text)
    _init_user_alloc                         0x08001dc9   Thumb Code     2  init_alloc.o(.text)
    __Heap_Full                              0x08001dcb   Thumb Code    34  init_alloc.o(.text)
    __Heap_Broken                            0x08001ded   Thumb Code     6  init_alloc.o(.text)
    _init_alloc                              0x08001df3   Thumb Code    94  init_alloc.o(.text)
    malloc_internal$concurrent               0x08001e61   Thumb Code   130  h1_alloc_threads.o(.text)
    malloc                                   0x08001ee3   Thumb Code    20  h1_alloc_threads.o(.text)
    _printf_char_file                        0x08001ef9   Thumb Code    58  _printf_char_file_locked.o(.text)
    _fseek                                   0x08001f39   Thumb Code   242  fseek.o(.text)
    fseek                                    0x08001f39   Thumb Code     0  fseek.o(.text)
    _seterr                                  0x08002031   Thumb Code    20  stdio.o(.text)
    _writebuf                                0x08002045   Thumb Code   108  stdio.o(.text)
    _fflush                                  0x080020b1   Thumb Code    70  stdio.o(.text)
    _deferredlazyseek                        0x080020f7   Thumb Code    60  stdio.o(.text)
    __sig_exit                               0x08002139   Thumb Code    10  defsig_exit.o(.text)
    __rt_SIGRTRED_inner                      0x08002145   Thumb Code    14  defsig_rtred_inner.o(.text)
    strcmp                                   0x08002179   Thumb Code   124  strcmpv7m_pel.o(.text)
    _sys_exit                                0x080021f5   Thumb Code     8  sys_exit.o(.text)
    __I$use$semihosting                      0x08002201   Thumb Code     0  use_no_semi.o(.text)
    __use_no_semihosting_swi                 0x08002201   Thumb Code     2  use_no_semi.o(.text)
    __Heap_Initialize                        0x08002203   Thumb Code    14  h1_init_threads.o(.text)
    __semihosting_library_function           0x08002203   Thumb Code     0  indicate_semi.o(.text)
    _maybe_terminate_alloc                   0x08002203   Thumb Code     0  maybetermalloc2.o(.text)
    __Heap_DescSize                          0x08002211   Thumb Code     4  h1_init_threads.o(.text)
    __Heap_ProvideMemory                     0x08002223   Thumb Code    68  h1_extend_threads.o(.text)
    _ftell_internal                          0x08002267   Thumb Code    66  ftell.o(.text)
    ftell                                    0x08002267   Thumb Code     0  ftell.o(.text)
    __default_signal_display                 0x080022a9   Thumb Code    50  defsig_general.o(.text)
    __rt_SIGRTMEM                            0x080022db   Thumb Code    14  defsig_rtmem_outer.o(.text)
    strlen                                   0x080022e9   Thumb Code    62  strlen.o(.text)
    _ttywrch                                 0x08002327   Thumb Code    14  sys_wrch.o(.text)
    __aeabi_errno_addr                       0x08002335   Thumb Code     4  rt_errno_addr_twolibspace.o(.text)
    __errno$twolibspace                      0x08002335   Thumb Code     0  rt_errno_addr_twolibspace.o(.text)
    __rt_errno_addr$twolibspace              0x08002335   Thumb Code     0  rt_errno_addr_twolibspace.o(.text)
    _terminate_alloc                         0x08002339   Thumb Code    16  term_alloc.o(.text)
    __rt_SIGRTMEM_inner                      0x08002349   Thumb Code    22  defsig_rtmem_inner.o(.text)
    __Heap_Finalize                          0x08002399   Thumb Code    10  h1_final_threads.o(.text)
    _fp_init                                 0x080023a9   Thumb Code    22  rtx_lib.o(.text.$Sub$$_fp_init)
    DMA2_Stream1_IRQHandler                  0x080023c1   Thumb Code    16  stm32f7xx_it.o(.text.DMA2_Stream1_IRQHandler)
    DMA2_Stream6_IRQHandler                  0x080023d1   Thumb Code    16  stm32f7xx_it.o(.text.DMA2_Stream6_IRQHandler)
    Error_Handler                            0x08002519   Thumb Code     6  main.o(.text.Error_Handler)
    HAL_DMA_IRQHandler                       0x08002521   Thumb Code   780  stm32f7xx_hal_dma.o(.text.HAL_DMA_IRQHandler)
    HAL_DMA_Init                             0x08002831   Thumb Code   346  stm32f7xx_hal_dma.o(.text.HAL_DMA_Init)
    HAL_GPIO_Init                            0x08002991   Thumb Code  1004  stm32f7xx_hal_gpio.o(.text.HAL_GPIO_Init)
    HAL_GPIO_WritePin                        0x08002d81   Thumb Code    42  stm32f7xx_hal_gpio.o(.text.HAL_GPIO_WritePin)
    HAL_GetTick                              0x08002db1   Thumb Code    12  stm32f7xx_hal.o(.text.HAL_GetTick)
    HAL_IncTick                              0x08002dc1   Thumb Code    26  stm32f7xx_hal.o(.text.HAL_IncTick)
    HAL_Init                                 0x08002de1   Thumb Code    38  stm32f7xx_hal.o(.text.HAL_Init)
    HAL_InitTick                             0x08002e09   Thumb Code   224  stm32f7xx_hal_timebase_tim.o(.text.HAL_InitTick)
    HAL_MspInit                              0x08002ee9   Thumb Code    66  stm32f7xx_hal_msp.o(.text.HAL_MspInit)
    HAL_NVIC_EnableIRQ                       0x08002f31   Thumb Code    16  stm32f7xx_hal_cortex.o(.text.HAL_NVIC_EnableIRQ)
    HAL_NVIC_SetPriority                     0x08002f41   Thumb Code    46  stm32f7xx_hal_cortex.o(.text.HAL_NVIC_SetPriority)
    HAL_NVIC_SetPriorityGrouping             0x08002f71   Thumb Code    16  stm32f7xx_hal_cortex.o(.text.HAL_NVIC_SetPriorityGrouping)
    HAL_PWREx_EnableOverDrive                0x08002f81   Thumb Code   190  stm32f7xx_hal_pwr_ex.o(.text.HAL_PWREx_EnableOverDrive)
    HAL_RCCEx_PeriphCLKConfig                0x08003041   Thumb Code  2144  stm32f7xx_hal_rcc_ex.o(.text.HAL_RCCEx_PeriphCLKConfig)
    HAL_RCC_ClockConfig                      0x080038a1   Thumb Code   602  stm32f7xx_hal_rcc.o(.text.HAL_RCC_ClockConfig)
    HAL_RCC_GetClockConfig                   0x08003b01   Thumb Code    84  stm32f7xx_hal_rcc.o(.text.HAL_RCC_GetClockConfig)
    HAL_RCC_GetHCLKFreq                      0x08003b59   Thumb Code    12  stm32f7xx_hal_rcc.o(.text.HAL_RCC_GetHCLKFreq)
    HAL_RCC_GetPCLK1Freq                     0x08003b69   Thumb Code    34  stm32f7xx_hal_rcc.o(.text.HAL_RCC_GetPCLK1Freq)
    HAL_RCC_GetPCLK2Freq                     0x08003b91   Thumb Code    34  stm32f7xx_hal_rcc.o(.text.HAL_RCC_GetPCLK2Freq)
    HAL_RCC_GetSysClockFreq                  0x08003bb9   Thumb Code   230  stm32f7xx_hal_rcc.o(.text.HAL_RCC_GetSysClockFreq)
    HAL_RCC_OscConfig                        0x08003ca1   Thumb Code  1774  stm32f7xx_hal_rcc.o(.text.HAL_RCC_OscConfig)
    HAL_TIMEx_Break2Callback                 0x08004391   Thumb Code     8  stm32f7xx_hal_tim_ex.o(.text.HAL_TIMEx_Break2Callback)
    HAL_TIMEx_BreakCallback                  0x08004399   Thumb Code     8  stm32f7xx_hal_tim_ex.o(.text.HAL_TIMEx_BreakCallback)
    HAL_TIMEx_CommutCallback                 0x080043a1   Thumb Code     8  stm32f7xx_hal_tim_ex.o(.text.HAL_TIMEx_CommutCallback)
    HAL_TIM_Base_Init                        0x080043a9   Thumb Code   132  stm32f7xx_hal_tim.o(.text.HAL_TIM_Base_Init)
    HAL_TIM_Base_MspInit                     0x08004431   Thumb Code     8  stm32f7xx_hal_tim.o(.text.HAL_TIM_Base_MspInit)
    HAL_TIM_Base_Start_IT                    0x08004439   Thumb Code   250  stm32f7xx_hal_tim.o(.text.HAL_TIM_Base_Start_IT)
    HAL_TIM_IC_CaptureCallback               0x08004539   Thumb Code     8  stm32f7xx_hal_tim.o(.text.HAL_TIM_IC_CaptureCallback)
    HAL_TIM_IRQHandler                       0x08004541   Thumb Code   692  stm32f7xx_hal_tim.o(.text.HAL_TIM_IRQHandler)
    HAL_TIM_OC_DelayElapsedCallback          0x080047f9   Thumb Code     8  stm32f7xx_hal_tim.o(.text.HAL_TIM_OC_DelayElapsedCallback)
    HAL_TIM_PWM_PulseFinishedCallback        0x08004801   Thumb Code     8  stm32f7xx_hal_tim.o(.text.HAL_TIM_PWM_PulseFinishedCallback)
    HAL_TIM_PeriodElapsedCallback            0x08004809   Thumb Code    34  main.o(.text.HAL_TIM_PeriodElapsedCallback)
    HAL_TIM_TriggerCallback                  0x08004831   Thumb Code     8  stm32f7xx_hal_tim.o(.text.HAL_TIM_TriggerCallback)
    HAL_UARTEx_RxEventCallback               0x08004839   Thumb Code    12  stm32f7xx_hal_uart.o(.text.HAL_UARTEx_RxEventCallback)
    HAL_UART_AbortCpltCallback               0x08004849   Thumb Code     8  stm32f7xx_hal_uart.o(.text.HAL_UART_AbortCpltCallback)
    HAL_UART_AbortReceiveCpltCallback        0x08004851   Thumb Code     8  stm32f7xx_hal_uart.o(.text.HAL_UART_AbortReceiveCpltCallback)
    HAL_UART_AbortTransmitCpltCallback       0x08004859   Thumb Code     8  stm32f7xx_hal_uart.o(.text.HAL_UART_AbortTransmitCpltCallback)
    HAL_UART_ErrorCallback                   0x08004861   Thumb Code     8  stm32f7xx_hal_uart.o(.text.HAL_UART_ErrorCallback)
    HAL_UART_Init                            0x08004869   Thumb Code   190  stm32f7xx_hal_uart.o(.text.HAL_UART_Init)
    HAL_UART_MspInit                         0x08004929   Thumb Code   378  stm32f7xx_hal_msp.o(.text.HAL_UART_MspInit)
    HAL_UART_RxCpltCallback                  0x08004aa9   Thumb Code     8  stm32f7xx_hal_uart.o(.text.HAL_UART_RxCpltCallback)
    HAL_UART_RxHalfCpltCallback              0x08004ab1   Thumb Code     8  stm32f7xx_hal_uart.o(.text.HAL_UART_RxHalfCpltCallback)
    HAL_UART_TxCpltCallback                  0x08004ab9   Thumb Code     8  stm32f7xx_hal_uart.o(.text.HAL_UART_TxCpltCallback)
    HAL_UART_TxHalfCpltCallback              0x08004ac1   Thumb Code     8  stm32f7xx_hal_uart.o(.text.HAL_UART_TxHalfCpltCallback)
    OS_Tick_AcknowledgeIRQ                   0x08004d39   Thumb Code    12  os_systick.o(.text.OS_Tick_AcknowledgeIRQ)
    OS_Tick_Enable                           0x08004d49   Thumb Code    60  os_systick.o(.text.OS_Tick_Enable)
    OS_Tick_GetIRQn                          0x08004d89   Thumb Code     6  os_systick.o(.text.OS_Tick_GetIRQn)
    OS_Tick_Setup                            0x08004d91   Thumb Code   126  os_systick.o(.text.OS_Tick_Setup)
    SystemClock_Config                       0x08004e49   Thumb Code   192  main.o(.text.SystemClock_Config)
    SystemInit                               0x08004f09   Thumb Code    18  system_stm32f7xx.o(.text.SystemInit)
    TIM6_DAC_IRQHandler                      0x08004f21   Thumb Code    16  stm32f7xx_it.o(.text.TIM6_DAC_IRQHandler)
    TIM_Base_SetConfig                       0x08004f31   Thumb Code   410  stm32f7xx_hal_tim.o(.text.TIM_Base_SetConfig)
    UART_AdvFeatureConfig                    0x08005179   Thumb Code   328  stm32f7xx_hal_uart.o(.text.UART_AdvFeatureConfig)
    UART_CheckIdleState                      0x080052c1   Thumb Code   112  stm32f7xx_hal_uart.o(.text.UART_CheckIdleState)
    UART_InitCallbacksToDefault              0x08005331   Thumb Code   134  stm32f7xx_hal_uart.o(.text.UART_InitCallbacksToDefault)
    UART_SetConfig                           0x080053b9   Thumb Code  1242  stm32f7xx_hal_uart.o(.text.UART_SetConfig)
    UART_WaitOnFlagUntilTimeout              0x08005899   Thumb Code   356  stm32f7xx_hal_uart.o(.text.UART_WaitOnFlagUntilTimeout)
    __user_perthread_libspace                0x08005ac1   Thumb Code   150  rtx_lib.o(.text.__user_perthread_libspace)
    _mutex_acquire                           0x08005b59   Thumb Code    32  rtx_lib.o(.text._mutex_acquire)
    _mutex_free                              0x08005b79   Thumb Code    18  rtx_lib.o(.text._mutex_free)
    _mutex_initialize                        0x08005b91   Thumb Code    50  rtx_lib.o(.text._mutex_initialize)
    _mutex_release                           0x08005bc9   Thumb Code    28  rtx_lib.o(.text._mutex_release)
    _platform_post_stackheap_init            0x08005be9   Thumb Code     8  rtx_lib.o(.text._platform_post_stackheap_init)
    main                                     0x08005bf1   Thumb Code   272  main.o(.text.main)
    mainThread                               0x08005d01   Thumb Code    24  initmain.o(.text.mainThread)
    osKernelGetState                         0x08005d19   Thumb Code    40  rtx_kernel.o(.text.osKernelGetState)
    osKernelInitialize                       0x08005d49   Thumb Code    40  rtx_kernel.o(.text.osKernelInitialize)
    osKernelStart                            0x08005d75   Thumb Code    32  rtx_kernel.o(.text.osKernelStart)
    osMessageQueueGet                        0x08005d99   Thumb Code   108  rtx_msgqueue.o(.text.osMessageQueueGet)
    osMessageQueuePut                        0x08005e09   Thumb Code   124  rtx_msgqueue.o(.text.osMessageQueuePut)
    osMutexAcquire                           0x08005e89   Thumb Code    32  rtx_mutex.o(.text.osMutexAcquire)
    osMutexDelete                            0x08005ead   Thumb Code    32  rtx_mutex.o(.text.osMutexDelete)
    osMutexNew                               0x08005ed1   Thumb Code    32  rtx_mutex.o(.text.osMutexNew)
    osMutexRelease                           0x08005ef5   Thumb Code    32  rtx_mutex.o(.text.osMutexRelease)
    osRtxErrorNotify                         0x08005f19   Thumb Code    48  rtx_config.o(.text.osRtxErrorNotify)
    osRtxIdleThread                          0x08005f49   Thumb Code     8  rtx_config.o(.text.osRtxIdleThread)
    osRtxKernelBeforeInit                    0x08005f51   Thumb Code     2  rtx_kernel.o(.text.osRtxKernelBeforeInit)
    osRtxKernelErrorNotify                   0x08005f53   Thumb Code     4  rtx_kernel.o(.text.osRtxKernelErrorNotify)
    osRtxMemoryAlloc                         0x08005f57   Thumb Code   110  rtx_memory.o(.text.osRtxMemoryAlloc)
    osRtxMemoryFree                          0x08005fc5   Thumb Code    66  rtx_memory.o(.text.osRtxMemoryFree)
    osRtxMemoryInit                          0x08006007   Thumb Code    54  rtx_memory.o(.text.osRtxMemoryInit)
    osRtxMemoryPoolAlloc                     0x0800603d   Thumb Code    58  rtx_mempool.o(.text.osRtxMemoryPoolAlloc)
    osRtxMemoryPoolFree                      0x08006077   Thumb Code    74  rtx_mempool.o(.text.osRtxMemoryPoolFree)
    osRtxMemoryPoolInit                      0x080060c1   Thumb Code    56  rtx_mempool.o(.text.osRtxMemoryPoolInit)
    osRtxMessageQueueTimerSetup              0x080061a5   Thumb Code    32  rtx_msgqueue.o(.text.osRtxMessageQueueTimerSetup)
    osRtxMutexOwnerRelease                   0x080061c9   Thumb Code    72  rtx_mutex.o(.text.osRtxMutexOwnerRelease)
    osRtxMutexOwnerRestore                   0x08006211   Thumb Code    74  rtx_mutex.o(.text.osRtxMutexOwnerRestore)
    osRtxPendSV_Handler                      0x0800625d   Thumb Code   124  rtx_system.o(.text.osRtxPendSV_Handler)
    osRtxPostProcess                         0x08006301   Thumb Code   108  rtx_system.o(.text.osRtxPostProcess)
    osRtxThreadBeforeFree                    0x08006371   Thumb Code    16  rtx_lib.o(.text.osRtxThreadBeforeFree)
    osRtxThreadDelayRemove                   0x08006431   Thumb Code    60  rtx_thread.o(.text.osRtxThreadDelayRemove)
    osRtxThreadDelayTick                     0x0800646d   Thumb Code    76  rtx_thread.o(.text.osRtxThreadDelayTick)
    osRtxThreadDestroy                       0x080064b9   Thumb Code    32  rtx_thread.o(.text.osRtxThreadDestroy)
    osRtxThreadDispatch                      0x080064d9   Thumb Code    84  rtx_thread.o(.text.osRtxThreadDispatch)
    osRtxThreadJoinWakeup                    0x08006585   Thumb Code    30  rtx_thread.o(.text.osRtxThreadJoinWakeup)
    osRtxThreadListGet                       0x080065a3   Thumb Code    18  rtx_thread.o(.text.osRtxThreadListGet)
    osRtxThreadListPut                       0x080065b5   Thumb Code    44  rtx_thread.o(.text.osRtxThreadListPut)
    osRtxThreadListRemove                    0x080065e1   Thumb Code    20  rtx_thread.o(.text.osRtxThreadListRemove)
    osRtxThreadListSort                      0x080065f5   Thumb Code    38  rtx_thread.o(.text.osRtxThreadListSort)
    osRtxThreadReadyPut                      0x08006645   Thumb Code    16  rtx_thread.o(.text.osRtxThreadReadyPut)
    osRtxThreadRegPtr                        0x08006655   Thumb Code    20  rtx_thread.o(.text.osRtxThreadRegPtr)
    osRtxThreadStartup                       0x08006669   Thumb Code    48  rtx_thread.o(.text.osRtxThreadStartup)
    osRtxThreadSwitch                        0x0800669d   Thumb Code    28  rtx_thread.o(.text.osRtxThreadSwitch)
    osRtxThreadWaitEnter                     0x080066bd   Thumb Code    56  rtx_thread.o(.text.osRtxThreadWaitEnter)
    osRtxThreadWaitExit                      0x080066f9   Thumb Code    50  rtx_thread.o(.text.osRtxThreadWaitExit)
    osRtxTick_Handler                        0x0800672d   Thumb Code   112  rtx_system.o(.text.osRtxTick_Handler)
    osRtxTimerSetup                          0x080067a1   Thumb Code    24  rtx_timer.o(.text.osRtxTimerSetup)
    osRtxTimerThread                         0x080067c1   Thumb Code    32  rtx_timer.o(.text.osRtxTimerThread)
    osThreadExit                             0x08006859   Thumb Code     8  rtx_thread.o(.text.osThreadExit)
    osThreadGetId                            0x08006865   Thumb Code    28  rtx_thread.o(.text.osThreadGetId)
    osThreadNew                              0x08006889   Thumb Code    40  rtx_thread.o(.text.osThreadNew)
    _btod_d2e                                0x08007209   Thumb Code    62  btod.o(CL$$btod_d2e)
    _d2e_denorm_low                          0x08007247   Thumb Code    70  btod.o(CL$$btod_d2e_denorm_low)
    _d2e_norm_op1                            0x0800728d   Thumb Code    96  btod.o(CL$$btod_d2e_norm_op1)
    __btod_div_common                        0x080072ed   Thumb Code   696  btod.o(CL$$btod_div_common)
    _e2e                                     0x08007625   Thumb Code   220  btod.o(CL$$btod_e2e)
    _btod_ediv                               0x08007701   Thumb Code    42  btod.o(CL$$btod_ediv)
    _btod_emul                               0x0800772b   Thumb Code    42  btod.o(CL$$btod_emul)
    __btod_mult_common                       0x08007755   Thumb Code   580  btod.o(CL$$btod_mult_common)
    __ARM_fpclassify                         0x08007999   Thumb Code    48  fpclassify.o(i.__ARM_fpclassify)
    _is_digit                                0x080079c9   Thumb Code    14  __printf_wp.o(i._is_digit)
    _fputc$unlocked                          0x080079d7   Thumb Code    28  fputc.o(i.fputc)
    _get_lc_numeric                          0x080079f5   Thumb Code    44  lc_numeric_c.o(locale$$code)
    _get_lc_ctype                            0x08007a21   Thumb Code    44  lc_ctype_c.o(locale$$code)
    $Super$$_fp_init                         0x08007a4d   Thumb Code    26  fpinit.o(x$fpl$fpinit)
    __fplib_config_fpu_vfp                   0x08007a65   Thumb Code     0  fpinit.o(x$fpl$fpinit)
    __fplib_config_pureend_doubles           0x08007a65   Thumb Code     0  fpinit.o(x$fpl$fpinit)
    _printf_fp_dec                           0x08007a67   Thumb Code     4  printf1.o(x$fpl$printf1)
    _printf_fp_hex                           0x08007a6b   Thumb Code     4  printf2.o(x$fpl$printf2)
    __I$use$fp                               0x08007a6e   Number         0  usenofp.o(x$fpl$usenofp)
    __stdin_name                             0x08007ad7   Data           4  sys_io_names.o(.constdata)
    __stdout_name                            0x08007adb   Data           4  sys_io_names.o(.constdata)
    __stderr_name                            0x08007adf   Data           4  sys_io_names.o(.constdata)
    osRtxConfig                              0x08007b78   Data         112  rtx_lib.o(.rodata)
    os_cb_sections                           0x08007be8   Data          56  rtx_lib.o(.rodata)
    AHBPrescTable                            0x08007c20   Data          16  system_stm32f7xx.o(.rodata.AHBPrescTable)
    APBPrescTable                            0x08007c30   Data           8  system_stm32f7xx.o(.rodata.APBPrescTable)
    osRtxUserSVC                             0x08007c40   Data           4  rtx_lib.o(.rodata.osRtxUserSVC)
    Region$$Table$$Base                      0x08007ce0   Number         0  anon$$obj.o(Region$$Table)
    Region$$Table$$Limit                     0x08007d10   Number         0  anon$$obj.o(Region$$Table)
    __ctype                                  0x08007d39   Data           0  lc_ctype_c.o(locale$$data)
    __aeabi_stdin                            0x20010000   Data           4  stdio_streams.o(.data)
    __aeabi_stdout                           0x20010004   Data           4  stdio_streams.o(.data)
    __aeabi_stderr                           0x20010008   Data           4  stdio_streams.o(.data)
    _stream_list_lock                        0x2001000c   Data           4  streamlock.o(.data)
    SystemCoreClock                          0x20010010   Data           4  system_stm32f7xx.o(.data.SystemCoreClock)
    osRtxInfo                                0x20010014   Data         164  rtx_kernel.o(.data.os)
    uwTickFreq                               0x200100b8   Data           4  stm32f7xx_hal.o(.data.uwTickFreq)
    uwTickPrio                               0x200100bc   Data           4  stm32f7xx_hal.o(.data.uwTickPrio)
    __stdin                                  0x200100c0   Data          84  stdio_streams.o(.bss)
    __stdout                                 0x20010114   Data          84  stdio_streams.o(.bss)
    __stderr                                 0x20010168   Data          84  stdio_streams.o(.bss)
    __libspace_start                         0x200101bc   Data          96  libspace.o(.bss)
    __temporary_stack_top$libspace           0x2001021c   Data           0  libspace.o(.bss)
    hdma_usart6_rx                           0x2001021c   Data         100  main.o(.bss.hdma_usart6_rx)
    hdma_usart6_tx                           0x20010280   Data         100  main.o(.bss.hdma_usart6_tx)
    htim6                                    0x200102e4   Data         112  stm32f7xx_hal_timebase_tim.o(.bss.htim6)
    huart6                                   0x20010354   Data         180  main.o(.bss.huart6)
    .bss.os.msgqueue.cb$$Base                0x2001863c   Number         0  rtx_lib.o(.bss.os.msgqueue.cb)
    .bss.os.msgqueue.cb$$Limit               0x20018670   Number         0  rtx_lib.o(.bss.os.msgqueue.cb)
    .bss.os.thread.cb$$Base                  0x200186c0   Number         0  rtx_lib.o(.bss.os.thread.cb)
    .bss.os.thread.cb$$Limit                 0x20018760   Number         0  rtx_lib.o(.bss.os.thread.cb)
    uwTick                                   0x20018b64   Data           4  stm32f7xx_hal.o(.bss.uwTick)



==============================================================================

Memory Map of the image

  Image Entry point : 0x080001c9

  Load Region LR_IROM1 (Base: 0x08000000, Size: 0x00007f00, Max: 0x00100000, ABSOLUTE)

    Execution Region ER_IROM1 (Exec base: 0x08000000, Load base: 0x08000000, Size: 0x00007e3c, Max: 0x00100000, ABSOLUTE)

    Exec Addr    Load Addr    Size         Type   Attr      Idx    E Section Name        Object

    0x08000000   0x08000000   0x000001c8   Data   RO         1232    RESET               startup_stm32f746xx.o
    0x080001c8   0x080001c8   0x00000008   Code   RO         1762  * !!!main             c_wu.l(__main.o)
    0x080001d0   0x080001d0   0x0000005c   Code   RO         2292    !!!scatter          c_wu.l(__scatter.o)
    0x0800022c   0x0800022c   0x0000001a   Code   RO         2296    !!handler_copy      c_wu.l(__scatter_copy.o)
    0x08000246   0x08000246   0x00000002   PAD
    0x08000248   0x08000248   0x00000002   Code   RO         2293    !!handler_null      c_wu.l(__scatter.o)
    0x0800024a   0x0800024a   0x00000002   PAD
    0x0800024c   0x0800024c   0x0000001c   Code   RO         2298    !!handler_zi        c_wu.l(__scatter_zi.o)
    0x08000268   0x08000268   0x00000000   Code   RO         1850    .ARM.Collect$$_printf_percent$$00000000  c_wu.l(_printf_percent.o)
    0x08000268   0x08000268   0x00000006   Code   RO         1839    .ARM.Collect$$_printf_percent$$00000001  c_wu.l(_printf_n.o)
    0x0800026e   0x0800026e   0x00000006   Code   RO         1841    .ARM.Collect$$_printf_percent$$00000002  c_wu.l(_printf_p.o)
    0x08000274   0x08000274   0x00000006   Code   RO         1846    .ARM.Collect$$_printf_percent$$00000003  c_wu.l(_printf_f.o)
    0x0800027a   0x0800027a   0x00000006   Code   RO         1847    .ARM.Collect$$_printf_percent$$00000004  c_wu.l(_printf_e.o)
    0x08000280   0x08000280   0x00000006   Code   RO         1848    .ARM.Collect$$_printf_percent$$00000005  c_wu.l(_printf_g.o)
    0x08000286   0x08000286   0x00000006   Code   RO         1849    .ARM.Collect$$_printf_percent$$00000006  c_wu.l(_printf_a.o)
    0x0800028c   0x0800028c   0x0000000a   Code   RO         1854    .ARM.Collect$$_printf_percent$$00000007  c_wu.l(_printf_ll.o)
    0x08000296   0x08000296   0x00000006   Code   RO         1843    .ARM.Collect$$_printf_percent$$00000008  c_wu.l(_printf_i.o)
    0x0800029c   0x0800029c   0x00000006   Code   RO         1844    .ARM.Collect$$_printf_percent$$00000009  c_wu.l(_printf_d.o)
    0x080002a2   0x080002a2   0x00000006   Code   RO         1845    .ARM.Collect$$_printf_percent$$0000000A  c_wu.l(_printf_u.o)
    0x080002a8   0x080002a8   0x00000006   Code   RO         1842    .ARM.Collect$$_printf_percent$$0000000B  c_wu.l(_printf_o.o)
    0x080002ae   0x080002ae   0x00000006   Code   RO         1840    .ARM.Collect$$_printf_percent$$0000000C  c_wu.l(_printf_x.o)
    0x080002b4   0x080002b4   0x00000006   Code   RO         1851    .ARM.Collect$$_printf_percent$$0000000D  c_wu.l(_printf_lli.o)
    0x080002ba   0x080002ba   0x00000006   Code   RO         1852    .ARM.Collect$$_printf_percent$$0000000E  c_wu.l(_printf_lld.o)
    0x080002c0   0x080002c0   0x00000006   Code   RO         1853    .ARM.Collect$$_printf_percent$$0000000F  c_wu.l(_printf_llu.o)
    0x080002c6   0x080002c6   0x00000006   Code   RO         1858    .ARM.Collect$$_printf_percent$$00000010  c_wu.l(_printf_llo.o)
    0x080002cc   0x080002cc   0x00000006   Code   RO         1859    .ARM.Collect$$_printf_percent$$00000011  c_wu.l(_printf_llx.o)
    0x080002d2   0x080002d2   0x0000000a   Code   RO         1855    .ARM.Collect$$_printf_percent$$00000012  c_wu.l(_printf_l.o)
    0x080002dc   0x080002dc   0x00000006   Code   RO         1837    .ARM.Collect$$_printf_percent$$00000013  c_wu.l(_printf_c.o)
    0x080002e2   0x080002e2   0x00000006   Code   RO         1838    .ARM.Collect$$_printf_percent$$00000014  c_wu.l(_printf_s.o)
    0x080002e8   0x080002e8   0x00000006   Code   RO         1856    .ARM.Collect$$_printf_percent$$00000015  c_wu.l(_printf_lc.o)
    0x080002ee   0x080002ee   0x00000006   Code   RO         1857    .ARM.Collect$$_printf_percent$$00000016  c_wu.l(_printf_ls.o)
    0x080002f4   0x080002f4   0x00000004   Code   RO         1910    .ARM.Collect$$_printf_percent$$00000017  c_wu.l(_printf_percent_end.o)
    0x080002f8   0x080002f8   0x00000002   Code   RO         2057    .ARM.Collect$$libinit$$00000000  c_wu.l(libinit.o)
    0x080002fa   0x080002fa   0x00000004   Code   RO         2058    .ARM.Collect$$libinit$$00000001  c_wu.l(libinit2.o)
    0x080002fe   0x080002fe   0x00000000   Code   RO         2061    .ARM.Collect$$libinit$$00000004  c_wu.l(libinit2.o)
    0x080002fe   0x080002fe   0x00000000   Code   RO         2063    .ARM.Collect$$libinit$$00000006  c_wu.l(libinit2.o)
    0x080002fe   0x080002fe   0x00000008   Code   RO         2064    .ARM.Collect$$libinit$$00000007  c_wu.l(libinit2.o)
    0x08000306   0x08000306   0x00000000   Code   RO         2066    .ARM.Collect$$libinit$$0000000C  c_wu.l(libinit2.o)
    0x08000306   0x08000306   0x00000000   Code   RO         2068    .ARM.Collect$$libinit$$0000000E  c_wu.l(libinit2.o)
    0x08000306   0x08000306   0x00000000   Code   RO         2070    .ARM.Collect$$libinit$$00000010  c_wu.l(libinit2.o)
    0x08000306   0x08000306   0x00000006   Code   RO         2071    .ARM.Collect$$libinit$$00000011  c_wu.l(libinit2.o)
    0x0800030c   0x0800030c   0x00000000   Code   RO         2073    .ARM.Collect$$libinit$$00000013  c_wu.l(libinit2.o)
    0x0800030c   0x0800030c   0x0000000c   Code   RO         2074    .ARM.Collect$$libinit$$00000014  c_wu.l(libinit2.o)
    0x08000318   0x08000318   0x00000000   Code   RO         2075    .ARM.Collect$$libinit$$00000015  c_wu.l(libinit2.o)
    0x08000318   0x08000318   0x00000000   Code   RO         2077    .ARM.Collect$$libinit$$00000017  c_wu.l(libinit2.o)
    0x08000318   0x08000318   0x0000000a   Code   RO         2078    .ARM.Collect$$libinit$$00000018  c_wu.l(libinit2.o)
    0x08000322   0x08000322   0x00000000   Code   RO         2079    .ARM.Collect$$libinit$$00000019  c_wu.l(libinit2.o)
    0x08000322   0x08000322   0x00000000   Code   RO         2081    .ARM.Collect$$libinit$$0000001B  c_wu.l(libinit2.o)
    0x08000322   0x08000322   0x00000000   Code   RO         2083    .ARM.Collect$$libinit$$0000001D  c_wu.l(libinit2.o)
    0x08000322   0x08000322   0x00000000   Code   RO         2085    .ARM.Collect$$libinit$$0000001F  c_wu.l(libinit2.o)
    0x08000322   0x08000322   0x00000000   Code   RO         2087    .ARM.Collect$$libinit$$00000021  c_wu.l(libinit2.o)
    0x08000322   0x08000322   0x00000000   Code   RO         2089    .ARM.Collect$$libinit$$00000023  c_wu.l(libinit2.o)
    0x08000322   0x08000322   0x00000000   Code   RO         2091    .ARM.Collect$$libinit$$00000025  c_wu.l(libinit2.o)
    0x08000322   0x08000322   0x00000004   Code   RO         2092    .ARM.Collect$$libinit$$00000026  c_wu.l(libinit2.o)
    0x08000326   0x08000326   0x00000000   Code   RO         2093    .ARM.Collect$$libinit$$00000027  c_wu.l(libinit2.o)
    0x08000326   0x08000326   0x00000000   Code   RO         2097    .ARM.Collect$$libinit$$0000002E  c_wu.l(libinit2.o)
    0x08000326   0x08000326   0x00000000   Code   RO         2099    .ARM.Collect$$libinit$$00000030  c_wu.l(libinit2.o)
    0x08000326   0x08000326   0x00000000   Code   RO         2101    .ARM.Collect$$libinit$$00000032  c_wu.l(libinit2.o)
    0x08000326   0x08000326   0x00000000   Code   RO         2103    .ARM.Collect$$libinit$$00000034  c_wu.l(libinit2.o)
    0x08000326   0x08000326   0x00000002   Code   RO         2104    .ARM.Collect$$libinit$$00000035  c_wu.l(libinit2.o)
    0x08000328   0x08000328   0x00000002   Code   RO         2273    .ARM.Collect$$libshutdown$$00000000  c_wu.l(libshutdown.o)
    0x0800032a   0x0800032a   0x00000000   Code   RO         2106    .ARM.Collect$$libshutdown$$00000002  c_wu.l(libshutdown2.o)
    0x0800032a   0x0800032a   0x00000004   Code   RO         2107    .ARM.Collect$$libshutdown$$00000003  c_wu.l(libshutdown2.o)
    0x0800032e   0x0800032e   0x00000000   Code   RO         2108    .ARM.Collect$$libshutdown$$00000004  c_wu.l(libshutdown2.o)
    0x0800032e   0x0800032e   0x00000000   Code   RO         2111    .ARM.Collect$$libshutdown$$00000007  c_wu.l(libshutdown2.o)
    0x0800032e   0x0800032e   0x00000000   Code   RO         2114    .ARM.Collect$$libshutdown$$0000000A  c_wu.l(libshutdown2.o)
    0x0800032e   0x0800032e   0x00000000   Code   RO         2116    .ARM.Collect$$libshutdown$$0000000C  c_wu.l(libshutdown2.o)
    0x0800032e   0x0800032e   0x00000004   Code   RO         2117    .ARM.Collect$$libshutdown$$0000000D  c_wu.l(libshutdown2.o)
    0x08000332   0x08000332   0x00000000   Code   RO         2119    .ARM.Collect$$libshutdown$$0000000F  c_wu.l(libshutdown2.o)
    0x08000332   0x08000332   0x00000002   Code   RO         2120    .ARM.Collect$$libshutdown$$00000010  c_wu.l(libshutdown2.o)
    0x08000334   0x08000334   0x00000000   Code   RO         1766    .ARM.Collect$$rtentry$$00000000  c_wu.l(__rtentry.o)
    0x08000334   0x08000334   0x00000000   Code   RO         1877    .ARM.Collect$$rtentry$$00000002  c_wu.l(__rtentry2.o)
    0x08000334   0x08000334   0x00000006   Code   RO         1889    .ARM.Collect$$rtentry$$00000004  c_wu.l(__rtentry4.o)
    0x0800033a   0x0800033a   0x00000008   Code   RO         1878    .ARM.Collect$$rtentry$$00000008  c_wu.l(__rtentry2.o)
    0x08000342   0x08000342   0x00000004   Code   RO         1880    .ARM.Collect$$rtentry$$0000000A  c_wu.l(__rtentry2.o)
    0x08000346   0x08000346   0x00000000   Code   RO         1882    .ARM.Collect$$rtentry$$0000000C  c_wu.l(__rtentry2.o)
    0x08000346   0x08000346   0x00000008   Code   RO         1883    .ARM.Collect$$rtentry$$0000000D  c_wu.l(__rtentry2.o)
    0x0800034e   0x0800034e   0x00000002   Code   RO         2135    .ARM.Collect$$rtexit$$00000000  c_wu.l(rtexit.o)
    0x08000350   0x08000350   0x00000000   Code   RO         2201    .ARM.Collect$$rtexit$$00000002  c_wu.l(rtexit2.o)
    0x08000350   0x08000350   0x00000004   Code   RO         2202    .ARM.Collect$$rtexit$$00000003  c_wu.l(rtexit2.o)
    0x08000354   0x08000354   0x00000006   Code   RO         2203    .ARM.Collect$$rtexit$$00000004  c_wu.l(rtexit2.o)
    0x0800035a   0x0800035a   0x00000002   PAD
    0x0800035c   0x0800035c   0x00000040   Code   RO         1233    .text               startup_stm32f746xx.o
    0x0800039c   0x0800039c   0x000000c4   Code   RO         1253    .text               RTX_V7MF.lib(irq_armv7m.o)
    0x08000460   0x08000460   0x000000f0   Code   RO         1750    .text               c_wu.l(lludivv7m.o)
    0x08000550   0x08000550   0x00000018   Code   RO         1752    .text               c_wu.l(printf.o)
    0x08000568   0x08000568   0x0000008a   Code   RO         1754    .text               c_wu.l(rt_memcpy_v6.o)
    0x080005f2   0x080005f2   0x00000044   Code   RO         1756    .text               c_wu.l(rt_memclr.o)
    0x08000636   0x08000636   0x0000004e   Code   RO         1758    .text               c_wu.l(rt_memclr_w.o)
    0x08000684   0x08000684   0x00000006   Code   RO         1760    .text               c_wu.l(heapauxi.o)
    0x0800068a   0x0800068a   0x0000004e   Code   RO         1773    .text               c_wu.l(_printf_pad.o)
    0x080006d8   0x080006d8   0x00000024   Code   RO         1775    .text               c_wu.l(_printf_truncate.o)
    0x080006fc   0x080006fc   0x00000052   Code   RO         1777    .text               c_wu.l(_printf_str.o)
    0x0800074e   0x0800074e   0x00000002   PAD
    0x08000750   0x08000750   0x00000078   Code   RO         1779    .text               c_wu.l(_printf_dec.o)
    0x080007c8   0x080007c8   0x00000028   Code   RO         1781    .text               c_wu.l(_printf_charcount.o)
    0x080007f0   0x080007f0   0x000000bc   Code   RO         1785    .text               c_wu.l(_printf_wctomb.o)
    0x080008ac   0x080008ac   0x0000007c   Code   RO         1788    .text               c_wu.l(_printf_longlong_dec.o)
    0x08000928   0x08000928   0x00000070   Code   RO         1794    .text               c_wu.l(_printf_oct_int_ll.o)
    0x08000998   0x08000998   0x00000094   Code   RO         1814    .text               c_wu.l(_printf_hex_int_ll_ptr.o)
    0x08000a2c   0x08000a2c   0x00000188   Code   RO         1834    .text               c_wu.l(__printf_flags_ss_wp.o)
    0x08000bb4   0x08000bb4   0x00000064   Code   RO         1866    .text               c_wu.l(rt_memcpy_w.o)
    0x08000c18   0x08000c18   0x0000008a   Code   RO         1893    .text               c_wu.l(lludiv10.o)
    0x08000ca2   0x08000ca2   0x000000b2   Code   RO         1895    .text               c_wu.l(_printf_intcommon.o)
    0x08000d54   0x08000d54   0x0000041c   Code   RO         1897    .text               c_wu.l(_printf_fp_dec.o)
    0x08001170   0x08001170   0x000002fc   Code   RO         1901    .text               c_wu.l(_printf_fp_hex.o)
    0x0800146c   0x0800146c   0x00000030   Code   RO         1904    .text               c_wu.l(_printf_char_common.o)
    0x0800149c   0x0800149c   0x0000002c   Code   RO         1906    .text               c_wu.l(_printf_char.o)
    0x080014c8   0x080014c8   0x0000002c   Code   RO         1908    .text               c_wu.l(_printf_wchar.o)
    0x080014f4   0x080014f4   0x000001c8   Code   RO         1923    .text               c_wu.l(initio_locked.o)
    0x080016bc   0x080016bc   0x00000048   Code   RO         1925    .text               c_wu.l(_c32rtomb.o)
    0x08001704   0x08001704   0x0000004a   Code   RO         1930    .text               c_wu.l(sys_stackheap_outer.o)
    0x0800174e   0x0800174e   0x00000002   PAD
    0x08001750   0x08001750   0x00000010   Code   RO         1932    .text               c_wu.l(rt_ctype_table.o)
    0x08001760   0x08001760   0x0000000a   Code   RO         1939    .text               c_wu.l(rt_locale_twolibspace.o)
    0x0800176a   0x0800176a   0x00000076   Code   RO         1945    .text               c_wu.l(h1_free_threads.o)
    0x080017e0   0x080017e0   0x00000080   Code   RO         1997    .text               c_wu.l(_printf_fp_infnan.o)
    0x08001860   0x08001860   0x000000e4   Code   RO         2001    .text               c_wu.l(bigflt0.o)
    0x08001944   0x08001944   0x000001e2   Code   RO         2028    .text               c_wu.l(flsbuf.o)
    0x08001b26   0x08001b26   0x0000004c   Code   RO         2035    .text               c_wu.l(fclose.o)
    0x08001b72   0x08001b72   0x00000068   Code   RO         2037    .text               c_wu.l(setvbuf_locked.o)
    0x08001bda   0x08001bda   0x00000002   PAD
    0x08001bdc   0x08001bdc   0x0000014c   Code   RO         2039    .text               c_wu.l(fopen_locked.o)
    0x08001d28   0x08001d28   0x00000012   Code   RO         2044    .text               c_wu.l(exit.o)
    0x08001d3a   0x08001d3a   0x0000000e   Code   RO         2050    .text               c_wu.l(defsig_rtred_outer.o)
    0x08001d48   0x08001d48   0x00000066   Code   RO         2128    .text               c_wu.l(sys_io.o)
    0x08001dae   0x08001dae   0x00000002   PAD
    0x08001db0   0x08001db0   0x00000008   Code   RO         2132    .text               c_wu.l(libspace.o)
    0x08001db8   0x08001db8   0x0000000a   Code   RO         2144    .text               c_wu.l(rt_heap_descriptor_twolibspace.o)
    0x08001dc2   0x08001dc2   0x00000004   Code   RO         2146    .text               c_wu.l(hguard.o)
    0x08001dc6   0x08001dc6   0x0000008a   Code   RO         2148    .text               c_wu.l(init_alloc.o)
    0x08001e50   0x08001e50   0x000000a6   Code   RO         2156    .text               c_wu.l(h1_alloc_threads.o)
    0x08001ef6   0x08001ef6   0x00000002   PAD
    0x08001ef8   0x08001ef8   0x00000040   Code   RO         2166    .text               c_wu.l(_printf_char_file_locked.o)
    0x08001f38   0x08001f38   0x000000f8   Code   RO         2170    .text               c_wu.l(fseek.o)
    0x08002030   0x08002030   0x00000108   Code   RO         2172    .text               c_wu.l(stdio.o)
    0x08002138   0x08002138   0x0000000a   Code   RO         2181    .text               c_wu.l(defsig_exit.o)
    0x08002142   0x08002142   0x00000002   PAD
    0x08002144   0x08002144   0x00000034   Code   RO         2185    .text               c_wu.l(defsig_rtred_inner.o)
    0x08002178   0x08002178   0x0000007c   Code   RO         2189    .text               c_wu.l(strcmpv7m_pel.o)
    0x080021f4   0x080021f4   0x0000000c   Code   RO         2193    .text               c_wu.l(sys_exit.o)
    0x08002200   0x08002200   0x00000002   Code   RO         2197    .text               c_wu.l(use_no_semi.o)
    0x08002202   0x08002202   0x00000000   Code   RO         2199    .text               c_wu.l(indicate_semi.o)
    0x08002202   0x08002202   0x00000000   Code   RO         2208    .text               c_wu.l(maybetermalloc2.o)
    0x08002202   0x08002202   0x00000012   Code   RO         2213    .text               c_wu.l(h1_init_threads.o)
    0x08002214   0x08002214   0x00000052   Code   RO         2215    .text               c_wu.l(h1_extend_threads.o)
    0x08002266   0x08002266   0x00000042   Code   RO         2223    .text               c_wu.l(ftell.o)
    0x080022a8   0x080022a8   0x00000032   Code   RO         2231    .text               c_wu.l(defsig_general.o)
    0x080022da   0x080022da   0x0000000e   Code   RO         2233    .text               c_wu.l(defsig_rtmem_outer.o)
    0x080022e8   0x080022e8   0x0000003e   Code   RO         2237    .text               c_wu.l(strlen.o)
    0x08002326   0x08002326   0x0000000e   Code   RO         2248    .text               c_wu.l(sys_wrch.o)
    0x08002334   0x08002334   0x00000004   Code   RO         2261    .text               c_wu.l(rt_errno_addr_twolibspace.o)
    0x08002338   0x08002338   0x00000010   Code   RO         2265    .text               c_wu.l(term_alloc.o)
    0x08002348   0x08002348   0x00000050   Code   RO         2267    .text               c_wu.l(defsig_rtmem_inner.o)
    0x08002398   0x08002398   0x0000000a   Code   RO         2276    .text               c_wu.l(h1_final_threads.o)
    0x080023a2   0x080023a2   0x00000006   PAD
    0x080023a8   0x080023a8   0x00000016   Code   RO           52    .text.$Sub$$_fp_init  rtx_lib.o
    0x080023be   0x080023be   0x00000002   PAD
    0x080023c0   0x080023c0   0x00000010   Code   RO           39    .text.DMA2_Stream1_IRQHandler  stm32f7xx_it.o
    0x080023d0   0x080023d0   0x00000010   Code   RO           41    .text.DMA2_Stream6_IRQHandler  stm32f7xx_it.o
    0x080023e0   0x080023e0   0x00000056   Code   RO          272    .text.DMA_CalcBaseAndBitshift  stm32f7xx_hal_dma.o
    0x08002436   0x08002436   0x00000002   PAD
    0x08002438   0x08002438   0x000000de   Code   RO          270    .text.DMA_CheckFifoParam  stm32f7xx_hal_dma.o
    0x08002516   0x08002516   0x00000002   PAD
    0x08002518   0x08002518   0x00000006   Code   RO           22    .text.Error_Handler  main.o
    0x0800251e   0x0800251e   0x00000002   PAD
    0x08002520   0x08002520   0x0000030c   Code   RO          288    .text.HAL_DMA_IRQHandler  stm32f7xx_hal_dma.o
    0x0800282c   0x0800282c   0x00000004   PAD
    0x08002830   0x08002830   0x0000015a   Code   RO          268    .text.HAL_DMA_Init  stm32f7xx_hal_dma.o
    0x0800298a   0x0800298a   0x00000006   PAD
    0x08002990   0x08002990   0x000003ec   Code   RO          321    .text.HAL_GPIO_Init  stm32f7xx_hal_gpio.o
    0x08002d7c   0x08002d7c   0x00000004   PAD
    0x08002d80   0x08002d80   0x0000002a   Code   RO          327    .text.HAL_GPIO_WritePin  stm32f7xx_hal_gpio.o
    0x08002daa   0x08002daa   0x00000006   PAD
    0x08002db0   0x08002db0   0x0000000c   Code   RO          141    .text.HAL_GetTick   stm32f7xx_hal.o
    0x08002dbc   0x08002dbc   0x00000004   PAD
    0x08002dc0   0x08002dc0   0x0000001a   Code   RO          139    .text.HAL_IncTick   stm32f7xx_hal.o
    0x08002dda   0x08002dda   0x00000006   PAD
    0x08002de0   0x08002de0   0x00000026   Code   RO          129    .text.HAL_Init      stm32f7xx_hal.o
    0x08002e06   0x08002e06   0x00000002   PAD
    0x08002e08   0x08002e08   0x000000e0   Code   RO         1217    .text.HAL_InitTick  stm32f7xx_hal_timebase_tim.o
    0x08002ee8   0x08002ee8   0x00000042   Code   RO         1204    .text.HAL_MspInit   stm32f7xx_hal_msp.o
    0x08002f2a   0x08002f2a   0x00000006   PAD
    0x08002f30   0x08002f30   0x00000010   Code   RO          209    .text.HAL_NVIC_EnableIRQ  stm32f7xx_hal_cortex.o
    0x08002f40   0x08002f40   0x0000002e   Code   RO          201    .text.HAL_NVIC_SetPriority  stm32f7xx_hal_cortex.o
    0x08002f6e   0x08002f6e   0x00000002   PAD
    0x08002f70   0x08002f70   0x00000010   Code   RO          197    .text.HAL_NVIC_SetPriorityGrouping  stm32f7xx_hal_cortex.o
    0x08002f80   0x08002f80   0x000000be   Code   RO          401    .text.HAL_PWREx_EnableOverDrive  stm32f7xx_hal_pwr_ex.o
    0x0800303e   0x0800303e   0x00000002   PAD
    0x08003040   0x08003040   0x00000860   Code   RO          453    .text.HAL_RCCEx_PeriphCLKConfig  stm32f7xx_hal_rcc_ex.o
    0x080038a0   0x080038a0   0x0000025a   Code   RO          422    .text.HAL_RCC_ClockConfig  stm32f7xx_hal_rcc.o
    0x08003afa   0x08003afa   0x00000006   PAD
    0x08003b00   0x08003b00   0x00000054   Code   RO          440    .text.HAL_RCC_GetClockConfig  stm32f7xx_hal_rcc.o
    0x08003b54   0x08003b54   0x00000004   PAD
    0x08003b58   0x08003b58   0x0000000c   Code   RO          432    .text.HAL_RCC_GetHCLKFreq  stm32f7xx_hal_rcc.o
    0x08003b64   0x08003b64   0x00000004   PAD
    0x08003b68   0x08003b68   0x00000022   Code   RO          434    .text.HAL_RCC_GetPCLK1Freq  stm32f7xx_hal_rcc.o
    0x08003b8a   0x08003b8a   0x00000006   PAD
    0x08003b90   0x08003b90   0x00000022   Code   RO          436    .text.HAL_RCC_GetPCLK2Freq  stm32f7xx_hal_rcc.o
    0x08003bb2   0x08003bb2   0x00000006   PAD
    0x08003bb8   0x08003bb8   0x000000e6   Code   RO          424    .text.HAL_RCC_GetSysClockFreq  stm32f7xx_hal_rcc.o
    0x08003c9e   0x08003c9e   0x00000002   PAD
    0x08003ca0   0x08003ca0   0x000006ee   Code   RO          420    .text.HAL_RCC_OscConfig  stm32f7xx_hal_rcc.o
    0x0800438e   0x0800438e   0x00000002   PAD
    0x08004390   0x08004390   0x00000008   Code   RO          805    .text.HAL_TIMEx_Break2Callback  stm32f7xx_hal_tim_ex.o
    0x08004398   0x08004398   0x00000008   Code   RO          803    .text.HAL_TIMEx_BreakCallback  stm32f7xx_hal_tim_ex.o
    0x080043a0   0x080043a0   0x00000008   Code   RO          799    .text.HAL_TIMEx_CommutCallback  stm32f7xx_hal_tim_ex.o
    0x080043a8   0x080043a8   0x00000084   Code   RO          474    .text.HAL_TIM_Base_Init  stm32f7xx_hal_tim.o
    0x0800442c   0x0800442c   0x00000004   PAD
    0x08004430   0x08004430   0x00000008   Code   RO          476    .text.HAL_TIM_Base_MspInit  stm32f7xx_hal_tim.o
    0x08004438   0x08004438   0x000000fa   Code   RO          488    .text.HAL_TIM_Base_Start_IT  stm32f7xx_hal_tim.o
    0x08004532   0x08004532   0x00000006   PAD
    0x08004538   0x08004538   0x00000008   Code   RO          610    .text.HAL_TIM_IC_CaptureCallback  stm32f7xx_hal_tim.o
    0x08004540   0x08004540   0x000002b4   Code   RO          608    .text.HAL_TIM_IRQHandler  stm32f7xx_hal_tim.o
    0x080047f4   0x080047f4   0x00000004   PAD
    0x080047f8   0x080047f8   0x00000008   Code   RO          612    .text.HAL_TIM_OC_DelayElapsedCallback  stm32f7xx_hal_tim.o
    0x08004800   0x08004800   0x00000008   Code   RO          614    .text.HAL_TIM_PWM_PulseFinishedCallback  stm32f7xx_hal_tim.o
    0x08004808   0x08004808   0x00000022   Code   RO           24    .text.HAL_TIM_PeriodElapsedCallback  main.o
    0x0800482a   0x0800482a   0x00000006   PAD
    0x08004830   0x08004830   0x00000008   Code   RO          618    .text.HAL_TIM_TriggerCallback  stm32f7xx_hal_tim.o
    0x08004838   0x08004838   0x0000000c   Code   RO          864    .text.HAL_UARTEx_RxEventCallback  stm32f7xx_hal_uart.o
    0x08004844   0x08004844   0x00000004   PAD
    0x08004848   0x08004848   0x00000008   Code   RO          854    .text.HAL_UART_AbortCpltCallback  stm32f7xx_hal_uart.o
    0x08004850   0x08004850   0x00000008   Code   RO          858    .text.HAL_UART_AbortReceiveCpltCallback  stm32f7xx_hal_uart.o
    0x08004858   0x08004858   0x00000008   Code   RO          856    .text.HAL_UART_AbortTransmitCpltCallback  stm32f7xx_hal_uart.o
    0x08004860   0x08004860   0x00000008   Code   RO          852    .text.HAL_UART_ErrorCallback  stm32f7xx_hal_uart.o
    0x08004868   0x08004868   0x000000be   Code   RO          818    .text.HAL_UART_Init  stm32f7xx_hal_uart.o
    0x08004926   0x08004926   0x00000002   PAD
    0x08004928   0x08004928   0x0000017a   Code   RO         1206    .text.HAL_UART_MspInit  stm32f7xx_hal_msp.o
    0x08004aa2   0x08004aa2   0x00000006   PAD
    0x08004aa8   0x08004aa8   0x00000008   Code   RO          850    .text.HAL_UART_RxCpltCallback  stm32f7xx_hal_uart.o
    0x08004ab0   0x08004ab0   0x00000008   Code   RO          848    .text.HAL_UART_RxHalfCpltCallback  stm32f7xx_hal_uart.o
    0x08004ab8   0x08004ab8   0x00000008   Code   RO          846    .text.HAL_UART_TxCpltCallback  stm32f7xx_hal_uart.o
    0x08004ac0   0x08004ac0   0x00000008   Code   RO          844    .text.HAL_UART_TxHalfCpltCallback  stm32f7xx_hal_uart.o
    0x08004ac8   0x08004ac8   0x00000016   Code   RO         1419    .text.IsIrqMasked   RTX_V7MF.lib(rtx_thread.o)
    0x08004ade   0x08004ade   0x00000002   PAD
    0x08004ae0   0x08004ae0   0x0000004c   Code   RO           18    .text.MX_DMA_Init   main.o
    0x08004b2c   0x08004b2c   0x00000004   PAD
    0x08004b30   0x08004b30   0x0000009c   Code   RO           16    .text.MX_GPIO_Init  main.o
    0x08004bcc   0x08004bcc   0x00000004   PAD
    0x08004bd0   0x08004bd0   0x00000044   Code   RO           20    .text.MX_USART6_UART_Init  main.o
    0x08004c14   0x08004c14   0x00000040   Code   RO         1715    .text.MessageQueueGet  RTX_V7MF.lib(rtx_msgqueue.o)
    0x08004c54   0x08004c54   0x00000058   Code   RO         1711    .text.MessageQueuePut  RTX_V7MF.lib(rtx_msgqueue.o)
    0x08004cac   0x08004cac   0x0000001c   Code   RO         1709    .text.MessageQueueRemove  RTX_V7MF.lib(rtx_msgqueue.o)
    0x08004cc8   0x08004cc8   0x0000006c   Code   RO          207    .text.NVIC_EncodePriority  stm32f7xx_hal_cortex.o
    0x08004d34   0x08004d34   0x00000004   PAD
    0x08004d38   0x08004d38   0x0000000c   Code   RO           98    .text.OS_Tick_AcknowledgeIRQ  os_systick.o
    0x08004d44   0x08004d44   0x00000004   PAD
    0x08004d48   0x08004d48   0x0000003c   Code   RO           94    .text.OS_Tick_Enable  os_systick.o
    0x08004d84   0x08004d84   0x00000004   PAD
    0x08004d88   0x08004d88   0x00000006   Code   RO          100    .text.OS_Tick_GetIRQn  os_systick.o
    0x08004d8e   0x08004d8e   0x00000002   PAD
    0x08004d90   0x08004d90   0x0000007e   Code   RO           92    .text.OS_Tick_Setup  os_systick.o
    0x08004e0e   0x08004e0e   0x0000000c   Code   RO         1327    .text.OUTLINED_FUNCTION_0  RTX_V7MF.lib(rtx_kernel.o)
    0x08004e1a   0x08004e1a   0x00000010   Code   RO         1543    .text.OUTLINED_FUNCTION_0  RTX_V7MF.lib(rtx_thread.o)
    0x08004e2a   0x08004e2a   0x0000000c   Code   RO         1723    .text.OUTLINED_FUNCTION_0  RTX_V7MF.lib(rtx_msgqueue.o)
    0x08004e36   0x08004e36   0x00000006   Code   RO         1329    .text.OUTLINED_FUNCTION_1  RTX_V7MF.lib(rtx_kernel.o)
    0x08004e3c   0x08004e3c   0x00000006   Code   RO         1725    .text.OUTLINED_FUNCTION_1  RTX_V7MF.lib(rtx_msgqueue.o)
    0x08004e42   0x08004e42   0x00000006   PAD
    0x08004e48   0x08004e48   0x000000c0   Code   RO           14    .text.SystemClock_Config  main.o
    0x08004f08   0x08004f08   0x00000012   Code   RO         1240    .text.SystemInit    system_stm32f7xx.o
    0x08004f1a   0x08004f1a   0x00000006   PAD
    0x08004f20   0x08004f20   0x00000010   Code   RO           37    .text.TIM6_DAC_IRQHandler  stm32f7xx_it.o
    0x08004f30   0x08004f30   0x0000019a   Code   RO          478    .text.TIM_Base_SetConfig  stm32f7xx_hal_tim.o
    0x080050ca   0x080050ca   0x00000064   Code   RO         1495    .text.ThreadFlagsCheck  RTX_V7MF.lib(rtx_thread.o)
    0x0800512e   0x0800512e   0x00000002   PAD
    0x08005130   0x08005130   0x00000048   Code   RO         1585    .text.TimerInsert   RTX_V7MF.lib(rtx_timer.o)
    0x08005178   0x08005178   0x00000148   Code   RO          826    .text.UART_AdvFeatureConfig  stm32f7xx_hal_uart.o
    0x080052c0   0x080052c0   0x00000070   Code   RO          828    .text.UART_CheckIdleState  stm32f7xx_hal_uart.o
    0x08005330   0x08005330   0x00000086   Code   RO          820    .text.UART_InitCallbacksToDefault  stm32f7xx_hal_uart.o
    0x080053b6   0x080053b6   0x00000002   PAD
    0x080053b8   0x080053b8   0x000004da   Code   RO          824    .text.UART_SetConfig  stm32f7xx_hal_uart.o
    0x08005892   0x08005892   0x00000006   PAD
    0x08005898   0x08005898   0x00000164   Code   RO          868    .text.UART_WaitOnFlagUntilTimeout  stm32f7xx_hal_uart.o
    0x080059fc   0x080059fc   0x00000004   PAD
    0x08005a00   0x08005a00   0x0000002a   Code   RO          211    .text.__NVIC_EnableIRQ  stm32f7xx_hal_cortex.o
    0x08005a2a   0x08005a2a   0x00000006   PAD
    0x08005a30   0x08005a30   0x00000010   Code   RO          203    .text.__NVIC_GetPriorityGrouping  stm32f7xx_hal_cortex.o
    0x08005a40   0x08005a40   0x0000003a   Code   RO          205    .text.__NVIC_SetPriority  stm32f7xx_hal_cortex.o
    0x08005a7a   0x08005a7a   0x00000006   PAD
    0x08005a80   0x08005a80   0x0000003c   Code   RO          199    .text.__NVIC_SetPriorityGrouping  stm32f7xx_hal_cortex.o
    0x08005abc   0x08005abc   0x00000004   PAD
    0x08005ac0   0x08005ac0   0x00000096   Code   RO           54    .text.__user_perthread_libspace  rtx_lib.o
    0x08005b56   0x08005b56   0x00000002   PAD
    0x08005b58   0x08005b58   0x00000020   Code   RO           64    .text._mutex_acquire  rtx_lib.o
    0x08005b78   0x08005b78   0x00000012   Code   RO           68    .text._mutex_free   rtx_lib.o
    0x08005b8a   0x08005b8a   0x00000006   PAD
    0x08005b90   0x08005b90   0x00000032   Code   RO           62    .text._mutex_initialize  rtx_lib.o
    0x08005bc2   0x08005bc2   0x00000006   PAD
    0x08005bc8   0x08005bc8   0x0000001c   Code   RO           66    .text._mutex_release  rtx_lib.o
    0x08005be4   0x08005be4   0x00000004   PAD
    0x08005be8   0x08005be8   0x00000008   Code   RO           50    .text._platform_post_stackheap_init  rtx_lib.o
    0x08005bf0   0x08005bf0   0x00000110   Code   RO           12    .text.main          main.o
    0x08005d00   0x08005d00   0x00000018   Code   RO            2    .text.mainThread    initmain.o
    0x08005d18   0x08005d18   0x00000030   Code   RO         1271    .text.osKernelGetState  RTX_V7MF.lib(rtx_kernel.o)
    0x08005d48   0x08005d48   0x0000002c   Code   RO         1265    .text.osKernelInitialize  RTX_V7MF.lib(rtx_kernel.o)
    0x08005d74   0x08005d74   0x00000024   Code   RO         1275    .text.osKernelStart  RTX_V7MF.lib(rtx_kernel.o)
    0x08005d98   0x08005d98   0x00000070   Code   RO         1685    .text.osMessageQueueGet  RTX_V7MF.lib(rtx_msgqueue.o)
    0x08005e08   0x08005e08   0x00000080   Code   RO         1683    .text.osMessageQueuePut  RTX_V7MF.lib(rtx_msgqueue.o)
    0x08005e88   0x08005e88   0x00000024   Code   RO         1351    .text.osMutexAcquire  RTX_V7MF.lib(rtx_mutex.o)
    0x08005eac   0x08005eac   0x00000024   Code   RO         1357    .text.osMutexDelete  RTX_V7MF.lib(rtx_mutex.o)
    0x08005ed0   0x08005ed0   0x00000024   Code   RO         1345    .text.osMutexNew    RTX_V7MF.lib(rtx_mutex.o)
    0x08005ef4   0x08005ef4   0x00000024   Code   RO         1353    .text.osMutexRelease  RTX_V7MF.lib(rtx_mutex.o)
    0x08005f18   0x08005f18   0x00000030   Code   RO          120    .text.osRtxErrorNotify  rtx_config.o
    0x08005f48   0x08005f48   0x00000008   Code   RO          118    .text.osRtxIdleThread  rtx_config.o
    0x08005f50   0x08005f50   0x00000002   Code   RO         1261    .text.osRtxKernelBeforeInit  RTX_V7MF.lib(rtx_kernel.o)
    0x08005f52   0x08005f52   0x00000004   Code   RO         1263    .text.osRtxKernelErrorNotify  RTX_V7MF.lib(rtx_kernel.o)
    0x08005f56   0x08005f56   0x0000006e   Code   RO         1609    .text.osRtxMemoryAlloc  RTX_V7MF.lib(rtx_memory.o)
    0x08005fc4   0x08005fc4   0x00000042   Code   RO         1611    .text.osRtxMemoryFree  RTX_V7MF.lib(rtx_memory.o)
    0x08006006   0x08006006   0x00000036   Code   RO         1607    .text.osRtxMemoryInit  RTX_V7MF.lib(rtx_memory.o)
    0x0800603c   0x0800603c   0x0000003a   Code   RO         1623    .text.osRtxMemoryPoolAlloc  RTX_V7MF.lib(rtx_mempool.o)
    0x08006076   0x08006076   0x0000004a   Code   RO         1625    .text.osRtxMemoryPoolFree  RTX_V7MF.lib(rtx_mempool.o)
    0x080060c0   0x080060c0   0x00000038   Code   RO         1621    .text.osRtxMemoryPoolInit  RTX_V7MF.lib(rtx_mempool.o)
    0x080060f8   0x080060f8   0x000000aa   Code   RO         1707    .text.osRtxMessageQueuePostProcess  RTX_V7MF.lib(rtx_msgqueue.o)
    0x080061a2   0x080061a2   0x00000002   PAD
    0x080061a4   0x080061a4   0x00000024   Code   RO         1673    .text.osRtxMessageQueueTimerSetup  RTX_V7MF.lib(rtx_msgqueue.o)
    0x080061c8   0x080061c8   0x00000048   Code   RO         1341    .text.osRtxMutexOwnerRelease  RTX_V7MF.lib(rtx_mutex.o)
    0x08006210   0x08006210   0x0000004a   Code   RO         1343    .text.osRtxMutexOwnerRestore  RTX_V7MF.lib(rtx_mutex.o)
    0x0800625a   0x0800625a   0x00000002   PAD
    0x0800625c   0x0800625c   0x000000a4   Code   RO         1737    .text.osRtxPendSV_Handler  RTX_V7MF.lib(rtx_system.o)
    0x08006300   0x08006300   0x00000070   Code   RO         1739    .text.osRtxPostProcess  RTX_V7MF.lib(rtx_system.o)
    0x08006370   0x08006370   0x00000010   Code   RO           58    .text.osRtxThreadBeforeFree  rtx_lib.o
    0x08006380   0x08006380   0x00000034   Code   RO         1397    .text.osRtxThreadBlock  RTX_V7MF.lib(rtx_thread.o)
    0x080063b4   0x080063b4   0x0000007c   Code   RO         1403    .text.osRtxThreadDelayInsert  RTX_V7MF.lib(rtx_thread.o)
    0x08006430   0x08006430   0x0000003c   Code   RO         1387    .text.osRtxThreadDelayRemove  RTX_V7MF.lib(rtx_thread.o)
    0x0800646c   0x0800646c   0x0000004c   Code   RO         1389    .text.osRtxThreadDelayTick  RTX_V7MF.lib(rtx_thread.o)
    0x080064b8   0x080064b8   0x00000020   Code   RO         1407    .text.osRtxThreadDestroy  RTX_V7MF.lib(rtx_thread.o)
    0x080064d8   0x080064d8   0x00000054   Code   RO         1395    .text.osRtxThreadDispatch  RTX_V7MF.lib(rtx_thread.o)
    0x0800652c   0x0800652c   0x00000058   Code   RO         1409    .text.osRtxThreadFree  RTX_V7MF.lib(rtx_thread.o)
    0x08006584   0x08006584   0x0000001e   Code   RO         1405    .text.osRtxThreadJoinWakeup  RTX_V7MF.lib(rtx_thread.o)
    0x080065a2   0x080065a2   0x00000012   Code   RO         1379    .text.osRtxThreadListGet  RTX_V7MF.lib(rtx_thread.o)
    0x080065b4   0x080065b4   0x0000002c   Code   RO         1377    .text.osRtxThreadListPut  RTX_V7MF.lib(rtx_thread.o)
    0x080065e0   0x080065e0   0x00000014   Code   RO         1383    .text.osRtxThreadListRemove  RTX_V7MF.lib(rtx_thread.o)
    0x080065f4   0x080065f4   0x00000026   Code   RO         1381    .text.osRtxThreadListSort  RTX_V7MF.lib(rtx_thread.o)
    0x0800661a   0x0800661a   0x00000028   Code   RO         1493    .text.osRtxThreadPostProcess  RTX_V7MF.lib(rtx_thread.o)
    0x08006642   0x08006642   0x00000002   PAD
    0x08006644   0x08006644   0x00000010   Code   RO         1385    .text.osRtxThreadReadyPut  RTX_V7MF.lib(rtx_thread.o)
    0x08006654   0x08006654   0x00000014   Code   RO         1391    .text.osRtxThreadRegPtr  RTX_V7MF.lib(rtx_thread.o)
    0x08006668   0x08006668   0x00000034   Code   RO         1413    .text.osRtxThreadStartup  RTX_V7MF.lib(rtx_thread.o)
    0x0800669c   0x0800669c   0x00000020   Code   RO         1393    .text.osRtxThreadSwitch  RTX_V7MF.lib(rtx_thread.o)
    0x080066bc   0x080066bc   0x0000003c   Code   RO         1401    .text.osRtxThreadWaitEnter  RTX_V7MF.lib(rtx_thread.o)
    0x080066f8   0x080066f8   0x00000032   Code   RO         1399    .text.osRtxThreadWaitExit  RTX_V7MF.lib(rtx_thread.o)
    0x0800672a   0x0800672a   0x00000002   PAD
    0x0800672c   0x0800672c   0x00000074   Code   RO         1735    .text.osRtxTick_Handler  RTX_V7MF.lib(rtx_system.o)
    0x080067a0   0x080067a0   0x00000020   Code   RO         1565    .text.osRtxTimerSetup  RTX_V7MF.lib(rtx_timer.o)
    0x080067c0   0x080067c0   0x00000020   Code   RO         1569    .text.osRtxTimerThread  RTX_V7MF.lib(rtx_timer.o)
    0x080067e0   0x080067e0   0x00000070   Code   RO         1567    .text.osRtxTimerTick  RTX_V7MF.lib(rtx_timer.o)
    0x08006850   0x08006850   0x00000006   Code   RO         1491    .text.osThreadEntry  RTX_V7MF.lib(rtx_thread.o)
    0x08006856   0x08006856   0x00000002   PAD
    0x08006858   0x08006858   0x0000000c   Code   RO         1457    .text.osThreadExit  RTX_V7MF.lib(rtx_thread.o)
    0x08006864   0x08006864   0x00000024   Code   RO         1433    .text.osThreadGetId  RTX_V7MF.lib(rtx_thread.o)
    0x08006888   0x08006888   0x0000002c   Code   RO         1417    .text.osThreadNew   RTX_V7MF.lib(rtx_thread.o)
    0x080068b4   0x080068b4   0x00000004   PAD
    0x080068b8   0x080068b8   0x00000036   Code   RO           56    .text.os_kernel_is_active  rtx_lib.o
    0x080068ee   0x080068ee   0x00000002   PAD
    0x080068f0   0x080068f0   0x0000000c   Code   RO         1273    .text.svcRtxKernelGetState  RTX_V7MF.lib(rtx_kernel.o)
    0x080068fc   0x080068fc   0x0000010c   Code   RO         1311    .text.svcRtxKernelInitialize  RTX_V7MF.lib(rtx_kernel.o)
    0x08006a08   0x08006a08   0x00000078   Code   RO         1313    .text.svcRtxKernelStart  RTX_V7MF.lib(rtx_kernel.o)
    0x08006a80   0x08006a80   0x000000cc   Code   RO         1717    .text.svcRtxMessageQueueGet  RTX_V7MF.lib(rtx_msgqueue.o)
    0x08006b4c   0x08006b4c   0x00000120   Code   RO         1675    .text.svcRtxMessageQueueNew  RTX_V7MF.lib(rtx_msgqueue.o)
    0x08006c6c   0x08006c6c   0x000000a8   Code   RO         1713    .text.svcRtxMessageQueuePut  RTX_V7MF.lib(rtx_msgqueue.o)
    0x08006d14   0x08006d14   0x00000090   Code   RO         1361    .text.svcRtxMutexAcquire  RTX_V7MF.lib(rtx_mutex.o)
    0x08006da4   0x08006da4   0x000000b0   Code   RO         1367    .text.svcRtxMutexDelete  RTX_V7MF.lib(rtx_mutex.o)
    0x08006e54   0x08006e54   0x00000068   Code   RO         1359    .text.svcRtxMutexNew  RTX_V7MF.lib(rtx_mutex.o)
    0x08006ebc   0x08006ebc   0x000000b4   Code   RO         1363    .text.svcRtxMutexRelease  RTX_V7MF.lib(rtx_mutex.o)
    0x08006f70   0x08006f70   0x00000048   Code   RO         1519    .text.svcRtxThreadExit  RTX_V7MF.lib(rtx_thread.o)
    0x08006fb8   0x08006fb8   0x0000000c   Code   RO         1435    .text.svcRtxThreadGetId  RTX_V7MF.lib(rtx_thread.o)
    0x08006fc4   0x08006fc4   0x000001fc   Code   RO         1415    .text.svcRtxThreadNew  RTX_V7MF.lib(rtx_thread.o)
    0x080071c0   0x080071c0   0x00000048   Code   RO           60    .text.user_perthread_libspace_free  rtx_lib.o
    0x08007208   0x08007208   0x0000003e   Code   RO         2004    CL$$btod_d2e        c_wu.l(btod.o)
    0x08007246   0x08007246   0x00000046   Code   RO         2006    CL$$btod_d2e_denorm_low  c_wu.l(btod.o)
    0x0800728c   0x0800728c   0x00000060   Code   RO         2005    CL$$btod_d2e_norm_op1  c_wu.l(btod.o)
    0x080072ec   0x080072ec   0x00000338   Code   RO         2014    CL$$btod_div_common  c_wu.l(btod.o)
    0x08007624   0x08007624   0x000000dc   Code   RO         2011    CL$$btod_e2e        c_wu.l(btod.o)
    0x08007700   0x08007700   0x0000002a   Code   RO         2008    CL$$btod_ediv       c_wu.l(btod.o)
    0x0800772a   0x0800772a   0x0000002a   Code   RO         2007    CL$$btod_emul       c_wu.l(btod.o)
    0x08007754   0x08007754   0x00000244   Code   RO         2013    CL$$btod_mult_common  c_wu.l(btod.o)
    0x08007998   0x08007998   0x00000030   Code   RO         2126    i.__ARM_fpclassify  m_wm.l(fpclassify.o)
    0x080079c8   0x080079c8   0x0000000e   Code   RO         1827    i._is_digit         c_wu.l(__printf_wp.o)
    0x080079d6   0x080079d6   0x0000001c   Code   RO         1914    i.fputc             c_wu.l(fputc.o)
    0x080079f2   0x080079f2   0x00000002   PAD
    0x080079f4   0x080079f4   0x0000002c   Code   RO         2042    locale$$code        c_wu.l(lc_numeric_c.o)
    0x08007a20   0x08007a20   0x0000002c   Code   RO         2179    locale$$code        c_wu.l(lc_ctype_c.o)
    0x08007a4c   0x08007a4c   0x0000001a   Code   RO         1764    x$fpl$fpinit        fz_wm.l(fpinit.o)
    0x08007a66   0x08007a66   0x00000004   Code   RO         1868    x$fpl$printf1       fz_wm.l(printf1.o)
    0x08007a6a   0x08007a6a   0x00000004   Code   RO         1870    x$fpl$printf2       fz_wm.l(printf2.o)
    0x08007a6e   0x08007a6e   0x00000000   Code   RO         2125    x$fpl$usenofp       fz_wm.l(usenofp.o)
    0x08007a6e   0x08007a6e   0x00000002   PAD
    0x08007a70   0x08007a70   0x00000008   Data   RO         1786    .constdata          c_wu.l(_printf_wctomb.o)
    0x08007a78   0x08007a78   0x00000028   Data   RO         1815    .constdata          c_wu.l(_printf_hex_int_ll_ptr.o)
    0x08007aa0   0x08007aa0   0x00000011   Data   RO         1835    .constdata          c_wu.l(__printf_flags_ss_wp.o)
    0x08007ab1   0x08007ab1   0x00000026   Data   RO         1902    .constdata          c_wu.l(_printf_fp_hex.o)
    0x08007ad7   0x08007ad7   0x00000004   Data   RO         1927    .constdata          c_wu.l(sys_io_names.o)
    0x08007adb   0x08007adb   0x00000004   Data   RO         1928    .constdata          c_wu.l(sys_io_names.o)
    0x08007adf   0x08007adf   0x00000004   Data   RO         1929    .constdata          c_wu.l(sys_io_names.o)
    0x08007ae3   0x08007ae3   0x00000001   PAD
    0x08007ae4   0x08007ae4   0x00000094   Data   RO         2002    .constdata          c_wu.l(bigflt0.o)
    0x08007b78   0x08007b78   0x00000070   Data   RO           74    .rodata             rtx_lib.o
    0x08007be8   0x08007be8   0x00000038   Data   RO           77    .rodata             rtx_lib.o
    0x08007c20   0x08007c20   0x00000010   Data   RO         1245    .rodata.AHBPrescTable  system_stm32f7xx.o
    0x08007c30   0x08007c30   0x00000008   Data   RO         1246    .rodata.APBPrescTable  system_stm32f7xx.o
    0x08007c38   0x08007c38   0x00000008   Data   RO          298    .rodata.DMA_CalcBaseAndBitshift.flagBitshiftOffset  stm32f7xx_hal_dma.o
    0x08007c40   0x08007c40   0x00000004   Data   RO           76    .rodata.osRtxUserSVC  rtx_lib.o
    0x08007c44   0x08007c44   0x00000024   Data   RO           71    .rodata.os_idle_thread_attr  rtx_lib.o
    0x08007c68   0x08007c68   0x00000018   Data   RO           73    .rodata.os_timer_mq_attr  rtx_lib.o
    0x08007c80   0x08007c80   0x00000024   Data   RO           72    .rodata.os_timer_thread_attr  rtx_lib.o
    0x08007ca4   0x08007ca4   0x0000002e   Data   RO            4    .rodata.str1.1      initmain.o
    0x08007cd2   0x08007cd2   0x00000002   PAD
    0x08007cd4   0x08007cd4   0x0000000b   Data   RO         1331    .rodata.str1.4      RTX_V7MF.lib(rtx_kernel.o)
    0x08007cdf   0x08007cdf   0x00000001   PAD
    0x08007ce0   0x08007ce0   0x00000030   Data   RO         2291    Region$$Table       anon$$obj.o
    0x08007d10   0x08007d10   0x0000001c   Data   RO         2041    locale$$data        c_wu.l(lc_numeric_c.o)
    0x08007d2c   0x08007d2c   0x00000110   Data   RO         2178    locale$$data        c_wu.l(lc_ctype_c.o)


    Execution Region RW_DTCM (Exec base: 0x20000000, Load base: 0x08007e3c, Size: 0x00000600, Max: 0x00010000, ABSOLUTE)

    Exec Addr    Load Addr    Size         Type   Attr      Idx    E Section Name        Object

    0x20000000        -       0x00000200   Zero   RW         1231    HEAP                startup_stm32f746xx.o
    0x20000200        -       0x00000400   Zero   RW         1230    STACK               startup_stm32f746xx.o


    Execution Region RW_SRAM1 (Exec base: 0x20010000, Load base: 0x08007e40, Size: 0x00008b68, Max: 0x00040000, ABSOLUTE)

    Exec Addr    Load Addr    Size         Type   Attr      Idx    E Section Name        Object

    0x20010000   0x08007e40   0x00000004   Data   RW         1863    .data               c_wu.l(stdio_streams.o)
    0x20010004   0x08007e44   0x00000004   Data   RW         1864    .data               c_wu.l(stdio_streams.o)
    0x20010008   0x08007e48   0x00000004   Data   RW         1865    .data               c_wu.l(stdio_streams.o)
    0x2001000c   0x08007e4c   0x00000004   Data   RW         2032    .data               c_wu.l(streamlock.o)
    0x20010010   0x08007e50   0x00000004   Data   RW         1244    .data.SystemCoreClock  system_stm32f7xx.o
    0x20010014   0x08007e54   0x000000a4   Data   RW         1332    .data.os            RTX_V7MF.lib(rtx_kernel.o)
    0x200100b8   0x08007ef8   0x00000004   Data   RW          188    .data.uwTickFreq    stm32f7xx_hal.o
    0x200100bc   0x08007efc   0x00000004   Data   RW          187    .data.uwTickPrio    stm32f7xx_hal.o
    0x200100c0        -       0x00000054   Zero   RW         1860    .bss                c_wu.l(stdio_streams.o)
    0x20010114        -       0x00000054   Zero   RW         1861    .bss                c_wu.l(stdio_streams.o)
    0x20010168        -       0x00000054   Zero   RW         1862    .bss                c_wu.l(stdio_streams.o)
    0x200101bc        -       0x00000060   Zero   RW         2133    .bss                c_wu.l(libspace.o)
    0x2001021c        -       0x00000064   Zero   RW           27    .bss.hdma_usart6_rx  main.o
    0x20010280        -       0x00000064   Zero   RW           28    .bss.hdma_usart6_tx  main.o
    0x200102e4        -       0x00000070   Zero   RW         1223    .bss.htim6          stm32f7xx_hal_timebase_tim.o
    0x20010354        -       0x000000b4   Zero   RW           26    .bss.huart6         main.o
    0x20010408        -       0x00008040   Zero   RW           70    .bss.os             rtx_lib.o
    0x20018448        -       0x00000001   Zero   RW          110    .bss.os             os_systick.o
    0x20018449   0x08007f00   0x00000003   PAD
    0x2001844c        -       0x000001f0   Zero   RW           78    .bss.os.libspace    rtx_lib.o
    0x2001863c        -       0x00000034   Zero   RW           82    .bss.os.msgqueue.cb  rtx_lib.o
    0x20018670        -       0x00000050   Zero   RW           83    .bss.os.msgqueue.mem  rtx_lib.o
    0x200186c0        -       0x000000a0   Zero   RW           79    .bss.os.thread.cb   rtx_lib.o
    0x20018760        -       0x00000200   Zero   RW           80    .bss.os.thread.idle.stack  rtx_lib.o
    0x20018960        -       0x00000200   Zero   RW           81    .bss.os.thread.timer.stack  rtx_lib.o
    0x20018b60        -       0x00000001   Zero   RW           84    .bss.os_kernel_is_active.os_kernel_active  rtx_lib.o
    0x20018b61   0x08007f00   0x00000003   PAD
    0x20018b64        -       0x00000004   Zero   RW          189    .bss.uwTick         stm32f7xx_hal.o


==============================================================================

Image component sizes


      Code (inc. data)   RO Data    RW Data    ZI Data      Debug   Object Name

        24          0         46          0          0        494   initmain.o
       804          0          0          0        380      12805   main.o
       204          0          0          0          1       5569   os_systick.o
        56          6          0          0          0        694   rtx_config.o
       450          0        268          0      34645       7989   rtx_lib.o
        64         26        456          0       1536        868   startup_stm32f746xx.o
        76          0          0          8          4       7886   stm32f7xx_hal.o
       362          0          0          0          0      10558   stm32f7xx_hal_cortex.o
      1434          8          8          0          0       8646   stm32f7xx_hal_dma.o
      1046          0          0          0          0       5334   stm32f7xx_hal_gpio.o
       444          0          0          0          0       7000   stm32f7xx_hal_msp.o
       190          0          0          0          0       5846   stm32f7xx_hal_pwr_ex.o
      2770          0          0          0          0       8172   stm32f7xx_hal_rcc.o
      2144          0          0          0          0       7395   stm32f7xx_hal_rcc_ex.o
      1524          0          0          0          0      37090   stm32f7xx_hal_tim.o
        24          0          0          0          0      16110   stm32f7xx_hal_tim_ex.o
       224          0          0          0        112       7718   stm32f7xx_hal_timebase_tim.o
      2438         38          0          0          0      26130   stm32f7xx_hal_uart.o
        48          0          0          0          0        637   stm32f7xx_it.o
        18          0         24          4          0       3327   system_stm32f7xx.o

    ----------------------------------------------------------------------
     14532         78        852         12      36684     180268   Object Totals
         0          0         48          0          0          0   (incl. Generated)
       188          0          2          0          6          0   (incl. Padding)

    ----------------------------------------------------------------------

      Code (inc. data)   RO Data    RW Data    ZI Data      Debug   Library Member Name

       196         12          0          0          0        712   irq_armv7m.o
       552         48         11        164          0      19332   rtx_kernel.o
       230          0          0          0          0       2808   rtx_memory.o
       188          0          0          0          0      16536   rtx_mempool.o
      1304         24          0          0          0      19223   rtx_msgqueue.o
       894         28          0          0          0      10977   rtx_mutex.o
       392         48          0          0          0       5563   rtx_system.o
      1764         60          0          0          0      38973   rtx_thread.o
       248         16          0          0          0      11024   rtx_timer.o
         8          0          0          0          0         68   __main.o
       392          4         17          0          0         92   __printf_flags_ss_wp.o
        14          0          0          0          0         68   __printf_wp.o
         0          0          0          0          0          0   __rtentry.o
        20          0          0          0          0          0   __rtentry2.o
         6          0          0          0          0          0   __rtentry4.o
        94          8          0          0          0          0   __scatter.o
        26          0          0          0          0          0   __scatter_copy.o
        28          0          0          0          0          0   __scatter_zi.o
        72          0          0          0          0         96   _c32rtomb.o
         6          0          0          0          0          0   _printf_a.o
         6          0          0          0          0          0   _printf_c.o
        44          0          0          0          0        108   _printf_char.o
        48          6          0          0          0         96   _printf_char_common.o
        64          6          0          0          0         84   _printf_char_file_locked.o
        40          0          0          0          0         68   _printf_charcount.o
         6          0          0          0          0          0   _printf_d.o
       120         16          0          0          0         92   _printf_dec.o
         6          0          0          0          0          0   _printf_e.o
         6          0          0          0          0          0   _printf_f.o
      1052          0          0          0          0        148   _printf_fp_dec.o
       764          8         38          0          0        100   _printf_fp_hex.o
       128         16          0          0          0         84   _printf_fp_infnan.o
         6          0          0          0          0          0   _printf_g.o
       148          4         40          0          0        160   _printf_hex_int_ll_ptr.o
         6          0          0          0          0          0   _printf_i.o
       178          0          0          0          0         88   _printf_intcommon.o
        10          0          0          0          0          0   _printf_l.o
         6          0          0          0          0          0   _printf_lc.o
        10          0          0          0          0          0   _printf_ll.o
         6          0          0          0          0          0   _printf_lld.o
         6          0          0          0          0          0   _printf_lli.o
         6          0          0          0          0          0   _printf_llo.o
         6          0          0          0          0          0   _printf_llu.o
         6          0          0          0          0          0   _printf_llx.o
       124         16          0          0          0         92   _printf_longlong_dec.o
         6          0          0          0          0          0   _printf_ls.o
         6          0          0          0          0          0   _printf_n.o
         6          0          0          0          0          0   _printf_o.o
       112          8          0          0          0        124   _printf_oct_int_ll.o
         6          0          0          0          0          0   _printf_p.o
        78          0          0          0          0        108   _printf_pad.o
         0          0          0          0          0          0   _printf_percent.o
         4          0          0          0          0          0   _printf_percent_end.o
         6          0          0          0          0          0   _printf_s.o
        82          0          0          0          0         80   _printf_str.o
        36          0          0          0          0         84   _printf_truncate.o
         6          0          0          0          0          0   _printf_u.o
        44          0          0          0          0        108   _printf_wchar.o
       188          6          8          0          0         92   _printf_wctomb.o
         6          0          0          0          0          0   _printf_x.o
       228          4        148          0          0         96   bigflt0.o
      1936        128          0          0          0        668   btod.o
        10          0          0          0          0         68   defsig_exit.o
        50          0          0          0          0         88   defsig_general.o
        80         58          0          0          0         76   defsig_rtmem_inner.o
        14          0          0          0          0         80   defsig_rtmem_outer.o
        52         38          0          0          0         76   defsig_rtred_inner.o
        14          0          0          0          0         80   defsig_rtred_outer.o
        18          0          0          0          0         80   exit.o
        76          0          0          0          0         88   fclose.o
       482          0          0          0          0         92   flsbuf.o
       332         10          0          0          0        152   fopen_locked.o
        28          0          0          0          0         68   fputc.o
       248          6          0          0          0         84   fseek.o
        66          0          0          0          0         76   ftell.o
       166          0          0          0          0        144   h1_alloc_threads.o
        82          0          0          0          0        104   h1_extend_threads.o
        10          0          0          0          0         76   h1_final_threads.o
       118          0          0          0          0        108   h1_free_threads.o
        18          0          0          0          0         84   h1_init_threads.o
         6          0          0          0          0        152   heapauxi.o
         4          0          0          0          0        136   hguard.o
         0          0          0          0          0          0   indicate_semi.o
       138          0          0          0          0        168   init_alloc.o
       456         48          0          0          0        116   initio_locked.o
        44         10        272          0          0         76   lc_ctype_c.o
        44         10         28          0          0         76   lc_numeric_c.o
         2          0          0          0          0          0   libinit.o
        46          0          0          0          0          0   libinit2.o
         2          0          0          0          0          0   libshutdown.o
        10          0          0          0          0          0   libshutdown2.o
         8          4          0          0         96         68   libspace.o
       138          0          0          0          0         80   lludiv10.o
       240          0          0          0          0        100   lludivv7m.o
         0          0          0          0          0          0   maybetermalloc2.o
        24          4          0          0          0         84   printf.o
        16          4          0          0          0         76   rt_ctype_table.o
         4          0          0          0          0         68   rt_errno_addr_twolibspace.o
        10          0          0          0          0         76   rt_heap_descriptor_twolibspace.o
        10          0          0          0          0         76   rt_locale_twolibspace.o
        68          0          0          0          0         68   rt_memclr.o
        78          0          0          0          0         80   rt_memclr_w.o
       138          0          0          0          0         68   rt_memcpy_v6.o
       100          0          0          0          0         80   rt_memcpy_w.o
         2          0          0          0          0          0   rtexit.o
        10          0          0          0          0          0   rtexit2.o
       104          0          0          0          0         88   setvbuf_locked.o
       264          6          0          0          0        160   stdio.o
         0          0          0         12        252          0   stdio_streams.o
       124          0          0          0          0         88   strcmpv7m_pel.o
         0          0          0          4          0          0   streamlock.o
        62          0          0          0          0         76   strlen.o
        12          4          0          0          0         68   sys_exit.o
       102          0          0          0          0        240   sys_io.o
         0          0         12          0          0          0   sys_io_names.o
        74          0          0          0          0         80   sys_stackheap_outer.o
        14          0          0          0          0         76   sys_wrch.o
        16          0          0          0          0         80   term_alloc.o
         2          0          0          0          0         68   use_no_semi.o
        26          0          0          0          0        116   fpinit.o
         4          0          0          0          0        116   printf1.o
         4          0          0          0          0        116   printf2.o
         0          0          0          0          0          0   usenofp.o
        48          0          0          0          0        124   fpclassify.o

    ----------------------------------------------------------------------
     16356        672        576        180        348     132720   Library Totals
        52          4          2          0          0          0   (incl. Padding)

    ----------------------------------------------------------------------

      Code (inc. data)   RO Data    RW Data    ZI Data      Debug   Library Name

      5768        236         11        164          0     125148   RTX_V7MF.lib
     10454        432        563         16        348       7100   c_wu.l
        34          0          0          0          0        348   fz_wm.l
        48          0          0          0          0        124   m_wm.l

    ----------------------------------------------------------------------
     16356        672        576        180        348     132720   Library Totals

    ----------------------------------------------------------------------

==============================================================================


      Code (inc. data)   RO Data    RW Data    ZI Data      Debug   

     30888        750       1428        192      37032     308540   Grand Totals
     30888        750       1428        192      37032     308540   ELF Image Totals
     30888        750       1428        192          0          0   ROM Totals

==============================================================================

    Total RO  Size (Code + RO Data)                32316 (  31.56kB)
    Total RW  Size (RW Data + ZI Data)             37224 (  36.35kB)
    Total ROM Size (Code + RO Data + RW Data)      32508 (  31.75kB)

==============================================================================

